Command line invocation:
    /Applications/Xcode.app/Contents/Developer/usr/bin/xcodebuild test-without-building -xctestrun /private/tmp/woop-nav-runtime-qa/dd/Build/Products/NavRuntimeUITests_iphoneos26.5-arm64.xctestrun "-only-testing:NavRuntimeUITests/NavRuntimeUITests/testAllersRetoursMesures" -destination platform=iOS,id=00008120-001E4CDC0A85A01E -destination-timeout 15 -parallel-testing-enabled NO -maximum-concurrent-test-device-destinations 1 -resultBundlePath /private/tmp/woop-balade34/navigation-repetee.xcresult

2026-09-15 22:59:32.191 xcodebuild[72187:14903081] [MT] IDERunDestination: Supported platforms for the buildables in the current scheme is empty.
Writing result bundle at path:
	/private/tmp/woop-balade34/navigation-repetee.xcresult

2026-09-15 22:59:32.196 xcodebuild[72187:14903081] [MT] IDERunDestination: Supported platforms for the buildables in the current scheme is empty.
--- xcodebuild: WARNING: Using the first of multiple matching destinations:
{ platform:iOS, arch:arm64e, id:00008120-001E4CDC0A85A01E, name:iPhone de Frédéric }
{ platform:iOS, arch:arm64, id:00008120-001E4CDC0A85A01E, name:iPhone de Frédéric }
2026-09-15 22:59:32.418 xcodebuild[72187:14903081] [MT] IDERunDestination: Supported platforms for the buildables in the current scheme is empty.
2026-09-15 22:59:32.533 xcodebuild[72187:14903081] [MT] IDERunDestination: Supported platforms for the buildables in the current scheme is empty.
2026-09-15 22:59:34.340132+0200 NavRuntimeUITests-Runner[26486:2051364] [Default] Running tests...
    t =      nans Interface orientation changed to Portrait
Test Suite 'Selected tests' started at 2026-09-15 22:59:34.705.
Test Suite 'NavRuntimeUITests.xctest' started at 2026-09-15 22:59:34.705.
Test Suite 'NavRuntimeUITests' started at 2026-09-15 22:59:34.706.
Test Case '-[NavRuntimeUITests.NavRuntimeUITests testAllersRetoursMesures]' started.
    t =     0.00s Start Test at 2026-09-15 22:59:34.708
    t =     0.02s Set Up
    t =     0.02s Open fr.kathryn.woop
    t =     0.02s     Activate fr.kathryn.woop
    t =     0.05s         Wait for fr.kathryn.woop to idle
    t =     0.08s Checking existence of `"Later" Button`
    t =     0.15s Waiting 5.0s for "figure.strengthtraining.functional" Button to exist
2026-09-15 22:59:34.711 xcodebuild[72187:14903081] [MT] IDERunDestination: Supported platforms for the buildables in the current scheme is empty.
    t =     1.16s     Checking `Expect predicate `existsNoRetry == 1` for object "figure.strengthtraining.functional" Button`
    t =     1.17s         Checking existence of `"figure.strengthtraining.functional" Button`
    t =     1.24s Tap "figure.strengthtraining.functional" Button
    t =     1.24s     Wait for fr.kathryn.woop to idle
    t =     1.25s     Find the "figure.strengthtraining.functional" Button
    t =     1.29s     Check for interrupting elements affecting "figure.strengthtraining.functional" Button
    t =     1.33s     Synthesize event
    t =     1.63s     Wait for fr.kathryn.woop to idle
    t =     2.45s Waiting 5.0s for "Exercices" StaticText to exist
    t =     3.46s     Checking `Expect predicate `existsNoRetry == 1` for object "Exercices" StaticText`
    t =     3.46s         Checking existence of `"Exercices" StaticText`
    t =     3.56s Swipe up Application 'fr.kathryn.woop'
    t =     3.56s     Wait for fr.kathryn.woop to idle
    t =     3.57s     Find the Application 'fr.kathryn.woop'
    t =     3.60s     Check for interrupting elements affecting "Woop" Application
    t =     3.63s     Synthesize event
    t =     4.06s     Wait for fr.kathryn.woop to idle
    t =     6.15s Tap "house.fill" Button
    t =     6.15s     Wait for fr.kathryn.woop to idle
    t =     6.16s     Find the "house.fill" Button
    t =     6.22s     Check for interrupting elements affecting "house.fill" Button
    t =     6.26s     Synthesize event
    t =     6.57s     Wait for fr.kathryn.woop to idle
    t =     7.37s Waiting 5.0s for "person" Button to exist
    t =     8.40s     Checking `Expect predicate `existsNoRetry == 1` for object "person" Button`
    t =     8.40s         Checking existence of `"person" Button`
    t =     8.47s Tap "person" Button
    t =     8.47s     Wait for fr.kathryn.woop to idle
    t =     8.48s     Find the "person" Button
    t =     8.52s     Check for interrupting elements affecting "person" Button
    t =     8.56s     Synthesize event
    t =     8.86s     Wait for fr.kathryn.woop to idle
    t =     9.77s Waiting 5.0s for "Réglages" Button to exist
    t =    10.81s     Checking `Expect predicate `existsNoRetry == 1` for object "Réglages" Button`
    t =    10.81s         Checking existence of `"Réglages" Button`
    t =    10.91s Swipe up Application 'fr.kathryn.woop'
    t =    10.91s     Wait for fr.kathryn.woop to idle
    t =    10.92s     Find the Application 'fr.kathryn.woop'
    t =    10.96s     Check for interrupting elements affecting "Woop" Application
    t =    11.00s     Synthesize event
    t =    11.43s     Wait for fr.kathryn.woop to idle
    t =    12.19s Swipe down Application 'fr.kathryn.woop'
    t =    12.19s     Wait for fr.kathryn.woop to idle
    t =    12.20s     Find the Application 'fr.kathryn.woop'
    t =    12.27s     Check for interrupting elements affecting "Woop" Application
    t =    12.32s     Synthesize event
    t =    12.75s     Wait for fr.kathryn.woop to idle
    t =    13.54s Waiting 5.0s for "Retour" Button to exist
    t =    14.58s     Checking `Expect predicate `existsNoRetry == 1` for object "Retour" Button`
    t =    14.58s         Checking existence of `"Retour" Button`
    t =    14.66s Tap "Retour" Button
    t =    14.66s     Wait for fr.kathryn.woop to idle
    t =    14.81s     Find the "Retour" Button
    t =    14.99s     Check for interrupting elements affecting "Retour" Button
    t =    15.08s     Synthesize event
    t =    15.38s     Wait for fr.kathryn.woop to idle
    t =    16.23s Waiting 5.0s for "person" Button to exist
    t =    17.26s     Checking `Expect predicate `existsNoRetry == 1` for object "person" Button`
    t =    17.26s         Checking existence of `"person" Button`
WOOP_ALLER_RETOUR_0_OK
    t =    17.32s Waiting 5.0s for "figure.strengthtraining.functional" Button to exist
    t =    18.37s     Checking `Expect predicate `existsNoRetry == 1` for object "figure.strengthtraining.functional" Button`
    t =    18.37s         Checking existence of `"figure.strengthtraining.functional" Button`
    t =    18.42s Tap "figure.strengthtraining.functional" Button
    t =    18.42s     Wait for fr.kathryn.woop to idle
    t =    18.43s     Find the "figure.strengthtraining.functional" Button
    t =    18.46s     Check for interrupting elements affecting "figure.strengthtraining.functional" Button
    t =    18.50s     Synthesize event
    t =    18.80s     Wait for fr.kathryn.woop to idle
    t =    19.61s Waiting 5.0s for "Exercices" StaticText to exist
    t =    20.65s     Checking `Expect predicate `existsNoRetry == 1` for object "Exercices" StaticText`
    t =    20.65s         Checking existence of `"Exercices" StaticText`
    t =    20.73s Swipe up Application 'fr.kathryn.woop'
    t =    20.74s     Wait for fr.kathryn.woop to idle
    t =    20.74s     Find the Application 'fr.kathryn.woop'
    t =    20.78s     Check for interrupting elements affecting "Woop" Application
    t =    20.82s     Synthesize event
    t =    21.26s     Wait for fr.kathryn.woop to idle
    t =    23.31s Tap "house.fill" Button
    t =    23.31s     Wait for fr.kathryn.woop to idle
    t =    23.32s     Find the "house.fill" Button
    t =    23.37s     Check for interrupting elements affecting "house.fill" Button
    t =    23.42s     Synthesize event
    t =    23.72s     Wait for fr.kathryn.woop to idle
    t =    24.54s Waiting 5.0s for "person" Button to exist
    t =    25.56s     Checking `Expect predicate `existsNoRetry == 1` for object "person" Button`
    t =    25.56s         Checking existence of `"person" Button`
    t =    25.61s Tap "person" Button
    t =    25.61s     Wait for fr.kathryn.woop to idle
    t =    25.62s     Find the "person" Button
    t =    25.65s     Check for interrupting elements affecting "person" Button
    t =    25.69s     Synthesize event
    t =    26.00s     Wait for fr.kathryn.woop to idle
    t =    26.86s Waiting 5.0s for "Réglages" Button to exist
    t =    27.89s     Checking `Expect predicate `existsNoRetry == 1` for object "Réglages" Button`
    t =    27.89s         Checking existence of `"Réglages" Button`
    t =    27.99s Swipe up Application 'fr.kathryn.woop'
    t =    27.99s     Wait for fr.kathryn.woop to idle
    t =    28.00s     Find the Application 'fr.kathryn.woop'
    t =    28.04s     Check for interrupting elements affecting "Woop" Application
    t =    28.08s     Synthesize event
    t =    28.51s     Wait for fr.kathryn.woop to idle
    t =    29.29s Swipe down Application 'fr.kathryn.woop'
    t =    29.29s     Wait for fr.kathryn.woop to idle
    t =    29.30s     Find the Application 'fr.kathryn.woop'
    t =    29.37s     Check for interrupting elements affecting "Woop" Application
    t =    29.41s     Synthesize event
    t =    29.85s     Wait for fr.kathryn.woop to idle
    t =    30.63s Waiting 5.0s for "Retour" Button to exist
    t =    31.65s     Checking `Expect predicate `existsNoRetry == 1` for object "Retour" Button`
    t =    31.65s         Checking existence of `"Retour" Button`
    t =    31.74s Tap "Retour" Button
    t =    31.74s     Wait for fr.kathryn.woop to idle
    t =    31.90s     Find the "Retour" Button
    t =    31.98s     Check for interrupting elements affecting "Retour" Button
    t =    32.03s     Synthesize event
    t =    32.33s     Wait for fr.kathryn.woop to idle
    t =    33.18s Waiting 5.0s for "person" Button to exist
    t =    34.21s     Checking `Expect predicate `existsNoRetry == 1` for object "person" Button`
    t =    34.21s         Checking existence of `"person" Button`
WOOP_ALLER_RETOUR_1_OK
    t =    34.28s Waiting 5.0s for "figure.strengthtraining.functional" Button to exist
    t =    35.30s     Checking `Expect predicate `existsNoRetry == 1` for object "figure.strengthtraining.functional" Button`
    t =    35.30s         Checking existence of `"figure.strengthtraining.functional" Button`
    t =    35.35s Tap "figure.strengthtraining.functional" Button
    t =    35.36s     Wait for fr.kathryn.woop to idle
    t =    35.36s     Find the "figure.strengthtraining.functional" Button
    t =    35.39s     Check for interrupting elements affecting "figure.strengthtraining.functional" Button
    t =    35.43s     Synthesize event
    t =    35.72s     Wait for fr.kathryn.woop to idle
    t =    36.53s Waiting 5.0s for "Exercices" StaticText to exist
    t =    37.56s     Checking `Expect predicate `existsNoRetry == 1` for object "Exercices" StaticText`
    t =    37.56s         Checking existence of `"Exercices" StaticText`
    t =    37.65s Swipe up Application 'fr.kathryn.woop'
    t =    37.65s     Wait for fr.kathryn.woop to idle
    t =    37.66s     Find the Application 'fr.kathryn.woop'
    t =    37.69s     Check for interrupting elements affecting "Woop" Application
    t =    37.73s     Synthesize event
    t =    38.27s     Wait for fr.kathryn.woop to idle
    t =    39.07s Tap "house.fill" Button
    t =    39.07s     Wait for fr.kathryn.woop to idle
    t =    39.08s     Find the "house.fill" Button
    t =    39.14s     Check for interrupting elements affecting "house.fill" Button
    t =    39.19s     Synthesize event
    t =    39.48s     Wait for fr.kathryn.woop to idle
    t =    40.30s Waiting 5.0s for "person" Button to exist
    t =    41.33s     Checking `Expect predicate `existsNoRetry == 1` for object "person" Button`
    t =    41.33s         Checking existence of `"person" Button`
    t =    41.40s Tap "person" Button
    t =    41.40s     Wait for fr.kathryn.woop to idle
    t =    41.41s     Find the "person" Button
    t =    41.54s     Check for interrupting elements affecting "person" Button
    t =    41.62s     Synthesize event
    t =    41.93s     Wait for fr.kathryn.woop to idle
    t =    42.81s Waiting 5.0s for "Réglages" Button to exist
    t =    43.84s     Checking `Expect predicate `existsNoRetry == 1` for object "Réglages" Button`
    t =    43.84s         Checking existence of `"Réglages" Button`
    t =    43.93s Swipe up Application 'fr.kathryn.woop'
    t =    43.93s     Wait for fr.kathryn.woop to idle
    t =    43.94s     Find the Application 'fr.kathryn.woop'
    t =    43.98s     Check for interrupting elements affecting "Woop" Application
    t =    44.03s     Synthesize event
    t =    44.57s     Wait for fr.kathryn.woop to idle
    t =    45.36s Swipe down Application 'fr.kathryn.woop'
    t =    45.36s     Wait for fr.kathryn.woop to idle
    t =    45.37s     Find the Application 'fr.kathryn.woop'
    t =    45.44s     Check for interrupting elements affecting "Woop" Application
    t =    45.49s     Synthesize event
    t =    46.03s     Wait for fr.kathryn.woop to idle
    t =    46.82s Waiting 5.0s for "Retour" Button to exist
    t =    47.86s     Checking `Expect predicate `existsNoRetry == 1` for object "Retour" Button`
    t =    47.86s         Checking existence of `"Retour" Button`
    t =    47.94s Tap "Retour" Button
    t =    47.94s     Wait for fr.kathryn.woop to idle
    t =    48.09s     Find the "Retour" Button
    t =    48.27s     Check for interrupting elements affecting "Retour" Button
    t =    48.35s     Synthesize event
    t =    48.65s     Wait for fr.kathryn.woop to idle
    t =    49.51s Waiting 5.0s for "person" Button to exist
    t =    50.54s     Checking `Expect predicate `existsNoRetry == 1` for object "person" Button`
    t =    50.54s         Checking existence of `"person" Button`
WOOP_ALLER_RETOUR_2_OK
    t =    50.60s Waiting 5.0s for "figure.strengthtraining.functional" Button to exist
    t =    51.62s     Checking `Expect predicate `existsNoRetry == 1` for object "figure.strengthtraining.functional" Button`
    t =    51.62s         Checking existence of `"figure.strengthtraining.functional" Button`
    t =    51.67s Tap "figure.strengthtraining.functional" Button
    t =    51.68s     Wait for fr.kathryn.woop to idle
    t =    51.68s     Find the "figure.strengthtraining.functional" Button
    t =    51.71s     Check for interrupting elements affecting "figure.strengthtraining.functional" Button
    t =    51.75s     Synthesize event
    t =    52.05s     Wait for fr.kathryn.woop to idle
    t =    52.85s Waiting 5.0s for "Exercices" StaticText to exist
    t =    53.88s     Checking `Expect predicate `existsNoRetry == 1` for object "Exercices" StaticText`
    t =    53.88s         Checking existence of `"Exercices" StaticText`
    t =    53.96s Swipe up Application 'fr.kathryn.woop'
    t =    53.96s     Wait for fr.kathryn.woop to idle
    t =    53.97s     Find the Application 'fr.kathryn.woop'
    t =    54.00s     Check for interrupting elements affecting "Woop" Application
    t =    54.03s     Synthesize event
    t =    54.46s     Wait for fr.kathryn.woop to idle
    t =    54.96s Tap "house.fill" Button
    t =    54.96s     Wait for fr.kathryn.woop to idle
    t =    54.97s     Find the "house.fill" Button
    t =    55.03s     Check for interrupting elements affecting "house.fill" Button
    t =    55.07s     Synthesize event
    t =    55.36s     Wait for fr.kathryn.woop to idle
    t =    56.20s Waiting 5.0s for "person" Button to exist
    t =    57.23s     Checking `Expect predicate `existsNoRetry == 1` for object "person" Button`
    t =    57.23s         Checking existence of `"person" Button`
    t =    57.30s Tap "person" Button
    t =    57.30s     Wait for fr.kathryn.woop to idle
    t =    57.31s     Find the "person" Button
    t =    57.35s     Check for interrupting elements affecting "person" Button
    t =    57.39s     Synthesize event
    t =    57.69s     Wait for fr.kathryn.woop to idle
    t =    58.55s Waiting 5.0s for "Réglages" Button to exist
    t =    59.57s     Checking `Expect predicate `existsNoRetry == 1` for object "Réglages" Button`
    t =    59.57s         Checking existence of `"Réglages" Button`
    t =    59.67s Swipe up Application 'fr.kathryn.woop'
    t =    59.67s     Wait for fr.kathryn.woop to idle
    t =    59.68s     Find the Application 'fr.kathryn.woop'
    t =    59.72s     Check for interrupting elements affecting "Woop" Application
    t =    59.76s     Synthesize event
    t =    60.20s     Wait for fr.kathryn.woop to idle
    t =    60.98s Swipe down Application 'fr.kathryn.woop'
    t =    60.98s     Wait for fr.kathryn.woop to idle
    t =    60.99s     Find the Application 'fr.kathryn.woop'
    t =    61.07s     Check for interrupting elements affecting "Woop" Application
    t =    61.12s     Synthesize event
    t =    61.55s     Wait for fr.kathryn.woop to idle
    t =    62.36s Waiting 5.0s for "Retour" Button to exist
    t =    63.39s     Checking `Expect predicate `existsNoRetry == 1` for object "Retour" Button`
    t =    63.40s         Checking existence of `"Retour" Button`
    t =    63.59s Tap "Retour" Button
    t =    63.59s     Wait for fr.kathryn.woop to idle
    t =    63.63s     Find the "Retour" Button
    t =    63.69s     Check for interrupting elements affecting "Retour" Button
    t =    63.74s     Synthesize event
    t =    64.04s     Wait for fr.kathryn.woop to idle
    t =    64.90s Waiting 5.0s for "person" Button to exist
    t =    65.91s     Checking `Expect predicate `existsNoRetry == 1` for object "person" Button`
    t =    65.92s         Checking existence of `"person" Button`
WOOP_ALLER_RETOUR_3_OK
    t =    65.98s Tear Down
2026-09-15 23:00:40.674 xcodebuild[72187:14903081] [MT] IDERunDestination: Supported platforms for the buildables in the current scheme is empty.
Test Case '-[NavRuntimeUITests.NavRuntimeUITests testAllersRetoursMesures]' passed (66.481 seconds).
Test Suite 'NavRuntimeUITests' passed at 2026-09-15 23:00:41.191.
	 Executed 1 test, with 0 failures (0 unexpected) in 66.481 (66.486) seconds
Test Suite 'NavRuntimeUITests.xctest' passed at 2026-09-15 23:00:41.194.
	 Executed 1 test, with 0 failures (0 unexpected) in 66.481 (66.489) seconds
Test Suite 'Selected tests' passed at 2026-09-15 23:00:41.196.
	 Executed 1 test, with 0 failures (0 unexpected) in 66.481 (66.491) seconds
2026-09-15 23:00:41.303 xcodebuild[72187:14903081] [MT] IDETestOperationsObserverDebug: 68.884 elapsed -- Testing started completed.
2026-09-15 23:00:41.303 xcodebuild[72187:14903081] [MT] IDETestOperationsObserverDebug: 0.000 sec, +0.000 sec -- start
2026-09-15 23:00:41.303 xcodebuild[72187:14903081] [MT] IDETestOperationsObserverDebug: 68.884 sec, +68.884 sec -- end

Test session results, code coverage, and logs:
	/tmp/woop-balade34/navigation-repetee.xcresult

** TEST EXECUTE SUCCEEDED **

Testing started
