Command line invocation:
    /Applications/Xcode.app/Contents/Developer/usr/bin/xcodebuild test-without-building -xctestrun /tmp/woop-stories71-runtime-dd/Build/Products/NavRuntimeUITests_iphoneos26.5-arm64.xctestrun -destination platform=iOS,id=00008120-001E4CDC0A85A01E -parallel-testing-enabled NO "-only-testing:NavRuntimeUITests/NavRuntimeUITests/testManegeEtRetourNormal76" -resultBundlePath /tmp/nosfy-chauffe76-manege.xcresult

2026-09-18 10:55:19.418 xcodebuild[68847:18806971] [MT] IDERunDestination: Supported platforms for the buildables in the current scheme is empty.
Writing result bundle at path:
	/tmp/nosfy-chauffe76-manege.xcresult

2026-09-18 10:55:19.425 xcodebuild[68847:18806971] [MT] IDERunDestination: Supported platforms for the buildables in the current scheme is empty.
2026-09-18 10:55:19.517 xcodebuild[68847:18806971] [MT] IDERunDestination: Supported platforms for the buildables in the current scheme is empty.
--- xcodebuild: WARNING: Using the first of multiple matching destinations:
{ platform:iOS, arch:arm64e, id:00008120-001E4CDC0A85A01E, name:iPhone de Frédéric }
{ platform:iOS, arch:arm64, id:00008120-001E4CDC0A85A01E, name:iPhone de Frédéric }
2026-09-18 10:55:20.741 xcodebuild[68847:18806971] [MT] IDERunDestination: Supported platforms for the buildables in the current scheme is empty.
2026-09-18 10:55:20.879 xcodebuild[68847:18806971] [MT] IDERunDestination: Supported platforms for the buildables in the current scheme is empty.
2026-09-18 10:55:22.890921+0200 NavRuntimeUITests-Runner[48361:3685288] [Default] Running tests...
    t =      nans Interface orientation changed to Portrait
Test Suite 'Selected tests' started at 2026-09-18 10:55:23.336.
Test Suite 'NavRuntimeUITests.xctest' started at 2026-09-18 10:55:23.336.
Test Suite 'NavRuntimeUITests' started at 2026-09-18 10:55:23.336.
Test Case '-[NavRuntimeUITests.NavRuntimeUITests testManegeEtRetourNormal76]' started.
    t =     0.00s Start Test at 2026-09-18 10:55:23.337
    t =     0.01s Set Up
THERMIQUE IPHONE 0 à 2026-09-18 08:55:23 +0000
    t =     0.02s Open fr.kathryn.woop
    t =     0.02s     Launch fr.kathryn.woop
    t =     0.02s         Terminate fr.kathryn.woop:48332
2026-09-18 10:55:23.903 xcodebuild[68847:18806971] [MT] IDERunDestination: Supported platforms for the buildables in the current scheme is empty.
    t =     1.10s         Setting up automation session
    t =     1.19s         Wait for fr.kathryn.woop to idle
    t =     2.57s Waiting 20.0s for "booster-test-ouvrir" Button to exist
    t =     3.60s     Checking `Expect predicate `existsNoRetry == 1` for object "booster-test-ouvrir" Button`
    t =     3.60s         Checking existence of `"booster-test-ouvrir" Button`
    t =     3.69s Tap "booster-test-ouvrir" Button
    t =     3.69s     Wait for fr.kathryn.woop to idle
    t =     3.70s     Find the "booster-test-ouvrir" Button
    t =     3.72s     Check for interrupting elements affecting "booster-test-ouvrir" Button
    t =     3.75s     Synthesize event
    t =     4.04s     Wait for fr.kathryn.woop to idle
FENETRE court-manege DEBUT 2026-09-18 08:55:27 +0000
THERMIQUE IPHONE 0 à 2026-09-18 08:55:32 +0000
FENETRE court-manege FIN 2026-09-18 08:55:32 +0000
    t =     9.10s Find the Application 'fr.kathryn.woop'
    t =     9.36s Added attachment named '76-court-manege'
    t =     9.36s Pressing Home button
    t =    11.84s Open fr.kathryn.woop
    t =    11.84s     Activate fr.kathryn.woop
    t =    11.89s         Wait for fr.kathryn.woop to idle
FENETRE court-manege-reprise DEBUT 2026-09-18 08:55:35 +0000
THERMIQUE IPHONE 1 à 2026-09-18 08:55:40 +0000
FENETRE court-manege-reprise FIN 2026-09-18 08:55:40 +0000
    t =    16.90s Get all elements bound by index for: Elements matching predicate '"Retour" IN identifiers'
    t =    16.97s Find the "Retour" Button
    t =    17.02s Tap "Retour" Button
    t =    17.02s     Wait for fr.kathryn.woop to idle
    t =    17.02s     Find the "Retour" Button
    t =    17.06s     Check for interrupting elements affecting "Retour" Button
    t =    17.09s     Synthesize event
    t =    17.38s     Wait for fr.kathryn.woop to idle
    t =    17.39s Waiting 5.0s for "story-test-ouvrir" Button to exist
    t =    18.41s     Checking `Expect predicate `existsNoRetry == 1` for object "story-test-ouvrir" Button`
    t =    18.42s         Checking existence of `"story-test-ouvrir" Button`
FENETRE court-home-apres-manege DEBUT 2026-09-18 08:55:41 +0000
THERMIQUE IPHONE 1 à 2026-09-18 08:55:46 +0000
THERMIQUE IPHONE 1 à 2026-09-18 08:55:51 +0000
FENETRE court-home-apres-manege FIN 2026-09-18 08:55:51 +0000
    t =    28.47s Terminate fr.kathryn.woop:48363
    t =    29.48s Open fr.kathryn.woop
    t =    29.48s     Launch fr.kathryn.woop
    t =    29.55s         Setting up automation session
    t =    29.64s         Wait for fr.kathryn.woop to idle
    t =    33.99s Find the Application 'fr.kathryn.woop'
    t =    34.22s Added attachment named '76-retour-normal'
    t =    34.22s Checking existence of `"story-test-ouvrir" Button`
    t =    34.27s Terminate fr.kathryn.woop:48371
    t =    35.36s Tear Down
Test Case '-[NavRuntimeUITests.NavRuntimeUITests testManegeEtRetourNormal76]' passed (35.585 seconds).
Test Suite 'NavRuntimeUITests' passed at 2026-09-18 10:55:58.924.
	 Executed 1 test, with 0 failures (0 unexpected) in 35.585 (35.588) seconds
Test Suite 'NavRuntimeUITests.xctest' passed at 2026-09-18 10:55:58.925.
	 Executed 1 test, with 0 failures (0 unexpected) in 35.585 (35.589) seconds
Test Suite 'Selected tests' passed at 2026-09-18 10:55:58.927.
	 Executed 1 test, with 0 failures (0 unexpected) in 35.585 (35.591) seconds
2026-09-18 10:56:01.097 xcodebuild[68847:18806971] [MT] IDERunDestination: Supported platforms for the buildables in the current scheme is empty.
2026-09-18 10:56:01.232 xcodebuild[68847:18806971] [MT] IDETestOperationsObserverDebug: 40.489 elapsed -- Testing started completed.
2026-09-18 10:56:01.232 xcodebuild[68847:18806971] [MT] IDETestOperationsObserverDebug: 0.000 sec, +0.000 sec -- start
2026-09-18 10:56:01.232 xcodebuild[68847:18806971] [MT] IDETestOperationsObserverDebug: 40.489 sec, +40.489 sec -- end

Test session results, code coverage, and logs:
	/tmp/nosfy-chauffe76-manege.xcresult

** TEST EXECUTE SUCCEEDED **

Testing started
