Command line invocation:
    /Applications/Xcode.app/Contents/Developer/usr/bin/xcodebuild test-without-building -xctestrun /tmp/woop-stories71-runtime-dd/Build/Products/NavRuntimeUITests_iphoneos26.5-arm64.xctestrun -destination platform=iOS,id=00008120-001E4CDC0A85A01E -parallel-testing-enabled NO -resultBundlePath /tmp/nosfy-chauffe75-booster-ab.xcresult

2026-09-18 10:20:37.022 xcodebuild[51469:18686478] [MT] IDERunDestination: Supported platforms for the buildables in the current scheme is empty.
Writing result bundle at path:
	/tmp/nosfy-chauffe75-booster-ab.xcresult

2026-09-18 10:20:37.054 xcodebuild[51469:18686478] [MT] IDERunDestination: Supported platforms for the buildables in the current scheme is empty.
2026-09-18 10:20:37.111 xcodebuild[51469:18686478] [MT] IDERunDestination: Supported platforms for the buildables in the current scheme is empty.
2026-09-18 10:20:37.250 xcodebuild[51469:18686478] [MT] IDERunDestination: Supported platforms for the buildables in the current scheme is empty.
--- xcodebuild: WARNING: Using the first of multiple matching destinations:
{ platform:iOS, arch:arm64e, id:00008120-001E4CDC0A85A01E, name:iPhone de Frédéric }
{ platform:iOS, arch:arm64, id:00008120-001E4CDC0A85A01E, name:iPhone de Frédéric }
2026-09-18 10:20:40.049 xcodebuild[51469:18686478] [MT] IDERunDestination: Supported platforms for the buildables in the current scheme is empty.
2026-09-18 10:20:40.799 xcodebuild[51469:18686478] [MT] IDERunDestination: Supported platforms for the buildables in the current scheme is empty.
2026-09-18 10:20:42.930 xcodebuild[51469:18686478] [MT] Run Destination Preflight: The destination is not ready.
Error Domain=com.apple.dt.deviceprep Code=-3 "Unlock iPhone de Frédéric to Continue" UserInfo={NSRecoveryAttempter=<_DVTErrorRecoveryHandler: 0xa576c7cb0>, NSLocalizedRecoveryOptions=(
    "Cancel Testing"
), NSLocalizedRecoverySuggestion=Xcode cannot launch NavRuntimeUITests on iPhone de Frédéric because the device is locked., DVTRecoveryBlockKey=<__NSMallocBlock__: 0xa55dbb360>, NSLocalizedDescription=Unlock iPhone de Frédéric to Continue}
2026-09-18 10:20:42.930 xcodebuild[51469:18686478] [MT] Run Destination Preflight: Waiting for the destination to become ready.
2026-09-18 10:21:05.639 xcodebuild[51469:18686478] [MT] IDERunDestination: Supported platforms for the buildables in the current scheme is empty.
2026-09-18 10:21:07.781 xcodebuild[51469:18686478] [MT] IDERunDestination: Supported platforms for the buildables in the current scheme is empty.
2026-09-18 10:21:15.593729+0200 NavRuntimeUITests-Runner[48007:3657629] [Default] Running tests...
    t =      nans Interface orientation changed to Portrait
Test Suite 'All tests' started at 2026-09-18 10:21:16.104.
Test Suite 'NavRuntimeUITests.xctest' started at 2026-09-18 10:21:16.104.
Test Suite 'NavRuntimeUITests' started at 2026-09-18 10:21:16.104.
Test Case '-[NavRuntimeUITests.NavRuntimeUITests testProfilBoosterCompare]' started.
    t =     0.00s Start Test at 2026-09-18 10:21:16.106
    t =     0.01s Set Up
    t =     0.01s Open fr.kathryn.woop
    t =     0.01s     Launch fr.kathryn.woop
    t =     0.15s         Setting up automation session
    t =     0.22s         Wait for fr.kathryn.woop to idle
2026-09-18 10:21:16.296 xcodebuild[51469:18686478] [MT] IDERunDestination: Supported platforms for the buildables in the current scheme is empty.
    t =     1.48s Waiting 15.0s for "Cartes collectées" StaticText to exist
    t =     2.54s     Checking `Expect predicate `existsNoRetry == 1` for object "Cartes collectées" StaticText`
    t =     2.54s         Checking existence of `"Cartes collectées" StaticText`
    t =     2.64s Find the Application 'fr.kathryn.woop'
    t =     2.83s Added attachment named 'profil-B1'
VARIANTE B1 ENTERRE YES
B1 10s THERMIQUE 0
B1 20s THERMIQUE 0
B1 30s THERMIQUE 0
B1 40s THERMIQUE 0
B1 50s THERMIQUE 0
B1 60s THERMIQUE 0
    t =    62.86s Terminate fr.kathryn.woop:48008
    t =    63.86s Open fr.kathryn.woop
    t =    63.86s     Launch fr.kathryn.woop
    t =    63.93s         Setting up automation session
    t =    64.01s         Wait for fr.kathryn.woop to idle
    t =    65.37s Waiting 15.0s for "Cartes collectées" StaticText to exist
    t =    66.41s     Checking `Expect predicate `existsNoRetry == 1` for object "Cartes collectées" StaticText`
    t =    66.41s         Checking existence of `"Cartes collectées" StaticText`
    t =    66.50s Find the Application 'fr.kathryn.woop'
    t =    66.70s Added attachment named 'profil-A'
VARIANTE A ENTERRE NO
2026-09-18 10:22:29.026 xcodebuild[51469:18686478] [MT] IDERunDestination: Supported platforms for the buildables in the current scheme is empty.
A 10s THERMIQUE 0
A 20s THERMIQUE 0
A 30s THERMIQUE 0
A 40s THERMIQUE 0
2026-09-18 10:23:13.472 xcodebuild[51469:18686478] [MT] IDERunDestination: Supported platforms for the buildables in the current scheme is empty.
A 50s THERMIQUE 0
A 60s THERMIQUE 1
    t =   126.72s Terminate fr.kathryn.woop:48022
    t =   127.81s Open fr.kathryn.woop
    t =   127.81s     Launch fr.kathryn.woop
    t =   127.93s         Setting up automation session
    t =   128.12s         Wait for fr.kathryn.woop to idle
    t =   129.51s Waiting 15.0s for "Cartes collectées" StaticText to exist
    t =   130.54s     Checking `Expect predicate `existsNoRetry == 1` for object "Cartes collectées" StaticText`
    t =   130.54s         Checking existence of `"Cartes collectées" StaticText`
    t =   130.65s Find the Application 'fr.kathryn.woop'
    t =   130.85s Added attachment named 'profil-B2'
VARIANTE B2 ENTERRE YES
B2 10s THERMIQUE 1
B2 20s THERMIQUE 1
B2 30s THERMIQUE 1
B2 40s THERMIQUE 1
B2 50s THERMIQUE 1
B2 60s THERMIQUE 1
    t =   190.87s Terminate fr.kathryn.woop:48037
    t =   191.90s Terminate fr.kathryn.woop:0
    t =   191.90s Tear Down
2026-09-18 10:24:29.445 xcodebuild[51469:18686478] [MT] IDERunDestination: Supported platforms for the buildables in the current scheme is empty.
Test Case '-[NavRuntimeUITests.NavRuntimeUITests testProfilBoosterCompare]' passed (193.838 seconds).
Test Suite 'NavRuntimeUITests' passed at 2026-09-18 10:24:29.944.
	 Executed 1 test, with 0 failures (0 unexpected) in 193.838 (193.840) seconds
Test Suite 'NavRuntimeUITests.xctest' passed at 2026-09-18 10:24:29.945.
	 Executed 1 test, with 0 failures (0 unexpected) in 193.838 (193.841) seconds
Test Suite 'All tests' passed at 2026-09-18 10:24:29.946.
	 Executed 1 test, with 0 failures (0 unexpected) in 193.838 (193.842) seconds
2026-09-18 10:24:34.576 xcodebuild[51469:18686478] [MT] IDETestOperationsObserverDebug: 234.516 elapsed -- Testing started completed.
2026-09-18 10:24:34.576 xcodebuild[51469:18686478] [MT] IDETestOperationsObserverDebug: 0.000 sec, +0.000 sec -- start
2026-09-18 10:24:34.576 xcodebuild[51469:18686478] [MT] IDETestOperationsObserverDebug: 234.516 sec, +234.516 sec -- end

Test session results, code coverage, and logs:
	/tmp/nosfy-chauffe75-booster-ab.xcresult

** TEST EXECUTE SUCCEEDED **

Testing started
