Command line invocation:
    /Applications/Xcode.app/Contents/Developer/usr/bin/xcodebuild test-without-building -xctestrun /tmp/woop-stories71-runtime-dd/Build/Products/NavRuntimeUITests_iphoneos26.5-arm64.xctestrun -destination platform=iOS,id=00008120-001E4CDC0A85A01E -parallel-testing-enabled NO -resultBundlePath /tmp/nosfy-chauffe75-reprise.xcresult

2026-09-18 09:53:26.558 xcodebuild[40769:18604570] [MT] IDERunDestination: Supported platforms for the buildables in the current scheme is empty.
Writing result bundle at path:
	/tmp/nosfy-chauffe75-reprise.xcresult

2026-09-18 09:53:26.564 xcodebuild[40769:18604570] [MT] IDERunDestination: Supported platforms for the buildables in the current scheme is empty.
2026-09-18 09:53:26.658 xcodebuild[40769:18604570] [MT] IDERunDestination: Supported platforms for the buildables in the current scheme is empty.
--- xcodebuild: WARNING: Using the first of multiple matching destinations:
{ platform:iOS, arch:arm64e, id:00008120-001E4CDC0A85A01E, name:iPhone de Frédéric }
{ platform:iOS, arch:arm64, id:00008120-001E4CDC0A85A01E, name:iPhone de Frédéric }
2026-09-18 09:53:27.050 xcodebuild[40769:18604570] [MT] IDERunDestination: Supported platforms for the buildables in the current scheme is empty.
2026-09-18 09:53:27.188 xcodebuild[40769:18604570] [MT] IDERunDestination: Supported platforms for the buildables in the current scheme is empty.
2026-09-18 09:53:29.115 xcodebuild[40769:18604570] [MT] Run Destination Preflight: The destination is not ready.
Error Domain=com.apple.dt.deviceprep Code=-3 "Unlock iPhone de Frédéric to Continue" UserInfo={NSRecoveryAttempter=<_DVTErrorRecoveryHandler: 0xa6d4f4060>, NSLocalizedRecoveryOptions=(
    "Cancel Testing"
), NSLocalizedRecoverySuggestion=Xcode cannot launch NavRuntimeUITests on iPhone de Frédéric because the device is locked., DVTRecoveryBlockKey=<__NSMallocBlock__: 0xa6bafdce0>, NSLocalizedDescription=Unlock iPhone de Frédéric to Continue}
2026-09-18 09:53:29.115 xcodebuild[40769:18604570] [MT] Run Destination Preflight: Waiting for the destination to become ready.
2026-09-18 09:53:30.753 xcodebuild[40769:18604570] [MT] IDERunDestination: Supported platforms for the buildables in the current scheme is empty.
2026-09-18 09:53:39.571 xcodebuild[40769:18604570] [MT] IDERunDestination: Supported platforms for the buildables in the current scheme is empty.
2026-09-18 09:53:48.852985+0200 NavRuntimeUITests-Runner[47696:3637303] [Default] Running tests...
2026-09-18 09:53:48.908589+0200 NavRuntimeUITests-Runner[47696:3637318] [General] Failed to send CA Event for app launch measurements for ca_event_type: 1 event_name: com.apple.app_launch_measurement.ExtendedLaunchMetrics
    t =      nans Interface orientation changed to Portrait
2026-09-18 09:53:49.274 xcodebuild[40769:18604570] [MT] IDERunDestination: Supported platforms for the buildables in the current scheme is empty.
Test Suite 'All tests' started at 2026-09-18 09:53:49.399.
Test Suite 'NavRuntimeUITests.xctest' started at 2026-09-18 09:53:49.400.
Test Suite 'NavRuntimeUITests' started at 2026-09-18 09:53:49.400.
Test Case '-[NavRuntimeUITests.NavRuntimeUITests testRepriseObservee]' started.
    t =     0.00s Start Test at 2026-09-18 09:53:49.401
    t =     0.01s Set Up
THERMIQUE AVANT: 0, APP: 2
    t =     0.01s Open fr.kathryn.woop
    t =     0.01s     Activate fr.kathryn.woop
    t =     0.23s         Wait for fr.kathryn.woop to idle
2026-09-18 09:53:49.654 xcodebuild[40769:18604570] [MT] IDERunDestination: Supported platforms for the buildables in the current scheme is empty.
    t =     0.43s Find the Application 'fr.kathryn.woop'
    t =     0.90s Added attachment named 'ecran-repris-sans-relance'
    t =     0.91s Requesting snapshot of accessibility hierarchy for app with pid 47629
    t =     1.40s Device orientation changed to Portrait
    t =     1.45s Requesting snapshot of accessibility hierarchy for app with pid 47629
CONTEXTE: Attributes: Application, 0x10acb7ac0, pid: 47629, label: 'Nosfy'
Element subtree:
 →Application, 0x10acb7ac0, pid: 47629, label: 'Nosfy'
    Window (Main), 0x10acb7c00, {{0.0, 0.0}, {393.0, 852.0}}
      Other, 0x10acb7d40, {{0.0, 0.0}, {393.0, 852.0}}
        Other, 0x10acb7e80, {{0.0, 0.0}, {393.0, 852.0}}
          Other, 0x10ea04000, {{0.0, 0.0}, {393.0, 852.0}}
            Other, 0x10ea04140, {{0.0, 0.0}, {393.0, 852.0}}
              Other, 0x10ea04280, {{0.0, 0.0}, {393.0, 852.0}}
                Other, 0x10ea043c0, {{0.0, 0.0}, {393.0, 852.0}}
                  Other, 0x10ea04500, {{0.0, 0.0}, {393.0, 852.0}}
                    Other, 0x10ea04640, {{0.0, 0.0}, {393.0, 852.0}}
                      Other, 0x10ea04780, {{0.0, 0.0}, {393.0, 852.0}}
                        Other, 0x10ea048c0, {{-129.3, 0.0}, {652.0, 1238.6}}
                          ScrollView, 0x10ea04a00, {{0.0, 0.0}, {393.0, 852.0}}
                            Other, 0x10ea04b40, {{0.0, 0.0}, {393.0, 1248.0}}
                              Button, 0x10ea04c80, {{104.7, 189.0}, {34.7, 26.0}}, label: '0 booster noir — ouvrir le manège des légendaires'
                                Image, 0x10ea04dc0, {{104.7, 189.0}, {15.0, 26.0}}
                                StaticText, 0x10ea04f00, {{129.0, 192.8}, {10.3, 18.3}}, label: '0'
                              Button, 0x10ea05040, {{172.0, 189.0}, {34.0, 26.0}}, label: '2 booster — ouvrir le manège'
                                Image, 0x10ea05180, {{172.0, 189.0}, {15.0, 26.0}}
                                StaticText, 0x10ea052c0, {{196.3, 192.8}, {9.7, 18.3}}, label: '2'
                              Button, 0x10ea05400, {{238.0, 191.0}, {40.3, 22.0}}, label: '0 pièces d'argent — ouvrir le coffre'
                                Image, 0x10ea05540, {{238.0, 191.0}, {22.0, 22.0}}, label: 'piece-argent-mini'
                                StaticText, 0x10ea05680, {{268.0, 192.8}, {10.3, 18.3}}, label: '0'
                              Button, 0x10ea057c0, {{310.7, 190.4}, {50.3, 23.3}}, label: '50 pièces — ouvrir le coffre'
                                Button, 0x10ea05900, {{310.7, 190.4}, {23.3, 23.3}}, label: 'Ton trésor'
                                StaticText, 0x10ea05a40, {{341.3, 192.8}, {19.7, 18.3}}, label: '50'
                              StaticText, 0x10ea05b80, {{20.0, 279.3}, {65.7, 20.7}}, label: 'Kathryn'
                              Button, 0x10ea05cc0, {{99.7, 279.0}, {59.3, 21.3}}, label: 'Level 1'
                              StaticText, 0x10ea05e00, {{20.0, 303.3}, {59.3, 14.7}}, label: '@kathryn'
                              StaticText, 0x10ea05f40, {{20.0, 344.0}, {199.7, 29.3}}, label: 'Cartes collectées'
                              StaticText, 0x10ea06080, {{39.0, 389.3}, {68.7, 18.3}}, label: 'Une Lune'
                              StaticText, 0x10ea061c0, {{325.7, 397.7}, {29.0, 16.0}}, label: '0 / 4'
                              Image, 0x10ea06300, {{366.7, 401.0}, {5.7, 9.7}}, identifier: 'chevron.right', label: 'Suivant'
                              StaticText, 0x10ea06440, {{39.0, 408.7}, {40.3, 13.3}}, label: 'Normal'
                              ScrollView, 0x10ea06580, {{0.0, 434.0}, {393.0, 123.3}}
                                Other, 0x10ea066c0, {{0.0, 434.0}, {396.0, 123.3}}
                                  Button, 0x10ea06800, {{20.0, 434.0}, {80.0, 123.3}}, label: 'Emplacement de carte vide'
                                    Image, 0x10ea06940, {{20.0, 434.0}, {80.0, 123.3}}
                                    Image, 0x10ea06a80, {{20.0, 434.0}, {80.0, 123.3}}
                                    Image, 0x10ea06bc0, {{20.0, 434.0}, {80.0, 123.3}}
                                    Image, 0x10ea06d00, {{20.0, 434.0}, {80.0, 123.3}}
                                  Button, 0x10ea06e40, {{112.0, 434.0}, {80.0, 123.3}}, label: 'Emplacement de carte vide'
                                    Image, 0x10ea06f80, {{112.0, 434.0}, {80.0, 123.3}}
                                    Image, 0x10ea070c0, {{112.0, 434.0}, {80.0, 123.3}}
                                    Image, 0x10ea07200, {{112.0, 434.0}, {80.0, 123.3}}
                                    Image, 0x10ea07340, {{112.0, 434.0}, {80.0, 123.3}}
                                  Button, 0x10ea07480, {{204.0, 434.0}, {80.0, 123.3}}, label: 'Emplacement de carte vide'
                                    Image, 0x10ea075c0, {{204.0, 434.0}, {80.0, 123.3}}
                                    Image, 0x10ea07700, {{204.0, 434.0}, {80.0, 123.3}}
                                    Image, 0x10ea07840, {{204.0, 434.0}, {80.0, 123.3}}
                                    Image, 0x10ea07980, {{204.0, 434.0}, {80.0, 123.3}}
                                  Button, 0x10ea07ac0, {{296.0, 434.0}, {80.0, 123.3}}, label: 'Emplacement de carte vide'
                                    Image, 0x10ea07c00, {{296.0, 434.0}, {80.0, 123.3}}
                                    Image, 0x10ea07d40, {{296.0, 434.0}, {80.0, 123.3}}
                                    Image, 0x10ea07e80, {{296.0, 434.0}, {80.0, 123.3}}
                                    Image, 0x10ea10000, {{296.0, 434.0}, {80.0, 123.3}}
                              StaticText, 0x10ea10140, {{50.5, 579.3}, {85.3, 18.3}}, label: 'Deux Lunes'
                              StaticText, 0x10ea10280, {{317.3, 587.7}, {37.3, 16.0}}, label: '0 / 11'
                              Image, 0x10ea103c0, {{366.7, 591.0}, {5.7, 9.7}}, identifier: 'chevron.right', label: 'Suivant'
                              StaticText, 0x10ea10500, {{50.5, 598.7}, {49.7, 13.3}}, label: 'Plus rare'
                              ScrollView, 0x10ea10640, {{0.0, 624.0}, {393.0, 123.3}}
                                Other, 0x10ea10780, {{0.0, 624.0}, {1040.0, 123.3}}
                                  Button, 0x10ea108c0, {{20.0, 624.0}, {80.0, 123.3}}, label: 'Emplacement de carte vide'
                                    Image, 0x10ea10a00, {{20.0, 624.0}, {80.0, 123.3}}
                                    Image, 0x10ea10b40, {{20.0, 624.0}, {80.0, 123.3}}
                                    Image, 0x10ea10c80, {{20.0, 624.0}, {80.0, 123.3}}
                                    Image, 0x10ea10dc0, {{20.0, 624.0}, {80.0, 123.3}}
                                  Button, 0x10ea10f00, {{112.0, 624.0}, {80.0, 123.3}}, label: 'Emplacement de carte vide'
                                    Image, 0x10ea11040, {{112.0, 624.0}, {80.0, 123.3}}
                                    Image, 0x10ea11180, {{112.0, 624.0}, {80.0, 123.3}}
                                    Image, 0x10ea112c0, {{112.0, 624.0}, {80.0, 123.3}}
                                    Image, 0x10ea11400, {{112.0, 624.0}, {80.0, 123.3}}
                                  Button, 0x10ea11540, {{204.0, 624.0}, {80.0, 123.3}}, label: 'Emplacement de carte vide'
                                    Image, 0x10ea11680, {{204.0, 624.0}, {80.0, 123.3}}
                                    Image, 0x10ea117c0, {{204.0, 624.0}, {80.0, 123.3}}
                                    Image, 0x10ea11900, {{204.0, 624.0}, {80.0, 123.3}}
                                    Image, 0x10ea11a40, {{204.0, 624.0}, {80.0, 123.3}}
                                  Button, 0x10ea11b80, {{296.0, 624.0}, {80.0, 123.3}}, label: 'Emplacement de carte vide'
                                    Image, 0x10ea11cc0, {{296.0, 624.0}, {80.0, 123.3}}
                                    Image, 0x10ea11e00, {{296.0, 624.0}, {80.0, 123.3}}
                                    Image, 0x10ea11f40, {{296.0, 624.0}, {80.0, 123.3}}
                                    Image, 0x10ea12080, {{296.0, 624.0}, {80.0, 123.3}}
                                  Button, 0x10ea121c0, {{388.0, 624.0}, {80.0, 123.3}}, label: 'Emplacement de carte vide'
                                    Image, 0x10ea12300, {{388.0, 624.0}, {80.0, 123.3}}
                                    Image, 0x10ea12440, {{388.0, 624.0}, {80.0, 123.3}}
                                    Image, 0x10ea12580, {{388.0, 624.0}, {80.0, 123.3}}
                                    Image, 0x10ea126c0, {{388.0, 624.0}, {80.0, 123.3}}
                                  Button, 0x10ea12800, {{480.0, 624.0}, {80.0, 123.3}}, label: 'Emplacement de carte vide'
                                    Image, 0x10ea12940, {{480.0, 624.0}, {80.0, 123.3}}
                                    Image, 0x10ea12a80, {{480.0, 624.0}, {80.0, 123.3}}
                                    Image, 0x10ea12bc0, {{480.0, 624.0}, {80.0, 123.3}}
                                    Image, 0x10ea12d00, {{480.0, 624.0}, {80.0, 123.3}}
                                  Button, 0x10ea12e40, {{572.0, 624.0}, {80.0, 123.3}}, label: 'Emplacement de carte vide'
                                    Image, 0x10ea12f80, {{572.0, 624.0}, {80.0, 123.3}}
                                    Image, 0x10ea130c0, {{572.0, 624.0}, {80.0, 123.3}}
                                    Image, 0x10ea13200, {{572.0, 624.0}, {80.0, 123.3}}
                                    Image, 0x10ea13340, {{572.0, 624.0}, {80.0, 123.3}}
                                  Button, 0x10ea13480, {{664.0, 624.0}, {80.0, 123.3}}, label: 'Emplacement de carte vide'
                                    Image, 0x10ea135c0, {{664.0, 624.0}, {80.0, 123.3}}
                                    Image, 0x10ea13700, {{664.0, 624.0}, {80.0, 123.3}}
                                    Image, 0x10ea13840, {{664.0, 624.0}, {80.0, 123.3}}
                                    Image, 0x10ea13980, {{664.0, 624.0}, {80.0, 123.3}}
                                  Button, 0x10ea13ac0, {{756.0, 624.0}, {80.0, 123.3}}, label: 'Emplacement de carte vide'
                                    Image, 0x10ea13c00, {{756.0, 624.0}, {80.0, 123.3}}
                                    Image, 0x10ea13d40, {{756.0, 624.0}, {80.0, 123.3}}
                                    Image, 0x10ea13e80, {{756.0, 624.0}, {80.0, 123.3}}
                                    Image, 0x10ea14000, {{756.0, 624.0}, {80.0, 123.3}}
                                  Button, 0x10ea14140, {{848.0, 624.0}, {80.0, 123.3}}, label: 'Emplacement de carte vide'
                                    Image, 0x10ea14280, {{848.0, 624.0}, {80.0, 123.3}}
                                    Image, 0x10ea143c0, {{848.0, 624.0}, {80.0, 123.3}}
                                    Image, 0x10ea14500, {{848.0, 624.0}, {80.0, 123.3}}
                                    Image, 0x10ea14640, {{848.0, 624.0}, {80.0, 123.3}}
                                  Button, 0x10ea14780, {{940.0, 624.0}, {80.0, 123.3}}, label: 'Emplacement de carte vide'
                                    Image, 0x10ea148c0, {{940.0, 624.0}, {80.0, 123.3}}
                                    Image, 0x10ea14a00, {{940.0, 624.0}, {80.0, 123.3}}
                                    Image, 0x10ea14b40, {{940.0, 624.0}, {80.0, 123.3}}
                                    Image, 0x10ea14c80, {{940.0, 624.0}, {80.0, 123.3}}
                              StaticText, 0x10ea14dc0, {{62.0, 769.7}, {84.0, 18.3}}, label: 'Trois Lunes'
                              StaticText, 0x10ea14f00, {{325.7, 778.0}, {29.0, 16.0}}, label: '0 / 4'
                              Image, 0x10ea15040, {{366.7, 781.3}, {5.7, 9.7}}, identifier: 'chevron.right', label: 'Suivant'
                              StaticText, 0x10ea15180, {{62.0, 789.0}, {50.3, 13.3}}, label: 'Très rare'
                              ScrollView, 0x10ea152c0, {{0.0, 814.3}, {393.0, 123.3}}
                                Other, 0x10ea15400, {{0.0, 814.3}, {396.0, 123.3}}
                                  Button, 0x10ea15540, {{20.0, 814.3}, {80.0, 123.3}}, label: 'Emplacement de carte vide'
                                    Image, 0x10ea15680, {{20.0, 814.3}, {80.0, 123.3}}
                                    Image, 0x10ea157c0, {{20.0, 814.3}, {80.0, 123.3}}
                                    Image, 0x10ea15900, {{20.0, 814.3}, {80.0, 123.3}}
                                    Image, 0x10ea15a40, {{20.0, 814.3}, {80.0, 123.3}}
                                  Button, 0x10ea15b80, {{112.0, 814.3}, {80.0, 123.3}}, label: 'Emplacement de carte vide'
                                    Image, 0x10ea15cc0, {{112.0, 814.3}, {80.0, 123.3}}
                                    Image, 0x10ea15e00, {{112.0, 814.3}, {80.0, 123.3}}
                                    Image, 0x10ea15f40, {{112.0, 814.3}, {80.0, 123.3}}
                                    Image, 0x10ea16080, {{112.0, 814.3}, {80.0, 123.3}}
                                  Button, 0x10ea161c0, {{204.0, 814.3}, {80.0, 123.3}}, label: 'Emplacement de carte vide'
                                    Image, 0x10ea16300, {{204.0, 814.3}, {80.0, 123.3}}
                                    Image, 0x10ea16440, {{204.0, 814.3}, {80.0, 123.3}}
                                    Image, 0x10ea16580, {{204.0, 814.3}, {80.0, 123.3}}
                                    Image, 0x10ea166c0, {{204.0, 814.3}, {80.0, 123.3}}
                                  Button, 0x10ea16800, {{296.0, 814.3}, {80.0, 123.3}}, label: 'Emplacement de carte vide'
                                    Image, 0x10ea16940, {{296.0, 814.3}, {80.0, 123.3}}
                                    Image, 0x10ea16a80, {{296.0, 814.3}, {80.0, 123.3}}
                                    Image, 0x10ea16bc0, {{296.0, 814.3}, {80.0, 123.3}}
                                    Image, 0x10ea16d00, {{296.0, 814.3}, {80.0, 123.3}}
                              StaticText, 0x10ea16e40, {{73.5, 959.7}, {97.0, 18.3}}, label: 'Quatre Lunes'
                              StaticText, 0x10ea16f80, {{325.7, 968.0}, {29.0, 16.0}}, label: '0 / 6'
                              Image, 0x10ea170c0, {{366.7, 971.3}, {5.7, 9.7}}, identifier: 'chevron.right', label: 'Suivant'
                              StaticText, 0x10ea17200, {{73.5, 979.0}, {62.3, 13.3}}, label: 'Légendaire'
                              ScrollView, 0x10ea17340, {{0.0, 1004.3}, {393.0, 123.3}}
                                Other, 0x10ea17480, {{0.0, 1004.3}, {580.0, 123.3}}
                                  Button, 0x10ea175c0, {{20.0, 1004.3}, {80.0, 123.3}}, label: 'Emplacement de carte vide'
                                    Image, 0x10ea17700, {{20.0, 1004.3}, {80.0, 123.3}}
                                    Image, 0x10ea17840, {{20.0, 1004.3}, {80.0, 123.3}}
                                    Image, 0x10ea17980, {{20.0, 1004.3}, {80.0, 123.3}}
                                    Image, 0x10ea17ac0, {{20.0, 1004.3}, {80.0, 123.3}}
                                  Button, 0x10ea17c00, {{112.0, 1004.3}, {80.0, 123.3}}, label: 'Emplacement de carte vide'
                                    Image, 0x10ea17d40, {{112.0, 1004.3}, {80.0, 123.3}}
                                    Image, 0x10ea17e80, {{112.0, 1004.3}, {80.0, 123.3}}
                                    Image, 0x10ea1c000, {{112.0, 1004.3}, {80.0, 123.3}}
                                    Image, 0x10ea1c140, {{112.0, 1004.3}, {80.0, 123.3}}
                                  Button, 0x10ea1c280, {{204.0, 1004.3}, {80.0, 123.3}}, label: 'Emplacement de carte vide'
                                    Image, 0x10ea1c3c0, {{204.0, 1004.3}, {80.0, 123.3}}
                                    Image, 0x10ea1c500, {{204.0, 1004.3}, {80.0, 123.3}}
                                    Image, 0x10ea1c640, {{204.0, 1004.3}, {80.0, 123.3}}
                                    Image, 0x10ea1c780, {{204.0, 1004.3}, {80.0, 123.3}}
                                  Button, 0x10ea1c8c0, {{296.0, 1004.3}, {80.0, 123.3}}, label: 'Emplacement de carte vide'
                                    Image, 0x10ea1ca00, {{296.0, 1004.3}, {80.0, 123.3}}
                                    Image, 0x10ea1cb40, {{296.0, 1004.3}, {80.0, 123.3}}
                                    Image, 0x10ea1cc80, {{296.0, 1004.3}, {80.0, 123.3}}
                                    Image, 0x10ea1cdc0, {{296.0, 1004.3}, {80.0, 123.3}}
                                  Button, 0x10ea1cf00, {{388.0, 1004.3}, {80.0, 123.3}}, label: 'Emplacement de carte vide'
                                    Image, 0x10ea1d040, {{388.0, 1004.3}, {80.0, 123.3}}
                                    Image, 0x10ea1d180, {{388.0, 1004.3}, {80.0, 123.3}}
                                    Image, 0x10ea1d2c0, {{388.0, 1004.3}, {80.0, 123.3}}
                                    Image, 0x10ea1d400, {{388.0, 1004.3}, {80.0, 123.3}}
                                  Button, 0x10ea1d540, {{480.0, 1004.3}, {80.0, 123.3}}, label: 'Emplacement de carte vide'
                                    Image, 0x10ea1d680, {{480.0, 1004.3}, {80.0, 123.3}}
                                    Image, 0x10ea1d7c0, {{480.0, 1004.3}, {80.0, 123.3}}
                                    Image, 0x10ea1d900, {{480.0, 1004.3}, {80.0, 123.3}}
                                    Image, 0x10ea1da40, {{480.0, 1004.3}, {80.0, 123.3}}
                            Other, 0x10ea1db80, {{0.0, 0.0}, {0.0, 0.0}}, label: '0 page', value: 0 %
                              Other, 0x10ea1dcc0, {{387.0, 58.0}, {3.0, 489.0}}
                            Other, 0x10ea1de00, {{0.0, 0.0}, {0.0, 0.0}}, label: '0 page', value: 0 %
                              Other, 0x10ea1df40, {{387.0, 58.0}, {3.0, 489.0}}
                          StaticText, 0x10ea1e080, {{175.3, 79.7}, {42.3, 20.7}}, label: 'Profil'
                          Button, 0x10ea1e1c0, {{20.0, 63.0}, {44.0, 44.0}}, label: 'Retour'
                            Image, 0x10ea1e300, {{20.0, 63.0}, {44.0, 44.0}}, identifier: 'chevron.left', label: 'Retour'
                            Image, 0x10ea1e440, {{37.0, 78.3}, {7.7, 13.3}}, identifier: 'chevron.left', label: 'Retour'
                          Button, 0x10ea1e580, {{329.0, 63.0}, {44.0, 44.0}}, label: 'Réglages'
                            Image, 0x10ea1e6c0, {{329.0, 63.0}, {44.0, 44.0}}, identifier: 'gearshape', label: 'gearshape'
                            Image, 0x10ea1e800, {{343.0, 77.0}, {16.3, 16.3}}, identifier: 'gearshape', label: 'gearshape'
                          Other, 0x10ea1e940, {{-129.3, 467.4}, {652.0, 771.1}}
                            Other, 0x10ea1ea80, {{-129.3, 467.4}, {652.0, 771.1}}
                              Other, 0x10ea1ebc0, {{87.0, 698.2}, {220.9, 321.5}}
                                Other, 0x10ea1ed00, {{87.0, 698.2}, {220.9, 321.5}}, identifier: 'berceau'
                                  Other, 0x10ea1ee40, {{87.0, 698.2}, {220.9, 321.5}}
                                    Other, 0x10ea1ef80, {{87.0, 698.2}, {220.9, 321.5}}, identifier: 'corps'
                                    Other, 0x10ea1f0c0, {{87.0, 698.2}, {220.9, 321.5}}, identifier: 'bande'
                                    Other, 0x10ea1f200, {{87.0, 698.2}, {220.9, 321.5}}, identifier: 'lune'
                                    Other, 0x10ea1f340, {{87.0, 698.2}, {220.9, 321.5}}, identifier: 'carte'
                                      Other, 0x10ea1f480, {{117.1, 743.5}, {163.6, 251.1}}
                                    Other, 0x10ea1f5c0, {{87.0, 698.2}, {220.9, 321.5}}, identifier: 'poudre'
                                      Other, 0x10ea1f700, {{87.0, 698.2}, {220.9, 321.5}}
                                Other, 0x10ea1f840, {{87.0, 698.2}, {220.9, 321.5}}
                                  Other, 0x10ea1f980, {{86.2, 692.2}, {220.9, 321.5}}
                                  Other, 0x10ea1fac0, {{86.2, 692.2}, {220.9, 321.5}}
                                Other, 0x10ea1fc00, {{87.0, 698.2}, {220.9, 321.5}}
                                  Other, 0x10ea1fd40, {{86.2, 692.2}, {220.9, 321.5}}
                                  Other, 0x10ea1fe80, {{86.2, 692.2}, {220.9, 321.5}}
                                Other, 0x10ea2c000, {{87.0, 698.2}, {220.9, 321.5}}
                                  Other, 0x10ea2c140, {{86.2, 692.2}, {220.9, 321.5}}
                                  Other, 0x10ea2c280, {{86.2, 692.2}, {220.9, 321.5}}
                                Other, 0x10ea2c3c0, {{87.0, 698.2}, {220.9, 321.5}}
                                  Other, 0x10ea2c500, {{86.2, 692.2}, {220.9, 321.5}}
                                  Other, 0x10ea2c640, {{86.2, 692.2}, {220.9, 321.5}}
                                Other, 0x10ea2c780, {{87.0, 698.2}, {220.9, 321.5}}
                                  Other, 0x10ea2c8c0, {{86.2, 692.2}, {220.9, 321.5}}
                                  Other, 0x10ea2ca00, {{86.2, 692.2}, {220.9, 321.5}}
                                Other, 0x10ea2cb40, {{87.0, 698.2}, {220.9, 321.5}}
                                  Other, 0x10ea2cc80, {{86.2, 692.2}, {220.9, 321.5}}
                                  Other, 0x10ea2cdc0, {{86.2, 692.2}, {220.9, 321.5}}
                                Other, 0x10ea2cf00, {{87.0, 698.2}, {220.9, 321.5}}
                                  Other, 0x10ea2d040, {{86.2, 692.2}, {220.9, 321.5}}
                                  Other, 0x10ea2d180, {{86.2, 692.2}, {220.9, 321.5}}
                                Other, 0x10ea2d2c0, {{87.0, 698.2}, {220.9, 321.5}}
                                  Other, 0x10ea2d400, {{86.2, 692.2}, {220.9, 321.5}}
                                  Other, 0x10ea2d540, {{86.2, 692.2}, {220.9, 321.5}}
                                Other, 0x10ea2d680, {{87.0, 698.2}, {220.9, 321.5}}
                                  Other, 0x10ea2d7c0, {{86.2, 692.2}, {220.9, 321.5}}
                                  Other, 0x10ea2d900, {{86.2, 692.2}, {220.9, 321.5}}
                                Other, 0x10ea2da40, {{87.0, 698.2}, {220.9, 321.5}}
                                  Other, 0x10ea2db80, {{86.2, 692.2}, {220.9, 321.5}}
                                  Other, 0x10ea2dcc0, {{86.2, 692.2}, {220.9, 321.5}}
                                Other, 0x10ea2de00, {{87.0, 698.2}, {220.9, 321.5}}
                                  Other, 0x10ea2df40, {{-1971.0, 868.2}, {4459.5, 739.8}}
                                Other, 0x10ea2e080, {{87.0, 698.2}, {220.9, 321.5}}
                                Other, 0x10ea2e1c0, {{87.0, 698.2}, {220.9, 321.5}}
                                Other, 0x10ea2e300, {{87.0, 698.2}, {220.9, 321.5}}
                          Image, 0x10ea2e440, {{190.0, 651.7}, {13.0, 7.7}}, identifier: 'chevron.up', label: 'Monter'
                          Image, 0x10ea2e580, {{190.0, 657.0}, {13.0, 7.7}}, identifier: 'chevron.up', label: 'Monter'
                Other, 0x10ea2e6c0, {{0.0, 769.0}, {393.0, 83.0}}
                  Other, 0x10ea2e800, {{0.0, 0.0}, {393.0, 852.0}}
                  Other, 0x10ea2e940, {{0.0, 769.0}, {393.0, 83.0}}
    Window, 0x10ea2ea80, {{0.0, 0.0}, {393.0, 852.0}}
      Other, 0x10ea2ebc0, {{0.0, 0.0}, {393.0, 852.0}}
        Other, 0x10ea2ed00, {{0.0, 0.0}, {393.0, 852.0}}
Path to element:
 →Application, 0x10acb7ac0, pid: 47629, label: 'Nosfy'
Query chain:
 →Find: Application 'fr.kathryn.woop'
  Output: {
    Application, 0x10ea2ee40, pid: 47629, label: 'Nosfy'
  }

PROFIL_PRET
THERMIQUE 5s: 0
THERMIQUE 10s: 0
THERMIQUE 15s: 0
THERMIQUE 20s: 0
THERMIQUE 25s: 0
THERMIQUE 30s: 0
THERMIQUE 35s: 0
THERMIQUE 40s: 0
THERMIQUE 45s: 0
    t =    46.60s Pressing Home button
    t =    46.60s     Device orientation changed to Face Up
    t =    47.06s Tear Down
2026-09-18 09:54:36.546 xcodebuild[40769:18604570] [MT] IDERunDestination: Supported platforms for the buildables in the current scheme is empty.
Test Case '-[NavRuntimeUITests.NavRuntimeUITests testRepriseObservee]' passed (47.333 seconds).
Test Suite 'NavRuntimeUITests' passed at 2026-09-18 09:54:36.735.
	 Executed 1 test, with 0 failures (0 unexpected) in 47.333 (47.335) seconds
Test Suite 'NavRuntimeUITests.xctest' passed at 2026-09-18 09:54:36.737.
	 Executed 1 test, with 0 failures (0 unexpected) in 47.333 (47.337) seconds
Test Suite 'All tests' passed at 2026-09-18 09:54:36.739.
	 Executed 1 test, with 0 failures (0 unexpected) in 47.333 (47.340) seconds
2026-09-18 09:54:37.091 xcodebuild[40769:18604570] [MT] IDETestOperationsObserverDebug: 70.038 elapsed -- Testing started completed.
2026-09-18 09:54:37.091 xcodebuild[40769:18604570] [MT] IDETestOperationsObserverDebug: 0.000 sec, +0.000 sec -- start
2026-09-18 09:54:37.091 xcodebuild[40769:18604570] [MT] IDETestOperationsObserverDebug: 70.038 sec, +70.038 sec -- end

Test session results, code coverage, and logs:
	/tmp/nosfy-chauffe75-reprise.xcresult

** TEST EXECUTE SUCCEEDED **

Testing started
