Command line invocation:
    /Applications/Xcode.app/Contents/Developer/usr/bin/xcodebuild test-without-building -xctestrun /tmp/woop-ile47-runtime/dd/Build/Products/NavRuntimeUITests_iphoneos26.5-arm64.xctestrun -destination platform=iOS,id=00008120-001E4CDC0A85A01E "-only-testing:NavRuntimeUITests/NavRuntimeUITests/testIleNativeSurSeanceExistante" -resultBundlePath /tmp/woop-ile47-session-active.xcresult -parallel-testing-enabled NO

2026-09-16 16:11:13.523 xcodebuild[83003:16211739] [MT] IDERunDestination: Supported platforms for the buildables in the current scheme is empty.
Writing result bundle at path:
	/tmp/woop-ile47-session-active.xcresult

2026-09-16 16:11:13.545 xcodebuild[83003:16211739] [MT] IDERunDestination: Supported platforms for the buildables in the current scheme is empty.
2026-09-16 16:11:13.621 xcodebuild[83003:16211739] [MT] IDERunDestination: Supported platforms for the buildables in the current scheme is empty.
2026-09-16 16:11:13.789 xcodebuild[83003:16211739] [MT] IDERunDestination: Supported platforms for the buildables in the current scheme is empty.
--- xcodebuild: WARNING: Using the first of multiple matching destinations:
{ platform:iOS, arch:arm64e, id:00008120-001E4CDC0A85A01E, name:iPhone de Frédéric }
{ platform:iOS, arch:arm64, id:00008120-001E4CDC0A85A01E, name:iPhone de Frédéric }
2026-09-16 16:11:17.640 xcodebuild[83003:16211739] [MT] IDERunDestination: Supported platforms for the buildables in the current scheme is empty.
2026-09-16 16:11:17.812 xcodebuild[83003:16211739] [MT] IDERunDestination: Supported platforms for the buildables in the current scheme is empty.
2026-09-16 16:11:25.165330+0200 NavRuntimeUITests-Runner[32684:2516264] [Default] Running tests...
    t =      nans Interface orientation changed to Portrait
Test Suite 'Selected tests' started at 2026-09-16 16:11:28.236.
Test Suite 'NavRuntimeUITests.xctest' started at 2026-09-16 16:11:28.236.
Test Suite 'NavRuntimeUITests' started at 2026-09-16 16:11:28.236.
Test Case '-[NavRuntimeUITests.NavRuntimeUITests testIleNativeSurSeanceExistante]' started.
    t =     0.00s Start Test at 2026-09-16 16:11:28.237
    t =     0.05s Set Up
    t =     0.20s Open fr.kathryn.woop
    t =     0.20s     Activate fr.kathryn.woop
    t =     0.25s         Wait for fr.kathryn.woop to idle
    t =     0.43s Waiting 3.0s for "Later" Button to exist
2026-09-16 16:11:29.073 xcodebuild[83003:16211739] [MT] IDERunDestination: Supported platforms for the buildables in the current scheme is empty.
    t =     1.45s     Checking `Expect predicate `existsNoRetry == 1` for object "Later" Button`
    t =     1.45s         Checking existence of `"Later" Button`
    t =     1.53s         Capturing element debug description
    t =     2.45s     Checking `Expect predicate `existsNoRetry == 1` for object "Later" Button`
    t =     2.45s         Checking existence of `"Later" Button`
    t =     2.51s         Capturing element debug description
    t =     3.44s     Checking `Expect predicate `existsNoRetry == 1` for object "Later" Button`
    t =     3.44s         Checking existence of `"Later" Button`
    t =     3.49s         Capturing element debug description
    t =     3.49s     Checking existence of `"Later" Button`
    t =     3.53s Collecting debug information to assist test failure triage
    t =     3.53s     Requesting snapshot of accessibility hierarchy for app with pid 32446
    t =     6.62s Find the Application 'fr.kathryn.woop'
    t =     6.94s Added attachment named 'physique47-home-avant'
    t =     6.94s Requesting snapshot of accessibility hierarchy for app with pid 32446
    t =     7.30s Requesting snapshot of accessibility hierarchy for app with pid 32446
    t =     7.39s Added attachment named 'physique47-home-avant-arbre'
    t =     7.39s Pressing Home button
    t =     7.97s Waiting 10.0s for Any (First Match) to exist
    t =     8.99s     Checking `Expect predicate `existsNoRetry == 1` for object Any (First Match)`
    t =     8.99s         Checking existence of `Any (First Match)`
    t =     9.28s Ignoring failure to get hierarchy for remote element in process 28700 (Error getting main window kAXErrorServerNotFound)
    t =     9.32s Ignoring failure to get hierarchy for remote element in process 28700 (Error getting main window kAXErrorServerNotFound)
    t =     9.35s         Capturing element debug description
    t =    10.06s     Checking `Expect predicate `existsNoRetry == 1` for object Any (First Match)`
    t =    10.06s         Checking existence of `Any (First Match)`
    t =    10.20s Ignoring failure to get hierarchy for remote element in process 28700 (Error getting main window kAXErrorServerNotFound)
    t =    10.22s Ignoring failure to get hierarchy for remote element in process 28700 (Error getting main window kAXErrorServerNotFound)
    t =    10.24s         Capturing element debug description
    t =    10.98s     Checking `Expect predicate `existsNoRetry == 1` for object Any (First Match)`
    t =    10.98s         Checking existence of `Any (First Match)`
    t =    11.22s Ignoring failure to get hierarchy for remote element in process 28700 (Error getting main window kAXErrorServerNotFound)
    t =    11.23s Ignoring failure to get hierarchy for remote element in process 30864 (Error getting main window kAXErrorInvalidUIElement)
    t =    11.23s Ignoring failure to get hierarchy for remote element in process 28700 (Error getting main window kAXErrorServerNotFound)
    t =    11.23s Ignoring failure to get hierarchy for remote element in process 30864 (Error getting main window kAXErrorInvalidUIElement)
    t =    11.26s         Capturing element debug description
    t =    11.98s     Checking `Expect predicate `existsNoRetry == 1` for object Any (First Match)`
    t =    11.98s         Checking existence of `Any (First Match)`
    t =    12.09s Ignoring failure to get hierarchy for remote element in process 28700 (Error getting main window kAXErrorServerNotFound)
    t =    12.09s Ignoring failure to get hierarchy for remote element in process 28700 (Error getting main window kAXErrorServerNotFound)
    t =    12.11s         Capturing element debug description
    t =    13.04s     Checking `Expect predicate `existsNoRetry == 1` for object Any (First Match)`
    t =    13.04s         Checking existence of `Any (First Match)`
    t =    13.14s Ignoring failure to get hierarchy for remote element in process 28700 (Error getting main window kAXErrorServerNotFound)
    t =    13.15s Ignoring failure to get hierarchy for remote element in process 28700 (Error getting main window kAXErrorServerNotFound)
    t =    13.16s         Capturing element debug description
    t =    13.98s     Checking `Expect predicate `existsNoRetry == 1` for object Any (First Match)`
    t =    13.99s         Checking existence of `Any (First Match)`
    t =    14.09s Ignoring failure to get hierarchy for remote element in process 28700 (Error getting main window kAXErrorServerNotFound)
    t =    14.10s Ignoring failure to get hierarchy for remote element in process 28700 (Error getting main window kAXErrorServerNotFound)
    t =    14.11s         Capturing element debug description
    t =    15.03s     Checking `Expect predicate `existsNoRetry == 1` for object Any (First Match)`
    t =    15.03s         Checking existence of `Any (First Match)`
    t =    15.16s Ignoring failure to get hierarchy for remote element in process 28700 (Error getting main window kAXErrorServerNotFound)
    t =    15.16s Ignoring failure to get hierarchy for remote element in process 28700 (Error getting main window kAXErrorServerNotFound)
    t =    15.17s         Capturing element debug description
    t =    15.98s     Checking `Expect predicate `existsNoRetry == 1` for object Any (First Match)`
    t =    15.98s         Checking existence of `Any (First Match)`
    t =    16.09s             Device orientation changed to Face Up
    t =    16.21s Ignoring failure to get hierarchy for remote element in process 28700 (Error getting main window kAXErrorServerNotFound)
    t =    16.22s Ignoring failure to get hierarchy for remote element in process 28700 (Error getting main window kAXErrorServerNotFound)
    t =    16.22s         Capturing element debug description
    t =    17.04s     Checking `Expect predicate `existsNoRetry == 1` for object Any (First Match)`
    t =    17.05s         Checking existence of `Any (First Match)`
    t =    17.23s Ignoring failure to get hierarchy for remote element in process 28700 (Error getting main window kAXErrorServerNotFound)
    t =    17.23s Ignoring failure to get hierarchy for remote element in process 28700 (Error getting main window kAXErrorServerNotFound)
    t =    17.24s         Capturing element debug description
    t =    17.98s     Checking `Expect predicate `existsNoRetry == 1` for object Any (First Match)`
    t =    17.98s         Checking existence of `Any (First Match)`
    t =    18.23s         Capturing element debug description
    t =    18.23s     Checking existence of `Any (First Match)`
    t =    18.71s Ignoring failure to get hierarchy for remote element in process 28700 (Error getting main window kAXErrorServerNotFound)
    t =    18.71s Ignoring failure to get hierarchy for remote element in process 28700 (Error getting main window kAXErrorServerNotFound)
    t =    18.72s Collecting debug information to assist test failure triage
    t =    18.72s     Requesting snapshot of accessibility hierarchy for app with pid 35
    t =    18.85s Find the Application 'com.apple.springboard'
    t =    18.90s Ignoring failure to get hierarchy for remote element in process 28700 (Error getting main window kAXErrorServerNotFound)
    t =    18.90s Ignoring failure to get hierarchy for remote element in process 28700 (Error getting main window kAXErrorServerNotFound)
    t =    19.27s Added attachment named 'physique47-compacte'
    t =    19.27s Requesting snapshot of accessibility hierarchy for app with pid 35
    t =    19.82s Requesting snapshot of accessibility hierarchy for app with pid 35
    t =    19.91s Added attachment named 'physique47-compacte-arbre'
    t =    19.91s Open fr.kathryn.woop
    t =    19.91s     Activate fr.kathryn.woop
    t =    19.96s         Wait for fr.kathryn.woop to idle
/tmp/woop-ile47-runtime/NavRuntimeUITests.swift:31: -[NavRuntimeUITests.NavRuntimeUITests testIleNativeSurSeanceExistante] : Test skipped - Aucune activité native visible ; aucune séance créée par le banc.
    t =    19.97s Tear Down
2026-09-16 16:11:48.537 xcodebuild[83003:16211739] [MT] IDERunDestination: Supported platforms for the buildables in the current scheme is empty.
Test Case '-[NavRuntimeUITests.NavRuntimeUITests testIleNativeSurSeanceExistante]' skipped (20.302 seconds).
Test Suite 'NavRuntimeUITests' passed at 2026-09-16 16:11:48.556.
	 Executed 1 test, with 1 test skipped and 0 failures (0 unexpected) in 20.302 (20.320) seconds
Test Suite 'NavRuntimeUITests.xctest' passed at 2026-09-16 16:11:48.557.
	 Executed 1 test, with 1 test skipped and 0 failures (0 unexpected) in 20.302 (20.321) seconds
Test Suite 'Selected tests' passed at 2026-09-16 16:11:48.563.
	 Executed 1 test, with 1 test skipped and 0 failures (0 unexpected) in 20.302 (20.328) seconds
2026-09-16 16:11:49.147 xcodebuild[83003:16211739] [MT] IDETestOperationsObserverDebug: 31.299 elapsed -- Testing started completed.
2026-09-16 16:11:49.147 xcodebuild[83003:16211739] [MT] IDETestOperationsObserverDebug: 0.000 sec, +0.000 sec -- start
2026-09-16 16:11:49.147 xcodebuild[83003:16211739] [MT] IDETestOperationsObserverDebug: 31.299 sec, +31.299 sec -- end

Test session results, code coverage, and logs:
	/tmp/woop-ile47-session-active.xcresult

** TEST EXECUTE SUCCEEDED **

Testing started
