Command line invocation:
    /Applications/Xcode.app/Contents/Developer/usr/bin/xcodebuild test-without-building -xctestrun /tmp/woop-ile47-runtime/dd/Build/Products/NavRuntimeUITests_iphoneos26.5-arm64.xctestrun -destination platform=iOS,id=00008120-001E4CDC0A85A01E "-only-testing:NavRuntimeUITests/NavRuntimeUITests/testCaptureNormale" -resultBundlePath /tmp/woop-ile47-normale.xcresult -parallel-testing-enabled NO

2026-09-16 15:46:46.979 xcodebuild[77847:16154490] [MT] IDERunDestination: Supported platforms for the buildables in the current scheme is empty.
Writing result bundle at path:
	/tmp/woop-ile47-normale.xcresult

2026-09-16 15:46:47.054 xcodebuild[77847:16154490] [MT] IDERunDestination: Supported platforms for the buildables in the current scheme is empty.
2026-09-16 15:46:47.082 xcodebuild[77847:16154490] [MT] IDERunDestination: Supported platforms for the buildables in the current scheme is empty.
2026-09-16 15:46:47.213 xcodebuild[77847:16154490] [MT] IDERunDestination: Supported platforms for the buildables in the current scheme is empty.
2026-09-16 15:46:47.382 xcodebuild[77847:16154490] [MT] IDERunDestination: Supported platforms for the buildables in the current scheme is empty.
2026-09-16 15:46:47.553 xcodebuild[77847:16154490] [MT] IDERunDestination: Supported platforms for the buildables in the current scheme is empty.
--- xcodebuild: WARNING: Using the first of multiple matching destinations:
{ platform:iOS, arch:arm64e, id:00008120-001E4CDC0A85A01E, name:iPhone de Frédéric }
{ platform:iOS, arch:arm64, id:00008120-001E4CDC0A85A01E, name:iPhone de Frédéric }
2026-09-16 15:46:49.728 xcodebuild[77847:16154490] [MT] IDERunDestination: Supported platforms for the buildables in the current scheme is empty.
2026-09-16 15:46:52.305739+0200 NavRuntimeUITests-Runner[32454:2501006] [Default] Running tests...
    t =      nans Interface orientation changed to Portrait
Test Suite 'Selected tests' started at 2026-09-16 15:46:52.685.
Test Suite 'NavRuntimeUITests.xctest' started at 2026-09-16 15:46:52.686.
Test Suite 'NavRuntimeUITests' started at 2026-09-16 15:46:52.686.
Test Case '-[NavRuntimeUITests.NavRuntimeUITests testCaptureNormale]' started.
    t =     0.00s Start Test at 2026-09-16 15:46:52.686
    t =     0.01s Set Up
    t =     0.02s Open fr.kathryn.woop
    t =     0.02s     Activate fr.kathryn.woop
    t =     0.05s         Wait for fr.kathryn.woop to idle
2026-09-16 15:46:52.892 xcodebuild[77847:16154490] [MT] IDERunDestination: Supported platforms for the buildables in the current scheme is empty.
    t =     3.07s Find the Application 'fr.kathryn.woop'
    t =     3.33s Added attachment named 'physique47-normale'
    t =     3.33s Requesting snapshot of accessibility hierarchy for app with pid 32446
    t =     3.50s Requesting snapshot of accessibility hierarchy for app with pid 32446
    t =     3.56s Added attachment named 'physique47-normale-arbre'
    t =     3.56s Tear Down
Test Case '-[NavRuntimeUITests.NavRuntimeUITests testCaptureNormale]' passed (3.592 seconds).
Test Suite 'NavRuntimeUITests' passed at 2026-09-16 15:46:56.280.
	 Executed 1 test, with 0 failures (0 unexpected) in 3.592 (3.594) seconds
Test Suite 'NavRuntimeUITests.xctest' passed at 2026-09-16 15:46:56.281.
	 Executed 1 test, with 0 failures (0 unexpected) in 3.592 (3.595) seconds
Test Suite 'Selected tests' passed at 2026-09-16 15:46:56.281.
	 Executed 1 test, with 0 failures (0 unexpected) in 3.592 (3.596) seconds
2026-09-16 15:46:56.428 xcodebuild[77847:16154490] [MT] IDERunDestination: Supported platforms for the buildables in the current scheme is empty.
2026-09-16 15:46:56.594 xcodebuild[77847:16154490] [MT] IDETestOperationsObserverDebug: 6.854 elapsed -- Testing started completed.
2026-09-16 15:46:56.594 xcodebuild[77847:16154490] [MT] IDETestOperationsObserverDebug: 0.000 sec, +0.000 sec -- start
2026-09-16 15:46:56.594 xcodebuild[77847:16154490] [MT] IDETestOperationsObserverDebug: 6.854 sec, +6.854 sec -- end

Test session results, code coverage, and logs:
	/tmp/woop-ile47-normale.xcresult

** TEST EXECUTE SUCCEEDED **

Testing started
