Command line invocation:
    /Applications/Xcode.app/Contents/Developer/usr/bin/xcodebuild test-without-building -xctestrun /private/tmp/woop-nav-runtime-qa/dd/Build/Products/NavRuntimeUITests_iphoneos26.5-arm64.xctestrun "-only-testing:NavRuntimeUITests/NavRuntimeUITests/testRetourPullEtChapitre" -destination platform=iOS,id=00008120-001E4CDC0A85A01E -destination-timeout 15 -parallel-testing-enabled NO -maximum-concurrent-test-device-destinations 1 -resultBundlePath /private/tmp/woop-pull31/pull-chapitre.xcresult

2026-09-15 22:37:30.670 xcodebuild[70460:14888387] [MT] IDERunDestination: Supported platforms for the buildables in the current scheme is empty.
Writing result bundle at path:
	/private/tmp/woop-pull31/pull-chapitre.xcresult

2026-09-15 22:37:30.671 xcodebuild[70460:14888387] [MT] IDERunDestination: Supported platforms for the buildables in the current scheme is empty.
--- xcodebuild: WARNING: Using the first of multiple matching destinations:
{ platform:iOS, arch:arm64e, id:00008120-001E4CDC0A85A01E, name:iPhone de Frédéric }
{ platform:iOS, arch:arm64, id:00008120-001E4CDC0A85A01E, name:iPhone de Frédéric }
2026-09-15 22:37:31.331 xcodebuild[70460:14888387] [MT] IDERunDestination: Supported platforms for the buildables in the current scheme is empty.
2026-09-15 22:37:31.448 xcodebuild[70460:14888387] [MT] IDERunDestination: Supported platforms for the buildables in the current scheme is empty.
2026-09-15 22:37:33.694830+0200 NavRuntimeUITests-Runner[26272:2037110] [Default] Running tests...
    t =      nans Interface orientation changed to Portrait
Test Suite 'Selected tests' started at 2026-09-15 22:37:34.080.
Test Suite 'NavRuntimeUITests.xctest' started at 2026-09-15 22:37:34.081.
Test Suite 'NavRuntimeUITests' started at 2026-09-15 22:37:34.081.
Test Case '-[NavRuntimeUITests.NavRuntimeUITests testRetourPullEtChapitre]' started.
    t =     0.00s Start Test at 2026-09-15 22:37:34.083
    t =     0.02s Set Up
    t =     0.02s Open fr.kathryn.woop
    t =     0.02s     Activate fr.kathryn.woop
    t =     0.05s         Wait for fr.kathryn.woop to idle
    t =     0.07s Checking existence of `"Later" Button`
    t =     0.16s Waiting 5.0s for "pull to start" StaticText to exist
2026-09-15 22:37:34.072 xcodebuild[70460:14888387] [MT] IDERunDestination: Supported platforms for the buildables in the current scheme is empty.
    t =     1.16s     Checking `Expect predicate `existsNoRetry == 1` for object "pull to start" StaticText`
    t =     1.17s         Checking existence of `"pull to start" StaticText`
    t =     1.23s Find the Application 'fr.kathryn.woop'
    t =     1.81s Find the Application 'fr.kathryn.woop'
    t =     2.42s Find the Application 'fr.kathryn.woop'
    t =     3.04s Find the Application 'fr.kathryn.woop'
    t =     3.63s Find the Application 'fr.kathryn.woop'
    t =     4.22s Find the Application 'fr.kathryn.woop'
    t =     4.87s Find the Application 'fr.kathryn.woop'
    t =     5.54s Find the Application 'fr.kathryn.woop'
    t =     6.32s Find the Application 'fr.kathryn.woop'
    t =     7.04s Find the Application 'fr.kathryn.woop'
    t =     7.65s Find the Application 'fr.kathryn.woop'
    t =     8.26s Find the Application 'fr.kathryn.woop'
    t =     8.86s Find the "pull to start" StaticText
    t =     8.95s Tap "pull to start" StaticText
    t =     8.95s     Wait for fr.kathryn.woop to idle
    t =     8.96s     Find the "pull to start" StaticText
    t =     8.99s     Check for interrupting elements affecting "pull to start" StaticText
    t =     9.02s     Synthesize event
    t =     9.31s     Wait for fr.kathryn.woop to idle
    t =    11.53s Find the Application 'fr.kathryn.woop'
    t =    11.72s Press Application 'fr.kathryn.woop'[0.50, 0.23] for 0.1 seconds, then drag to Application 'fr.kathryn.woop'[0.50, 0.53] with velocity of 250.00 pixels per second, and then hold for 0.0 seconds 
    t =    11.72s     Wait for fr.kathryn.woop to idle
    t =    11.73s     Find the Application 'fr.kathryn.woop'
    t =    11.75s     Check for interrupting elements affecting "Woop" Application
    t =    11.77s     Synthesize event
    t =    11.77s         Find the Application 'fr.kathryn.woop'
    t =    11.79s         Find the Application 'fr.kathryn.woop'
    t =    11.80s         Find the Application 'fr.kathryn.woop'
    t =    11.81s         Find the Application 'fr.kathryn.woop'
    t =    11.83s         Find the Application 'fr.kathryn.woop'
    t =    13.17s     Wait for fr.kathryn.woop to idle
    t =    14.59s Waiting 5.0s for "pull to start" StaticText to exist
    t =    15.62s     Checking `Expect predicate `existsNoRetry == 1` for object "pull to start" StaticText`
    t =    15.62s         Checking existence of `"pull to start" StaticText`
    t =    15.67s Find the "pull to start" StaticText
    t =    15.72s Find the Application 'fr.kathryn.woop'
    t =    15.98s Find the "pull to start" StaticText
    t =    16.03s Tap "pull to start" StaticText
    t =    16.03s     Wait for fr.kathryn.woop to idle
    t =    16.03s     Find the "pull to start" StaticText
    t =    16.05s     Check for interrupting elements affecting "pull to start" StaticText
    t =    16.08s     Synthesize event
    t =    16.36s     Wait for fr.kathryn.woop to idle
    t =    18.57s Find the Application 'fr.kathryn.woop'
    t =    18.78s Press Application 'fr.kathryn.woop'[0.50, 0.23] for 0.1 seconds, then drag to Application 'fr.kathryn.woop'[0.50, 0.53] with velocity of 250.00 pixels per second, and then hold for 0.0 seconds 
    t =    18.78s     Wait for fr.kathryn.woop to idle
    t =    18.78s     Find the Application 'fr.kathryn.woop'
    t =    18.81s     Check for interrupting elements affecting "Woop" Application
    t =    18.83s     Synthesize event
    t =    18.84s         Find the Application 'fr.kathryn.woop'
    t =    18.85s         Find the Application 'fr.kathryn.woop'
    t =    18.86s         Find the Application 'fr.kathryn.woop'
    t =    18.88s         Find the Application 'fr.kathryn.woop'
    t =    18.90s         Find the Application 'fr.kathryn.woop'
    t =    20.24s     Wait for fr.kathryn.woop to idle
    t =    21.68s Waiting 5.0s for "pull to start" StaticText to exist
    t =    22.72s     Checking `Expect predicate `existsNoRetry == 1` for object "pull to start" StaticText`
    t =    22.72s         Checking existence of `"pull to start" StaticText`
    t =    22.77s Find the "pull to start" StaticText
    t =    22.93s Find the Application 'fr.kathryn.woop'
    t =    23.19s Find the "pull to start" StaticText
    t =    23.24s Tap "pull to start" StaticText
    t =    23.24s     Wait for fr.kathryn.woop to idle
    t =    23.24s     Find the "pull to start" StaticText
    t =    23.26s     Check for interrupting elements affecting "pull to start" StaticText
    t =    23.29s     Synthesize event
    t =    23.58s     Wait for fr.kathryn.woop to idle
    t =    25.79s Find the Application 'fr.kathryn.woop'
    t =    26.00s Press Application 'fr.kathryn.woop'[0.50, 0.23] for 0.1 seconds, then drag to Application 'fr.kathryn.woop'[0.50, 0.53] with velocity of 250.00 pixels per second, and then hold for 0.0 seconds 
    t =    26.00s     Wait for fr.kathryn.woop to idle
    t =    26.00s     Find the Application 'fr.kathryn.woop'
    t =    26.03s     Check for interrupting elements affecting "Woop" Application
    t =    26.06s     Synthesize event
    t =    26.06s         Find the Application 'fr.kathryn.woop'
    t =    26.07s         Find the Application 'fr.kathryn.woop'
    t =    26.09s         Find the Application 'fr.kathryn.woop'
    t =    26.10s         Find the Application 'fr.kathryn.woop'
    t =    26.12s         Find the Application 'fr.kathryn.woop'
    t =    27.47s     Wait for fr.kathryn.woop to idle
    t =    28.90s Waiting 5.0s for "pull to start" StaticText to exist
    t =    29.94s     Checking `Expect predicate `existsNoRetry == 1` for object "pull to start" StaticText`
    t =    29.94s         Checking existence of `"pull to start" StaticText`
    t =    29.99s Find the "pull to start" StaticText
    t =    30.04s Find the Application 'fr.kathryn.woop'
    t =    30.41s Tap "person" Button
    t =    30.41s     Wait for fr.kathryn.woop to idle
    t =    30.41s     Find the "person" Button
    t =    30.45s     Check for interrupting elements affecting "person" Button
    t =    30.48s     Synthesize event
    t =    30.75s     Wait for fr.kathryn.woop to idle
    t =    31.73s Waiting 5.0s for "Réglages" Button to exist
    t =    32.76s     Checking `Expect predicate `existsNoRetry == 1` for object "Réglages" Button`
    t =    32.76s         Checking existence of `"Réglages" Button`
    t =    32.86s Tap "Retour" Button
    t =    32.86s     Wait for fr.kathryn.woop to idle
    t =    32.87s     Find the "Retour" Button
    t =    32.92s     Check for interrupting elements affecting "Retour" Button
    t =    32.97s     Synthesize event
    t =    33.27s     Wait for fr.kathryn.woop to idle
    t =    34.13s Waiting 5.0s for "pull to start" StaticText to exist
    t =    35.15s     Checking `Expect predicate `existsNoRetry == 1` for object "pull to start" StaticText`
    t =    35.16s         Checking existence of `"pull to start" StaticText`
WOOP_RETOURS_PULL_CHAPITRE_OK
    t =    35.22s Tear Down
2026-09-15 22:38:09.277 xcodebuild[70460:14888387] [MT] IDERunDestination: Supported platforms for the buildables in the current scheme is empty.
Test Case '-[NavRuntimeUITests.NavRuntimeUITests testRetourPullEtChapitre]' passed (35.475 seconds).
Test Suite 'NavRuntimeUITests' passed at 2026-09-15 22:38:09.562.
	 Executed 1 test, with 0 failures (0 unexpected) in 35.475 (35.481) seconds
Test Suite 'NavRuntimeUITests.xctest' passed at 2026-09-15 22:38:09.564.
	 Executed 1 test, with 0 failures (0 unexpected) in 35.475 (35.483) seconds
Test Suite 'Selected tests' passed at 2026-09-15 22:38:09.566.
	 Executed 1 test, with 0 failures (0 unexpected) in 35.475 (35.485) seconds
2026-09-15 22:38:09.666 xcodebuild[70460:14888387] [MT] IDETestOperationsObserverDebug: 38.332 elapsed -- Testing started completed.
2026-09-15 22:38:09.666 xcodebuild[70460:14888387] [MT] IDETestOperationsObserverDebug: 0.000 sec, +0.000 sec -- start
2026-09-15 22:38:09.666 xcodebuild[70460:14888387] [MT] IDETestOperationsObserverDebug: 38.332 sec, +38.332 sec -- end

Test session results, code coverage, and logs:
	/tmp/woop-pull31/pull-chapitre.xcresult

** TEST EXECUTE SUCCEEDED **

Testing started
