
> nosfy-chambre-des-machines@2.0.0 artefact
> next build && node scripts/inliner.mjs

▲ Next.js 16.3.3 (Turbopack)
✓ Running next.config.ts took 139ms

  Creating an optimized production build ...
✓ Compiled successfully in 557ms
  Running TypeScript ...
  Finished TypeScript in 3.6s ...
  Collecting page data using 5 workers ...
  Generating static pages using 5 workers (0/4) ...
  Generating static pages using 5 workers (1/4)
  Generating static pages using 5 workers (2/4)
  Generating static pages using 5 workers (3/4)
✓ Generating static pages using 5 workers (4/4) in 1013ms
  Finalizing page optimization ...

Route (app)
┌ ○ /
├ ○ /_not-found
└ ○ /icon.svg


○  (Static)  prerendered as static content

inliner : /private/tmp/nosfy-cartes-trois-familles-20260918/docs/site/out/index.html
   retirés  : 24 <script> · 7 <link> · 0 attributs Next · 277 commentaires RSC · 1 meta
   inlinés  : 2 feuille(s) (48538 o) · 1 url() (99780 o) · 73 média(s) (553822 o) · site.js (9066 o)
   titre    : Documentation Nosfy
   livrable : /private/tmp/nosfy-cartes-trois-familles-20260918/docs/site/index.html · 1992278 o (1.99 Mo) · 1 <script>
   ✔ écrit
