/private/tmp/woop-compte-commit-20260918/tools/serveur/tests/session_regression.swift:110:22: warning: no 'async' operations occur within 'await' expression
108 |         do { _ = try await s.token(); fatalError("refus attendu") } catch {}
109 |         check(CoffreSession.lire() == nil, "refresh révoqué efface la session")
110 |         let portes = await CompteEtat.shared.rappels
    |                      `- warning: no 'async' operations occur within 'await' expression
111 |         check(portes == 1, "une seule demande de reconnexion")
112 |
PASS jeton frais
PASS renouvellement avant expiration
PASS jeton expiré
PASS jeton illisible
PASS expiration absente
PASS cache valide sans réseau
PASS 30 appels concurrents, un seul refresh
PASS rotation conservée
PASS 401 ancien sans invalidation du jeton neuf
PASS panne réseau conserve la session
PASS reprise réseau renouvelle
[session] refresh refusé (401) → la session est oubliée · {"access_token":"e30.eyJzdWIiOiJhbGljZSIsImV4cCI6MTc4OTcxNDc0MS4xNzc4NjZ9.signature","refresh_token":"refresh-renouvele","user":{"id":"alice
PASS refresh révoqué efface la session
PASS une seule demande de reconnexion
PASS refresh tardif ne remplace pas le nouveau compte
PASS refresh tardif ne ressuscite pas une déconnexion
