Arguments : ['xcodebuild', 'test-without-building', '-xctestrun', '/private/tmp/woop-nav-runtime-qa/dd/Build/Products/NavRuntimeUITests_iphoneos26.5-arm64.xctestrun', '-only-testing:NavRuntimeUITests/NavRuntimeUITests/testHomePretePourMesure', '-destination', 'platform=iOS,id=00008120-001E4CDC0A85A01E', '-destination-timeout', '15', '-parallel-testing-enabled', 'NO', '-maximum-concurrent-test-device-destinations', '1', '-resultBundlePath', '/private/tmp/woop-home-repos-video-2027/home.xcresult']
Command line invocation:
    /Applications/Xcode.app/Contents/Developer/usr/bin/xcodebuild test-without-building -xctestrun /private/tmp/woop-nav-runtime-qa/dd/Build/Products/NavRuntimeUITests_iphoneos26.5-arm64.xctestrun "-only-testing:NavRuntimeUITests/NavRuntimeUITests/testHomePretePourMesure" -destination platform=iOS,id=00008120-001E4CDC0A85A01E -destination-timeout 15 -parallel-testing-enabled NO -maximum-concurrent-test-device-destinations 1 -resultBundlePath /private/tmp/woop-home-repos-video-2027/home.xcresult

Writing result bundle at path:
	/private/tmp/woop-home-repos-video-2027/home.xcresult

2026-09-15 20:27:39.933261+0200 NavRuntimeUITests-Runner[24608:1960627] [Default] Running tests...
    t =      nans Interface orientation changed to Portrait
Test Suite 'Selected tests' started at 2026-09-15 20:27:40.312.
Test Suite 'NavRuntimeUITests.xctest' started at 2026-09-15 20:27:40.312.
Test Suite 'NavRuntimeUITests' started at 2026-09-15 20:27:40.312.
Test Case '-[NavRuntimeUITests.NavRuntimeUITests testHomePretePourMesure]' started.
    t =     0.00s Start Test at 2026-09-15 20:27:40.314
    t =     0.01s Set Up
    t =     0.02s Open fr.kathryn.woop
    t =     0.02s     Activate fr.kathryn.woop
    t =     0.04s         Wait for fr.kathryn.woop to idle
    t =     0.06s Checking existence of `"Later" Button`
    t =     0.13s Waiting 5.0s for "person" Button to exist
    t =     1.17s     Checking `Expect predicate `existsNoRetry == 1` for object "person" Button`
    t =     1.17s         Checking existence of `"person" Button`
    t =     1.22s Find the "person" Button
    t =     1.27s Find the Application 'fr.kathryn.woop'
WOOP_HOME_PRETE_MESURE
    t =     1.48s Tear Down
Test Case '-[NavRuntimeUITests.NavRuntimeUITests testHomePretePourMesure]' passed (1.486 seconds).
Test Suite 'NavRuntimeUITests' passed at 2026-09-15 20:27:41.800.
	 Executed 1 test, with 0 failures (0 unexpected) in 1.486 (1.487) seconds
Test Suite 'NavRuntimeUITests.xctest' passed at 2026-09-15 20:27:41.801.
	 Executed 1 test, with 0 failures (0 unexpected) in 1.486 (1.488) seconds
Test Suite 'Selected tests' passed at 2026-09-15 20:27:41.801.
	 Executed 1 test, with 0 failures (0 unexpected) in 1.486 (1.489) seconds

Test session results, code coverage, and logs:
	/tmp/woop-home-repos-video-2027/home.xcresult

** TEST EXECUTE SUCCEEDED **

Testing started
2026-09-15 20:27:26.815 xcodebuild[48012:14683848] [MT] IDERunDestination: Supported platforms for the buildables in the current scheme is empty.
2026-09-15 20:27:26.856 xcodebuild[48012:14683848] [MT] IDERunDestination: Supported platforms for the buildables in the current scheme is empty.
2026-09-15 20:27:26.899 xcodebuild[48012:14683848] [MT] IDERunDestination: Supported platforms for the buildables in the current scheme is empty.
2026-09-15 20:27:27.333 xcodebuild[48012:14683848] [MT] IDERunDestination: Supported platforms for the buildables in the current scheme is empty.
--- xcodebuild: WARNING: Using the first of multiple matching destinations:
{ platform:iOS, arch:arm64e, id:00008120-001E4CDC0A85A01E, name:iPhone de Frédéric }
{ platform:iOS, arch:arm64, id:00008120-001E4CDC0A85A01E, name:iPhone de Frédéric }
2026-09-15 20:27:37.392 xcodebuild[48012:14683848] [MT] IDERunDestination: Supported platforms for the buildables in the current scheme is empty.
2026-09-15 20:27:40.523 xcodebuild[48012:14683848] [MT] IDERunDestination: Supported platforms for the buildables in the current scheme is empty.
2026-09-15 20:27:41.855 xcodebuild[48012:14683848] [MT] IDERunDestination: Supported platforms for the buildables in the current scheme is empty.
2026-09-15 20:27:41.962 xcodebuild[48012:14683848] [MT] IDETestOperationsObserverDebug: 4.560 elapsed -- Testing started completed.
2026-09-15 20:27:41.962 xcodebuild[48012:14683848] [MT] IDETestOperationsObserverDebug: 0.000 sec, +0.000 sec -- start
2026-09-15 20:27:41.962 xcodebuild[48012:14683848] [MT] IDETestOperationsObserverDebug: 4.560 sec, +4.560 sec -- end
