Command line invocation:
    /Applications/Xcode.app/Contents/Developer/usr/bin/xcodebuild test-without-building -xctestrun /private/tmp/woop-nav-runtime-qa/dd/Build/Products/NavRuntimeUITests_iphoneos26.5-arm64.xctestrun "-only-testing:NavRuntimeUITests/NavRuntimeUITests/testCapturerInvitation" -destination platform=iOS,id=00008120-001E4CDC0A85A01E -destination-timeout 15 -parallel-testing-enabled NO -maximum-concurrent-test-device-destinations 1 -resultBundlePath /private/tmp/woop-captures-invite30-animee/invitation.xcresult

2026-09-15 21:54:32.384 xcodebuild[65388:14848720] [MT] IDERunDestination: Supported platforms for the buildables in the current scheme is empty.
Writing result bundle at path:
	/private/tmp/woop-captures-invite30-animee/invitation.xcresult

2026-09-15 21:54:32.386 xcodebuild[65388:14848720] [MT] IDERunDestination: Supported platforms for the buildables in the current scheme is empty.
--- xcodebuild: WARNING: Using the first of multiple matching destinations:
{ platform:iOS, arch:arm64e, id:00008120-001E4CDC0A85A01E, name:iPhone de Frédéric }
{ platform:iOS, arch:arm64, id:00008120-001E4CDC0A85A01E, name:iPhone de Frédéric }
2026-09-15 21:54:32.632 xcodebuild[65388:14848720] [MT] IDERunDestination: Supported platforms for the buildables in the current scheme is empty.
2026-09-15 21:54:32.753 xcodebuild[65388:14848720] [MT] IDERunDestination: Supported platforms for the buildables in the current scheme is empty.
2026-09-15 21:54:34.530924+0200 NavRuntimeUITests-Runner[25886:2013394] [Default] Running tests...
    t =      nans Interface orientation changed to Portrait
Test Suite 'Selected tests' started at 2026-09-15 21:54:34.887.
Test Suite 'NavRuntimeUITests.xctest' started at 2026-09-15 21:54:34.888.
Test Suite 'NavRuntimeUITests' started at 2026-09-15 21:54:34.888.
Test Case '-[NavRuntimeUITests.NavRuntimeUITests testCapturerInvitation]' started.
    t =     0.00s Start Test at 2026-09-15 21:54:34.888
    t =     0.01s Set Up
    t =     0.02s Open fr.kathryn.woop
    t =     0.02s     Activate fr.kathryn.woop
    t =     0.04s         Wait for fr.kathryn.woop to idle
    t =     0.07s Waiting 5.0s for "pull to start" StaticText to exist
2026-09-15 21:54:35.062 xcodebuild[65388:14848720] [MT] IDERunDestination: Supported platforms for the buildables in the current scheme is empty.
    t =     1.10s     Checking `Expect predicate `existsNoRetry == 1` for object "pull to start" StaticText`
    t =     1.11s         Checking existence of `"pull to start" StaticText`
    t =     1.29s Find the "pull to start" StaticText
    t =     1.34s Find the "pull to start" StaticText
    t =     1.36s Find the Application 'fr.kathryn.woop'
    t =     1.38s Find the Application 'fr.kathryn.woop'
    t =     2.11s Find the Application 'fr.kathryn.woop'
    t =     2.56s Find the Application 'fr.kathryn.woop'
    t =     3.07s Find the Application 'fr.kathryn.woop'
    t =     3.59s Find the Application 'fr.kathryn.woop'
    t =     4.26s Find the Application 'fr.kathryn.woop'
    t =     4.73s Find the Application 'fr.kathryn.woop'
    t =     5.40s Find the Application 'fr.kathryn.woop'
WOOP_INVITATION_CAPTUREE_SANS_APPUI
    t =     5.94s Tear Down
Test Case '-[NavRuntimeUITests.NavRuntimeUITests testCapturerInvitation]' passed (6.081 seconds).
Test Suite 'NavRuntimeUITests' passed at 2026-09-15 21:54:40.972.
	 Executed 1 test, with 0 failures (0 unexpected) in 6.081 (6.084) seconds
Test Suite 'NavRuntimeUITests.xctest' passed at 2026-09-15 21:54:40.977.
	 Executed 1 test, with 0 failures (0 unexpected) in 6.081 (6.090) seconds
Test Suite 'Selected tests' passed at 2026-09-15 21:54:40.981.
	 Executed 1 test, with 0 failures (0 unexpected) in 6.081 (6.094) seconds
2026-09-15 21:54:40.997 xcodebuild[65388:14848720] [MT] IDERunDestination: Supported platforms for the buildables in the current scheme is empty.
2026-09-15 21:54:41.275 xcodebuild[65388:14848720] [MT] IDETestOperationsObserverDebug: 8.641 elapsed -- Testing started completed.
2026-09-15 21:54:41.275 xcodebuild[65388:14848720] [MT] IDETestOperationsObserverDebug: 0.000 sec, +0.000 sec -- start
2026-09-15 21:54:41.275 xcodebuild[65388:14848720] [MT] IDETestOperationsObserverDebug: 8.641 sec, +8.641 sec -- end

Test session results, code coverage, and logs:
	/tmp/woop-captures-invite30-animee/invitation.xcresult

** TEST EXECUTE SUCCEEDED **

Testing started
