Command line invocation:
    /Applications/Xcode.app/Contents/Developer/usr/bin/xcodebuild test-without-building -xctestrun /tmp/woop-count54/iphone-dd/Build/Products/NavRuntimeUITests_iphoneos26.5-arm64.xctestrun -destination platform=iOS,id=00008120-001E4CDC0A85A01E -destination-timeout 15 "-only-testing:NavRuntimeUITests/NavRuntimeUITests/testOuvrirPanneauSansDemarrer" -resultBundlePath /tmp/woop-count54/panneau.xcresult -parallel-testing-enabled NO

2026-09-16 20:42:50.364 xcodebuild[15434:16657046] [MT] IDERunDestination: Supported platforms for the buildables in the current scheme is empty.
Writing result bundle at path:
	/tmp/woop-count54/panneau.xcresult

2026-09-16 20:42:50.369 xcodebuild[15434:16657046] [MT] IDERunDestination: Supported platforms for the buildables in the current scheme is empty.
2026-09-16 20:42:50.467 xcodebuild[15434:16657046] [MT] IDERunDestination: Supported platforms for the buildables in the current scheme is empty.
--- xcodebuild: WARNING: Using the first of multiple matching destinations:
{ platform:iOS, arch:arm64e, id:00008120-001E4CDC0A85A01E, name:iPhone de Frédéric }
{ platform:iOS, arch:arm64, id:00008120-001E4CDC0A85A01E, name:iPhone de Frédéric }
2026-09-16 20:42:50.984 xcodebuild[15434:16657046] [MT] IDERunDestination: Supported platforms for the buildables in the current scheme is empty.
2026-09-16 20:42:51.103 xcodebuild[15434:16657046] [MT] IDERunDestination: Supported platforms for the buildables in the current scheme is empty.
2026-09-16 20:42:53.303230+0200 NavRuntimeUITests-Runner[35562:2753523] [Default] Running tests...
    t =      nans Interface orientation changed to Portrait
Test Suite 'Selected tests' started at 2026-09-16 20:42:53.704.
Test Suite 'NavRuntimeUITests.xctest' started at 2026-09-16 20:42:53.704.
Test Suite 'NavRuntimeUITests' started at 2026-09-16 20:42:53.704.
Test Case '-[NavRuntimeUITests.NavRuntimeUITests testOuvrirPanneauSansDemarrer]' started.
    t =     0.00s Start Test at 2026-09-16 20:42:53.704
    t =     0.01s Set Up
    t =     0.01s Open fr.kathryn.woop
    t =     0.02s     Activate fr.kathryn.woop
    t =     0.03s         Wait for fr.kathryn.woop to idle
    t =     0.04s Checking existence of `"Start" Button`
    t =     0.11s Tap Application 'fr.kathryn.woop'[0.50, 0.39]
    t =     0.11s     Wait for fr.kathryn.woop to idle
    t =     0.17s     Find the Application 'fr.kathryn.woop'
2026-09-16 20:42:53.817 xcodebuild[15434:16657046] [MT] IDERunDestination: Supported platforms for the buildables in the current scheme is empty.
    t =     0.21s     Check for interrupting elements affecting "Woop" Application
    t =     0.25s     Synthesize event
    t =     0.25s         Find the Application 'fr.kathryn.woop'
    t =     0.28s         Find the Application 'fr.kathryn.woop'
    t =     0.31s         Find the Application 'fr.kathryn.woop'
    t =     0.62s     Wait for fr.kathryn.woop to idle
    t =     0.63s Waiting 12.0s for "Start" Button to exist
    t =     1.68s     Checking `Expect predicate `existsNoRetry == 1` for object "Start" Button`
    t =     1.68s         Checking existence of `"Start" Button`
    t =     1.70s Find the Application 'fr.kathryn.woop'
    t =     1.93s Added attachment named 'route-vraie-avant-start'
    t =     1.93s Requesting snapshot of accessibility hierarchy for app with pid 35509
    t =     2.22s Requesting snapshot of accessibility hierarchy for app with pid 35509
    t =     2.40s Added attachment named 'route-vraie-boutons'
    t =     2.40s Find the "Start" Button
    t =     2.42s Find the "Start" Button
WOOP_ROUTE_START frame=(148.66666666666666, 448.3333333333333, 73.66666666666669, 34.0) hittable=true
    t =     2.46s Tear Down
Test Case '-[NavRuntimeUITests.NavRuntimeUITests testOuvrirPanneauSansDemarrer]' passed (2.501 seconds).
Test Suite 'NavRuntimeUITests' passed at 2026-09-16 20:42:56.206.
	 Executed 1 test, with 0 failures (0 unexpected) in 2.501 (2.502) seconds
Test Suite 'NavRuntimeUITests.xctest' passed at 2026-09-16 20:42:56.207.
	 Executed 1 test, with 0 failures (0 unexpected) in 2.501 (2.503) seconds
Test Suite 'Selected tests' passed at 2026-09-16 20:42:56.207.
	 Executed 1 test, with 0 failures (0 unexpected) in 2.501 (2.504) seconds
2026-09-16 20:42:56.247 xcodebuild[15434:16657046] [MT] IDERunDestination: Supported platforms for the buildables in the current scheme is empty.
2026-09-16 20:42:56.403 xcodebuild[15434:16657046] [MT] IDETestOperationsObserverDebug: 5.417 elapsed -- Testing started completed.
2026-09-16 20:42:56.403 xcodebuild[15434:16657046] [MT] IDETestOperationsObserverDebug: 0.000 sec, +0.000 sec -- start
2026-09-16 20:42:56.403 xcodebuild[15434:16657046] [MT] IDETestOperationsObserverDebug: 5.417 sec, +5.417 sec -- end

Test session results, code coverage, and logs:
	/tmp/woop-count54/panneau.xcresult

** TEST EXECUTE SUCCEEDED **

Testing started
