Command line invocation:
    /Applications/Xcode.app/Contents/Developer/usr/bin/xcodebuild test-without-building -xctestrun /private/tmp/woop-nav-runtime-qa/dd/Build/Products/NavRuntimeUITests_iphoneos26.5-arm64.xctestrun "-only-testing:NavRuntimeUITests/NavRuntimeUITests/testHomePretePourMesure" -destination platform=iOS,id=00008120-001E4CDC0A85A01E -destination-timeout 30 -parallel-testing-enabled NO -maximum-concurrent-test-device-destinations 1 -resultBundlePath /private/tmp/woop-nav-runtime-qa/result21-precompose-120934.xcresult

2026-09-15 12:09:38.014 xcodebuild[92019:13948443] [MT] IDERunDestination: Supported platforms for the buildables in the current scheme is empty.
Writing result bundle at path:
	/private/tmp/woop-nav-runtime-qa/result21-precompose-120934.xcresult

2026-09-15 12:09:38.016 xcodebuild[92019:13948443] [MT] IDERunDestination: Supported platforms for the buildables in the current scheme is empty.
2026-09-15 12:09:38.113 xcodebuild[92019:13948443] [MT] IDERunDestination: Supported platforms for the buildables in the current scheme is empty.
--- xcodebuild: WARNING: Using the first of multiple matching destinations:
{ platform:iOS, arch:arm64e, id:00008120-001E4CDC0A85A01E, name:iPhone de Frédéric }
{ platform:iOS, arch:arm64, id:00008120-001E4CDC0A85A01E, name:iPhone de Frédéric }
2026-09-15 12:09:38.662 xcodebuild[92019:13948443] [MT] IDERunDestination: Supported platforms for the buildables in the current scheme is empty.
2026-09-15 12:09:38.799 xcodebuild[92019:13948443] [MT] IDERunDestination: Supported platforms for the buildables in the current scheme is empty.
2026-09-15 12:09:40.522585+0200 NavRuntimeUITests-Runner[20427:1628436] [Default] Running tests...
    t =      nans Interface orientation changed to Portrait
Test Suite 'Selected tests' started at 2026-09-15 12:09:40.887.
Test Suite 'NavRuntimeUITests.xctest' started at 2026-09-15 12:09:40.887.
Test Suite 'NavRuntimeUITests' started at 2026-09-15 12:09:40.887.
Test Case '-[NavRuntimeUITests.NavRuntimeUITests testHomePretePourMesure]' started.
    t =     0.00s Start Test at 2026-09-15 12:09:40.888
    t =     0.01s Set Up
    t =     0.02s Open fr.kathryn.woop
    t =     0.02s     Activate fr.kathryn.woop
    t =     0.04s         Wait for fr.kathryn.woop to idle
    t =     0.05s Checking existence of `"Later" Button`
    t =     0.13s Tap "Later" Button
    t =     0.13s     Wait for fr.kathryn.woop to idle
2026-09-15 12:09:40.940 xcodebuild[92019:13948443] [MT] IDERunDestination: Supported platforms for the buildables in the current scheme is empty.
    t =     0.17s     Find the "Later" Button
    t =     0.30s     Check for interrupting elements affecting "Later" Button
    t =     0.50s     Synthesize event
    t =     0.53s         Scroll element to visible
    t =     0.55s         Find the "Later" Button
    t =     0.65s         Computed hit point {-1, -1} after scrolling to visible
    t =     0.95s     Wait for fr.kathryn.woop to idle
    t =     1.05s Waiting 5.0s for "Later" Button to not exist
    t =     2.13s     Checking `Expect predicate `existsNoRetry == 0` for object "Later" Button`
    t =     2.13s         Checking existence of `"Later" Button`
    t =     2.17s Waiting 5.0s for "person" Button to exist
    t =     3.20s     Checking `Expect predicate `existsNoRetry == 1` for object "person" Button`
    t =     3.20s         Checking existence of `"person" Button`
    t =     3.41s Find the "person" Button
    t =     4.05s Find the Application 'fr.kathryn.woop'
WOOP_HOME_PRETE_MESURE
    t =     4.37s Tear Down
Test Case '-[NavRuntimeUITests.NavRuntimeUITests testHomePretePourMesure]' passed (4.373 seconds).
Test Suite 'NavRuntimeUITests' passed at 2026-09-15 12:09:45.261.
	 Executed 1 test, with 0 failures (0 unexpected) in 4.373 (4.374) seconds
Test Suite 'NavRuntimeUITests.xctest' passed at 2026-09-15 12:09:45.263.
	 Executed 1 test, with 0 failures (0 unexpected) in 4.373 (4.375) seconds
Test Suite 'Selected tests' passed at 2026-09-15 12:09:45.264.
	 Executed 1 test, with 0 failures (0 unexpected) in 4.373 (4.377) seconds
2026-09-15 12:09:45.331 xcodebuild[92019:13948443] [MT] IDERunDestination: Supported platforms for the buildables in the current scheme is empty.
2026-09-15 12:09:45.426 xcodebuild[92019:13948443] [MT] IDETestOperationsObserverDebug: 6.762 elapsed -- Testing started completed.
2026-09-15 12:09:45.426 xcodebuild[92019:13948443] [MT] IDETestOperationsObserverDebug: 0.000 sec, +0.000 sec -- start
2026-09-15 12:09:45.426 xcodebuild[92019:13948443] [MT] IDETestOperationsObserverDebug: 6.762 sec, +6.762 sec -- end

Test session results, code coverage, and logs:
	/tmp/woop-nav-runtime-qa/result21-precompose-120934.xcresult

** TEST EXECUTE SUCCEEDED **

Testing started
