21:24:36  Enabling developer disk image services.
21:24:36  Acquired usage assertion.
PID     Executable Path                                                                                                                                                                                   
-----   --------------------------------------------------------------------------------------------------------------------------------------------------------------------------------------------------
1       /sbin/launchd                                                                                                                                                                                     
32      /usr/libexec/UserEventAgent                                                                                                                                                                       
33      /usr/libexec/logd                                                                                                                                                                                 
34      /usr/libexec/runningboardd                                                                                                                                                                        
35      /System/Library/CoreServices/SpringBoard.app/SpringBoard                                                                                                                                          
37      /System/Library/PrivateFrameworks/AssistantServices.framework/assistantd                                                                                                                          
38      /usr/libexec/routined                                                                                                                                                                             
39      /System/Library/PrivateFrameworks/MediaRemote.framework/Support/mediaremoted                                                                                                                      
40      /System/Library/Frameworks/Accounts.framework/accountsd                                                                                                                                           
41      /System/Library/PrivateFrameworks/AXAssetLoader.framework/Support/axassetsd                                                                                                                       
44      /System/Library/Frameworks/HealthKit.framework/healthd                                                                                                                                            
45      /usr/libexec/configd                                                                                                                                                                              
47      /System/Library/PrivateFrameworks/TCC.framework/Support/tccd                                                                                                                                      
48      /System/Library/CoreServices/powerd.bundle/powerd                                                                                                                                                 
50      /usr/libexec/atc                                                                                                                                                                                  
51      /usr/sbin/WirelessRadioManagerd                                                                                                                                                                   
52      /System/Library/PrivateFrameworks/BiomeStreams.framework/Support/biomed                                                                                                                           
53      /usr/sbin/wifid                                                                                                                                                                                   
61      /usr/libexec/watchdogd                                                                                                                                                                            
62      /usr/libexec/nfcd                                                                                                                                                                                 
63      /System/Library/PrivateFrameworks/IDS.framework/identityservicesd.app/identityservicesd                                                                                                           
66      /usr/libexec/thermalmonitord                                                                                                                                                                      
67      /System/Library/PrivateFrameworks/CoreDuetContext.framework/Resources/contextstored                                                                                                               
68      /usr/libexec/cameracaptured                                                                                                                                                                       
70      /usr/libexec/backboardd                                                                                                                                                                           
72      /usr/libexec/aonsensed                                                                                                                                                                            
73      /usr/libexec/timed                                                                                                                                                                                
74      /usr/libexec/sharingd                                                                                                                                                                             
76      /usr/libexec/locationd                                                                                                                                                                            
77      /usr/libexec/powerexceptionsd                                                                                                                                                                     
80      /usr/libexec/audioaccessoryd                                                                                                                                                                      
83      /usr/libexec/dasd                                                                                                                                                                                 
86      /System/Library/PrivateFrameworks/PassKitCore.framework/passd                                                                                                                                     
94      /usr/libexec/safetyalertsd                                                                                                                                                                        
95      /usr/libexec/rapportd                                                                                                                                                                             
97      /usr/sbin/bluetoothd                                                                                                                                                                              
99      /usr/sbin/fairplayd.H2                                                                                                                                                                            
100     /System/Library/Frameworks/CoreTelephony.framework/Support/CommCenter                                                                                                                             
101     /usr/libexec/fseventsd                                                                                                                                                                            
103     /usr/libexec/IOMFB_bics_daemon                                                                                                                                                                    
104     /usr/sbin/distnoted                                                                                                                                                                               
105     /usr/sbin/notifyd                                                                                                                                                                                 
107     /usr/sbin/cfprefsd                                                                                                                                                                                
108     /usr/libexec/containermanagerd_system                                                                                                                                                             
109     /usr/libexec/audiomxd                                                                                                                                                                             
110     /usr/sbin/cfprefsd                                                                                                                                                                                
112     /System/Library/DriverExtensions/com.apple.DriverKit-AppleBCMWLAN.dext/com.apple.DriverKit-AppleBCMWLAN                                                                                           
115     /System/Library/PrivateFrameworks/ChronoCore.framework/Support/chronod                                                                                                                            
116     /usr/libexec/lsd                                                                                                                                                                                  
117     /usr/libexec/securityd                                                                                                                                                                            
118     /System/Library/PrivateFrameworks/SystemStatusServer.framework/Support/systemstatusd                                                                                                              
121     /usr/libexec/powerexperienced                                                                                                                                                                     
125     /usr/libexec/biometrickitd                                                                                                                                                                        
133     /usr/libexec/trustd                                                                                                                                                                               
142     /System/Library/PrivateFrameworks/CalendarDaemon.framework/Support/calaccessd                                                                                                                     
146     /usr/sbin/mDNSResponder                                                                                                                                                                           
149     /System/Library/PrivateFrameworks/ApplePushService.framework/apsd                                                                                                                                 
151     /System/Library/PrivateFrameworks/UserNotificationsCore.framework/Support/usernotificationsd                                                                                                      
155     /usr/libexec/symptomsd                                                                                                                                                                            
161     /System/Library/PrivateFrameworks/GeoServices.framework/geod                                                                                                                                      
175     /System/Library/Frameworks/SystemConfiguration.framework/SCHelper                                                                                                                                 
177     /System/Library/Frameworks/AudioToolbox.framework/XPCServices/AudioConverterService.xpc/AudioConverterService                                                                                     
184     /System/Library/CoreServices/AccessibilityUIServer.app/AccessibilityUIServer                                                                                                                      
191     /System/Library/PrivateFrameworks/iTunesCloud.framework/Support/itunescloudd                                                                                                                      
209     /usr/libexec/audioclocksyncd                                                                                                                                                                      
213     /usr/libexec/nearbyd                                                                                                                                                                              
224     /usr/libexec/nsurlsessiond                                                                                                                                                                        
234     /System/Library/PrivateFrameworks/StatusKit.framework/StatusKitAgent                                                                                                                              
257     /System/Library/PrivateFrameworks/CoreAnalytics.framework/Support/analyticsd                                                                                                                      
263     /System/Library/PrivateFrameworks/UserActivity.framework/Agents/useractivityd                                                                                                                     
271     /System/Library/ExtensionKit/Extensions/PhotosPosterProvider.appex/PhotosPosterProvider                                                                                                           
272     /System/Library/PrivateFrameworks/HearingCore.framework/heard                                                                                                                                     
273     /usr/libexec/videocodecd                                                                                                                                                                          
274     /usr/libexec/mediaplaybackd                                                                                                                                                                       
309     /System/Library/PrivateFrameworks/Search.framework/searchd                                                                                                                                        
353     /usr/libexec/milod                                                                                                                                                                                
366     /System/Library/TextInput/kbd                                                                                                                                                                     
369     /System/Library/PrivateFrameworks/CommunicationsFilter.framework/CMFSyncAgent                                                                                                                     
383     /System/Library/PrivateFrameworks/SecureMessaging.framework/SecureMessagingAgent                                                                                                                  
390     /usr/sbin/filecoordinationd                                                                                                                                                                       
394     /usr/libexec/gamepolicyd                                                                                                                                                                          
396     /System/Library/PrivateFrameworks/SoftwareUpdateServices.framework/Support/softwareupdateservicesd                                                                                                
408     /System/Library/Frameworks/Translation.framework/translationd                                                                                                                                     
545     /usr/libexec/duetexpertd                                                                                                                                                                          
725     /System/Library/PrivateFrameworks/SafariSafeBrowsing.framework/com.apple.Safari.SafeBrowsing.Service                                                                                              
1245    /usr/libexec/diskimagesiod                                                                                                                                                                        
1246    /usr/libexec/diskarbitrationd                                                                                                                                                                     
1519    /Applications/AuthKitUIService.app/AuthKitUIService                                                                                                                                               
1520    /System/Library/PrivateFrameworks/AppSSO.framework/Support/AppSSODaemon                                                                                                                           
1521    /System/Library/PrivateFrameworks/CoreAnalytics.framework/Support/analyticsagent                                                                                                                  
1523    /usr/libexec/modelmanagerd                                                                                                                                                                        
1529    /System/Library/Frameworks/Contacts.framework/Support/postersyncd                                                                                                                                 
1530    /System/Library/PrivateFrameworks/ModelCatalogRuntime.framework/modelcatalogd                                                                                                                     
1531    /System/Library/Frameworks/CryptoTokenKit.framework/ctkd                                                                                                                                          
1535    /System/Library/PrivateFrameworks/CoreCDP.framework/cdpd                                                                                                                                          
1536    /System/Library/Frameworks/Security.framework/XPCServices/TrustedPeersHelper.xpc/TrustedPeersHelper                                                                                               
3168    /System/Library/CoreServices/iconservicesagent                                                                                                                                                    
3192    /System/Library/Frameworks/WirelessInsights.framework/Support/wirelessinsightsd                                                                                                                   
3962    /usr/libexec/containermanagerd                                                                                                                                                                    
3966    /System/Library/PrivateFrameworks/FontServices.framework/Support/fontservicesd                                                                                                                    
3967    /usr/libexec/findmylocated                                                                                                                                                                        
3969    /usr/libexec/appprotectiond                                                                                                                                                                       
3970    /System/Library/Frameworks/StoreKit.framework/Support/storekitd                                                                                                                                   
3972    /usr/libexec/MobileGestaltHelper                                                                                                                                                                  
3977    /System/Library/PrivateFrameworks/CacheDelete.framework/deleted                                                                                                                                   
3979    /usr/libexec/mobileactivationd                                                                                                                                                                    
3983    /System/Library/PrivateFrameworks/iCloudNotification.framework/ind                                                                                                                                
3986    /System/Library/PrivateFrameworks/SyncedDefaults.framework/Support/syncdefaultsd                                                                                                                  
3987    /System/Library/PrivateFrameworks/CoreFollowUp.framework/followupd                                                                                                                                
4007    /usr/libexec/promotedcontentd                                                                                                                                                                     
4012    /System/Library/PrivateFrameworks/iCloudDriveCore.framework/bird                                                                                                                                  
5394    /usr/libexec/wifip2pd                                                                                                                                                                             
6098    /System/Library/PrivateFrameworks/IntelligencePlatformCore.framework/intelligenceplatformd                                                                                                        
7107    /usr/libexec/usermanagerd                                                                                                                                                                         
7113    /System/Library/PrivateFrameworks/IntelligencePlatformCompute.framework/XPCServices/IntelligencePlatformComputeService.xpc/IntelligencePlatformComputeService                                     
7213    /System/Library/PrivateFrameworks/EmailDaemon.framework/maild                                                                                                                                     
7742    /usr/libexec/mobile_assertion_agent                                                                                                                                                               
9275    /usr/libexec/PerfPowerServices                                                                                                                                                                    
9451    /usr/libexec/rtcreportingd                                                                                                                                                                        
9469    /usr/libexec/mobileassetd                                                                                                                                                                         
9483    /System/Library/PrivateFrameworks/FamilyCircle.framework/familycircled                                                                                                                            
9488    /Applications/Family.app/Family                                                                                                                                                                   
10251   /private/preboot/Cryptexes/App/usr/libexec/webbookmarksd                                                                                                                                          
10253   /System/Library/PrivateFrameworks/AuthKit.framework/akd                                                                                                                                           
10254   /System/Library/PrivateFrameworks/InstallCoordination.framework/Support/installcoordinationd                                                                                                      
10267   /System/Library/PrivateFrameworks/CloudKitDaemon.framework/Support/cloudd                                                                                                                         
10271   /usr/libexec/spotlightknowledged.updater                                                                                                                                                          
10273   /usr/libexec/coreduetd                                                                                                                                                                            
10292   /System/Library/Frameworks/LocalAuthentication.framework/Support/coreauthd                                                                                                                        
10546   /usr/libexec/findmydeviced                                                                                                                                                                        
10548   /Applications/FindMyExtensionContainer.app/PlugIns/FindMyDeviceBluetoothExtension.appex/FindMyDeviceBluetoothExtension                                                                            
10551   /Applications/FindMyExtensionContainer.app/PlugIns/FMDMagSafeExtension.appex/FMDMagSafeExtension                                                                                                  
10853   /System/Library/PrivateFrameworks/CloudTelemetry.framework/XPCServices/CloudTelemetryService.xpc/CloudTelemetryService                                                                            
12076   /System/Library/PrivateFrameworks/CoreSpeech.framework/corespeechd                                                                                                                                
12079   /usr/libexec/pkd                                                                                                                                                                                  
12137   /System/Library/PrivateFrameworks/CoreSuggestions.framework/suggestd                                                                                                                              
12417   /System/Library/PrivateFrameworks/VoiceShortcuts.framework/Support/siriactionsd                                                                                                                   
13554   /System/Library/PrivateFrameworks/SleepDaemon.framework/sleepd                                                                                                                                    
13562   /usr/libexec/aned                                                                                                                                                                                 
13719   /System/Developer/usr/libexec/testmanagerd                                                                                                                                                        
14897   /private/var/containers/Bundle/Application/B6949EA1-13AE-4410-82D8-0A80D20BCA33/YouTube.app/YouTube                                                                                               
15274   /Applications/MessagesViewService.app/MessagesViewService                                                                                                                                         
15913   /System/Library/PrivateFrameworks/IMCore.framework/imagent.app/imagent                                                                                                                            
16593   /private/var/containers/Bundle/Application/D729E63D-014F-4E64-A8CD-086F3E69CFAE/MobileNotes.app/MobileNotes                                                                                       
16750   /usr/libexec/keybagd                                                                                                                                                                              
16813   /System/Library/PrivateFrameworks/AppleMediaServices.framework/amsaccountsd                                                                                                                       
17044   /usr/libexec/airplayd                                                                                                                                                                             
17175   /System/Library/PrivateFrameworks/AppStoreDaemon.framework/Support/appstored                                                                                                                      
17182   /System/Library/Frameworks/AssetsLibrary.framework/Support/assetsd                                                                                                                                
17253   /usr/libexec/swiftuitraced                                                                                                                                                                        
18115   /usr/libexec/searchpartyd                                                                                                                                                                         
18356   /System/Library/PrivateFrameworks/DataAccess.framework/Support/dataaccessd                                                                                                                        
18684   /private/var/containers/Bundle/Application/758A44EA-8434-4996-8406-86D2CC66CAF8/Authenticator.app/Authenticator                                                                                   
19154   /System/Library/PrivateFrameworks/SessionCore.framework/Support/liveactivitiesd                                                                                                                   
19691   /usr/libexec/networkserviceproxy                                                                                                                                                                  
20022   /usr/sbin/BTLEServer                                                                                                                                                                              
20489   /usr/libexec/adid                                                                                                                                                                                 
20904   /System/Library/PrivateFrameworks/PhotoAnalysis.framework/Support/photoanalysisd                                                                                                                  
20931   /usr/libexec/PowerUIAgent                                                                                                                                                                         
21043   /System/Library/PrivateFrameworks/MediaAnalysis.framework/mediaanalysisd                                                                                                                          
21447   /System/Library/PrivateFrameworks/TelephonyUtilities.framework/callservicesd                                                                                                                      
21610   /System/Library/Frameworks/Contacts.framework/Support/contactsd                                                                                                                                   
21729   /System/Library/Frameworks/GSS.framework/Helpers/GSSCred                                                                                                                                          
22987   /usr/libexec/profiled                                                                                                                                                                             
23146   /usr/libexec/safetycheckd                                                                                                                                                                         
23282   /System/Library/PrivateFrameworks/CloudPhotoLibrary.framework/Support/cloudphotod                                                                                                                 
23447   /usr/libexec/NRDUpdated                                                                                                                                                                           
23600   /usr/libexec/remotepairingdeviced                                                                                                                                                                 
23601   /usr/libexec/lockdownd                                                                                                                                                                            
24087   /usr/libexec/applekeystored                                                                                                                                                                       
24090   /System/Library/PrivateFrameworks/UsageTracking.framework/UsageTrackingAgent                                                                                                                      
24106   /usr/libexec/remoted                                                                                                                                                                              
24107   /usr/libexec/notification_proxy                                                                                                                                                                   
24173   /usr/libexec/fmflocatord                                                                                                                                                                          
24411   /usr/libexec/batteryintelligenced                                                                                                                                                                 
24413   /usr/libexec/ptpd                                                                                                                                                                                 
24414   /usr/libexec/companion_proxy                                                                                                                                                                      
24814   /System/Library/ExtensionKit/Extensions/AlchemistInferenceProvider.appex/AlchemistInferenceProvider                                                                                               
24846   /System/Library/PrivateFrameworks/ActionPredictionHeuristics.framework/XPCServices/HeuristicInterpreter.xpc/HeuristicInterpreter                                                                  
24847   /System/Library/PrivateFrameworks/Pasteboard.framework/Support/pasted                                                                                                                             
24863   /System/Library/PrivateFrameworks/IMTransferServices.framework/IMTransferAgent.app/IMTransferAgent                                                                                                
24870   /System/Library/PrivateFrameworks/ScreenTimeCore.framework/ScreenTimeAgent                                                                                                                        
24872   /System/Library/PrivateFrameworks/Categories.framework/XPCServices/CategoriesService.xpc/CategoriesService                                                                                        
24874   /System/Library/PrivateFrameworks/ContextKit.framework/XPCServices/ContextService.xpc/ContextService                                                                                              
24876   /System/Library/PrivateFrameworks/DoNotDisturbServer.framework/Support/donotdisturbd                                                                                                              
24927   /usr/libexec/linkd                                                                                                                                                                                
24987   /usr/libexec/intelligentroutingd                                                                                                                                                                  
25012   /System/Library/PrivateFrameworks/MobileTimer.framework/Executables/mobiletimerd                                                                                                                  
25013   /System/Library/PrivateFrameworks/Synapse.framework/Support/contentlinkingd                                                                                                                       
25057   /System/Library/PrivateFrameworks/CoreAccessories.framework/Support/accessoryd                                                                                                                    
25058   /usr/libexec/nehelper                                                                                                                                                                             
25100   /usr/libexec/mlhostd                                                                                                                                                                              
25101   /System/Library/Frameworks/ExtensionFoundation.framework/XPCServices/extensionkitservice.xpc/extensionkitservice                                                                                  
25111   /usr/libexec/swcd                                                                                                                                                                                 
25136   /System/Library/Frameworks/AdAttributionKit.framework/Support/attributionkitd                                                                                                                     
25157   /Applications/PosterBoard.app/PosterBoard                                                                                                                                                         
25158   /System/Library/Frameworks/ExtensionFoundation.framework/XPCServices/extensionkitservice.xpc/extensionkitservice                                                                                  
25159   /System/Library/ExtensionKit/Extensions/AmbientPhotoFramePosterProvider.appex/AmbientPhotoFramePosterProvider                                                                                     
25171   /System/Library/PrivateFrameworks/AppPredictionFoundation.framework/XPCServices/AppPredictionIntentsHelperService.xpc/AppPredictionIntentsHelperService                                           
25177   /System/Library/Frameworks/FileProvider.framework/Support/fileproviderd                                                                                                                           
25180   /System/Library/PrivateFrameworks/SiriInference.framework/Support/siriinferenced                                                                                                                  
25196   /System/Library/PrivateFrameworks/CloudDocs.framework/PlugIns/com.apple.CloudDocs.iCloudDriveFileProvider.appex/com.apple.CloudDocs.iCloudDriveFileProvider                                       
25205   /private/var/containers/Bundle/Application/04044E5F-FF4F-4FD2-B181-CBF17D56DC9B/Opal.app/PlugIns/OpalDeviceActivityMonitor.appex/OpalDeviceActivityMonitor                                        
25208   /System/Library/PrivateFrameworks/SiriSuggestionsSupport.framework/XPCServices/SiriSuggestionsBookkeepingService.xpc/SiriSuggestionsBookkeepingService                                            
25210   /usr/libexec/misagent                                                                                                                                                                             
25214   /System/Library/Frameworks/ExtensionFoundation.framework/XPCServices/extensionkitservice.xpc/extensionkitservice                                                                                  
25217   /usr/libexec/audioanalyticsd                                                                                                                                                                      
25218   /usr/libexec/mediaparserd                                                                                                                                                                         
25220   /System/Library/PrivateFrameworks/PowerLog.framework/XPCServices/PerfPowerTelemetryClientRegistrationService.xpc/PerfPowerTelemetryClientRegistrationService                                      
25228   /usr/libexec/misd                                                                                                                                                                                 
25239   /usr/libexec/carkitd                                                                                                                                                                              
25240   /usr/libexec/mobile_storage_proxy                                                                                                                                                                 
25241   /usr/libexec/cryptexd                                                                                                                                                                             
25253   /System/Library/Frameworks/ManagedAppDistribution.framework/Support/managedappdistributiond                                                                                                       
25254   /System/Library/PrivateFrameworks/iTunesStore.framework/Support/itunesstored                                                                                                                      
25266   /usr/libexec/seserviced                                                                                                                                                                           
25267   /usr/libexec/deviceaccessd                                                                                                                                                                        
25269   /System/Developer/usr/libexec/dtappserviced                                                                                                                                                       
25277   /System/Library/Frameworks/FinanceKit.framework/financed                                                                                                                                          
25288   /System/Library/PrivateFrameworks/DVTInstrumentsFoundation.framework/DTServiceHub                                                                                                                 
25289   /usr/libexec/gamed                                                                                                                                                                                
25291   /System/Library/PrivateFrameworks/AutomationMode.framework/automationmode-writer                                                                                                                  
25299   /System/Developer/usr/libexec/dtdeviceinfod                                                                                                                                                       
25322   /System/Library/Frameworks/Intents.framework/XPCServices/intents_helper.xpc/intents_helper                                                                                                        
25330   /private/var/db/com.apple.xpc.roleaccountd.staging/exec/838860801.1152921500312187703.xpc/com.apple.dt.instruments.dtsecurity                                                                     
25331   /usr/libexec/xpcroleaccountd                                                                                                                                                                      
25340   /System/Library/PrivateFrameworks/NewDeviceOutreach.framework/ndoagent                                                                                                                            
25341   /usr/libexec/bluetoothuserd                                                                                                                                                                       
25342   /usr/libexec/findmybeaconingd                                                                                                                                                                     
25364   /System/Library/PrivateFrameworks/MobileSoftwareUpdate.framework/Support/softwareupdated                                                                                                          
25365   /System/Library/PrivateFrameworks/MobileSoftwareUpdate.framework/XPCServices/com.apple.MobileSoftwareUpdate.CleanupPreparePathService.xpc/com.apple.MobileSoftwareUpdate.CleanupPreparePathService
25372   /Applications/Spotlight.app/Spotlight                                                                                                                                                             
25375   /System/Developer/usr/libexec/dtfileserviced                                                                                                                                                      
25376   /System/Developer/usr/libexec/dtfilesandboxd                                                                                                                                                      
25380   /usr/libexec/videosubscriptionsd                                                                                                                                                                  
25381   /usr/libexec/anomalydetectiond                                                                                                                                                                    
25382   /System/Library/Frameworks/PassKit.framework/PlugIns/PassKitSpotlightIndexExtension.appex/PassKitSpotlightIndexExtension                                                                          
25383   /System/Library/PrivateFrameworks/SOS.framework/sosd                                                                                                                                              
25385   /System/Library/Frameworks/Metal.framework/XPCServices/MTLCompilerService.xpc/MTLCompilerService                                                                                                  
25386   /System/Library/Frameworks/Metal.framework/XPCServices/MTLCompilerService.xpc/MTLCompilerService                                                                                                  
25392   /System/Library/PrivateFrameworks/MapsSupport.framework/mapspushd                                                                                                                                 
25393   /System/Library/PrivateFrameworks/MapsSync.framework/mapssyncd                                                                                                                                    
25397   /System/Library/PrivateFrameworks/AssetCacheServices.framework/XPCServices/AssetCacheLocatorService.xpc/AssetCacheLocatorService                                                                  
25398   /usr/libexec/icloudmailagent                                                                                                                                                                      
25399   /usr/libexec/appleaccountd                                                                                                                                                                        
25400   /System/Library/ExtensionKit/Extensions/PhotosPosterProvider.appex/PhotosPosterProvider                                                                                                           
25401   /System/Library/PrivateFrameworks/PrivacyAccounting.framework/Versions/A/Resources/privacyaccountingd                                                                                             
25403   /private/var/containers/Bundle/Application/1BB82B71-9160-4B1B-85DE-52ED4840B76E/Maps.app/PlugIns/GeneralMapsWidget.appex/GeneralMapsWidget                                                        
25404   /private/var/containers/Bundle/Application/65A175B3-8C98-4136-989A-9D397D11EAA1/Weather.app/PlugIns/WeatherWidget.appex/WeatherWidget                                                             
25405   /Applications/Batteries.app/PlugIns/BatteriesAvocadoWidgetExtension.appex/BatteriesAvocadoWidgetExtension                                                                                         
25406   /usr/libexec/MTLAssetUpgraderD                                                                                                                                                                    
25407   /System/Library/PrivateFrameworks/AppleMediaServicesUI.framework/amsengagementd                                                                                                                   
25409   /private/var/containers/Bundle/Application/AAC16A77-8594-4347-BCEC-5A38961DFA86/MobileSafari.app/MobileSafari                                                                                     
25410   /private/var/containers/Bundle/Application/718EB4B3-AE20-401C-A391-D69E2D31BF28/Spotify.app/Spotify                                                                                               
25411   /private/var/containers/Bundle/Application/84E70035-E5EB-47CA-8134-65C3B12DC304/MobileSMS.app/MobileSMS                                                                                           
25412   /System/Library/PrivateFrameworks/MapsSuggestions.framework/destinationd                                                                                                                          
25413   /private/var/containers/Bundle/Application/65B2F004-540D-4D3E-9C4A-08D285011C08/WhatsApp.app/WhatsApp                                                                                             
25414   /System/Library/PrivateFrameworks/MapsSupport.framework/navd                                                                                                                                      
25415   /Applications/InCallService.app/InCallService                                                                                                                                                     
25416   /private/var/containers/Bundle/Application/3F8EBB54-9716-478B-80F1-9300CD1197DF/Revolut.app/Revolut                                                                                               
25418   /System/Library/Frameworks/ExtensionFoundation.framework/XPCServices/extensionkitservice.xpc/extensionkitservice                                                                                  
25419   /System/Library/PrivateFrameworks/AppleMediaDiscovery.framework/PlugIns/AMDEngagementExtension.appex/AMDEngagementExtension                                                                       
25420   /System/Library/PrivateFrameworks/OnDeviceStorage.framework/Support/amsondevicestoraged                                                                                                           
25421   /System/Library/Frameworks/MapKit.framework/XPCServices/com.apple.MapKit.SnapshotService.xpc/com.apple.MapKit.SnapshotService                                                                     
25422   /System/Library/PrivateFrameworks/GeoAnalytics.framework/geoanalyticsd                                                                                                                            
25423   /System/Library/Frameworks/Metal.framework/XPCServices/MTLCompilerService.xpc/MTLCompilerService                                                                                                  
25424   /System/Library/PrivateFrameworks/CallHistory.framework/Support/CallHistorySyncHelper                                                                                                             
25430   /System/Library/Filesystems/apfs.fs/apfs_iosd                                                                                                                                                     
25438   /private/var/containers/Bundle/Application/9A4789F2-73E5-4AC3-8BC8-B0177BD14742/Gmail.app/Gmail                                                                                                   
25439   /usr/libexec/metrickitd                                                                                                                                                                           
25441   /System/Library/PrivateFrameworks/FitnessIntelligenceDaemonCore.framework/fitnessintelligenced                                                                                                    
25442   /System/Library/PrivateFrameworks/FitnessIntelligenceDaemonCore.framework/XPCServices/FitnessIntelligenceSnapshotService.xpc/FitnessIntelligenceSnapshotService                                   
25447   /usr/libexec/remindd                                                                                                                                                                              
25448   /System/Library/PrivateFrameworks/FitnessCoachingServices.framework/fitnesscoachingd                                                                                                              
25449   /usr/libexec/dmd                                                                                                                                                                                  
25450   /usr/libexec/batterytrapd                                                                                                                                                                         
25451   /System/Library/PrivateFrameworks/CoreRecents.framework/recentsd                                                                                                                                  
25463   /System/Library/PrivateFrameworks/PerfPowerServicesReader.framework/XPCServices/PerfPowerTelemetryReaderService.xpc/PerfPowerTelemetryReaderService                                               
25500   /private/var/containers/Bundle/Application/C0891955-AB83-452D-94BD-72E3B613F59E/Wise.app/Wise                                                                                                     
25504   /System/Library/Frameworks/FamilyControls.framework/FamilyControlsAgent                                                                                                                           
25506   /private/var/containers/Bundle/Application/974E5B9E-0066-478C-980F-C20C4885B25B/Woop.app/Woop                                                                                                     
25507   /private/var/containers/Bundle/Application/974E5B9E-0066-478C-980F-C20C4885B25B/Woop.app/PlugIns/WoopWidgets.appex/WoopWidgets                                                                    
25508   /System/Library/Frameworks/AudioToolbox.framework/XPCServices/AudioConverterHighCapacityService.xpc/AudioConverterHighCapacityService                                                             
25512   /System/Library/PrivateFrameworks/InstallCoordination.framework/Support/installcoordination_proxy                                                                                                 
25513   /System/Library/PrivateFrameworks/MobileInstallation.framework/XPCServices/com.apple.MobileInstallationHelperService.xpc/com.apple.MobileInstallationHelperService                                
25514   /System/Library/Frameworks/CallKit.framework/XPCServices/com.apple.CallKit.CallDirectoryMaintenance.xpc/com.apple.CallKit.CallDirectoryMaintenance                                                
25515   /usr/libexec/installd                                                                                                                                                                             
25516   /System/Library/PrivateFrameworks/StreamingZip.framework/XPCServices/com.apple.StreamingUnzipService.xpc/com.apple.StreamingUnzipService                                                          
25517   /System/Library/PrivateFrameworks/MessagesBlastDoorSupport.framework/XPCServices/MessagesBlastDoorService.xpc/MessagesBlastDoorService                                                            
25518   /usr/libexec/tvremoted                                                                                                                                                                            
25519   /usr/libexec/siriknowledged                                                                                                                                                                       
25520   /usr/libexec/online-auth-agent                                                                                                                                                                    
25521   /usr/libexec/driverkitd                                                                                                                                                                           
25522   /usr/libexec/coreidvd                                                                                                                                                                             
25523   /System/Library/PrivateFrameworks/ContinuousDialogManagerService.framework/assistant_cdmd                                                                                                         
25524   /System/Library/CoreServices/appplaceholdersyncd                                                                                                                                                  
25525   /System/Library/PrivateFrameworks/ClipServices.framework/clipserviced                                                                                                                             
25527   /usr/libexec/nesessionmanager                                                                                                                                                                     
25528   /System/Library/PrivateFrameworks/ReplicatorCore.framework/Support/replicatord                                                                                                                    
25529   /System/Library/PrivateFrameworks/ProfileValidatedAppIdentity.framework/XPCServices/ProfileValidatedAppIdentityService.xpc/ProfileValidatedAppIdentityService                                     
25530   /System/Library/PrivateFrameworks/CascadeSets.framework/XPCServices/SetStoreUpdateService.xpc/SetStoreUpdateService                                                                               
25531   /usr/libexec/softposreaderd                                                                                                                                                                       
25532   /System/Library/PrivateFrameworks/CoreParsec.framework/parsec-fbf                                                                                                                                 
25533   /usr/libexec/assetsubscriptiond                                                                                                                                                                   
25535   /usr/libexec/amfid                                                                                                                                                                                
25536   /System/Library/PrivateFrameworks/AutomationMode.framework/AutomationModeUI.app/AutomationModeUI                                                                                                  
25537   /System/Library/PrivateFrameworks/CoreRoutine.framework/XPCServices/CoreRoutineHelperService.xpc/CoreRoutineHelperService                                                                         
25547   /usr/libexec/biomesyncd                                                                                                                                                                           
25549   /System/Library/PrivateFrameworks/NanoTimeKit.framework/nanotimekitcompaniond                                                                                                                     
