Command line invocation:
    /Applications/Xcode.app/Contents/Developer/usr/bin/xcodebuild -project /tmp/nosfy-cartes-runner/NavRuntimeUITests.xcodeproj -scheme NavRuntimeUITests -destination "platform=iOS Simulator,id=ADFE5348-7E75-4E67-9975-E0C409DCAD55" -derivedDataPath /tmp/nosfy-cartes-runner-dd -resultBundlePath /tmp/cartes-ui-ABCD2.xcresult CODE_SIGNING_ALLOWED=NO "-only-testing:NavRuntimeUITests/NavRuntimeUITests/testADeuxPortesEtCollectionVide" "-only-testing:NavRuntimeUITests/NavRuntimeUITests/testBOrangeJusquaCollection" "-only-testing:NavRuntimeUITests/NavRuntimeUITests/testCNoirGratuitEtReconnexion" "-only-testing:NavRuntimeUITests/NavRuntimeUITests/testDDeuxManegesEtInterruption" test

Build settings from command line:
    CODE_SIGNING_ALLOWED = NO

Writing result bundle at path:
	/tmp/cartes-ui-ABCD2.xcresult

ComputePackagePrebuildTargetDependencyGraph

Prepare packages

CreateBuildRequest

SendProjectDescription

CreateBuildOperation

ComputeTargetDependencyGraph
note: Building targets in dependency order
note: Target dependency graph (1 target)
    Target 'NavRuntimeUITests' in project 'NavRuntimeUITests' (no dependencies)

GatherProvisioningInputs

CreateBuildDescription

ClangStatCache /Applications/Xcode.app/Contents/Developer/Toolchains/XcodeDefault.xctoolchain/usr/bin/clang-stat-cache /Applications/Xcode.app/Contents/Developer/Platforms/iPhoneSimulator.platform/Developer/SDKs/iPhoneSimulator26.5.sdk /tmp/nosfy-cartes-runner-dd/SDKStatCaches.noindex/iphonesimulator26.5-23F73-688ef53f1462e2c8f657fdc38a81448f6cfe768891a92b912361537c460fe42b.sdkstatcache
    cd /tmp/nosfy-cartes-runner/NavRuntimeUITests.xcodeproj
    /Applications/Xcode.app/Contents/Developer/Toolchains/XcodeDefault.xctoolchain/usr/bin/clang-stat-cache /Applications/Xcode.app/Contents/Developer/Platforms/iPhoneSimulator.platform/Developer/SDKs/iPhoneSimulator26.5.sdk -o /tmp/nosfy-cartes-runner-dd/SDKStatCaches.noindex/iphonesimulator26.5-23F73-688ef53f1462e2c8f657fdc38a81448f6cfe768891a92b912361537c460fe42b.sdkstatcache

SwiftDriver NavRuntimeUITests normal arm64 com.apple.xcode.tools.swift.compiler (in target 'NavRuntimeUITests' from project 'NavRuntimeUITests')
    cd /tmp/nosfy-cartes-runner
    builtin-SwiftDriver -- /Applications/Xcode.app/Contents/Developer/Toolchains/XcodeDefault.xctoolchain/usr/bin/swiftc -module-name NavRuntimeUITests -Onone @/tmp/nosfy-cartes-runner-dd/Build/Intermediates.noindex/NavRuntimeUITests.build/Debug-iphonesimulator/NavRuntimeUITests.build/Objects-normal/arm64/NavRuntimeUITests.SwiftFileList -DDEBUG -module-alias Testing\=_Testing_Unavailable -plugin-path /Applications/Xcode.app/Contents/Developer/Toolchains/XcodeDefault.xctoolchain/usr/lib/swift/host/plugins/testing -enable-bare-slash-regex -enable-experimental-feature DebugDescriptionMacro -sdk /Applications/Xcode.app/Contents/Developer/Platforms/iPhoneSimulator.platform/Developer/SDKs/iPhoneSimulator26.5.sdk -target arm64-apple-ios26.0-simulator -g -module-cache-path /tmp/nosfy-cartes-runner-dd/ModuleCache.noindex -Xfrontend -serialize-debugging-options -enable-testing -index-store-path /tmp/nosfy-cartes-runner-dd/Index.noindex/DataStore -Xcc -D_LIBCPP_HARDENING_MODE\=_LIBCPP_HARDENING_MODE_DEBUG -swift-version 5 -I /tmp/nosfy-cartes-runner-dd/Build/Products/Debug-iphonesimulator -Isystem /Applications/Xcode.app/Contents/Developer/Platforms/iPhoneSimulator.platform/Developer/usr/lib -F /tmp/nosfy-cartes-runner-dd/Build/Products/Debug-iphonesimulator -F /Applications/Xcode.app/Contents/Developer/Platforms/iPhoneSimulator.platform/Developer/Library/Frameworks -F /Applications/Xcode.app/Contents/Developer/Platforms/iPhoneSimulator.platform/Developer/SDKs/iPhoneSimulator26.5.sdk/Developer/Library/Frameworks -parse-as-library -c -j10 -enable-batch-mode -incremental -Xcc -ivfsstatcache -Xcc /tmp/nosfy-cartes-runner-dd/SDKStatCaches.noindex/iphonesimulator26.5-23F73-688ef53f1462e2c8f657fdc38a81448f6cfe768891a92b912361537c460fe42b.sdkstatcache -output-file-map /tmp/nosfy-cartes-runner-dd/Build/Intermediates.noindex/NavRuntimeUITests.build/Debug-iphonesimulator/NavRuntimeUITests.build/Objects-normal/arm64/NavRuntimeUITests-OutputFileMap.json -use-frontend-parseable-output -save-temps -no-color-diagnostics -explicit-module-build -module-cache-path /tmp/nosfy-cartes-runner-dd/Build/Intermediates.noindex/SwiftExplicitPrecompiledModules -clang-scanner-module-cache-path /tmp/nosfy-cartes-runner-dd/ModuleCache.noindex -sdk-module-cache-path /tmp/nosfy-cartes-runner-dd/ModuleCache.noindex -serialize-diagnostics -emit-dependencies -emit-module -emit-module-path /tmp/nosfy-cartes-runner-dd/Build/Intermediates.noindex/NavRuntimeUITests.build/Debug-iphonesimulator/NavRuntimeUITests.build/Objects-normal/arm64/NavRuntimeUITests.swiftmodule -validate-clang-modules-once -clang-build-session-file /tmp/nosfy-cartes-runner-dd/ModuleCache.noindex/Session.modulevalidation -Xcc -I/tmp/nosfy-cartes-runner-dd/Build/Intermediates.noindex/NavRuntimeUITests.build/Debug-iphonesimulator/NavRuntimeUITests.build/swift-overrides.hmap -emit-const-values -Xfrontend -const-gather-protocols-file -Xfrontend /tmp/nosfy-cartes-runner-dd/Build/Intermediates.noindex/NavRuntimeUITests.build/Debug-iphonesimulator/NavRuntimeUITests.build/Objects-normal/arm64/NavRuntimeUITests_const_extract_protocols.json -Xcc -iquote -Xcc /tmp/nosfy-cartes-runner-dd/Build/Intermediates.noindex/NavRuntimeUITests.build/Debug-iphonesimulator/NavRuntimeUITests.build/NavRuntimeUITests-generated-files.hmap -Xcc -I/tmp/nosfy-cartes-runner-dd/Build/Intermediates.noindex/NavRuntimeUITests.build/Debug-iphonesimulator/NavRuntimeUITests.build/NavRuntimeUITests-own-target-headers.hmap -Xcc -I/tmp/nosfy-cartes-runner-dd/Build/Intermediates.noindex/NavRuntimeUITests.build/Debug-iphonesimulator/NavRuntimeUITests.build/NavRuntimeUITests-all-target-headers.hmap -Xcc -iquote -Xcc /tmp/nosfy-cartes-runner-dd/Build/Intermediates.noindex/NavRuntimeUITests.build/Debug-iphonesimulator/NavRuntimeUITests.build/NavRuntimeUITests-project-headers.hmap -Xcc -I/tmp/nosfy-cartes-runner-dd/Build/Products/Debug-iphonesimulator/include -Xcc -I/tmp/nosfy-cartes-runner-dd/Build/Intermediates.noindex/NavRuntimeUITests.build/Debug-iphonesimulator/NavRuntimeUITests.build/DerivedSources-normal/arm64 -Xcc -I/tmp/nosfy-cartes-runner-dd/Build/Intermediates.noindex/NavRuntimeUITests.build/Debug-iphonesimulator/NavRuntimeUITests.build/DerivedSources/arm64 -Xcc -I/tmp/nosfy-cartes-runner-dd/Build/Intermediates.noindex/NavRuntimeUITests.build/Debug-iphonesimulator/NavRuntimeUITests.build/DerivedSources -Xcc -DDEBUG\=1 -emit-objc-header -emit-objc-header-path /tmp/nosfy-cartes-runner-dd/Build/Intermediates.noindex/NavRuntimeUITests.build/Debug-iphonesimulator/NavRuntimeUITests.build/Objects-normal/arm64/NavRuntimeUITests-Swift.h -working-directory /tmp/nosfy-cartes-runner -experimental-emit-module-separately -disable-cmo

SwiftCompile normal arm64 Compiling\ NavRuntimeUITests.swift /tmp/nosfy-cartes-runner/NavRuntimeUITests.swift (in target 'NavRuntimeUITests' from project 'NavRuntimeUITests')

SwiftCompile normal arm64 /tmp/nosfy-cartes-runner/NavRuntimeUITests.swift (in target 'NavRuntimeUITests' from project 'NavRuntimeUITests')
    cd /tmp/nosfy-cartes-runner
    

SwiftEmitModule normal arm64 Emitting\ module\ for\ NavRuntimeUITests (in target 'NavRuntimeUITests' from project 'NavRuntimeUITests')

SwiftCompile normal arm64 /tmp/nosfy-cartes-runner/NavRuntimeUITests.swift (in target 'NavRuntimeUITests' from project 'NavRuntimeUITests')
    cd /tmp/nosfy-cartes-runner
    

SwiftDriverJobDiscovery normal arm64 Compiling NavRuntimeUITests.swift (in target 'NavRuntimeUITests' from project 'NavRuntimeUITests')

SwiftDriver\ Compilation NavRuntimeUITests normal arm64 com.apple.xcode.tools.swift.compiler (in target 'NavRuntimeUITests' from project 'NavRuntimeUITests')
    cd /tmp/nosfy-cartes-runner
    builtin-Swift-Compilation -- /Applications/Xcode.app/Contents/Developer/Toolchains/XcodeDefault.xctoolchain/usr/bin/swiftc -module-name NavRuntimeUITests -Onone @/tmp/nosfy-cartes-runner-dd/Build/Intermediates.noindex/NavRuntimeUITests.build/Debug-iphonesimulator/NavRuntimeUITests.build/Objects-normal/arm64/NavRuntimeUITests.SwiftFileList -DDEBUG -module-alias Testing\=_Testing_Unavailable -plugin-path /Applications/Xcode.app/Contents/Developer/Toolchains/XcodeDefault.xctoolchain/usr/lib/swift/host/plugins/testing -enable-bare-slash-regex -enable-experimental-feature DebugDescriptionMacro -sdk /Applications/Xcode.app/Contents/Developer/Platforms/iPhoneSimulator.platform/Developer/SDKs/iPhoneSimulator26.5.sdk -target arm64-apple-ios26.0-simulator -g -module-cache-path /tmp/nosfy-cartes-runner-dd/ModuleCache.noindex -Xfrontend -serialize-debugging-options -enable-testing -index-store-path /tmp/nosfy-cartes-runner-dd/Index.noindex/DataStore -Xcc -D_LIBCPP_HARDENING_MODE\=_LIBCPP_HARDENING_MODE_DEBUG -swift-version 5 -I /tmp/nosfy-cartes-runner-dd/Build/Products/Debug-iphonesimulator -Isystem /Applications/Xcode.app/Contents/Developer/Platforms/iPhoneSimulator.platform/Developer/usr/lib -F /tmp/nosfy-cartes-runner-dd/Build/Products/Debug-iphonesimulator -F /Applications/Xcode.app/Contents/Developer/Platforms/iPhoneSimulator.platform/Developer/Library/Frameworks -F /Applications/Xcode.app/Contents/Developer/Platforms/iPhoneSimulator.platform/Developer/SDKs/iPhoneSimulator26.5.sdk/Developer/Library/Frameworks -parse-as-library -c -j10 -enable-batch-mode -incremental -Xcc -ivfsstatcache -Xcc /tmp/nosfy-cartes-runner-dd/SDKStatCaches.noindex/iphonesimulator26.5-23F73-688ef53f1462e2c8f657fdc38a81448f6cfe768891a92b912361537c460fe42b.sdkstatcache -output-file-map /tmp/nosfy-cartes-runner-dd/Build/Intermediates.noindex/NavRuntimeUITests.build/Debug-iphonesimulator/NavRuntimeUITests.build/Objects-normal/arm64/NavRuntimeUITests-OutputFileMap.json -use-frontend-parseable-output -save-temps -no-color-diagnostics -explicit-module-build -module-cache-path /tmp/nosfy-cartes-runner-dd/Build/Intermediates.noindex/SwiftExplicitPrecompiledModules -clang-scanner-module-cache-path /tmp/nosfy-cartes-runner-dd/ModuleCache.noindex -sdk-module-cache-path /tmp/nosfy-cartes-runner-dd/ModuleCache.noindex -serialize-diagnostics -emit-dependencies -emit-module -emit-module-path /tmp/nosfy-cartes-runner-dd/Build/Intermediates.noindex/NavRuntimeUITests.build/Debug-iphonesimulator/NavRuntimeUITests.build/Objects-normal/arm64/NavRuntimeUITests.swiftmodule -validate-clang-modules-once -clang-build-session-file /tmp/nosfy-cartes-runner-dd/ModuleCache.noindex/Session.modulevalidation -Xcc -I/tmp/nosfy-cartes-runner-dd/Build/Intermediates.noindex/NavRuntimeUITests.build/Debug-iphonesimulator/NavRuntimeUITests.build/swift-overrides.hmap -emit-const-values -Xfrontend -const-gather-protocols-file -Xfrontend /tmp/nosfy-cartes-runner-dd/Build/Intermediates.noindex/NavRuntimeUITests.build/Debug-iphonesimulator/NavRuntimeUITests.build/Objects-normal/arm64/NavRuntimeUITests_const_extract_protocols.json -Xcc -iquote -Xcc /tmp/nosfy-cartes-runner-dd/Build/Intermediates.noindex/NavRuntimeUITests.build/Debug-iphonesimulator/NavRuntimeUITests.build/NavRuntimeUITests-generated-files.hmap -Xcc -I/tmp/nosfy-cartes-runner-dd/Build/Intermediates.noindex/NavRuntimeUITests.build/Debug-iphonesimulator/NavRuntimeUITests.build/NavRuntimeUITests-own-target-headers.hmap -Xcc -I/tmp/nosfy-cartes-runner-dd/Build/Intermediates.noindex/NavRuntimeUITests.build/Debug-iphonesimulator/NavRuntimeUITests.build/NavRuntimeUITests-all-target-headers.hmap -Xcc -iquote -Xcc /tmp/nosfy-cartes-runner-dd/Build/Intermediates.noindex/NavRuntimeUITests.build/Debug-iphonesimulator/NavRuntimeUITests.build/NavRuntimeUITests-project-headers.hmap -Xcc -I/tmp/nosfy-cartes-runner-dd/Build/Products/Debug-iphonesimulator/include -Xcc -I/tmp/nosfy-cartes-runner-dd/Build/Intermediates.noindex/NavRuntimeUITests.build/Debug-iphonesimulator/NavRuntimeUITests.build/DerivedSources-normal/arm64 -Xcc -I/tmp/nosfy-cartes-runner-dd/Build/Intermediates.noindex/NavRuntimeUITests.build/Debug-iphonesimulator/NavRuntimeUITests.build/DerivedSources/arm64 -Xcc -I/tmp/nosfy-cartes-runner-dd/Build/Intermediates.noindex/NavRuntimeUITests.build/Debug-iphonesimulator/NavRuntimeUITests.build/DerivedSources -Xcc -DDEBUG\=1 -emit-objc-header -emit-objc-header-path /tmp/nosfy-cartes-runner-dd/Build/Intermediates.noindex/NavRuntimeUITests.build/Debug-iphonesimulator/NavRuntimeUITests.build/Objects-normal/arm64/NavRuntimeUITests-Swift.h -working-directory /tmp/nosfy-cartes-runner -experimental-emit-module-separately -disable-cmo

SwiftDriverJobDiscovery normal arm64 Emitting module for NavRuntimeUITests (in target 'NavRuntimeUITests' from project 'NavRuntimeUITests')

SwiftDriver\ Compilation\ Requirements NavRuntimeUITests normal arm64 com.apple.xcode.tools.swift.compiler (in target 'NavRuntimeUITests' from project 'NavRuntimeUITests')
    cd /tmp/nosfy-cartes-runner
    builtin-Swift-Compilation-Requirements -- /Applications/Xcode.app/Contents/Developer/Toolchains/XcodeDefault.xctoolchain/usr/bin/swiftc -module-name NavRuntimeUITests -Onone @/tmp/nosfy-cartes-runner-dd/Build/Intermediates.noindex/NavRuntimeUITests.build/Debug-iphonesimulator/NavRuntimeUITests.build/Objects-normal/arm64/NavRuntimeUITests.SwiftFileList -DDEBUG -module-alias Testing\=_Testing_Unavailable -plugin-path /Applications/Xcode.app/Contents/Developer/Toolchains/XcodeDefault.xctoolchain/usr/lib/swift/host/plugins/testing -enable-bare-slash-regex -enable-experimental-feature DebugDescriptionMacro -sdk /Applications/Xcode.app/Contents/Developer/Platforms/iPhoneSimulator.platform/Developer/SDKs/iPhoneSimulator26.5.sdk -target arm64-apple-ios26.0-simulator -g -module-cache-path /tmp/nosfy-cartes-runner-dd/ModuleCache.noindex -Xfrontend -serialize-debugging-options -enable-testing -index-store-path /tmp/nosfy-cartes-runner-dd/Index.noindex/DataStore -Xcc -D_LIBCPP_HARDENING_MODE\=_LIBCPP_HARDENING_MODE_DEBUG -swift-version 5 -I /tmp/nosfy-cartes-runner-dd/Build/Products/Debug-iphonesimulator -Isystem /Applications/Xcode.app/Contents/Developer/Platforms/iPhoneSimulator.platform/Developer/usr/lib -F /tmp/nosfy-cartes-runner-dd/Build/Products/Debug-iphonesimulator -F /Applications/Xcode.app/Contents/Developer/Platforms/iPhoneSimulator.platform/Developer/Library/Frameworks -F /Applications/Xcode.app/Contents/Developer/Platforms/iPhoneSimulator.platform/Developer/SDKs/iPhoneSimulator26.5.sdk/Developer/Library/Frameworks -parse-as-library -c -j10 -enable-batch-mode -incremental -Xcc -ivfsstatcache -Xcc /tmp/nosfy-cartes-runner-dd/SDKStatCaches.noindex/iphonesimulator26.5-23F73-688ef53f1462e2c8f657fdc38a81448f6cfe768891a92b912361537c460fe42b.sdkstatcache -output-file-map /tmp/nosfy-cartes-runner-dd/Build/Intermediates.noindex/NavRuntimeUITests.build/Debug-iphonesimulator/NavRuntimeUITests.build/Objects-normal/arm64/NavRuntimeUITests-OutputFileMap.json -use-frontend-parseable-output -save-temps -no-color-diagnostics -explicit-module-build -module-cache-path /tmp/nosfy-cartes-runner-dd/Build/Intermediates.noindex/SwiftExplicitPrecompiledModules -clang-scanner-module-cache-path /tmp/nosfy-cartes-runner-dd/ModuleCache.noindex -sdk-module-cache-path /tmp/nosfy-cartes-runner-dd/ModuleCache.noindex -serialize-diagnostics -emit-dependencies -emit-module -emit-module-path /tmp/nosfy-cartes-runner-dd/Build/Intermediates.noindex/NavRuntimeUITests.build/Debug-iphonesimulator/NavRuntimeUITests.build/Objects-normal/arm64/NavRuntimeUITests.swiftmodule -validate-clang-modules-once -clang-build-session-file /tmp/nosfy-cartes-runner-dd/ModuleCache.noindex/Session.modulevalidation -Xcc -I/tmp/nosfy-cartes-runner-dd/Build/Intermediates.noindex/NavRuntimeUITests.build/Debug-iphonesimulator/NavRuntimeUITests.build/swift-overrides.hmap -emit-const-values -Xfrontend -const-gather-protocols-file -Xfrontend /tmp/nosfy-cartes-runner-dd/Build/Intermediates.noindex/NavRuntimeUITests.build/Debug-iphonesimulator/NavRuntimeUITests.build/Objects-normal/arm64/NavRuntimeUITests_const_extract_protocols.json -Xcc -iquote -Xcc /tmp/nosfy-cartes-runner-dd/Build/Intermediates.noindex/NavRuntimeUITests.build/Debug-iphonesimulator/NavRuntimeUITests.build/NavRuntimeUITests-generated-files.hmap -Xcc -I/tmp/nosfy-cartes-runner-dd/Build/Intermediates.noindex/NavRuntimeUITests.build/Debug-iphonesimulator/NavRuntimeUITests.build/NavRuntimeUITests-own-target-headers.hmap -Xcc -I/tmp/nosfy-cartes-runner-dd/Build/Intermediates.noindex/NavRuntimeUITests.build/Debug-iphonesimulator/NavRuntimeUITests.build/NavRuntimeUITests-all-target-headers.hmap -Xcc -iquote -Xcc /tmp/nosfy-cartes-runner-dd/Build/Intermediates.noindex/NavRuntimeUITests.build/Debug-iphonesimulator/NavRuntimeUITests.build/NavRuntimeUITests-project-headers.hmap -Xcc -I/tmp/nosfy-cartes-runner-dd/Build/Products/Debug-iphonesimulator/include -Xcc -I/tmp/nosfy-cartes-runner-dd/Build/Intermediates.noindex/NavRuntimeUITests.build/Debug-iphonesimulator/NavRuntimeUITests.build/DerivedSources-normal/arm64 -Xcc -I/tmp/nosfy-cartes-runner-dd/Build/Intermediates.noindex/NavRuntimeUITests.build/Debug-iphonesimulator/NavRuntimeUITests.build/DerivedSources/arm64 -Xcc -I/tmp/nosfy-cartes-runner-dd/Build/Intermediates.noindex/NavRuntimeUITests.build/Debug-iphonesimulator/NavRuntimeUITests.build/DerivedSources -Xcc -DDEBUG\=1 -emit-objc-header -emit-objc-header-path /tmp/nosfy-cartes-runner-dd/Build/Intermediates.noindex/NavRuntimeUITests.build/Debug-iphonesimulator/NavRuntimeUITests.build/Objects-normal/arm64/NavRuntimeUITests-Swift.h -working-directory /tmp/nosfy-cartes-runner -experimental-emit-module-separately -disable-cmo

Copy /tmp/nosfy-cartes-runner-dd/Build/Products/Debug-iphonesimulator/NavRuntimeUITests.swiftmodule/Project/arm64-apple-ios-simulator.swiftsourceinfo /tmp/nosfy-cartes-runner-dd/Build/Intermediates.noindex/NavRuntimeUITests.build/Debug-iphonesimulator/NavRuntimeUITests.build/Objects-normal/arm64/NavRuntimeUITests.swiftsourceinfo (in target 'NavRuntimeUITests' from project 'NavRuntimeUITests')
    cd /tmp/nosfy-cartes-runner
    builtin-copy -exclude .DS_Store -exclude CVS -exclude .svn -exclude .git -exclude .hg -resolve-src-symlinks -rename /tmp/nosfy-cartes-runner-dd/Build/Intermediates.noindex/NavRuntimeUITests.build/Debug-iphonesimulator/NavRuntimeUITests.build/Objects-normal/arm64/NavRuntimeUITests.swiftsourceinfo /tmp/nosfy-cartes-runner-dd/Build/Products/Debug-iphonesimulator/NavRuntimeUITests.swiftmodule/Project/arm64-apple-ios-simulator.swiftsourceinfo

Copy /tmp/nosfy-cartes-runner-dd/Build/Products/Debug-iphonesimulator/NavRuntimeUITests.swiftmodule/arm64-apple-ios-simulator.abi.json /tmp/nosfy-cartes-runner-dd/Build/Intermediates.noindex/NavRuntimeUITests.build/Debug-iphonesimulator/NavRuntimeUITests.build/Objects-normal/arm64/NavRuntimeUITests.abi.json (in target 'NavRuntimeUITests' from project 'NavRuntimeUITests')
    cd /tmp/nosfy-cartes-runner
    builtin-copy -exclude .DS_Store -exclude CVS -exclude .svn -exclude .git -exclude .hg -resolve-src-symlinks -rename /tmp/nosfy-cartes-runner-dd/Build/Intermediates.noindex/NavRuntimeUITests.build/Debug-iphonesimulator/NavRuntimeUITests.build/Objects-normal/arm64/NavRuntimeUITests.abi.json /tmp/nosfy-cartes-runner-dd/Build/Products/Debug-iphonesimulator/NavRuntimeUITests.swiftmodule/arm64-apple-ios-simulator.abi.json

Ld /tmp/nosfy-cartes-runner-dd/Build/Products/Debug-iphonesimulator/NavRuntimeUITests-Runner.app/PlugIns/NavRuntimeUITests.xctest/NavRuntimeUITests normal (in target 'NavRuntimeUITests' from project 'NavRuntimeUITests')
    cd /tmp/nosfy-cartes-runner
    /Applications/Xcode.app/Contents/Developer/Toolchains/XcodeDefault.xctoolchain/usr/bin/clang -Xlinker -reproducible -target arm64-apple-ios26.0-simulator -bundle -isysroot /Applications/Xcode.app/Contents/Developer/Platforms/iPhoneSimulator.platform/Developer/SDKs/iPhoneSimulator26.5.sdk -O0 -L/tmp/nosfy-cartes-runner-dd/Build/Intermediates.noindex/EagerLinkingTBDs/Debug-iphonesimulator -L/tmp/nosfy-cartes-runner-dd/Build/Products/Debug-iphonesimulator -L/Applications/Xcode.app/Contents/Developer/Platforms/iPhoneSimulator.platform/Developer/usr/lib -F/tmp/nosfy-cartes-runner-dd/Build/Intermediates.noindex/EagerLinkingTBDs/Debug-iphonesimulator -F/tmp/nosfy-cartes-runner-dd/Build/Products/Debug-iphonesimulator -iframework /Applications/Xcode.app/Contents/Developer/Platforms/iPhoneSimulator.platform/Developer/Library/Frameworks -iframework /Applications/Xcode.app/Contents/Developer/Platforms/iPhoneSimulator.platform/Developer/SDKs/iPhoneSimulator26.5.sdk/Developer/Library/Frameworks -filelist /tmp/nosfy-cartes-runner-dd/Build/Intermediates.noindex/NavRuntimeUITests.build/Debug-iphonesimulator/NavRuntimeUITests.build/Objects-normal/arm64/NavRuntimeUITests.LinkFileList -Xlinker -rpath -Xlinker @loader_path/Frameworks -Xlinker -dead_strip -Xlinker -object_path_lto -Xlinker /tmp/nosfy-cartes-runner-dd/Build/Intermediates.noindex/NavRuntimeUITests.build/Debug-iphonesimulator/NavRuntimeUITests.build/Objects-normal/arm64/NavRuntimeUITests_lto.o -rdynamic -Xlinker -no_deduplicate -Xlinker -objc_abi_version -Xlinker 2 -Xlinker -dependency_info -Xlinker /tmp/nosfy-cartes-runner-dd/Build/Intermediates.noindex/NavRuntimeUITests.build/Debug-iphonesimulator/NavRuntimeUITests.build/Objects-normal/arm64/NavRuntimeUITests_dependency_info.dat -fobjc-link-runtime -L/Applications/Xcode.app/Contents/Developer/Toolchains/XcodeDefault.xctoolchain/usr/lib/swift/iphonesimulator -L/usr/lib/swift -Xlinker -add_ast_path -Xlinker /tmp/nosfy-cartes-runner-dd/Build/Intermediates.noindex/NavRuntimeUITests.build/Debug-iphonesimulator/NavRuntimeUITests.build/Objects-normal/arm64/NavRuntimeUITests.swiftmodule @/tmp/nosfy-cartes-runner-dd/Build/Intermediates.noindex/NavRuntimeUITests.build/Debug-iphonesimulator/NavRuntimeUITests.build/Objects-normal/arm64/NavRuntimeUITests-linker-args.resp -Xlinker -needed_framework -Xlinker XCTest -framework XCTest -Xlinker -needed-lXCTestSwiftSupport -lXCTestSwiftSupport -framework Foundation -o /tmp/nosfy-cartes-runner-dd/Build/Products/Debug-iphonesimulator/NavRuntimeUITests-Runner.app/PlugIns/NavRuntimeUITests.xctest/NavRuntimeUITests

ExtractAppIntentsMetadata (in target 'NavRuntimeUITests' from project 'NavRuntimeUITests')
    cd /tmp/nosfy-cartes-runner
    /Applications/Xcode.app/Contents/Developer/Toolchains/XcodeDefault.xctoolchain/usr/bin/appintentsmetadataprocessor --toolchain-dir /var/run/com.apple.security.cryptexd/mnt/com.apple.MobileAsset.MetalToolchain-v17.6.42.0.BA5Ggr/Metal.xctoolchain --module-name NavRuntimeUITests --sdk-root /Applications/Xcode.app/Contents/Developer/Platforms/iPhoneSimulator.platform/Developer/SDKs/iPhoneSimulator26.5.sdk --xcode-version 17F42 --platform-family iOS --deployment-target 26.0 --bundle-identifier fr.kathryn.woop.NavRuntimeUITests --output /tmp/nosfy-cartes-runner-dd/Build/Products/Debug-iphonesimulator/NavRuntimeUITests-Runner.app/PlugIns/NavRuntimeUITests.xctest --target-triple arm64-apple-ios26.0-simulator --binary-file /tmp/nosfy-cartes-runner-dd/Build/Products/Debug-iphonesimulator/NavRuntimeUITests-Runner.app/PlugIns/NavRuntimeUITests.xctest/NavRuntimeUITests --dependency-file /tmp/nosfy-cartes-runner-dd/Build/Intermediates.noindex/NavRuntimeUITests.build/Debug-iphonesimulator/NavRuntimeUITests.build/Objects-normal/arm64/NavRuntimeUITests_dependency_info.dat --stringsdata-file /tmp/nosfy-cartes-runner-dd/Build/Intermediates.noindex/NavRuntimeUITests.build/Debug-iphonesimulator/NavRuntimeUITests.build/Objects-normal/arm64/ExtractedAppShortcutsMetadata.stringsdata --source-file-list /tmp/nosfy-cartes-runner-dd/Build/Intermediates.noindex/NavRuntimeUITests.build/Debug-iphonesimulator/NavRuntimeUITests.build/Objects-normal/arm64/NavRuntimeUITests.SwiftFileList --metadata-file-list /tmp/nosfy-cartes-runner-dd/Build/Intermediates.noindex/NavRuntimeUITests.build/Debug-iphonesimulator/NavRuntimeUITests.build/NavRuntimeUITests.DependencyMetadataFileList --static-metadata-file-list /tmp/nosfy-cartes-runner-dd/Build/Intermediates.noindex/NavRuntimeUITests.build/Debug-iphonesimulator/NavRuntimeUITests.build/NavRuntimeUITests.DependencyStaticMetadataFileList --swift-const-vals-list /tmp/nosfy-cartes-runner-dd/Build/Intermediates.noindex/NavRuntimeUITests.build/Debug-iphonesimulator/NavRuntimeUITests.build/Objects-normal/arm64/NavRuntimeUITests.SwiftConstValuesFileList --compile-time-extraction --deployment-aware-processing --validate-assistant-intents --no-app-shortcuts-localization
2026-09-18 12:37:55.170 appintentsmetadataprocessor[2192:19148186] Starting appintentsmetadataprocessor export
2026-09-18 12:37:55.171 appintentsmetadataprocessor[2192:19148186] warning: Metadata extraction skipped. No AppIntents.framework dependency found.

CopySwiftLibs /tmp/nosfy-cartes-runner-dd/Build/Products/Debug-iphonesimulator/NavRuntimeUITests-Runner.app/PlugIns/NavRuntimeUITests.xctest (in target 'NavRuntimeUITests' from project 'NavRuntimeUITests')
    cd /tmp/nosfy-cartes-runner
    builtin-swiftStdLibTool --copy --verbose --scan-executable /tmp/nosfy-cartes-runner-dd/Build/Products/Debug-iphonesimulator/NavRuntimeUITests-Runner.app/PlugIns/NavRuntimeUITests.xctest/NavRuntimeUITests --scan-folder /tmp/nosfy-cartes-runner-dd/Build/Products/Debug-iphonesimulator/NavRuntimeUITests-Runner.app/PlugIns/NavRuntimeUITests.xctest/Frameworks --scan-folder /tmp/nosfy-cartes-runner-dd/Build/Products/Debug-iphonesimulator/NavRuntimeUITests-Runner.app/PlugIns/NavRuntimeUITests.xctest/PlugIns --scan-folder /tmp/nosfy-cartes-runner-dd/Build/Products/Debug-iphonesimulator/NavRuntimeUITests-Runner.app/PlugIns/NavRuntimeUITests.xctest/SystemExtensions --scan-folder /tmp/nosfy-cartes-runner-dd/Build/Products/Debug-iphonesimulator/NavRuntimeUITests-Runner.app/PlugIns/NavRuntimeUITests.xctest/Extensions --scan-folder /Applications/Xcode.app/Contents/Developer/Platforms/iPhoneSimulator.platform/Developer/SDKs/iPhoneSimulator26.5.sdk/System/Library/Frameworks/Foundation.framework --platform iphonesimulator --toolchain /var/run/com.apple.security.cryptexd/mnt/com.apple.MobileAsset.MetalToolchain-v17.6.42.0.BA5Ggr/Metal.xctoolchain --toolchain /Applications/Xcode.app/Contents/Developer/Toolchains/XcodeDefault.xctoolchain --destination /tmp/nosfy-cartes-runner-dd/Build/Products/Debug-iphonesimulator/NavRuntimeUITests-Runner.app/PlugIns/NavRuntimeUITests.xctest/Frameworks --strip-bitcode --scan-executable /Applications/Xcode.app/Contents/Developer/Platforms/iPhoneSimulator.platform/Developer/usr/lib/libXCTestSwiftSupport.dylib --strip-bitcode-tool /Applications/Xcode.app/Contents/Developer/Toolchains/XcodeDefault.xctoolchain/usr/bin/bitcode_strip --emit-dependency-info /tmp/nosfy-cartes-runner-dd/Build/Intermediates.noindex/NavRuntimeUITests.build/Debug-iphonesimulator/NavRuntimeUITests.build/SwiftStdLibToolInputDependencies.dep --filter-for-swift-os
Ignoring --strip-bitcode because --sign was not passed

2026-09-18 12:37:56.012921+0200 NavRuntimeUITests-Runner[2193:19148209] [Default] Running tests...
    t =      nans Interface orientation changed to Portrait
Test Suite 'Selected tests' started at 2026-09-18 12:37:56.421.
Test Suite 'NavRuntimeUITests.xctest' started at 2026-09-18 12:37:56.422.
Test Suite 'NavRuntimeUITests' started at 2026-09-18 12:37:56.422.
Test Case '-[NavRuntimeUITests.NavRuntimeUITests testADeuxPortesEtCollectionVide]' started.
    t =     0.00s Start Test at 2026-09-18 12:37:56.422
    t =     0.02s Set Up
    t =     0.02s Open fr.kathryn.woop
    t =     0.02s     Launch fr.kathryn.woop
    t =     0.09s         Setting up automation session
    t =     0.57s         Wait for fr.kathryn.woop to idle
objc[2193]: Class UIAccessibilityLoaderWebShared is implemented in both /Library/Developer/CoreSimulator/Volumes/iOS_23F77/Library/Developer/CoreSimulator/Profiles/Runtimes/iOS 26.5.simruntime/Contents/Resources/RuntimeRoot/System/Library/AccessibilityBundles/WebCore.axbundle/WebCore (0x10ac88310) and /Library/Developer/CoreSimulator/Volumes/iOS_23F77/Library/Developer/CoreSimulator/Profiles/Runtimes/iOS 26.5.simruntime/Contents/Resources/RuntimeRoot/System/Library/AccessibilityBundles/WebKit.axbundle/WebKit (0x10a52c398). This may cause spurious casting failures and mysterious crashes. One of the duplicates must be removed or renamed.
    t =     1.73s Waiting 6.0s for Button (First Match) to exist
    t =     2.79s     Checking `Expect predicate `existsNoRetry == 1` for object Button (First Match)`
    t =     2.80s         Checking existence of `Button (First Match)`
    t =     2.88s         Capturing element debug description
    t =     3.81s     Checking `Expect predicate `existsNoRetry == 1` for object Button (First Match)`
    t =     3.81s         Checking existence of `Button (First Match)`
    t =     3.85s         Capturing element debug description
    t =     4.78s     Checking `Expect predicate `existsNoRetry == 1` for object Button (First Match)`
    t =     4.78s         Checking existence of `Button (First Match)`
    t =     4.82s         Capturing element debug description
    t =     5.73s     Checking `Expect predicate `existsNoRetry == 1` for object Button (First Match)`
    t =     5.73s         Checking existence of `Button (First Match)`
    t =     5.77s         Capturing element debug description
    t =     6.81s     Checking `Expect predicate `existsNoRetry == 1` for object Button (First Match)`
    t =     6.81s         Checking existence of `Button (First Match)`
    t =     6.85s         Capturing element debug description
    t =     7.73s     Checking `Expect predicate `existsNoRetry == 1` for object Button (First Match)`
    t =     7.73s         Checking existence of `Button (First Match)`
    t =     7.78s         Capturing element debug description
    t =     7.78s     Checking existence of `Button (First Match)`
    t =     7.81s Collecting debug information to assist test failure triage
    t =     7.81s     Requesting snapshot of accessibility hierarchy for app with pid 2198
    t =     7.87s Waiting 60.0s for "profil-booster-orange" Button to exist
    t =     8.90s     Checking `Expect predicate `existsNoRetry == 1` for object "profil-booster-orange" Button`
    t =     8.90s         Checking existence of `"profil-booster-orange" Button`
    t =     8.94s Checking existence of `"profil-booster-noir" Button`
    t =     8.96s Find the "cartes-qa-collection" StaticText
    t =     8.98s Find the Application 'fr.kathryn.woop'
    t =     9.13s Added attachment named 'profil-vide-deux-stocks'
    t =     9.13s Tap "profil-booster-orange" Button
    t =     9.13s     Wait for fr.kathryn.woop to idle
    t =     9.13s     Find the "profil-booster-orange" Button
    t =     9.15s     Check for interrupting elements affecting "profil-booster-orange" Button
    t =     9.18s     Synthesize event
    t =     9.47s     Wait for fr.kathryn.woop to idle
    t =    10.25s Waiting 8.0s for Button (First Match) to exist
    t =    11.28s     Checking `Expect predicate `existsNoRetry == 1` for object Button (First Match)`
    t =    11.28s         Checking existence of `Button (First Match)`
    t =    11.33s         Capturing element debug description
    t =    12.26s     Checking `Expect predicate `existsNoRetry == 1` for object Button (First Match)`
    t =    12.26s         Checking existence of `Button (First Match)`
    t =    12.31s         Capturing element debug description
    t =    13.35s     Checking `Expect predicate `existsNoRetry == 1` for object Button (First Match)`
    t =    13.35s         Checking existence of `Button (First Match)`
    t =    13.38s         Capturing element debug description
    t =    14.31s     Checking `Expect predicate `existsNoRetry == 1` for object Button (First Match)`
    t =    14.31s         Checking existence of `Button (First Match)`
    t =    14.35s         Capturing element debug description
    t =    15.28s     Checking `Expect predicate `existsNoRetry == 1` for object Button (First Match)`
    t =    15.28s         Checking existence of `Button (First Match)`
    t =    15.29s Find the Application 'fr.kathryn.woop'
    t =    15.58s Added attachment named 'coffre-orange'
    t =    15.59s Terminate fr.kathryn.woop:2198
    t =    16.63s Tear Down
Test Case '-[NavRuntimeUITests.NavRuntimeUITests testADeuxPortesEtCollectionVide]' passed (16.750 seconds).
Test Case '-[NavRuntimeUITests.NavRuntimeUITests testBOrangeJusquaCollection]' started.
    t =     0.00s Start Test at 2026-09-18 12:38:13.174
    t =     0.01s Set Up
    t =     0.01s Open fr.kathryn.woop
    t =     0.01s     Launch fr.kathryn.woop
    t =     0.11s         Setting up automation session
    t =     0.50s         Wait for fr.kathryn.woop to idle
    t =     1.66s Waiting 6.0s for Button (First Match) to exist
    t =     2.68s     Checking `Expect predicate `existsNoRetry == 1` for object Button (First Match)`
    t =     2.68s         Checking existence of `Button (First Match)`
    t =     2.77s         Capturing element debug description
    t =     3.70s     Checking `Expect predicate `existsNoRetry == 1` for object Button (First Match)`
    t =     3.70s         Checking existence of `Button (First Match)`
    t =     3.73s         Capturing element debug description
    t =     4.66s     Checking `Expect predicate `existsNoRetry == 1` for object Button (First Match)`
    t =     4.66s         Checking existence of `Button (First Match)`
    t =     4.70s         Capturing element debug description
    t =     5.73s     Checking `Expect predicate `existsNoRetry == 1` for object Button (First Match)`
    t =     5.73s         Checking existence of `Button (First Match)`
    t =     5.77s         Capturing element debug description
    t =     6.70s     Checking `Expect predicate `existsNoRetry == 1` for object Button (First Match)`
    t =     6.70s         Checking existence of `Button (First Match)`
    t =     6.74s         Capturing element debug description
    t =     7.66s     Checking `Expect predicate `existsNoRetry == 1` for object Button (First Match)`
    t =     7.66s         Checking existence of `Button (First Match)`
    t =     7.70s         Capturing element debug description
    t =     7.70s     Checking existence of `Button (First Match)`
    t =     7.73s Collecting debug information to assist test failure triage
    t =     7.73s     Requesting snapshot of accessibility hierarchy for app with pid 2239
    t =     7.79s Waiting 35.0s for "profil-booster-orange" Button to exist
    t =     8.82s     Checking `Expect predicate `existsNoRetry == 1` for object "profil-booster-orange" Button`
    t =     8.82s         Checking existence of `"profil-booster-orange" Button`
    t =     8.85s Tap "profil-booster-orange" Button
    t =     8.85s     Wait for fr.kathryn.woop to idle
    t =     8.85s     Find the "profil-booster-orange" Button
    t =     8.87s     Check for interrupting elements affecting "profil-booster-orange" Button
    t =     8.90s     Synthesize event
    t =     9.20s     Wait for fr.kathryn.woop to idle
    t =    10.00s Waiting 8.0s for Button (First Match) to exist
    t =    11.03s     Checking `Expect predicate `existsNoRetry == 1` for object Button (First Match)`
    t =    11.03s         Checking existence of `Button (First Match)`
    t =    11.08s         Capturing element debug description
    t =    12.02s     Checking `Expect predicate `existsNoRetry == 1` for object Button (First Match)`
    t =    12.02s         Checking existence of `Button (First Match)`
    t =    12.06s         Capturing element debug description
    t =    13.00s     Checking `Expect predicate `existsNoRetry == 1` for object Button (First Match)`
    t =    13.00s         Checking existence of `Button (First Match)`
    t =    13.04s         Capturing element debug description
    t =    14.07s     Checking `Expect predicate `existsNoRetry == 1` for object Button (First Match)`
    t =    14.07s         Checking existence of `Button (First Match)`
    t =    14.10s         Capturing element debug description
    t =    15.03s     Checking `Expect predicate `existsNoRetry == 1` for object Button (First Match)`
    t =    15.03s         Checking existence of `Button (First Match)`
    t =    15.04s Tap Button (First Match)[0.50, 0.50]
    t =    15.04s     Wait for fr.kathryn.woop to idle
    t =    15.04s     Find the Button (First Match)
    t =    15.05s     Check for interrupting elements affecting "OUVRIR" Button
    t =    15.08s     Synthesize event
    t =    15.09s         Find the "OUVRIR" Button
    t =    15.10s         Find the "OUVRIR" Button
    t =    15.11s         Find the "OUVRIR" Button
    t =    15.40s     Wait for fr.kathryn.woop to idle
    t =    15.72s Find the Application 'fr.kathryn.woop'
    t =    15.84s Added attachment named 'apres-ouvrir'
    t =    15.84s Waiting 10.0s for "cartes-qa-ouverture" StaticText to exist
    t =    16.88s     Checking `Expect predicate `existsNoRetry == 1` for object "cartes-qa-ouverture" StaticText`
    t =    16.88s         Checking existence of `"cartes-qa-ouverture" StaticText`
    t =    17.93s Checking `Expect predicate `label CONTAINS "revelee=true"` for object "cartes-qa-ouverture" StaticText`
    t =    17.93s     Find the "cartes-qa-ouverture" StaticText
    t =    17.95s     Capturing element debug description
    t =    17.98s         Requesting snapshot of accessibility hierarchy for app with pid 2239
    t =    18.01s         Find: Descendants matching type StaticText
    t =    18.01s         Find: Elements matching predicate '"cartes-qa-ouverture" IN identifiers'
    t =    18.01s         Requesting snapshot of accessibility hierarchy for app with pid 2239
    t =    18.05s         Find: Descendants matching type StaticText
    t =    18.05s         Requesting snapshot of accessibility hierarchy for app with pid 2239
    t =    18.95s Checking `Expect predicate `label CONTAINS "revelee=true"` for object "cartes-qa-ouverture" StaticText`
    t =    18.95s     Find the "cartes-qa-ouverture" StaticText
    t =    18.97s     Capturing element debug description
    t =    19.00s         Requesting snapshot of accessibility hierarchy for app with pid 2239
    t =    19.03s         Find: Descendants matching type StaticText
    t =    19.03s         Find: Elements matching predicate '"cartes-qa-ouverture" IN identifiers'
    t =    19.03s         Requesting snapshot of accessibility hierarchy for app with pid 2239
    t =    19.07s         Find: Descendants matching type StaticText
    t =    19.07s         Requesting snapshot of accessibility hierarchy for app with pid 2239
    t =    19.97s Checking `Expect predicate `label CONTAINS "revelee=true"` for object "cartes-qa-ouverture" StaticText`
    t =    19.97s     Find the "cartes-qa-ouverture" StaticText
    t =    19.99s     Capturing element debug description
    t =    20.02s         Requesting snapshot of accessibility hierarchy for app with pid 2239
    t =    20.05s         Find: Descendants matching type StaticText
    t =    20.05s         Find: Elements matching predicate '"cartes-qa-ouverture" IN identifiers'
    t =    20.05s         Requesting snapshot of accessibility hierarchy for app with pid 2239
    t =    20.09s         Find: Descendants matching type StaticText
    t =    20.09s         Requesting snapshot of accessibility hierarchy for app with pid 2239
    t =    20.98s Checking `Expect predicate `label CONTAINS "revelee=true"` for object "cartes-qa-ouverture" StaticText`
    t =    20.98s     Find the "cartes-qa-ouverture" StaticText
    t =    21.01s     Capturing element debug description
    t =    21.03s         Requesting snapshot of accessibility hierarchy for app with pid 2239
    t =    21.07s         Find: Descendants matching type StaticText
    t =    21.07s         Find: Elements matching predicate '"cartes-qa-ouverture" IN identifiers'
    t =    21.07s         Requesting snapshot of accessibility hierarchy for app with pid 2239
    t =    21.11s         Find: Descendants matching type StaticText
    t =    21.11s         Requesting snapshot of accessibility hierarchy for app with pid 2239
    t =    22.01s Checking `Expect predicate `label CONTAINS "revelee=true"` for object "cartes-qa-ouverture" StaticText`
    t =    22.01s     Find the "cartes-qa-ouverture" StaticText
    t =    22.02s     Capturing element debug description
    t =    22.05s         Requesting snapshot of accessibility hierarchy for app with pid 2239
    t =    22.06s         Find: Descendants matching type StaticText
    t =    22.07s         Find: Elements matching predicate '"cartes-qa-ouverture" IN identifiers'
    t =    22.07s         Requesting snapshot of accessibility hierarchy for app with pid 2239
    t =    22.08s         Find: Descendants matching type StaticText
    t =    22.08s         Requesting snapshot of accessibility hierarchy for app with pid 2239
    t =    22.91s Checking `Expect predicate `label CONTAINS "revelee=true"` for object "cartes-qa-ouverture" StaticText`
    t =    22.91s     Find the "cartes-qa-ouverture" StaticText
    t =    22.93s     Capturing element debug description
    t =    22.96s         Requesting snapshot of accessibility hierarchy for app with pid 2239
    t =    22.97s         Find: Descendants matching type StaticText
    t =    22.97s         Find: Elements matching predicate '"cartes-qa-ouverture" IN identifiers'
    t =    22.98s         Requesting snapshot of accessibility hierarchy for app with pid 2239
    t =    22.99s         Find: Descendants matching type StaticText
    t =    22.99s         Requesting snapshot of accessibility hierarchy for app with pid 2239
    t =    23.93s Checking `Expect predicate `label CONTAINS "revelee=true"` for object "cartes-qa-ouverture" StaticText`
    t =    23.93s     Find the "cartes-qa-ouverture" StaticText
    t =    23.95s     Capturing element debug description
    t =    23.98s         Requesting snapshot of accessibility hierarchy for app with pid 2239
    t =    24.00s         Find: Descendants matching type StaticText
    t =    24.00s         Find: Elements matching predicate '"cartes-qa-ouverture" IN identifiers'
    t =    24.00s         Requesting snapshot of accessibility hierarchy for app with pid 2239
    t =    24.01s         Find: Descendants matching type StaticText
    t =    24.01s         Requesting snapshot of accessibility hierarchy for app with pid 2239
    t =    24.95s Checking `Expect predicate `label CONTAINS "revelee=true"` for object "cartes-qa-ouverture" StaticText`
    t =    24.95s     Find the "cartes-qa-ouverture" StaticText
    t =    24.97s Find the "cartes-qa-ouverture" StaticText
    t =    24.98s Find the "cartes-qa-ouverture" StaticText
    t =    24.99s Find the Application 'fr.kathryn.woop'
    t =    25.11s Added attachment named 'orange-carte-reelle'
    t =    25.11s Press Application 'fr.kathryn.woop'[0.50, 0.55] for 0.1 seconds, then drag to Application 'fr.kathryn.woop'[0.50, 0.12] with velocity of 750.00 pixels per second, and then hold for 0.1 seconds 
    t =    25.11s     Wait for fr.kathryn.woop to idle
    t =    25.11s     Find the Application 'fr.kathryn.woop'
    t =    25.12s     Check for interrupting elements affecting "Nosfy" Application
    t =    25.14s     Synthesize event
    t =    25.14s         Find the Application 'fr.kathryn.woop'
    t =    25.15s         Find the Application 'fr.kathryn.woop'
    t =    25.16s         Find the Application 'fr.kathryn.woop'
    t =    25.17s         Find the Application 'fr.kathryn.woop'
    t =    25.18s         Find the Application 'fr.kathryn.woop'
    t =    26.04s     Wait for fr.kathryn.woop to idle
    t =    26.04s Waiting 15.0s for "profil-booster-orange" Button to exist
    t =    27.07s     Checking `Expect predicate `existsNoRetry == 1` for object "profil-booster-orange" Button`
    t =    27.07s         Checking existence of `"profil-booster-orange" Button`
    t =    27.09s Find the "cartes-qa-collection" StaticText
    t =    27.11s Find the Application 'fr.kathryn.woop'
    t =    27.21s Added attachment named 'collection-premiere-carte'
    t =    27.22s Terminate fr.kathryn.woop:2239
    t =    28.28s Tear Down
Test Case '-[NavRuntimeUITests.NavRuntimeUITests testBOrangeJusquaCollection]' passed (28.424 seconds).
Test Case '-[NavRuntimeUITests.NavRuntimeUITests testCNoirGratuitEtReconnexion]' started.
    t =     0.00s Start Test at 2026-09-18 12:38:41.600
    t =     0.01s Set Up
    t =     0.01s Open fr.kathryn.woop
    t =     0.01s     Launch fr.kathryn.woop
    t =     0.11s         Setting up automation session
    t =     0.50s         Wait for fr.kathryn.woop to idle
    t =     1.65s Waiting 6.0s for Button (First Match) to exist
    t =     2.67s     Checking `Expect predicate `existsNoRetry == 1` for object Button (First Match)`
    t =     2.67s         Checking existence of `Button (First Match)`
    t =     2.75s         Capturing element debug description
    t =     3.68s     Checking `Expect predicate `existsNoRetry == 1` for object Button (First Match)`
    t =     3.68s         Checking existence of `Button (First Match)`
    t =     3.72s         Capturing element debug description
    t =     4.65s     Checking `Expect predicate `existsNoRetry == 1` for object Button (First Match)`
    t =     4.65s         Checking existence of `Button (First Match)`
    t =     4.70s         Capturing element debug description
    t =     5.73s     Checking `Expect predicate `existsNoRetry == 1` for object Button (First Match)`
    t =     5.73s         Checking existence of `Button (First Match)`
    t =     5.77s         Capturing element debug description
    t =     6.69s     Checking `Expect predicate `existsNoRetry == 1` for object Button (First Match)`
    t =     6.69s         Checking existence of `Button (First Match)`
    t =     6.74s         Capturing element debug description
    t =     7.65s     Checking `Expect predicate `existsNoRetry == 1` for object Button (First Match)`
    t =     7.65s         Checking existence of `Button (First Match)`
    t =     7.69s         Capturing element debug description
    t =     7.69s     Checking existence of `Button (First Match)`
    t =     7.72s Collecting debug information to assist test failure triage
    t =     7.72s     Requesting snapshot of accessibility hierarchy for app with pid 2286
    t =     7.77s Waiting 35.0s for "profil-booster-noir" Button to exist
    t =     8.80s     Checking `Expect predicate `existsNoRetry == 1` for object "profil-booster-noir" Button`
    t =     8.80s         Checking existence of `"profil-booster-noir" Button`
    t =     8.84s Tap "profil-booster-noir" Button
    t =     8.84s     Wait for fr.kathryn.woop to idle
    t =     8.84s     Find the "profil-booster-noir" Button
    t =     8.86s     Check for interrupting elements affecting "profil-booster-noir" Button
    t =     8.88s     Synthesize event
    t =     9.18s     Wait for fr.kathryn.woop to idle
    t =     9.98s Waiting 8.0s for Button (First Match) to exist
    t =    11.01s     Checking `Expect predicate `existsNoRetry == 1` for object Button (First Match)`
    t =    11.01s         Checking existence of `Button (First Match)`
    t =    11.05s         Capturing element debug description
    t =    11.98s     Checking `Expect predicate `existsNoRetry == 1` for object Button (First Match)`
    t =    11.99s         Checking existence of `Button (First Match)`
    t =    12.03s         Capturing element debug description
    t =    13.06s     Checking `Expect predicate `existsNoRetry == 1` for object Button (First Match)`
    t =    13.06s         Checking existence of `Button (First Match)`
    t =    13.10s         Capturing element debug description
    t =    14.02s     Checking `Expect predicate `existsNoRetry == 1` for object Button (First Match)`
    t =    14.02s         Checking existence of `Button (First Match)`
    t =    14.06s         Capturing element debug description
    t =    14.98s     Checking `Expect predicate `existsNoRetry == 1` for object Button (First Match)`
    t =    14.98s         Checking existence of `Button (First Match)`
    t =    14.99s Find the Application 'fr.kathryn.woop'
    t =    15.16s Added attachment named 'coffre-noir-offert'
    t =    15.16s Tap Button (First Match)[0.50, 0.50]
    t =    15.16s     Wait for fr.kathryn.woop to idle
    t =    15.16s     Find the Button (First Match)
    t =    15.17s     Check for interrupting elements affecting "OUVRIR" Button
    t =    15.19s     Synthesize event
    t =    15.19s         Find the "OUVRIR" Button
    t =    15.20s         Find the "OUVRIR" Button
    t =    15.22s         Find the "OUVRIR" Button
    t =    15.51s     Wait for fr.kathryn.woop to idle
    t =    15.97s Find the Application 'fr.kathryn.woop'
    t =    16.10s Added attachment named 'apres-ouvrir'
    t =    16.10s Waiting 10.0s for "cartes-qa-ouverture" StaticText to exist
    t =    17.12s     Checking `Expect predicate `existsNoRetry == 1` for object "cartes-qa-ouverture" StaticText`
    t =    17.12s         Checking existence of `"cartes-qa-ouverture" StaticText`
    t =    18.18s Checking `Expect predicate `label CONTAINS "revelee=true"` for object "cartes-qa-ouverture" StaticText`
    t =    18.18s     Find the "cartes-qa-ouverture" StaticText
    t =    18.21s     Capturing element debug description
    t =    18.24s         Requesting snapshot of accessibility hierarchy for app with pid 2286
    t =    18.27s         Find: Descendants matching type StaticText
    t =    18.27s         Find: Elements matching predicate '"cartes-qa-ouverture" IN identifiers'
    t =    18.27s         Requesting snapshot of accessibility hierarchy for app with pid 2286
    t =    18.31s         Find: Descendants matching type StaticText
    t =    18.31s         Requesting snapshot of accessibility hierarchy for app with pid 2286
    t =    19.21s Checking `Expect predicate `label CONTAINS "revelee=true"` for object "cartes-qa-ouverture" StaticText`
    t =    19.21s     Find the "cartes-qa-ouverture" StaticText
    t =    19.23s     Capturing element debug description
    t =    19.26s         Requesting snapshot of accessibility hierarchy for app with pid 2286
    t =    19.29s         Find: Descendants matching type StaticText
    t =    19.29s         Find: Elements matching predicate '"cartes-qa-ouverture" IN identifiers'
    t =    19.29s         Requesting snapshot of accessibility hierarchy for app with pid 2286
    t =    19.33s         Find: Descendants matching type StaticText
    t =    19.33s         Requesting snapshot of accessibility hierarchy for app with pid 2286
    t =    20.23s Checking `Expect predicate `label CONTAINS "revelee=true"` for object "cartes-qa-ouverture" StaticText`
    t =    20.23s     Find the "cartes-qa-ouverture" StaticText
    t =    20.26s     Capturing element debug description
    t =    20.29s         Requesting snapshot of accessibility hierarchy for app with pid 2286
    t =    20.32s         Find: Descendants matching type StaticText
    t =    20.32s         Find: Elements matching predicate '"cartes-qa-ouverture" IN identifiers'
    t =    20.32s         Requesting snapshot of accessibility hierarchy for app with pid 2286
    t =    20.35s         Find: Descendants matching type StaticText
    t =    20.36s         Requesting snapshot of accessibility hierarchy for app with pid 2286
    t =    21.15s Checking `Expect predicate `label CONTAINS "revelee=true"` for object "cartes-qa-ouverture" StaticText`
    t =    21.15s     Find the "cartes-qa-ouverture" StaticText
    t =    21.19s     Capturing element debug description
    t =    21.21s         Requesting snapshot of accessibility hierarchy for app with pid 2286
    t =    21.24s         Find: Descendants matching type StaticText
    t =    21.24s         Find: Elements matching predicate '"cartes-qa-ouverture" IN identifiers'
    t =    21.24s         Requesting snapshot of accessibility hierarchy for app with pid 2286
    t =    21.30s         Find: Descendants matching type StaticText
    t =    21.30s         Requesting snapshot of accessibility hierarchy for app with pid 2286
    t =    22.20s Checking `Expect predicate `label CONTAINS "revelee=true"` for object "cartes-qa-ouverture" StaticText`
    t =    22.20s     Find the "cartes-qa-ouverture" StaticText
    t =    22.23s     Capturing element debug description
    t =    22.25s         Requesting snapshot of accessibility hierarchy for app with pid 2286
    t =    22.29s         Find: Descendants matching type StaticText
    t =    22.29s         Find: Elements matching predicate '"cartes-qa-ouverture" IN identifiers'
    t =    22.29s         Requesting snapshot of accessibility hierarchy for app with pid 2286
    t =    22.32s         Find: Descendants matching type StaticText
    t =    22.32s         Requesting snapshot of accessibility hierarchy for app with pid 2286
    t =    23.22s Checking `Expect predicate `label CONTAINS "revelee=true"` for object "cartes-qa-ouverture" StaticText`
    t =    23.22s     Find the "cartes-qa-ouverture" StaticText
    t =    23.24s     Capturing element debug description
    t =    23.27s         Requesting snapshot of accessibility hierarchy for app with pid 2286
    t =    23.28s         Find: Descendants matching type StaticText
    t =    23.28s         Find: Elements matching predicate '"cartes-qa-ouverture" IN identifiers'
    t =    23.28s         Requesting snapshot of accessibility hierarchy for app with pid 2286
    t =    23.29s         Find: Descendants matching type StaticText
    t =    23.29s         Requesting snapshot of accessibility hierarchy for app with pid 2286
    t =    24.24s Checking `Expect predicate `label CONTAINS "revelee=true"` for object "cartes-qa-ouverture" StaticText`
    t =    24.24s     Find the "cartes-qa-ouverture" StaticText
    t =    24.26s     Capturing element debug description
    t =    24.29s         Requesting snapshot of accessibility hierarchy for app with pid 2286
    t =    24.31s         Find: Descendants matching type StaticText
    t =    24.31s         Find: Elements matching predicate '"cartes-qa-ouverture" IN identifiers'
    t =    24.31s         Requesting snapshot of accessibility hierarchy for app with pid 2286
    t =    24.32s         Find: Descendants matching type StaticText
    t =    24.32s         Requesting snapshot of accessibility hierarchy for app with pid 2286
    t =    25.16s Checking `Expect predicate `label CONTAINS "revelee=true"` for object "cartes-qa-ouverture" StaticText`
    t =    25.16s     Find the "cartes-qa-ouverture" StaticText
    t =    25.18s Find the "cartes-qa-ouverture" StaticText
    t =    25.20s Find the Application 'fr.kathryn.woop'
    t =    25.28s Added attachment named 'noir-legendaire-reelle'
    t =    25.29s Terminate fr.kathryn.woop:2286
    t =    26.34s Open fr.kathryn.woop
    t =    26.34s     Launch fr.kathryn.woop
    t =    26.43s         Setting up automation session
    t =    26.82s         Wait for fr.kathryn.woop to idle
    t =    27.96s Waiting 35.0s for "profil-booster-noir" Button to exist
    t =    28.99s     Checking `Expect predicate `existsNoRetry == 1` for object "profil-booster-noir" Button`
    t =    28.99s         Checking existence of `"profil-booster-noir" Button`
    t =    29.06s Find the "cartes-qa-collection" StaticText
    t =    29.08s Find the Application 'fr.kathryn.woop'
    t =    29.18s Added attachment named 'collection-apres-relance'
    t =    29.18s Terminate fr.kathryn.woop:2317
    t =    30.19s Tear Down
Test Case '-[NavRuntimeUITests.NavRuntimeUITests testCNoirGratuitEtReconnexion]' passed (30.369 seconds).
Test Case '-[NavRuntimeUITests.NavRuntimeUITests testDDeuxManegesEtInterruption]' started.
    t =     0.00s Start Test at 2026-09-18 12:39:11.969
    t =     0.01s Set Up
    t =     0.01s Open fr.kathryn.woop
    t =     0.01s     Launch fr.kathryn.woop
    t =     0.11s         Setting up automation session
    t =     0.49s         Wait for fr.kathryn.woop to idle
    t =     1.63s Waiting 6.0s for Button (First Match) to exist
    t =     2.65s     Checking `Expect predicate `existsNoRetry == 1` for object Button (First Match)`
    t =     2.65s         Checking existence of `Button (First Match)`
    t =     2.72s         Capturing element debug description
    t =     3.65s     Checking `Expect predicate `existsNoRetry == 1` for object Button (First Match)`
    t =     3.65s         Checking existence of `Button (First Match)`
    t =     3.69s         Capturing element debug description
    t =     4.72s     Checking `Expect predicate `existsNoRetry == 1` for object Button (First Match)`
    t =     4.72s         Checking existence of `Button (First Match)`
    t =     4.76s         Capturing element debug description
    t =     5.69s     Checking `Expect predicate `existsNoRetry == 1` for object Button (First Match)`
    t =     5.69s         Checking existence of `Button (First Match)`
    t =     5.73s         Capturing element debug description
    t =     6.65s     Checking `Expect predicate `existsNoRetry == 1` for object Button (First Match)`
    t =     6.65s         Checking existence of `Button (First Match)`
    t =     6.69s         Capturing element debug description
    t =     7.63s     Checking `Expect predicate `existsNoRetry == 1` for object Button (First Match)`
    t =     7.63s         Checking existence of `Button (First Match)`
    t =     7.67s         Capturing element debug description
    t =     7.67s     Checking existence of `Button (First Match)`
    t =     7.70s Collecting debug information to assist test failure triage
    t =     7.70s     Requesting snapshot of accessibility hierarchy for app with pid 2324
    t =     7.75s Waiting 35.0s for "profil-booster-orange" Button to exist
    t =     8.78s     Checking `Expect predicate `existsNoRetry == 1` for object "profil-booster-orange" Button`
    t =     8.78s         Checking existence of `"profil-booster-orange" Button`
    t =     8.82s Tap "profil-booster-orange" Button
    t =     8.82s     Wait for fr.kathryn.woop to idle
    t =     8.82s     Find the "profil-booster-orange" Button
    t =     8.84s     Check for interrupting elements affecting "profil-booster-orange" Button
    t =     8.86s     Synthesize event
    t =     9.16s     Wait for fr.kathryn.woop to idle
    t =     9.95s Waiting 8.0s for Button (First Match) to exist
    t =    10.99s     Checking `Expect predicate `existsNoRetry == 1` for object Button (First Match)`
    t =    10.99s         Checking existence of `Button (First Match)`
    t =    11.03s         Capturing element debug description
    t =    11.97s     Checking `Expect predicate `existsNoRetry == 1` for object Button (First Match)`
    t =    11.97s         Checking existence of `Button (First Match)`
    t =    12.01s         Capturing element debug description
    t =    13.04s     Checking `Expect predicate `existsNoRetry == 1` for object Button (First Match)`
    t =    13.04s         Checking existence of `Button (First Match)`
    t =    13.07s         Capturing element debug description
    t =    14.00s     Checking `Expect predicate `existsNoRetry == 1` for object Button (First Match)`
    t =    14.00s         Checking existence of `Button (First Match)`
    t =    14.04s         Capturing element debug description
    t =    14.97s     Checking `Expect predicate `existsNoRetry == 1` for object Button (First Match)`
    t =    14.97s         Checking existence of `Button (First Match)`
    t =    14.98s Tap Button (First Match)[0.50, 0.50]
    t =    14.98s     Wait for fr.kathryn.woop to idle
    t =    14.99s     Find the Button (First Match)
    t =    15.00s     Check for interrupting elements affecting "OUVRIR" Button
    t =    15.04s     Synthesize event
    t =    15.05s         Find the "OUVRIR" Button
    t =    15.05s         Find the "OUVRIR" Button
    t =    15.06s         Find the "OUVRIR" Button
    t =    15.35s     Wait for fr.kathryn.woop to idle
    t =    15.67s Waiting 10.0s for "cartes-qa-ouverture" StaticText to exist
    t =    16.70s     Checking `Expect predicate `existsNoRetry == 1` for object "cartes-qa-ouverture" StaticText`
    t =    16.70s         Checking existence of `"cartes-qa-ouverture" StaticText`
    t =    16.72s Find the Application 'fr.kathryn.woop'
    t =    16.81s Added attachment named 'manege-orange'
    t =    16.81s Pressing Home button
    t =    17.27s Open fr.kathryn.woop
    t =    17.27s     Activate fr.kathryn.woop
    t =    17.76s         Wait for fr.kathryn.woop to idle
    t =    17.82s Find the "cartes-qa-ouverture" StaticText
    t =    17.84s Find the Application 'fr.kathryn.woop'
    t =    17.97s Added attachment named 'manege-orange-reprise'
    t =    17.97s Get all elements bound by index for: Elements matching predicate '"Retour" IN identifiers'
    t =    17.98s Find the "Retour" Button
    t =    18.01s Tap "Retour" Button
    t =    18.01s     Wait for fr.kathryn.woop to idle
    t =    18.01s     Find the "Retour" Button
    t =    18.04s     Check for interrupting elements affecting "Retour" Button
    t =    18.08s     Synthesize event
    t =    18.37s     Wait for fr.kathryn.woop to idle
    t =    18.37s Waiting 8.0s for "profil-booster-orange" Button to exist
    t =    19.40s     Checking `Expect predicate `existsNoRetry == 1` for object "profil-booster-orange" Button`
    t =    19.40s         Checking existence of `"profil-booster-orange" Button`
    t =    19.44s Terminate fr.kathryn.woop:2324
    t =    20.48s Open fr.kathryn.woop
    t =    20.48s     Launch fr.kathryn.woop
    t =    20.55s         Setting up automation session
    t =    20.94s         Wait for fr.kathryn.woop to idle
    t =    22.09s Waiting 6.0s for Button (First Match) to exist
    t =    23.12s     Checking `Expect predicate `existsNoRetry == 1` for object Button (First Match)`
    t =    23.12s         Checking existence of `Button (First Match)`
    t =    23.19s         Capturing element debug description
    t =    24.13s     Checking `Expect predicate `existsNoRetry == 1` for object Button (First Match)`
    t =    24.13s         Checking existence of `Button (First Match)`
    t =    24.17s         Capturing element debug description
    t =    25.18s     Checking `Expect predicate `existsNoRetry == 1` for object Button (First Match)`
    t =    25.18s         Checking existence of `Button (First Match)`
    t =    25.23s         Capturing element debug description
    t =    26.15s     Checking `Expect predicate `existsNoRetry == 1` for object Button (First Match)`
    t =    26.15s         Checking existence of `Button (First Match)`
    t =    26.18s         Capturing element debug description
    t =    27.10s     Checking `Expect predicate `existsNoRetry == 1` for object Button (First Match)`
    t =    27.10s         Checking existence of `Button (First Match)`
    t =    27.13s         Capturing element debug description
    t =    28.10s     Checking `Expect predicate `existsNoRetry == 1` for object Button (First Match)`
    t =    28.10s         Checking existence of `Button (First Match)`
    t =    28.13s         Capturing element debug description
    t =    28.13s     Checking existence of `Button (First Match)`
    t =    28.16s Collecting debug information to assist test failure triage
    t =    28.16s     Requesting snapshot of accessibility hierarchy for app with pid 2346
    t =    28.22s Waiting 35.0s for "profil-booster-noir" Button to exist
    t =    29.23s     Checking `Expect predicate `existsNoRetry == 1` for object "profil-booster-noir" Button`
    t =    29.23s         Checking existence of `"profil-booster-noir" Button`
    t =    29.26s Tap "profil-booster-noir" Button
    t =    29.26s     Wait for fr.kathryn.woop to idle
    t =    29.26s     Find the "profil-booster-noir" Button
    t =    29.29s     Check for interrupting elements affecting "profil-booster-noir" Button
    t =    29.31s     Synthesize event
    t =    29.61s     Wait for fr.kathryn.woop to idle
    t =    30.41s Waiting 8.0s for Button (First Match) to exist
    t =    31.43s     Checking `Expect predicate `existsNoRetry == 1` for object Button (First Match)`
    t =    31.43s         Checking existence of `Button (First Match)`
    t =    31.48s         Capturing element debug description
    t =    32.41s     Checking `Expect predicate `existsNoRetry == 1` for object Button (First Match)`
    t =    32.41s         Checking existence of `Button (First Match)`
    t =    32.45s         Capturing element debug description
    t =    33.47s     Checking `Expect predicate `existsNoRetry == 1` for object Button (First Match)`
    t =    33.47s         Checking existence of `Button (First Match)`
    t =    33.51s         Capturing element debug description
    t =    34.43s     Checking `Expect predicate `existsNoRetry == 1` for object Button (First Match)`
    t =    34.43s         Checking existence of `Button (First Match)`
    t =    34.47s         Capturing element debug description
    t =    35.50s     Checking `Expect predicate `existsNoRetry == 1` for object Button (First Match)`
    t =    35.50s         Checking existence of `Button (First Match)`
    t =    35.51s Tap Button (First Match)[0.50, 0.50]
    t =    35.51s     Wait for fr.kathryn.woop to idle
    t =    35.52s     Find the Button (First Match)
    t =    35.53s     Check for interrupting elements affecting "OUVRIR" Button
    t =    35.56s     Synthesize event
    t =    35.56s         Find the "OUVRIR" Button
    t =    35.57s         Find the "OUVRIR" Button
    t =    35.58s         Find the "OUVRIR" Button
    t =    35.87s     Wait for fr.kathryn.woop to idle
    t =    36.20s Waiting 10.0s for "cartes-qa-ouverture" StaticText to exist
    t =    37.23s     Checking `Expect predicate `existsNoRetry == 1` for object "cartes-qa-ouverture" StaticText`
    t =    37.23s         Checking existence of `"cartes-qa-ouverture" StaticText`
    t =    37.26s Find the Application 'fr.kathryn.woop'
    t =    37.34s Added attachment named 'manege-noir'
    t =    37.34s Pressing Home button
    t =    37.80s Open fr.kathryn.woop
    t =    37.80s     Activate fr.kathryn.woop
    t =    38.27s         Wait for fr.kathryn.woop to idle
    t =    38.31s Find the "cartes-qa-ouverture" StaticText
    t =    38.35s Find the Application 'fr.kathryn.woop'
    t =    38.50s Added attachment named 'manege-noir-reprise'
    t =    38.50s Get all elements bound by index for: Elements matching predicate '"Retour" IN identifiers'
    t =    38.52s Find the "Retour" Button
    t =    38.56s Tap "Retour" Button
    t =    38.56s     Wait for fr.kathryn.woop to idle
    t =    38.56s     Find the "Retour" Button
    t =    38.60s     Check for interrupting elements affecting "Retour" Button
    t =    38.75s     Synthesize event
    t =    39.05s     Wait for fr.kathryn.woop to idle
    t =    39.06s Waiting 8.0s for "profil-booster-noir" Button to exist
    t =    40.09s     Checking `Expect predicate `existsNoRetry == 1` for object "profil-booster-noir" Button`
    t =    40.09s         Checking existence of `"profil-booster-noir" Button`
    t =    40.11s Terminate fr.kathryn.woop:2346
    t =    41.15s Tear Down
Test Case '-[NavRuntimeUITests.NavRuntimeUITests testDDeuxManegesEtInterruption]' passed (41.369 seconds).
Test Suite 'NavRuntimeUITests' passed at 2026-09-18 12:39:53.338.
	 Executed 4 tests, with 0 failures (0 unexpected) in 116.913 (116.916) seconds
Test Suite 'NavRuntimeUITests.xctest' passed at 2026-09-18 12:39:53.339.
	 Executed 4 tests, with 0 failures (0 unexpected) in 116.913 (116.918) seconds
Test Suite 'Selected tests' passed at 2026-09-18 12:39:53.340.
	 Executed 4 tests, with 0 failures (0 unexpected) in 116.913 (116.919) seconds
2026-09-18 12:39:53.643 xcodebuild[2176:19147882] [MT] IDETestOperationsObserverDebug: 118.442 elapsed -- Testing started completed.
2026-09-18 12:39:53.643 xcodebuild[2176:19147882] [MT] IDETestOperationsObserverDebug: 0.000 sec, +0.000 sec -- start
2026-09-18 12:39:53.643 xcodebuild[2176:19147882] [MT] IDETestOperationsObserverDebug: 118.442 sec, +118.442 sec -- end

Test session results, code coverage, and logs:
	/tmp/cartes-ui-ABCD2.xcresult

** TEST SUCCEEDED **

Testing started
