Command line invocation:
    /Applications/Xcode.app/Contents/Developer/usr/bin/xcodebuild -project /tmp/nosfy-cartes-runner/NavRuntimeUITests.xcodeproj -scheme NavRuntimeUITests -destination "platform=iOS Simulator,id=ADFE5348-7E75-4E67-9975-E0C409DCAD55" -derivedDataPath /tmp/nosfy-cartes-runner-dd -resultBundlePath /tmp/cartes-ui-apres-B.xcresult CODE_SIGNING_ALLOWED=NO "-only-testing:NavRuntimeUITests/NavRuntimeUITests/testBOrangeJusquaCollection" test

Build settings from command line:
    CODE_SIGNING_ALLOWED = NO

Writing result bundle at path:
	/tmp/cartes-ui-apres-B.xcresult

ComputePackagePrebuildTargetDependencyGraph

Prepare packages

CreateBuildRequest

SendProjectDescription

CreateBuildOperation

ComputeTargetDependencyGraph
note: Building targets in dependency order
note: Target dependency graph (1 target)
    Target 'NavRuntimeUITests' in project 'NavRuntimeUITests' (no dependencies)

GatherProvisioningInputs

CreateBuildDescription

ExecuteExternalTool /Applications/Xcode.app/Contents/Developer/Toolchains/XcodeDefault.xctoolchain/usr/bin/clang -v -E -dM -isysroot /Applications/Xcode.app/Contents/Developer/Platforms/iPhoneSimulator.platform/Developer/SDKs/iPhoneSimulator26.5.sdk -x c -c /dev/null

ExecuteExternalTool /Applications/Xcode.app/Contents/Developer/Toolchains/XcodeDefault.xctoolchain/usr/bin/swiftc --version

ExecuteExternalTool /Applications/Xcode.app/Contents/Developer/Toolchains/XcodeDefault.xctoolchain/usr/bin/ld -version_details

Build description signature: 5690c623b7bc56f48ae24f82176ac787
Build description path: /tmp/nosfy-cartes-runner-dd/Build/Intermediates.noindex/XCBuildData/5690c623b7bc56f48ae24f82176ac787.xcbuilddata
ClangStatCache /Applications/Xcode.app/Contents/Developer/Toolchains/XcodeDefault.xctoolchain/usr/bin/clang-stat-cache /Applications/Xcode.app/Contents/Developer/Platforms/iPhoneSimulator.platform/Developer/SDKs/iPhoneSimulator26.5.sdk /tmp/nosfy-cartes-runner-dd/SDKStatCaches.noindex/iphonesimulator26.5-23F73-688ef53f1462e2c8f657fdc38a81448f6cfe768891a92b912361537c460fe42b.sdkstatcache
    cd /tmp/nosfy-cartes-runner/NavRuntimeUITests.xcodeproj
    /Applications/Xcode.app/Contents/Developer/Toolchains/XcodeDefault.xctoolchain/usr/bin/clang-stat-cache /Applications/Xcode.app/Contents/Developer/Platforms/iPhoneSimulator.platform/Developer/SDKs/iPhoneSimulator26.5.sdk -o /tmp/nosfy-cartes-runner-dd/SDKStatCaches.noindex/iphonesimulator26.5-23F73-688ef53f1462e2c8f657fdc38a81448f6cfe768891a92b912361537c460fe42b.sdkstatcache

Ld /tmp/nosfy-cartes-runner-dd/Build/Products/Debug-iphonesimulator/NavRuntimeUITests-Runner.app/PlugIns/NavRuntimeUITests.xctest/NavRuntimeUITests normal (in target 'NavRuntimeUITests' from project 'NavRuntimeUITests')
    cd /tmp/nosfy-cartes-runner
    /Applications/Xcode.app/Contents/Developer/Toolchains/XcodeDefault.xctoolchain/usr/bin/clang -Xlinker -reproducible -target arm64-apple-ios26.0-simulator -bundle -isysroot /Applications/Xcode.app/Contents/Developer/Platforms/iPhoneSimulator.platform/Developer/SDKs/iPhoneSimulator26.5.sdk -O0 -L/tmp/nosfy-cartes-runner-dd/Build/Intermediates.noindex/EagerLinkingTBDs/Debug-iphonesimulator -L/tmp/nosfy-cartes-runner-dd/Build/Products/Debug-iphonesimulator -L/Applications/Xcode.app/Contents/Developer/Platforms/iPhoneSimulator.platform/Developer/usr/lib -F/tmp/nosfy-cartes-runner-dd/Build/Intermediates.noindex/EagerLinkingTBDs/Debug-iphonesimulator -F/tmp/nosfy-cartes-runner-dd/Build/Products/Debug-iphonesimulator -iframework /Applications/Xcode.app/Contents/Developer/Platforms/iPhoneSimulator.platform/Developer/Library/Frameworks -iframework /Applications/Xcode.app/Contents/Developer/Platforms/iPhoneSimulator.platform/Developer/SDKs/iPhoneSimulator26.5.sdk/Developer/Library/Frameworks -filelist /tmp/nosfy-cartes-runner-dd/Build/Intermediates.noindex/NavRuntimeUITests.build/Debug-iphonesimulator/NavRuntimeUITests.build/Objects-normal/arm64/NavRuntimeUITests.LinkFileList -Xlinker -rpath -Xlinker @loader_path/Frameworks -Xlinker -dead_strip -Xlinker -object_path_lto -Xlinker /tmp/nosfy-cartes-runner-dd/Build/Intermediates.noindex/NavRuntimeUITests.build/Debug-iphonesimulator/NavRuntimeUITests.build/Objects-normal/arm64/NavRuntimeUITests_lto.o -rdynamic -Xlinker -no_deduplicate -Xlinker -objc_abi_version -Xlinker 2 -Xlinker -dependency_info -Xlinker /tmp/nosfy-cartes-runner-dd/Build/Intermediates.noindex/NavRuntimeUITests.build/Debug-iphonesimulator/NavRuntimeUITests.build/Objects-normal/arm64/NavRuntimeUITests_dependency_info.dat -fobjc-link-runtime -L/Applications/Xcode.app/Contents/Developer/Toolchains/XcodeDefault.xctoolchain/usr/lib/swift/iphonesimulator -L/usr/lib/swift -Xlinker -add_ast_path -Xlinker /tmp/nosfy-cartes-runner-dd/Build/Intermediates.noindex/NavRuntimeUITests.build/Debug-iphonesimulator/NavRuntimeUITests.build/Objects-normal/arm64/NavRuntimeUITests.swiftmodule @/tmp/nosfy-cartes-runner-dd/Build/Intermediates.noindex/NavRuntimeUITests.build/Debug-iphonesimulator/NavRuntimeUITests.build/Objects-normal/arm64/NavRuntimeUITests-linker-args.resp -Xlinker -needed_framework -Xlinker XCTest -framework XCTest -Xlinker -needed-lXCTestSwiftSupport -lXCTestSwiftSupport -framework Foundation -o /tmp/nosfy-cartes-runner-dd/Build/Products/Debug-iphonesimulator/NavRuntimeUITests-Runner.app/PlugIns/NavRuntimeUITests.xctest/NavRuntimeUITests

ExtractAppIntentsMetadata (in target 'NavRuntimeUITests' from project 'NavRuntimeUITests')
    cd /tmp/nosfy-cartes-runner
    /Applications/Xcode.app/Contents/Developer/Toolchains/XcodeDefault.xctoolchain/usr/bin/appintentsmetadataprocessor --toolchain-dir /var/run/com.apple.security.cryptexd/mnt/com.apple.MobileAsset.MetalToolchain-v17.6.42.0.BA5Ggr/Metal.xctoolchain --module-name NavRuntimeUITests --sdk-root /Applications/Xcode.app/Contents/Developer/Platforms/iPhoneSimulator.platform/Developer/SDKs/iPhoneSimulator26.5.sdk --xcode-version 17F42 --platform-family iOS --deployment-target 26.0 --bundle-identifier fr.kathryn.woop.NavRuntimeUITests --output /tmp/nosfy-cartes-runner-dd/Build/Products/Debug-iphonesimulator/NavRuntimeUITests-Runner.app/PlugIns/NavRuntimeUITests.xctest --target-triple arm64-apple-ios26.0-simulator --binary-file /tmp/nosfy-cartes-runner-dd/Build/Products/Debug-iphonesimulator/NavRuntimeUITests-Runner.app/PlugIns/NavRuntimeUITests.xctest/NavRuntimeUITests --dependency-file /tmp/nosfy-cartes-runner-dd/Build/Intermediates.noindex/NavRuntimeUITests.build/Debug-iphonesimulator/NavRuntimeUITests.build/Objects-normal/arm64/NavRuntimeUITests_dependency_info.dat --stringsdata-file /tmp/nosfy-cartes-runner-dd/Build/Intermediates.noindex/NavRuntimeUITests.build/Debug-iphonesimulator/NavRuntimeUITests.build/Objects-normal/arm64/ExtractedAppShortcutsMetadata.stringsdata --source-file-list /tmp/nosfy-cartes-runner-dd/Build/Intermediates.noindex/NavRuntimeUITests.build/Debug-iphonesimulator/NavRuntimeUITests.build/Objects-normal/arm64/NavRuntimeUITests.SwiftFileList --metadata-file-list /tmp/nosfy-cartes-runner-dd/Build/Intermediates.noindex/NavRuntimeUITests.build/Debug-iphonesimulator/NavRuntimeUITests.build/NavRuntimeUITests.DependencyMetadataFileList --static-metadata-file-list /tmp/nosfy-cartes-runner-dd/Build/Intermediates.noindex/NavRuntimeUITests.build/Debug-iphonesimulator/NavRuntimeUITests.build/NavRuntimeUITests.DependencyStaticMetadataFileList --swift-const-vals-list /tmp/nosfy-cartes-runner-dd/Build/Intermediates.noindex/NavRuntimeUITests.build/Debug-iphonesimulator/NavRuntimeUITests.build/Objects-normal/arm64/NavRuntimeUITests.SwiftConstValuesFileList --compile-time-extraction --deployment-aware-processing --validate-assistant-intents --no-app-shortcuts-localization
2026-09-18 12:20:20.204 appintentsmetadataprocessor[97789:19083385] Starting appintentsmetadataprocessor export
2026-09-18 12:20:20.205 appintentsmetadataprocessor[97789:19083385] warning: Metadata extraction skipped. No AppIntents.framework dependency found.

ProcessInfoPlistFile /tmp/nosfy-cartes-runner-dd/Build/Products/Debug-iphonesimulator/NavRuntimeUITests-Runner.app/PlugIns/NavRuntimeUITests.xctest/Info.plist /tmp/nosfy-cartes-runner-dd/Build/Intermediates.noindex/NavRuntimeUITests.build/Debug-iphonesimulator/NavRuntimeUITests.build/empty-NavRuntimeUITests.plist (in target 'NavRuntimeUITests' from project 'NavRuntimeUITests')
    cd /tmp/nosfy-cartes-runner
    builtin-infoPlistUtility /tmp/nosfy-cartes-runner-dd/Build/Intermediates.noindex/NavRuntimeUITests.build/Debug-iphonesimulator/NavRuntimeUITests.build/empty-NavRuntimeUITests.plist -producttype com.apple.product-type.bundle.ui-testing -expandbuildsettings -format binary -platform iphonesimulator -additionalcontentfile /tmp/nosfy-cartes-runner-dd/Build/Intermediates.noindex/NavRuntimeUITests.build/Debug-iphonesimulator/NavRuntimeUITests.build/ProductTypeInfoPlistAdditions.plist -o /tmp/nosfy-cartes-runner-dd/Build/Products/Debug-iphonesimulator/NavRuntimeUITests-Runner.app/PlugIns/NavRuntimeUITests.xctest/Info.plist

CopySwiftLibs /tmp/nosfy-cartes-runner-dd/Build/Products/Debug-iphonesimulator/NavRuntimeUITests-Runner.app/PlugIns/NavRuntimeUITests.xctest (in target 'NavRuntimeUITests' from project 'NavRuntimeUITests')
    cd /tmp/nosfy-cartes-runner
    builtin-swiftStdLibTool --copy --verbose --scan-executable /tmp/nosfy-cartes-runner-dd/Build/Products/Debug-iphonesimulator/NavRuntimeUITests-Runner.app/PlugIns/NavRuntimeUITests.xctest/NavRuntimeUITests --scan-folder /tmp/nosfy-cartes-runner-dd/Build/Products/Debug-iphonesimulator/NavRuntimeUITests-Runner.app/PlugIns/NavRuntimeUITests.xctest/Frameworks --scan-folder /tmp/nosfy-cartes-runner-dd/Build/Products/Debug-iphonesimulator/NavRuntimeUITests-Runner.app/PlugIns/NavRuntimeUITests.xctest/PlugIns --scan-folder /tmp/nosfy-cartes-runner-dd/Build/Products/Debug-iphonesimulator/NavRuntimeUITests-Runner.app/PlugIns/NavRuntimeUITests.xctest/SystemExtensions --scan-folder /tmp/nosfy-cartes-runner-dd/Build/Products/Debug-iphonesimulator/NavRuntimeUITests-Runner.app/PlugIns/NavRuntimeUITests.xctest/Extensions --scan-folder /Applications/Xcode.app/Contents/Developer/Platforms/iPhoneSimulator.platform/Developer/SDKs/iPhoneSimulator26.5.sdk/System/Library/Frameworks/Foundation.framework --platform iphonesimulator --toolchain /var/run/com.apple.security.cryptexd/mnt/com.apple.MobileAsset.MetalToolchain-v17.6.42.0.BA5Ggr/Metal.xctoolchain --toolchain /Applications/Xcode.app/Contents/Developer/Toolchains/XcodeDefault.xctoolchain --destination /tmp/nosfy-cartes-runner-dd/Build/Products/Debug-iphonesimulator/NavRuntimeUITests-Runner.app/PlugIns/NavRuntimeUITests.xctest/Frameworks --strip-bitcode --scan-executable /Applications/Xcode.app/Contents/Developer/Platforms/iPhoneSimulator.platform/Developer/usr/lib/libXCTestSwiftSupport.dylib --strip-bitcode-tool /Applications/Xcode.app/Contents/Developer/Toolchains/XcodeDefault.xctoolchain/usr/bin/bitcode_strip --emit-dependency-info /tmp/nosfy-cartes-runner-dd/Build/Intermediates.noindex/NavRuntimeUITests.build/Debug-iphonesimulator/NavRuntimeUITests.build/SwiftStdLibToolInputDependencies.dep --filter-for-swift-os
Ignoring --strip-bitcode because --sign was not passed

2026-09-18 12:20:21.762955+0200 NavRuntimeUITests-Runner[97793:19083601] [Default] Running tests...
objc[97793]: Class UIAccessibilityLoaderWebShared is implemented in both /Library/Developer/CoreSimulator/Volumes/iOS_23F77/Library/Developer/CoreSimulator/Profiles/Runtimes/iOS 26.5.simruntime/Contents/Resources/RuntimeRoot/System/Library/AccessibilityBundles/WebCore.axbundle/WebCore (0x10ae00310) and /Library/Developer/CoreSimulator/Volumes/iOS_23F77/Library/Developer/CoreSimulator/Profiles/Runtimes/iOS 26.5.simruntime/Contents/Resources/RuntimeRoot/System/Library/AccessibilityBundles/WebKit.axbundle/WebKit (0x10a694398). This may cause spurious casting failures and mysterious crashes. One of the duplicates must be removed or renamed.
    t =      nans Interface orientation changed to Portrait
Test Suite 'Selected tests' started at 2026-09-18 12:20:24.987.
Test Suite 'NavRuntimeUITests.xctest' started at 2026-09-18 12:20:24.987.
Test Suite 'NavRuntimeUITests' started at 2026-09-18 12:20:24.987.
Test Case '-[NavRuntimeUITests.NavRuntimeUITests testBOrangeJusquaCollection]' started.
    t =     0.00s Start Test at 2026-09-18 12:20:24.987
    t =     0.13s Set Up
    t =     0.14s Open fr.kathryn.woop
    t =     0.14s     Launch fr.kathryn.woop
    t =     0.25s         Setting up automation session
    t =     0.69s         Wait for fr.kathryn.woop to idle
    t =     1.87s Waiting 6.0s for Button (First Match) to exist
    t =     2.91s     Checking `Expect predicate `existsNoRetry == 1` for object Button (First Match)`
    t =     2.91s         Checking existence of `Button (First Match)`
    t =     2.98s         Capturing element debug description
    t =     3.91s     Checking `Expect predicate `existsNoRetry == 1` for object Button (First Match)`
    t =     3.91s         Checking existence of `Button (First Match)`
    t =     3.95s         Capturing element debug description
    t =     4.88s     Checking `Expect predicate `existsNoRetry == 1` for object Button (First Match)`
    t =     4.88s         Checking existence of `Button (First Match)`
    t =     4.92s         Capturing element debug description
    t =     5.95s     Checking `Expect predicate `existsNoRetry == 1` for object Button (First Match)`
    t =     5.95s         Checking existence of `Button (First Match)`
    t =     6.98s Checking `Expect predicate `exists == 0` for object Button (First Match)`
    t =     6.98s     Checking existence of `Button (First Match)`
    t =     6.99s     Capturing element debug description
    t =     8.01s Checking `Expect predicate `exists == 0` for object Button (First Match)`
    t =     8.01s     Checking existence of `Button (First Match)`
    t =     8.05s Waiting 35.0s for "profil-booster-orange" Button to exist
    t =     9.08s     Checking `Expect predicate `existsNoRetry == 1` for object "profil-booster-orange" Button`
    t =     9.08s         Checking existence of `"profil-booster-orange" Button`
    t =     9.12s Tap "profil-booster-orange" Button
    t =     9.13s     Wait for fr.kathryn.woop to idle
    t =     9.13s     Find the "profil-booster-orange" Button
    t =     9.15s     Check for interrupting elements affecting "profil-booster-orange" Button
    t =     9.18s     Synthesize event
    t =     9.58s     Wait for fr.kathryn.woop to idle
    t =    10.37s Waiting 8.0s for Button (First Match) to exist
    t =    11.41s     Checking `Expect predicate `existsNoRetry == 1` for object Button (First Match)`
    t =    11.41s         Checking existence of `Button (First Match)`
    t =    11.41s Tap Button (First Match)[0.50, 0.50]
    t =    11.41s     Wait for fr.kathryn.woop to idle
    t =    11.42s     Find the Button (First Match)
    t =    11.42s     Check for interrupting elements affecting "OUVRIR" Button
    t =    11.45s     Synthesize event
    t =    11.45s         Find the "OUVRIR" Button
    t =    11.46s         Find the "OUVRIR" Button
    t =    11.47s         Find the "OUVRIR" Button
    t =    11.76s     Wait for fr.kathryn.woop to idle
    t =    11.77s Find the Application 'fr.kathryn.woop'
    t =    11.87s Added attachment named 'apres-ouvrir'
    t =    11.87s Waiting 10.0s for "cartes-qa-ouverture" StaticText to exist
    t =    12.90s     Checking `Expect predicate `existsNoRetry == 1` for object "cartes-qa-ouverture" StaticText`
    t =    12.90s         Checking existence of `"cartes-qa-ouverture" StaticText`
    t =    12.94s         Capturing element debug description
    t =    13.87s     Checking `Expect predicate `existsNoRetry == 1` for object "cartes-qa-ouverture" StaticText`
    t =    13.87s         Checking existence of `"cartes-qa-ouverture" StaticText`
    t =    13.91s         Capturing element debug description
    t =    14.94s     Checking `Expect predicate `existsNoRetry == 1` for object "cartes-qa-ouverture" StaticText`
    t =    14.94s         Checking existence of `"cartes-qa-ouverture" StaticText`
    t =    14.99s         Capturing element debug description
    t =    15.91s     Checking `Expect predicate `existsNoRetry == 1` for object "cartes-qa-ouverture" StaticText`
    t =    15.91s         Checking existence of `"cartes-qa-ouverture" StaticText`
    t =    16.05s         Capturing element debug description
    t =    16.87s     Checking `Expect predicate `existsNoRetry == 1` for object "cartes-qa-ouverture" StaticText`
    t =    16.87s         Checking existence of `"cartes-qa-ouverture" StaticText`
    t =    16.91s         Capturing element debug description
    t =    17.94s     Checking `Expect predicate `existsNoRetry == 1` for object "cartes-qa-ouverture" StaticText`
    t =    17.94s         Checking existence of `"cartes-qa-ouverture" StaticText`
    t =    18.00s         Capturing element debug description
    t =    18.92s     Checking `Expect predicate `existsNoRetry == 1` for object "cartes-qa-ouverture" StaticText`
    t =    18.92s         Checking existence of `"cartes-qa-ouverture" StaticText`
    t =    19.01s         Capturing element debug description
    t =    19.93s     Checking `Expect predicate `existsNoRetry == 1` for object "cartes-qa-ouverture" StaticText`
    t =    19.93s         Checking existence of `"cartes-qa-ouverture" StaticText`
    t =    19.98s         Capturing element debug description
    t =    20.91s     Checking `Expect predicate `existsNoRetry == 1` for object "cartes-qa-ouverture" StaticText`
    t =    20.91s         Checking existence of `"cartes-qa-ouverture" StaticText`
    t =    20.94s         Capturing element debug description
    t =    21.87s     Checking `Expect predicate `existsNoRetry == 1` for object "cartes-qa-ouverture" StaticText`
    t =    21.87s         Checking existence of `"cartes-qa-ouverture" StaticText`
    t =    21.91s         Capturing element debug description
    t =    21.91s     Checking existence of `"cartes-qa-ouverture" StaticText`
    t =    21.95s Collecting debug information to assist test failure triage
    t =    21.95s     Requesting snapshot of accessibility hierarchy for app with pid 97822
/tmp/nosfy-cartes-runner/NavRuntimeUITests.swift:38: error: -[NavRuntimeUITests.NavRuntimeUITests testBOrangeJusquaCollection] : XCTAssertTrue failed
    t =    22.25s Tear Down
Test Case '-[NavRuntimeUITests.NavRuntimeUITests testBOrangeJusquaCollection]' failed (22.563 seconds).
Test Suite 'NavRuntimeUITests' failed at 2026-09-18 12:20:47.551.
	 Executed 1 test, with 1 failure (0 unexpected) in 22.563 (22.564) seconds
Test Suite 'NavRuntimeUITests.xctest' failed at 2026-09-18 12:20:47.551.
	 Executed 1 test, with 1 failure (0 unexpected) in 22.563 (22.564) seconds
Test Suite 'Selected tests' failed at 2026-09-18 12:20:47.551.
	 Executed 1 test, with 1 failure (0 unexpected) in 22.563 (22.565) seconds
2026-09-18 12:20:58.672 xcodebuild[97772:19083240] [MT] IDETestOperationsObserverDebug: 38.434 elapsed -- Testing started completed.
2026-09-18 12:20:58.672 xcodebuild[97772:19083240] [MT] IDETestOperationsObserverDebug: 0.000 sec, +0.000 sec -- start
2026-09-18 12:20:58.672 xcodebuild[97772:19083240] [MT] IDETestOperationsObserverDebug: 38.434 sec, +38.434 sec -- end

Test session results, code coverage, and logs:
	/tmp/cartes-ui-apres-B.xcresult

Failing tests:
	NavRuntimeUITests.testBOrangeJusquaCollection()

** TEST FAILED **

Testing started
