Command line invocation:
    /Applications/Xcode.app/Contents/Developer/usr/bin/xcodebuild -project /tmp/nosfy-cartes-runner/NavRuntimeUITests.xcodeproj -scheme NavRuntimeUITests -destination "platform=iOS Simulator,id=ADFE5348-7E75-4E67-9975-E0C409DCAD55" -derivedDataPath /tmp/nosfy-cartes-runner-dd -resultBundlePath /tmp/cartes-ui-blocage-avant.xcresult "-only-testing:NavRuntimeUITests/NavRuntimeUITests/testBOrangeJusquaCollection" CODE_SIGNING_ALLOWED=NO test

Build settings from command line:
    CODE_SIGNING_ALLOWED = NO

Writing result bundle at path:
	/tmp/cartes-ui-blocage-avant.xcresult

ComputePackagePrebuildTargetDependencyGraph

Prepare packages

CreateBuildRequest

SendProjectDescription

CreateBuildOperation

ComputeTargetDependencyGraph
note: Building targets in dependency order
note: Target dependency graph (1 target)
    Target 'NavRuntimeUITests' in project 'NavRuntimeUITests' (no dependencies)

GatherProvisioningInputs

CreateBuildDescription

ExecuteExternalTool /Applications/Xcode.app/Contents/Developer/Toolchains/XcodeDefault.xctoolchain/usr/bin/swiftc --version

ExecuteExternalTool /Applications/Xcode.app/Contents/Developer/Toolchains/XcodeDefault.xctoolchain/usr/bin/clang -v -E -dM -isysroot /Applications/Xcode.app/Contents/Developer/Platforms/iPhoneSimulator.platform/Developer/SDKs/iPhoneSimulator26.5.sdk -x c -c /dev/null

ExecuteExternalTool /Applications/Xcode.app/Contents/Developer/Toolchains/XcodeDefault.xctoolchain/usr/bin/ld -version_details

Build description signature: 7f623c0cefc90954d4852e1d3b64d544
Build description path: /tmp/nosfy-cartes-runner-dd/Build/Intermediates.noindex/XCBuildData/7f623c0cefc90954d4852e1d3b64d544.xcbuilddata
ClangStatCache /Applications/Xcode.app/Contents/Developer/Toolchains/XcodeDefault.xctoolchain/usr/bin/clang-stat-cache /Applications/Xcode.app/Contents/Developer/Platforms/iPhoneSimulator.platform/Developer/SDKs/iPhoneSimulator26.5.sdk /tmp/nosfy-cartes-runner-dd/SDKStatCaches.noindex/iphonesimulator26.5-23F73-688ef53f1462e2c8f657fdc38a81448f6cfe768891a92b912361537c460fe42b.sdkstatcache
    cd /tmp/nosfy-cartes-runner/NavRuntimeUITests.xcodeproj
    /Applications/Xcode.app/Contents/Developer/Toolchains/XcodeDefault.xctoolchain/usr/bin/clang-stat-cache /Applications/Xcode.app/Contents/Developer/Platforms/iPhoneSimulator.platform/Developer/SDKs/iPhoneSimulator26.5.sdk -o /tmp/nosfy-cartes-runner-dd/SDKStatCaches.noindex/iphonesimulator26.5-23F73-688ef53f1462e2c8f657fdc38a81448f6cfe768891a92b912361537c460fe42b.sdkstatcache

SwiftDriver NavRuntimeUITests normal arm64 com.apple.xcode.tools.swift.compiler (in target 'NavRuntimeUITests' from project 'NavRuntimeUITests')
    cd /tmp/nosfy-cartes-runner
    builtin-SwiftDriver -- /Applications/Xcode.app/Contents/Developer/Toolchains/XcodeDefault.xctoolchain/usr/bin/swiftc -module-name NavRuntimeUITests -Onone @/tmp/nosfy-cartes-runner-dd/Build/Intermediates.noindex/NavRuntimeUITests.build/Debug-iphonesimulator/NavRuntimeUITests.build/Objects-normal/arm64/NavRuntimeUITests.SwiftFileList -DDEBUG -module-alias Testing\=_Testing_Unavailable -plugin-path /Applications/Xcode.app/Contents/Developer/Toolchains/XcodeDefault.xctoolchain/usr/lib/swift/host/plugins/testing -enable-bare-slash-regex -enable-experimental-feature DebugDescriptionMacro -sdk /Applications/Xcode.app/Contents/Developer/Platforms/iPhoneSimulator.platform/Developer/SDKs/iPhoneSimulator26.5.sdk -target arm64-apple-ios26.0-simulator -g -module-cache-path /tmp/nosfy-cartes-runner-dd/ModuleCache.noindex -Xfrontend -serialize-debugging-options -enable-testing -index-store-path /tmp/nosfy-cartes-runner-dd/Index.noindex/DataStore -Xcc -D_LIBCPP_HARDENING_MODE\=_LIBCPP_HARDENING_MODE_DEBUG -swift-version 5 -I /tmp/nosfy-cartes-runner-dd/Build/Products/Debug-iphonesimulator -Isystem /Applications/Xcode.app/Contents/Developer/Platforms/iPhoneSimulator.platform/Developer/usr/lib -F /tmp/nosfy-cartes-runner-dd/Build/Products/Debug-iphonesimulator -F /Applications/Xcode.app/Contents/Developer/Platforms/iPhoneSimulator.platform/Developer/Library/Frameworks -F /Applications/Xcode.app/Contents/Developer/Platforms/iPhoneSimulator.platform/Developer/SDKs/iPhoneSimulator26.5.sdk/Developer/Library/Frameworks -parse-as-library -c -j10 -enable-batch-mode -incremental -Xcc -ivfsstatcache -Xcc /tmp/nosfy-cartes-runner-dd/SDKStatCaches.noindex/iphonesimulator26.5-23F73-688ef53f1462e2c8f657fdc38a81448f6cfe768891a92b912361537c460fe42b.sdkstatcache -output-file-map /tmp/nosfy-cartes-runner-dd/Build/Intermediates.noindex/NavRuntimeUITests.build/Debug-iphonesimulator/NavRuntimeUITests.build/Objects-normal/arm64/NavRuntimeUITests-OutputFileMap.json -use-frontend-parseable-output -save-temps -no-color-diagnostics -explicit-module-build -module-cache-path /tmp/nosfy-cartes-runner-dd/Build/Intermediates.noindex/SwiftExplicitPrecompiledModules -clang-scanner-module-cache-path /tmp/nosfy-cartes-runner-dd/ModuleCache.noindex -sdk-module-cache-path /tmp/nosfy-cartes-runner-dd/ModuleCache.noindex -serialize-diagnostics -emit-dependencies -emit-module -emit-module-path /tmp/nosfy-cartes-runner-dd/Build/Intermediates.noindex/NavRuntimeUITests.build/Debug-iphonesimulator/NavRuntimeUITests.build/Objects-normal/arm64/NavRuntimeUITests.swiftmodule -validate-clang-modules-once -clang-build-session-file /tmp/nosfy-cartes-runner-dd/ModuleCache.noindex/Session.modulevalidation -Xcc -I/tmp/nosfy-cartes-runner-dd/Build/Intermediates.noindex/NavRuntimeUITests.build/Debug-iphonesimulator/NavRuntimeUITests.build/swift-overrides.hmap -emit-const-values -Xfrontend -const-gather-protocols-file -Xfrontend /tmp/nosfy-cartes-runner-dd/Build/Intermediates.noindex/NavRuntimeUITests.build/Debug-iphonesimulator/NavRuntimeUITests.build/Objects-normal/arm64/NavRuntimeUITests_const_extract_protocols.json -Xcc -iquote -Xcc /tmp/nosfy-cartes-runner-dd/Build/Intermediates.noindex/NavRuntimeUITests.build/Debug-iphonesimulator/NavRuntimeUITests.build/NavRuntimeUITests-generated-files.hmap -Xcc -I/tmp/nosfy-cartes-runner-dd/Build/Intermediates.noindex/NavRuntimeUITests.build/Debug-iphonesimulator/NavRuntimeUITests.build/NavRuntimeUITests-own-target-headers.hmap -Xcc -I/tmp/nosfy-cartes-runner-dd/Build/Intermediates.noindex/NavRuntimeUITests.build/Debug-iphonesimulator/NavRuntimeUITests.build/NavRuntimeUITests-all-target-headers.hmap -Xcc -iquote -Xcc /tmp/nosfy-cartes-runner-dd/Build/Intermediates.noindex/NavRuntimeUITests.build/Debug-iphonesimulator/NavRuntimeUITests.build/NavRuntimeUITests-project-headers.hmap -Xcc -I/tmp/nosfy-cartes-runner-dd/Build/Products/Debug-iphonesimulator/include -Xcc -I/tmp/nosfy-cartes-runner-dd/Build/Intermediates.noindex/NavRuntimeUITests.build/Debug-iphonesimulator/NavRuntimeUITests.build/DerivedSources-normal/arm64 -Xcc -I/tmp/nosfy-cartes-runner-dd/Build/Intermediates.noindex/NavRuntimeUITests.build/Debug-iphonesimulator/NavRuntimeUITests.build/DerivedSources/arm64 -Xcc -I/tmp/nosfy-cartes-runner-dd/Build/Intermediates.noindex/NavRuntimeUITests.build/Debug-iphonesimulator/NavRuntimeUITests.build/DerivedSources -Xcc -DDEBUG\=1 -emit-objc-header -emit-objc-header-path /tmp/nosfy-cartes-runner-dd/Build/Intermediates.noindex/NavRuntimeUITests.build/Debug-iphonesimulator/NavRuntimeUITests.build/Objects-normal/arm64/NavRuntimeUITests-Swift.h -working-directory /tmp/nosfy-cartes-runner -experimental-emit-module-separately -disable-cmo

SwiftCompile normal arm64 Compiling\ NavRuntimeUITests.swift /tmp/nosfy-cartes-runner/NavRuntimeUITests.swift (in target 'NavRuntimeUITests' from project 'NavRuntimeUITests')

SwiftCompile normal arm64 /tmp/nosfy-cartes-runner/NavRuntimeUITests.swift (in target 'NavRuntimeUITests' from project 'NavRuntimeUITests')
    cd /tmp/nosfy-cartes-runner
    

SwiftEmitModule normal arm64 Emitting\ module\ for\ NavRuntimeUITests (in target 'NavRuntimeUITests' from project 'NavRuntimeUITests')

SwiftCompile normal arm64 /tmp/nosfy-cartes-runner/NavRuntimeUITests.swift (in target 'NavRuntimeUITests' from project 'NavRuntimeUITests')
    cd /tmp/nosfy-cartes-runner
    

SwiftDriverJobDiscovery normal arm64 Compiling NavRuntimeUITests.swift (in target 'NavRuntimeUITests' from project 'NavRuntimeUITests')

SwiftDriver\ Compilation NavRuntimeUITests normal arm64 com.apple.xcode.tools.swift.compiler (in target 'NavRuntimeUITests' from project 'NavRuntimeUITests')
    cd /tmp/nosfy-cartes-runner
    builtin-Swift-Compilation -- /Applications/Xcode.app/Contents/Developer/Toolchains/XcodeDefault.xctoolchain/usr/bin/swiftc -module-name NavRuntimeUITests -Onone @/tmp/nosfy-cartes-runner-dd/Build/Intermediates.noindex/NavRuntimeUITests.build/Debug-iphonesimulator/NavRuntimeUITests.build/Objects-normal/arm64/NavRuntimeUITests.SwiftFileList -DDEBUG -module-alias Testing\=_Testing_Unavailable -plugin-path /Applications/Xcode.app/Contents/Developer/Toolchains/XcodeDefault.xctoolchain/usr/lib/swift/host/plugins/testing -enable-bare-slash-regex -enable-experimental-feature DebugDescriptionMacro -sdk /Applications/Xcode.app/Contents/Developer/Platforms/iPhoneSimulator.platform/Developer/SDKs/iPhoneSimulator26.5.sdk -target arm64-apple-ios26.0-simulator -g -module-cache-path /tmp/nosfy-cartes-runner-dd/ModuleCache.noindex -Xfrontend -serialize-debugging-options -enable-testing -index-store-path /tmp/nosfy-cartes-runner-dd/Index.noindex/DataStore -Xcc -D_LIBCPP_HARDENING_MODE\=_LIBCPP_HARDENING_MODE_DEBUG -swift-version 5 -I /tmp/nosfy-cartes-runner-dd/Build/Products/Debug-iphonesimulator -Isystem /Applications/Xcode.app/Contents/Developer/Platforms/iPhoneSimulator.platform/Developer/usr/lib -F /tmp/nosfy-cartes-runner-dd/Build/Products/Debug-iphonesimulator -F /Applications/Xcode.app/Contents/Developer/Platforms/iPhoneSimulator.platform/Developer/Library/Frameworks -F /Applications/Xcode.app/Contents/Developer/Platforms/iPhoneSimulator.platform/Developer/SDKs/iPhoneSimulator26.5.sdk/Developer/Library/Frameworks -parse-as-library -c -j10 -enable-batch-mode -incremental -Xcc -ivfsstatcache -Xcc /tmp/nosfy-cartes-runner-dd/SDKStatCaches.noindex/iphonesimulator26.5-23F73-688ef53f1462e2c8f657fdc38a81448f6cfe768891a92b912361537c460fe42b.sdkstatcache -output-file-map /tmp/nosfy-cartes-runner-dd/Build/Intermediates.noindex/NavRuntimeUITests.build/Debug-iphonesimulator/NavRuntimeUITests.build/Objects-normal/arm64/NavRuntimeUITests-OutputFileMap.json -use-frontend-parseable-output -save-temps -no-color-diagnostics -explicit-module-build -module-cache-path /tmp/nosfy-cartes-runner-dd/Build/Intermediates.noindex/SwiftExplicitPrecompiledModules -clang-scanner-module-cache-path /tmp/nosfy-cartes-runner-dd/ModuleCache.noindex -sdk-module-cache-path /tmp/nosfy-cartes-runner-dd/ModuleCache.noindex -serialize-diagnostics -emit-dependencies -emit-module -emit-module-path /tmp/nosfy-cartes-runner-dd/Build/Intermediates.noindex/NavRuntimeUITests.build/Debug-iphonesimulator/NavRuntimeUITests.build/Objects-normal/arm64/NavRuntimeUITests.swiftmodule -validate-clang-modules-once -clang-build-session-file /tmp/nosfy-cartes-runner-dd/ModuleCache.noindex/Session.modulevalidation -Xcc -I/tmp/nosfy-cartes-runner-dd/Build/Intermediates.noindex/NavRuntimeUITests.build/Debug-iphonesimulator/NavRuntimeUITests.build/swift-overrides.hmap -emit-const-values -Xfrontend -const-gather-protocols-file -Xfrontend /tmp/nosfy-cartes-runner-dd/Build/Intermediates.noindex/NavRuntimeUITests.build/Debug-iphonesimulator/NavRuntimeUITests.build/Objects-normal/arm64/NavRuntimeUITests_const_extract_protocols.json -Xcc -iquote -Xcc /tmp/nosfy-cartes-runner-dd/Build/Intermediates.noindex/NavRuntimeUITests.build/Debug-iphonesimulator/NavRuntimeUITests.build/NavRuntimeUITests-generated-files.hmap -Xcc -I/tmp/nosfy-cartes-runner-dd/Build/Intermediates.noindex/NavRuntimeUITests.build/Debug-iphonesimulator/NavRuntimeUITests.build/NavRuntimeUITests-own-target-headers.hmap -Xcc -I/tmp/nosfy-cartes-runner-dd/Build/Intermediates.noindex/NavRuntimeUITests.build/Debug-iphonesimulator/NavRuntimeUITests.build/NavRuntimeUITests-all-target-headers.hmap -Xcc -iquote -Xcc /tmp/nosfy-cartes-runner-dd/Build/Intermediates.noindex/NavRuntimeUITests.build/Debug-iphonesimulator/NavRuntimeUITests.build/NavRuntimeUITests-project-headers.hmap -Xcc -I/tmp/nosfy-cartes-runner-dd/Build/Products/Debug-iphonesimulator/include -Xcc -I/tmp/nosfy-cartes-runner-dd/Build/Intermediates.noindex/NavRuntimeUITests.build/Debug-iphonesimulator/NavRuntimeUITests.build/DerivedSources-normal/arm64 -Xcc -I/tmp/nosfy-cartes-runner-dd/Build/Intermediates.noindex/NavRuntimeUITests.build/Debug-iphonesimulator/NavRuntimeUITests.build/DerivedSources/arm64 -Xcc -I/tmp/nosfy-cartes-runner-dd/Build/Intermediates.noindex/NavRuntimeUITests.build/Debug-iphonesimulator/NavRuntimeUITests.build/DerivedSources -Xcc -DDEBUG\=1 -emit-objc-header -emit-objc-header-path /tmp/nosfy-cartes-runner-dd/Build/Intermediates.noindex/NavRuntimeUITests.build/Debug-iphonesimulator/NavRuntimeUITests.build/Objects-normal/arm64/NavRuntimeUITests-Swift.h -working-directory /tmp/nosfy-cartes-runner -experimental-emit-module-separately -disable-cmo

SwiftDriverJobDiscovery normal arm64 Emitting module for NavRuntimeUITests (in target 'NavRuntimeUITests' from project 'NavRuntimeUITests')

SwiftDriver\ Compilation\ Requirements NavRuntimeUITests normal arm64 com.apple.xcode.tools.swift.compiler (in target 'NavRuntimeUITests' from project 'NavRuntimeUITests')
    cd /tmp/nosfy-cartes-runner
    builtin-Swift-Compilation-Requirements -- /Applications/Xcode.app/Contents/Developer/Toolchains/XcodeDefault.xctoolchain/usr/bin/swiftc -module-name NavRuntimeUITests -Onone @/tmp/nosfy-cartes-runner-dd/Build/Intermediates.noindex/NavRuntimeUITests.build/Debug-iphonesimulator/NavRuntimeUITests.build/Objects-normal/arm64/NavRuntimeUITests.SwiftFileList -DDEBUG -module-alias Testing\=_Testing_Unavailable -plugin-path /Applications/Xcode.app/Contents/Developer/Toolchains/XcodeDefault.xctoolchain/usr/lib/swift/host/plugins/testing -enable-bare-slash-regex -enable-experimental-feature DebugDescriptionMacro -sdk /Applications/Xcode.app/Contents/Developer/Platforms/iPhoneSimulator.platform/Developer/SDKs/iPhoneSimulator26.5.sdk -target arm64-apple-ios26.0-simulator -g -module-cache-path /tmp/nosfy-cartes-runner-dd/ModuleCache.noindex -Xfrontend -serialize-debugging-options -enable-testing -index-store-path /tmp/nosfy-cartes-runner-dd/Index.noindex/DataStore -Xcc -D_LIBCPP_HARDENING_MODE\=_LIBCPP_HARDENING_MODE_DEBUG -swift-version 5 -I /tmp/nosfy-cartes-runner-dd/Build/Products/Debug-iphonesimulator -Isystem /Applications/Xcode.app/Contents/Developer/Platforms/iPhoneSimulator.platform/Developer/usr/lib -F /tmp/nosfy-cartes-runner-dd/Build/Products/Debug-iphonesimulator -F /Applications/Xcode.app/Contents/Developer/Platforms/iPhoneSimulator.platform/Developer/Library/Frameworks -F /Applications/Xcode.app/Contents/Developer/Platforms/iPhoneSimulator.platform/Developer/SDKs/iPhoneSimulator26.5.sdk/Developer/Library/Frameworks -parse-as-library -c -j10 -enable-batch-mode -incremental -Xcc -ivfsstatcache -Xcc /tmp/nosfy-cartes-runner-dd/SDKStatCaches.noindex/iphonesimulator26.5-23F73-688ef53f1462e2c8f657fdc38a81448f6cfe768891a92b912361537c460fe42b.sdkstatcache -output-file-map /tmp/nosfy-cartes-runner-dd/Build/Intermediates.noindex/NavRuntimeUITests.build/Debug-iphonesimulator/NavRuntimeUITests.build/Objects-normal/arm64/NavRuntimeUITests-OutputFileMap.json -use-frontend-parseable-output -save-temps -no-color-diagnostics -explicit-module-build -module-cache-path /tmp/nosfy-cartes-runner-dd/Build/Intermediates.noindex/SwiftExplicitPrecompiledModules -clang-scanner-module-cache-path /tmp/nosfy-cartes-runner-dd/ModuleCache.noindex -sdk-module-cache-path /tmp/nosfy-cartes-runner-dd/ModuleCache.noindex -serialize-diagnostics -emit-dependencies -emit-module -emit-module-path /tmp/nosfy-cartes-runner-dd/Build/Intermediates.noindex/NavRuntimeUITests.build/Debug-iphonesimulator/NavRuntimeUITests.build/Objects-normal/arm64/NavRuntimeUITests.swiftmodule -validate-clang-modules-once -clang-build-session-file /tmp/nosfy-cartes-runner-dd/ModuleCache.noindex/Session.modulevalidation -Xcc -I/tmp/nosfy-cartes-runner-dd/Build/Intermediates.noindex/NavRuntimeUITests.build/Debug-iphonesimulator/NavRuntimeUITests.build/swift-overrides.hmap -emit-const-values -Xfrontend -const-gather-protocols-file -Xfrontend /tmp/nosfy-cartes-runner-dd/Build/Intermediates.noindex/NavRuntimeUITests.build/Debug-iphonesimulator/NavRuntimeUITests.build/Objects-normal/arm64/NavRuntimeUITests_const_extract_protocols.json -Xcc -iquote -Xcc /tmp/nosfy-cartes-runner-dd/Build/Intermediates.noindex/NavRuntimeUITests.build/Debug-iphonesimulator/NavRuntimeUITests.build/NavRuntimeUITests-generated-files.hmap -Xcc -I/tmp/nosfy-cartes-runner-dd/Build/Intermediates.noindex/NavRuntimeUITests.build/Debug-iphonesimulator/NavRuntimeUITests.build/NavRuntimeUITests-own-target-headers.hmap -Xcc -I/tmp/nosfy-cartes-runner-dd/Build/Intermediates.noindex/NavRuntimeUITests.build/Debug-iphonesimulator/NavRuntimeUITests.build/NavRuntimeUITests-all-target-headers.hmap -Xcc -iquote -Xcc /tmp/nosfy-cartes-runner-dd/Build/Intermediates.noindex/NavRuntimeUITests.build/Debug-iphonesimulator/NavRuntimeUITests.build/NavRuntimeUITests-project-headers.hmap -Xcc -I/tmp/nosfy-cartes-runner-dd/Build/Products/Debug-iphonesimulator/include -Xcc -I/tmp/nosfy-cartes-runner-dd/Build/Intermediates.noindex/NavRuntimeUITests.build/Debug-iphonesimulator/NavRuntimeUITests.build/DerivedSources-normal/arm64 -Xcc -I/tmp/nosfy-cartes-runner-dd/Build/Intermediates.noindex/NavRuntimeUITests.build/Debug-iphonesimulator/NavRuntimeUITests.build/DerivedSources/arm64 -Xcc -I/tmp/nosfy-cartes-runner-dd/Build/Intermediates.noindex/NavRuntimeUITests.build/Debug-iphonesimulator/NavRuntimeUITests.build/DerivedSources -Xcc -DDEBUG\=1 -emit-objc-header -emit-objc-header-path /tmp/nosfy-cartes-runner-dd/Build/Intermediates.noindex/NavRuntimeUITests.build/Debug-iphonesimulator/NavRuntimeUITests.build/Objects-normal/arm64/NavRuntimeUITests-Swift.h -working-directory /tmp/nosfy-cartes-runner -experimental-emit-module-separately -disable-cmo

Copy /tmp/nosfy-cartes-runner-dd/Build/Products/Debug-iphonesimulator/NavRuntimeUITests.swiftmodule/arm64-apple-ios-simulator.abi.json /tmp/nosfy-cartes-runner-dd/Build/Intermediates.noindex/NavRuntimeUITests.build/Debug-iphonesimulator/NavRuntimeUITests.build/Objects-normal/arm64/NavRuntimeUITests.abi.json (in target 'NavRuntimeUITests' from project 'NavRuntimeUITests')
    cd /tmp/nosfy-cartes-runner
    builtin-copy -exclude .DS_Store -exclude CVS -exclude .svn -exclude .git -exclude .hg -resolve-src-symlinks -rename /tmp/nosfy-cartes-runner-dd/Build/Intermediates.noindex/NavRuntimeUITests.build/Debug-iphonesimulator/NavRuntimeUITests.build/Objects-normal/arm64/NavRuntimeUITests.abi.json /tmp/nosfy-cartes-runner-dd/Build/Products/Debug-iphonesimulator/NavRuntimeUITests.swiftmodule/arm64-apple-ios-simulator.abi.json

Ld /tmp/nosfy-cartes-runner-dd/Build/Products/Debug-iphonesimulator/NavRuntimeUITests-Runner.app/PlugIns/NavRuntimeUITests.xctest/NavRuntimeUITests normal (in target 'NavRuntimeUITests' from project 'NavRuntimeUITests')
    cd /tmp/nosfy-cartes-runner
    /Applications/Xcode.app/Contents/Developer/Toolchains/XcodeDefault.xctoolchain/usr/bin/clang -Xlinker -reproducible -target arm64-apple-ios26.0-simulator -bundle -isysroot /Applications/Xcode.app/Contents/Developer/Platforms/iPhoneSimulator.platform/Developer/SDKs/iPhoneSimulator26.5.sdk -O0 -L/tmp/nosfy-cartes-runner-dd/Build/Intermediates.noindex/EagerLinkingTBDs/Debug-iphonesimulator -L/tmp/nosfy-cartes-runner-dd/Build/Products/Debug-iphonesimulator -L/Applications/Xcode.app/Contents/Developer/Platforms/iPhoneSimulator.platform/Developer/usr/lib -F/tmp/nosfy-cartes-runner-dd/Build/Intermediates.noindex/EagerLinkingTBDs/Debug-iphonesimulator -F/tmp/nosfy-cartes-runner-dd/Build/Products/Debug-iphonesimulator -iframework /Applications/Xcode.app/Contents/Developer/Platforms/iPhoneSimulator.platform/Developer/Library/Frameworks -iframework /Applications/Xcode.app/Contents/Developer/Platforms/iPhoneSimulator.platform/Developer/SDKs/iPhoneSimulator26.5.sdk/Developer/Library/Frameworks -filelist /tmp/nosfy-cartes-runner-dd/Build/Intermediates.noindex/NavRuntimeUITests.build/Debug-iphonesimulator/NavRuntimeUITests.build/Objects-normal/arm64/NavRuntimeUITests.LinkFileList -Xlinker -rpath -Xlinker @loader_path/Frameworks -Xlinker -dead_strip -Xlinker -object_path_lto -Xlinker /tmp/nosfy-cartes-runner-dd/Build/Intermediates.noindex/NavRuntimeUITests.build/Debug-iphonesimulator/NavRuntimeUITests.build/Objects-normal/arm64/NavRuntimeUITests_lto.o -rdynamic -Xlinker -no_deduplicate -Xlinker -objc_abi_version -Xlinker 2 -Xlinker -dependency_info -Xlinker /tmp/nosfy-cartes-runner-dd/Build/Intermediates.noindex/NavRuntimeUITests.build/Debug-iphonesimulator/NavRuntimeUITests.build/Objects-normal/arm64/NavRuntimeUITests_dependency_info.dat -fobjc-link-runtime -L/Applications/Xcode.app/Contents/Developer/Toolchains/XcodeDefault.xctoolchain/usr/lib/swift/iphonesimulator -L/usr/lib/swift -Xlinker -add_ast_path -Xlinker /tmp/nosfy-cartes-runner-dd/Build/Intermediates.noindex/NavRuntimeUITests.build/Debug-iphonesimulator/NavRuntimeUITests.build/Objects-normal/arm64/NavRuntimeUITests.swiftmodule @/tmp/nosfy-cartes-runner-dd/Build/Intermediates.noindex/NavRuntimeUITests.build/Debug-iphonesimulator/NavRuntimeUITests.build/Objects-normal/arm64/NavRuntimeUITests-linker-args.resp -Xlinker -needed_framework -Xlinker XCTest -framework XCTest -Xlinker -needed-lXCTestSwiftSupport -lXCTestSwiftSupport -framework Foundation -o /tmp/nosfy-cartes-runner-dd/Build/Products/Debug-iphonesimulator/NavRuntimeUITests-Runner.app/PlugIns/NavRuntimeUITests.xctest/NavRuntimeUITests

Copy /tmp/nosfy-cartes-runner-dd/Build/Products/Debug-iphonesimulator/NavRuntimeUITests.swiftmodule/Project/arm64-apple-ios-simulator.swiftsourceinfo /tmp/nosfy-cartes-runner-dd/Build/Intermediates.noindex/NavRuntimeUITests.build/Debug-iphonesimulator/NavRuntimeUITests.build/Objects-normal/arm64/NavRuntimeUITests.swiftsourceinfo (in target 'NavRuntimeUITests' from project 'NavRuntimeUITests')
    cd /tmp/nosfy-cartes-runner
    builtin-copy -exclude .DS_Store -exclude CVS -exclude .svn -exclude .git -exclude .hg -resolve-src-symlinks -rename /tmp/nosfy-cartes-runner-dd/Build/Intermediates.noindex/NavRuntimeUITests.build/Debug-iphonesimulator/NavRuntimeUITests.build/Objects-normal/arm64/NavRuntimeUITests.swiftsourceinfo /tmp/nosfy-cartes-runner-dd/Build/Products/Debug-iphonesimulator/NavRuntimeUITests.swiftmodule/Project/arm64-apple-ios-simulator.swiftsourceinfo

ExtractAppIntentsMetadata (in target 'NavRuntimeUITests' from project 'NavRuntimeUITests')
    cd /tmp/nosfy-cartes-runner
    /Applications/Xcode.app/Contents/Developer/Toolchains/XcodeDefault.xctoolchain/usr/bin/appintentsmetadataprocessor --toolchain-dir /var/run/com.apple.security.cryptexd/mnt/com.apple.MobileAsset.MetalToolchain-v17.6.42.0.BA5Ggr/Metal.xctoolchain --module-name NavRuntimeUITests --sdk-root /Applications/Xcode.app/Contents/Developer/Platforms/iPhoneSimulator.platform/Developer/SDKs/iPhoneSimulator26.5.sdk --xcode-version 17F42 --platform-family iOS --deployment-target 26.0 --bundle-identifier fr.kathryn.woop.NavRuntimeUITests --output /tmp/nosfy-cartes-runner-dd/Build/Products/Debug-iphonesimulator/NavRuntimeUITests-Runner.app/PlugIns/NavRuntimeUITests.xctest --target-triple arm64-apple-ios26.0-simulator --binary-file /tmp/nosfy-cartes-runner-dd/Build/Products/Debug-iphonesimulator/NavRuntimeUITests-Runner.app/PlugIns/NavRuntimeUITests.xctest/NavRuntimeUITests --dependency-file /tmp/nosfy-cartes-runner-dd/Build/Intermediates.noindex/NavRuntimeUITests.build/Debug-iphonesimulator/NavRuntimeUITests.build/Objects-normal/arm64/NavRuntimeUITests_dependency_info.dat --stringsdata-file /tmp/nosfy-cartes-runner-dd/Build/Intermediates.noindex/NavRuntimeUITests.build/Debug-iphonesimulator/NavRuntimeUITests.build/Objects-normal/arm64/ExtractedAppShortcutsMetadata.stringsdata --source-file-list /tmp/nosfy-cartes-runner-dd/Build/Intermediates.noindex/NavRuntimeUITests.build/Debug-iphonesimulator/NavRuntimeUITests.build/Objects-normal/arm64/NavRuntimeUITests.SwiftFileList --metadata-file-list /tmp/nosfy-cartes-runner-dd/Build/Intermediates.noindex/NavRuntimeUITests.build/Debug-iphonesimulator/NavRuntimeUITests.build/NavRuntimeUITests.DependencyMetadataFileList --static-metadata-file-list /tmp/nosfy-cartes-runner-dd/Build/Intermediates.noindex/NavRuntimeUITests.build/Debug-iphonesimulator/NavRuntimeUITests.build/NavRuntimeUITests.DependencyStaticMetadataFileList --swift-const-vals-list /tmp/nosfy-cartes-runner-dd/Build/Intermediates.noindex/NavRuntimeUITests.build/Debug-iphonesimulator/NavRuntimeUITests.build/Objects-normal/arm64/NavRuntimeUITests.SwiftConstValuesFileList --compile-time-extraction --deployment-aware-processing --validate-assistant-intents --no-app-shortcuts-localization
2026-09-18 12:03:09.470 appintentsmetadataprocessor[93333:19042429] Starting appintentsmetadataprocessor export
2026-09-18 12:03:09.473 appintentsmetadataprocessor[93333:19042429] warning: Metadata extraction skipped. No AppIntents.framework dependency found.

ProcessInfoPlistFile /tmp/nosfy-cartes-runner-dd/Build/Products/Debug-iphonesimulator/NavRuntimeUITests-Runner.app/PlugIns/NavRuntimeUITests.xctest/Info.plist /tmp/nosfy-cartes-runner-dd/Build/Intermediates.noindex/NavRuntimeUITests.build/Debug-iphonesimulator/NavRuntimeUITests.build/empty-NavRuntimeUITests.plist (in target 'NavRuntimeUITests' from project 'NavRuntimeUITests')
    cd /tmp/nosfy-cartes-runner
    builtin-infoPlistUtility /tmp/nosfy-cartes-runner-dd/Build/Intermediates.noindex/NavRuntimeUITests.build/Debug-iphonesimulator/NavRuntimeUITests.build/empty-NavRuntimeUITests.plist -producttype com.apple.product-type.bundle.ui-testing -expandbuildsettings -format binary -platform iphonesimulator -additionalcontentfile /tmp/nosfy-cartes-runner-dd/Build/Intermediates.noindex/NavRuntimeUITests.build/Debug-iphonesimulator/NavRuntimeUITests.build/ProductTypeInfoPlistAdditions.plist -o /tmp/nosfy-cartes-runner-dd/Build/Products/Debug-iphonesimulator/NavRuntimeUITests-Runner.app/PlugIns/NavRuntimeUITests.xctest/Info.plist

CopySwiftLibs /tmp/nosfy-cartes-runner-dd/Build/Products/Debug-iphonesimulator/NavRuntimeUITests-Runner.app/PlugIns/NavRuntimeUITests.xctest (in target 'NavRuntimeUITests' from project 'NavRuntimeUITests')
    cd /tmp/nosfy-cartes-runner
    builtin-swiftStdLibTool --copy --verbose --scan-executable /tmp/nosfy-cartes-runner-dd/Build/Products/Debug-iphonesimulator/NavRuntimeUITests-Runner.app/PlugIns/NavRuntimeUITests.xctest/NavRuntimeUITests --scan-folder /tmp/nosfy-cartes-runner-dd/Build/Products/Debug-iphonesimulator/NavRuntimeUITests-Runner.app/PlugIns/NavRuntimeUITests.xctest/Frameworks --scan-folder /tmp/nosfy-cartes-runner-dd/Build/Products/Debug-iphonesimulator/NavRuntimeUITests-Runner.app/PlugIns/NavRuntimeUITests.xctest/PlugIns --scan-folder /tmp/nosfy-cartes-runner-dd/Build/Products/Debug-iphonesimulator/NavRuntimeUITests-Runner.app/PlugIns/NavRuntimeUITests.xctest/SystemExtensions --scan-folder /tmp/nosfy-cartes-runner-dd/Build/Products/Debug-iphonesimulator/NavRuntimeUITests-Runner.app/PlugIns/NavRuntimeUITests.xctest/Extensions --scan-folder /Applications/Xcode.app/Contents/Developer/Platforms/iPhoneSimulator.platform/Developer/SDKs/iPhoneSimulator26.5.sdk/System/Library/Frameworks/Foundation.framework --platform iphonesimulator --toolchain /var/run/com.apple.security.cryptexd/mnt/com.apple.MobileAsset.MetalToolchain-v17.6.42.0.BA5Ggr/Metal.xctoolchain --toolchain /Applications/Xcode.app/Contents/Developer/Toolchains/XcodeDefault.xctoolchain --destination /tmp/nosfy-cartes-runner-dd/Build/Products/Debug-iphonesimulator/NavRuntimeUITests-Runner.app/PlugIns/NavRuntimeUITests.xctest/Frameworks --strip-bitcode --scan-executable /Applications/Xcode.app/Contents/Developer/Platforms/iPhoneSimulator.platform/Developer/usr/lib/libXCTestSwiftSupport.dylib --strip-bitcode-tool /Applications/Xcode.app/Contents/Developer/Toolchains/XcodeDefault.xctoolchain/usr/bin/bitcode_strip --emit-dependency-info /tmp/nosfy-cartes-runner-dd/Build/Intermediates.noindex/NavRuntimeUITests.build/Debug-iphonesimulator/NavRuntimeUITests.build/SwiftStdLibToolInputDependencies.dep --filter-for-swift-os
Ignoring --strip-bitcode because --sign was not passed

2026-09-18 12:03:13.831243+0200 NavRuntimeUITests-Runner[93357:19042733] [Default] Running tests...
2026-09-18 12:03:13.852680+0200 NavRuntimeUITests-Runner[93357:19042843] [General] Failed to send CA Event for app launch measurements for ca_event_type: 0 event_name: com.apple.app_launch_measurement.FirstFramePresentationMetric
2026-09-18 12:03:13.896387+0200 NavRuntimeUITests-Runner[93357:19042843] [General] Failed to send CA Event for app launch measurements for ca_event_type: 1 event_name: com.apple.app_launch_measurement.ExtendedLaunchMetrics
objc[93357]: Class UIAccessibilityLoaderWebShared is implemented in both /Library/Developer/CoreSimulator/Volumes/iOS_23F77/Library/Developer/CoreSimulator/Profiles/Runtimes/iOS 26.5.simruntime/Contents/Resources/RuntimeRoot/System/Library/AccessibilityBundles/WebCore.axbundle/WebCore (0x107288310) and /Library/Developer/CoreSimulator/Volumes/iOS_23F77/Library/Developer/CoreSimulator/Profiles/Runtimes/iOS 26.5.simruntime/Contents/Resources/RuntimeRoot/System/Library/AccessibilityBundles/WebKit.axbundle/WebKit (0x1066f8398). This may cause spurious casting failures and mysterious crashes. One of the duplicates must be removed or renamed.
    t =      nans Interface orientation changed to Portrait
Test Suite 'Selected tests' started at 2026-09-18 12:03:17.047.
Test Suite 'NavRuntimeUITests.xctest' started at 2026-09-18 12:03:17.048.
Test Suite 'NavRuntimeUITests' started at 2026-09-18 12:03:17.048.
Test Case '-[NavRuntimeUITests.NavRuntimeUITests testBOrangeJusquaCollection]' started.
    t =     0.00s Start Test at 2026-09-18 12:03:17.048
    t =     0.15s Set Up
    t =     0.15s Open fr.kathryn.woop
    t =     0.15s     Launch fr.kathryn.woop
    t =     0.23s         Setting up automation session
    t =     0.66s         Wait for fr.kathryn.woop to idle
    t =     1.83s Waiting 6.0s for Button (First Match) to exist
    t =     2.88s     Checking `Expect predicate `existsNoRetry == 1` for object Button (First Match)`
    t =     2.88s         Checking existence of `Button (First Match)`
    t =     2.95s         Capturing element debug description
    t =     3.88s     Checking `Expect predicate `existsNoRetry == 1` for object Button (First Match)`
    t =     3.88s         Checking existence of `Button (First Match)`
    t =     3.91s         Capturing element debug description
    t =     4.84s     Checking `Expect predicate `existsNoRetry == 1` for object Button (First Match)`
    t =     4.84s         Checking existence of `Button (First Match)`
    t =     4.88s         Capturing element debug description
    t =     5.92s     Checking `Expect predicate `existsNoRetry == 1` for object Button (First Match)`
    t =     5.92s         Checking existence of `Button (First Match)`
    t =     6.95s Checking `Expect predicate `exists == 0` for object Button (First Match)`
    t =     6.95s     Checking existence of `Button (First Match)`
    t =     7.04s     Capturing element debug description
    t =     7.97s Checking `Expect predicate `exists == 0` for object Button (First Match)`
    t =     7.97s     Checking existence of `Button (First Match)`
    t =     8.01s Waiting 35.0s for "profil-booster-orange" Button to exist
    t =     9.03s     Checking `Expect predicate `existsNoRetry == 1` for object "profil-booster-orange" Button`
    t =     9.03s         Checking existence of `"profil-booster-orange" Button`
    t =     9.08s Tap "profil-booster-orange" Button
    t =     9.08s     Wait for fr.kathryn.woop to idle
    t =     9.08s     Find the "profil-booster-orange" Button
    t =     9.10s     Check for interrupting elements affecting "profil-booster-orange" Button
    t =     9.14s     Synthesize event
    t =     9.54s     Wait for fr.kathryn.woop to idle
    t =    10.33s Waiting 8.0s for Button (First Match) to exist
    t =    11.36s     Checking `Expect predicate `existsNoRetry == 1` for object Button (First Match)`
    t =    11.36s         Checking existence of `Button (First Match)`
    t =    11.37s Tap Button (First Match)[0.50, 0.50]
    t =    11.37s     Wait for fr.kathryn.woop to idle
    t =    11.38s     Find the Button (First Match)
    t =    11.38s     Check for interrupting elements affecting "OUVRIR" Button
    t =    11.41s     Synthesize event
    t =    11.41s         Find the "OUVRIR" Button
    t =    11.42s         Find the "OUVRIR" Button
    t =    11.43s         Find the "OUVRIR" Button
    t =    11.73s     Wait for fr.kathryn.woop to idle
    t =    11.73s Find the Application 'fr.kathryn.woop'
    t =    11.83s Added attachment named 'apres-ouvrir'
    t =    11.83s Waiting 10.0s for "cartes-qa-ouverture" StaticText to exist
    t =    12.86s     Checking `Expect predicate `existsNoRetry == 1` for object "cartes-qa-ouverture" StaticText`
    t =    12.86s         Checking existence of `"cartes-qa-ouverture" StaticText`
    t =    12.91s         Capturing element debug description
    t =    13.84s     Checking `Expect predicate `existsNoRetry == 1` for object "cartes-qa-ouverture" StaticText`
    t =    13.84s         Checking existence of `"cartes-qa-ouverture" StaticText`
    t =    13.89s         Capturing element debug description
    t =    14.91s     Checking `Expect predicate `existsNoRetry == 1` for object "cartes-qa-ouverture" StaticText`
    t =    14.91s         Checking existence of `"cartes-qa-ouverture" StaticText`
    t =    15.00s         Capturing element debug description
    t =    15.93s     Checking `Expect predicate `existsNoRetry == 1` for object "cartes-qa-ouverture" StaticText`
    t =    15.93s         Checking existence of `"cartes-qa-ouverture" StaticText`
    t =    15.97s         Capturing element debug description
    t =    16.89s     Checking `Expect predicate `existsNoRetry == 1` for object "cartes-qa-ouverture" StaticText`
    t =    16.90s         Checking existence of `"cartes-qa-ouverture" StaticText`
    t =    16.98s         Capturing element debug description
    t =    17.91s     Checking `Expect predicate `existsNoRetry == 1` for object "cartes-qa-ouverture" StaticText`
    t =    17.91s         Checking existence of `"cartes-qa-ouverture" StaticText`
    t =    17.96s         Capturing element debug description
    t =    18.88s     Checking `Expect predicate `existsNoRetry == 1` for object "cartes-qa-ouverture" StaticText`
    t =    18.88s         Checking existence of `"cartes-qa-ouverture" StaticText`
    t =    18.96s         Capturing element debug description
    t =    19.89s     Checking `Expect predicate `existsNoRetry == 1` for object "cartes-qa-ouverture" StaticText`
    t =    19.89s         Checking existence of `"cartes-qa-ouverture" StaticText`
    t =    19.96s         Capturing element debug description
    t =    20.88s     Checking `Expect predicate `existsNoRetry == 1` for object "cartes-qa-ouverture" StaticText`
    t =    20.88s         Checking existence of `"cartes-qa-ouverture" StaticText`
    t =    20.93s         Capturing element debug description
    t =    21.83s     Checking `Expect predicate `existsNoRetry == 1` for object "cartes-qa-ouverture" StaticText`
    t =    21.83s         Checking existence of `"cartes-qa-ouverture" StaticText`
    t =    21.87s         Capturing element debug description
    t =    21.87s     Checking existence of `"cartes-qa-ouverture" StaticText`
    t =    21.90s Collecting debug information to assist test failure triage
    t =    21.90s     Requesting snapshot of accessibility hierarchy for app with pid 93374
/tmp/nosfy-cartes-runner/NavRuntimeUITests.swift:38: error: -[NavRuntimeUITests.NavRuntimeUITests testBOrangeJusquaCollection] : XCTAssertTrue failed
    t =    22.25s Tear Down
Test Case '-[NavRuntimeUITests.NavRuntimeUITests testBOrangeJusquaCollection]' failed (22.557 seconds).
Test Suite 'NavRuntimeUITests' failed at 2026-09-18 12:03:39.606.
	 Executed 1 test, with 1 failure (0 unexpected) in 22.557 (22.558) seconds
Test Suite 'NavRuntimeUITests.xctest' failed at 2026-09-18 12:03:39.607.
	 Executed 1 test, with 1 failure (0 unexpected) in 22.557 (22.559) seconds
Test Suite 'Selected tests' failed at 2026-09-18 12:03:39.607.
	 Executed 1 test, with 1 failure (0 unexpected) in 22.557 (22.559) seconds
2026-09-18 12:03:51.117 xcodebuild[93303:19042150] [MT] IDETestOperationsObserverDebug: 41.606 elapsed -- Testing started completed.
2026-09-18 12:03:51.117 xcodebuild[93303:19042150] [MT] IDETestOperationsObserverDebug: 0.000 sec, +0.000 sec -- start
2026-09-18 12:03:51.117 xcodebuild[93303:19042150] [MT] IDETestOperationsObserverDebug: 41.606 sec, +41.606 sec -- end

Test session results, code coverage, and logs:
	/tmp/cartes-ui-blocage-avant.xcresult

Failing tests:
	NavRuntimeUITests.testBOrangeJusquaCollection()

** TEST FAILED **

Testing started
