Command line invocation:
    /Applications/Xcode.app/Contents/Developer/usr/bin/xcodebuild test-without-building -xctestrun /private/tmp/woop-nav-runtime-qa/dd/Build/Products/NavRuntimeUITests_iphoneos26.5-arm64.xctestrun "-only-testing:NavRuntimeUITests/NavRuntimeUITests/testHomePretePourMesure" -destination platform=iOS,id=00008120-001E4CDC0A85A01E -destination-timeout 15 -parallel-testing-enabled NO -maximum-concurrent-test-device-destinations 1 -resultBundlePath /private/tmp/woop-puissance28-protegee/home-prete.xcresult

2026-09-15 21:22:37.747 xcodebuild[60714:14808156] [MT] IDERunDestination: Supported platforms for the buildables in the current scheme is empty.
Writing result bundle at path:
	/private/tmp/woop-puissance28-protegee/home-prete.xcresult

2026-09-15 21:22:37.754 xcodebuild[60714:14808156] [MT] IDERunDestination: Supported platforms for the buildables in the current scheme is empty.
2026-09-15 21:22:37.853 xcodebuild[60714:14808156] [MT] IDERunDestination: Supported platforms for the buildables in the current scheme is empty.
--- xcodebuild: WARNING: Using the first of multiple matching destinations:
{ platform:iOS, arch:arm64e, id:00008120-001E4CDC0A85A01E, name:iPhone de Frédéric }
{ platform:iOS, arch:arm64, id:00008120-001E4CDC0A85A01E, name:iPhone de Frédéric }
2026-09-15 21:22:39.041 xcodebuild[60714:14808156] [MT] IDERunDestination: Supported platforms for the buildables in the current scheme is empty.
2026-09-15 21:22:39.459 xcodebuild[60714:14808156] [MT] IDERunDestination: Supported platforms for the buildables in the current scheme is empty.
2026-09-15 21:22:44.444810+0200 NavRuntimeUITests-Runner[25534:1995233] [Default] Running tests...
    t =      nans Interface orientation changed to Portrait
Test Suite 'Selected tests' started at 2026-09-15 21:22:44.837.
Test Suite 'NavRuntimeUITests.xctest' started at 2026-09-15 21:22:44.838.
Test Suite 'NavRuntimeUITests' started at 2026-09-15 21:22:44.838.
Test Case '-[NavRuntimeUITests.NavRuntimeUITests testHomePretePourMesure]' started.
    t =     0.00s Start Test at 2026-09-15 21:22:44.839
    t =     0.01s Set Up
    t =     0.02s Open fr.kathryn.woop
    t =     0.02s     Activate fr.kathryn.woop
    t =     0.04s         Wait for fr.kathryn.woop to idle
    t =     0.05s Checking existence of `"Later" Button`
    t =     0.13s Waiting 5.0s for "person" Button to exist
2026-09-15 21:22:44.860 xcodebuild[60714:14808156] [MT] IDERunDestination: Supported platforms for the buildables in the current scheme is empty.
    t =     1.15s     Checking `Expect predicate `existsNoRetry == 1` for object "person" Button`
    t =     1.15s         Checking existence of `"person" Button`
    t =     1.21s Find the "person" Button
    t =     1.26s Find the Application 'fr.kathryn.woop'
WOOP_HOME_PRETE_MESURE
    t =     1.52s Tear Down
Test Case '-[NavRuntimeUITests.NavRuntimeUITests testHomePretePourMesure]' passed (1.538 seconds).
Test Suite 'NavRuntimeUITests' passed at 2026-09-15 21:22:46.377.
	 Executed 1 test, with 0 failures (0 unexpected) in 1.538 (1.539) seconds
Test Suite 'NavRuntimeUITests.xctest' passed at 2026-09-15 21:22:46.379.
	 Executed 1 test, with 0 failures (0 unexpected) in 1.538 (1.542) seconds
Test Suite 'Selected tests' passed at 2026-09-15 21:22:46.380.
	 Executed 1 test, with 0 failures (0 unexpected) in 1.538 (1.542) seconds
2026-09-15 21:22:46.361 xcodebuild[60714:14808156] [MT] IDERunDestination: Supported platforms for the buildables in the current scheme is empty.
2026-09-15 21:22:46.522 xcodebuild[60714:14808156] [MT] IDETestOperationsObserverDebug: 7.473 elapsed -- Testing started completed.
2026-09-15 21:22:46.522 xcodebuild[60714:14808156] [MT] IDETestOperationsObserverDebug: 0.000 sec, +0.000 sec -- start
2026-09-15 21:22:46.522 xcodebuild[60714:14808156] [MT] IDETestOperationsObserverDebug: 7.473 sec, +7.473 sec -- end

Test session results, code coverage, and logs:
	/tmp/woop-puissance28-protegee/home-prete.xcresult

** TEST EXECUTE SUCCEEDED **

Testing started
