
> woop-chambre-des-machines@2.0.0 artefact
> next build && node scripts/inliner.mjs

▲ Next.js 16.3.3 (webpack)
✓ Running next.config.ts took 13ms

  Creating an optimized production build ...
✓ Compiled successfully in 1635ms
  Running TypeScript ...
  Finished TypeScript in 928ms ...
  Collecting page data using 5 workers ...
  Generating static pages using 5 workers (0/4) ...
  Generating static pages using 5 workers (1/4) 
  Generating static pages using 5 workers (2/4) 
  Generating static pages using 5 workers (3/4) 
✓ Generating static pages using 5 workers (4/4) in 271ms
  Finalizing page optimization ...
  Collecting build traces ...

Route (app)
┌ ○ /
├ ○ /_not-found
└ ○ /icon.svg


○  (Static)  prerendered as static content

inliner : /private/tmp/woop-tuto58-commit/snapshot/docs/site/out/index.html
   retirés  : 24 <script> · 7 <link> · 1 attributs Next · 226 commentaires RSC · 1 meta
   inlinés  : 1 feuille(s) (49636 o) · 1 url() (99780 o) · 53 média(s) (501223 o) · site.js (9066 o)
   titre    : Documentation Woop
   livrable : /private/tmp/woop-tuto58-commit/snapshot/docs/site/index.html · 1994506 o (1.99 Mo) · 1 <script>
   ✔ écrit
