Command line invocation:
    /Applications/Xcode.app/Contents/Developer/usr/bin/xcodebuild -project /tmp/nosfy-cartes-runner/NavRuntimeUITests.xcodeproj -scheme NavRuntimeUITests -destination "platform=iOS Simulator,id=ADFE5348-7E75-4E67-9975-E0C409DCAD55" -derivedDataPath /tmp/nosfy-cartes-runner-dd -resultBundlePath /tmp/nosfy-cartes-ui7.xcresult CODE_SIGNING_ALLOWED=NO test

Build settings from command line:
    CODE_SIGNING_ALLOWED = NO

Writing result bundle at path:
	/tmp/nosfy-cartes-ui7.xcresult

ComputePackagePrebuildTargetDependencyGraph

Prepare packages

CreateBuildRequest

SendProjectDescription

CreateBuildOperation

ComputeTargetDependencyGraph
note: Building targets in dependency order
note: Target dependency graph (1 target)
    Target 'NavRuntimeUITests' in project 'NavRuntimeUITests' (no dependencies)

GatherProvisioningInputs

CreateBuildDescription

ClangStatCache /Applications/Xcode.app/Contents/Developer/Toolchains/XcodeDefault.xctoolchain/usr/bin/clang-stat-cache /Applications/Xcode.app/Contents/Developer/Platforms/iPhoneSimulator.platform/Developer/SDKs/iPhoneSimulator26.5.sdk /tmp/nosfy-cartes-runner-dd/SDKStatCaches.noindex/iphonesimulator26.5-23F73-688ef53f1462e2c8f657fdc38a81448f6cfe768891a92b912361537c460fe42b.sdkstatcache
    cd /tmp/nosfy-cartes-runner/NavRuntimeUITests.xcodeproj
    /Applications/Xcode.app/Contents/Developer/Toolchains/XcodeDefault.xctoolchain/usr/bin/clang-stat-cache /Applications/Xcode.app/Contents/Developer/Platforms/iPhoneSimulator.platform/Developer/SDKs/iPhoneSimulator26.5.sdk -o /tmp/nosfy-cartes-runner-dd/SDKStatCaches.noindex/iphonesimulator26.5-23F73-688ef53f1462e2c8f657fdc38a81448f6cfe768891a92b912361537c460fe42b.sdkstatcache

SwiftDriver NavRuntimeUITests normal arm64 com.apple.xcode.tools.swift.compiler (in target 'NavRuntimeUITests' from project 'NavRuntimeUITests')
    cd /tmp/nosfy-cartes-runner
    builtin-SwiftDriver -- /Applications/Xcode.app/Contents/Developer/Toolchains/XcodeDefault.xctoolchain/usr/bin/swiftc -module-name NavRuntimeUITests -Onone @/tmp/nosfy-cartes-runner-dd/Build/Intermediates.noindex/NavRuntimeUITests.build/Debug-iphonesimulator/NavRuntimeUITests.build/Objects-normal/arm64/NavRuntimeUITests.SwiftFileList -DDEBUG -module-alias Testing\=_Testing_Unavailable -plugin-path /Applications/Xcode.app/Contents/Developer/Toolchains/XcodeDefault.xctoolchain/usr/lib/swift/host/plugins/testing -enable-bare-slash-regex -enable-experimental-feature DebugDescriptionMacro -sdk /Applications/Xcode.app/Contents/Developer/Platforms/iPhoneSimulator.platform/Developer/SDKs/iPhoneSimulator26.5.sdk -target arm64-apple-ios26.0-simulator -g -module-cache-path /tmp/nosfy-cartes-runner-dd/ModuleCache.noindex -Xfrontend -serialize-debugging-options -enable-testing -index-store-path /tmp/nosfy-cartes-runner-dd/Index.noindex/DataStore -Xcc -D_LIBCPP_HARDENING_MODE\=_LIBCPP_HARDENING_MODE_DEBUG -swift-version 5 -I /tmp/nosfy-cartes-runner-dd/Build/Products/Debug-iphonesimulator -Isystem /Applications/Xcode.app/Contents/Developer/Platforms/iPhoneSimulator.platform/Developer/usr/lib -F /tmp/nosfy-cartes-runner-dd/Build/Products/Debug-iphonesimulator -F /Applications/Xcode.app/Contents/Developer/Platforms/iPhoneSimulator.platform/Developer/Library/Frameworks -F /Applications/Xcode.app/Contents/Developer/Platforms/iPhoneSimulator.platform/Developer/SDKs/iPhoneSimulator26.5.sdk/Developer/Library/Frameworks -parse-as-library -c -j10 -enable-batch-mode -incremental -Xcc -ivfsstatcache -Xcc /tmp/nosfy-cartes-runner-dd/SDKStatCaches.noindex/iphonesimulator26.5-23F73-688ef53f1462e2c8f657fdc38a81448f6cfe768891a92b912361537c460fe42b.sdkstatcache -output-file-map /tmp/nosfy-cartes-runner-dd/Build/Intermediates.noindex/NavRuntimeUITests.build/Debug-iphonesimulator/NavRuntimeUITests.build/Objects-normal/arm64/NavRuntimeUITests-OutputFileMap.json -use-frontend-parseable-output -save-temps -no-color-diagnostics -explicit-module-build -module-cache-path /tmp/nosfy-cartes-runner-dd/Build/Intermediates.noindex/SwiftExplicitPrecompiledModules -clang-scanner-module-cache-path /tmp/nosfy-cartes-runner-dd/ModuleCache.noindex -sdk-module-cache-path /tmp/nosfy-cartes-runner-dd/ModuleCache.noindex -serialize-diagnostics -emit-dependencies -emit-module -emit-module-path /tmp/nosfy-cartes-runner-dd/Build/Intermediates.noindex/NavRuntimeUITests.build/Debug-iphonesimulator/NavRuntimeUITests.build/Objects-normal/arm64/NavRuntimeUITests.swiftmodule -validate-clang-modules-once -clang-build-session-file /tmp/nosfy-cartes-runner-dd/ModuleCache.noindex/Session.modulevalidation -Xcc -I/tmp/nosfy-cartes-runner-dd/Build/Intermediates.noindex/NavRuntimeUITests.build/Debug-iphonesimulator/NavRuntimeUITests.build/swift-overrides.hmap -emit-const-values -Xfrontend -const-gather-protocols-file -Xfrontend /tmp/nosfy-cartes-runner-dd/Build/Intermediates.noindex/NavRuntimeUITests.build/Debug-iphonesimulator/NavRuntimeUITests.build/Objects-normal/arm64/NavRuntimeUITests_const_extract_protocols.json -Xcc -iquote -Xcc /tmp/nosfy-cartes-runner-dd/Build/Intermediates.noindex/NavRuntimeUITests.build/Debug-iphonesimulator/NavRuntimeUITests.build/NavRuntimeUITests-generated-files.hmap -Xcc -I/tmp/nosfy-cartes-runner-dd/Build/Intermediates.noindex/NavRuntimeUITests.build/Debug-iphonesimulator/NavRuntimeUITests.build/NavRuntimeUITests-own-target-headers.hmap -Xcc -I/tmp/nosfy-cartes-runner-dd/Build/Intermediates.noindex/NavRuntimeUITests.build/Debug-iphonesimulator/NavRuntimeUITests.build/NavRuntimeUITests-all-target-headers.hmap -Xcc -iquote -Xcc /tmp/nosfy-cartes-runner-dd/Build/Intermediates.noindex/NavRuntimeUITests.build/Debug-iphonesimulator/NavRuntimeUITests.build/NavRuntimeUITests-project-headers.hmap -Xcc -I/tmp/nosfy-cartes-runner-dd/Build/Products/Debug-iphonesimulator/include -Xcc -I/tmp/nosfy-cartes-runner-dd/Build/Intermediates.noindex/NavRuntimeUITests.build/Debug-iphonesimulator/NavRuntimeUITests.build/DerivedSources-normal/arm64 -Xcc -I/tmp/nosfy-cartes-runner-dd/Build/Intermediates.noindex/NavRuntimeUITests.build/Debug-iphonesimulator/NavRuntimeUITests.build/DerivedSources/arm64 -Xcc -I/tmp/nosfy-cartes-runner-dd/Build/Intermediates.noindex/NavRuntimeUITests.build/Debug-iphonesimulator/NavRuntimeUITests.build/DerivedSources -Xcc -DDEBUG\=1 -emit-objc-header -emit-objc-header-path /tmp/nosfy-cartes-runner-dd/Build/Intermediates.noindex/NavRuntimeUITests.build/Debug-iphonesimulator/NavRuntimeUITests.build/Objects-normal/arm64/NavRuntimeUITests-Swift.h -working-directory /tmp/nosfy-cartes-runner -experimental-emit-module-separately -disable-cmo

SwiftEmitModule normal arm64 Emitting\ module\ for\ NavRuntimeUITests (in target 'NavRuntimeUITests' from project 'NavRuntimeUITests')

SwiftCompile normal arm64 /tmp/nosfy-cartes-runner/NavRuntimeUITests.swift (in target 'NavRuntimeUITests' from project 'NavRuntimeUITests')
    cd /tmp/nosfy-cartes-runner
    

SwiftCompile normal arm64 Compiling\ NavRuntimeUITests.swift /tmp/nosfy-cartes-runner/NavRuntimeUITests.swift (in target 'NavRuntimeUITests' from project 'NavRuntimeUITests')
SwiftCompile normal arm64 /tmp/nosfy-cartes-runner/NavRuntimeUITests.swift (in target 'NavRuntimeUITests' from project 'NavRuntimeUITests')
    cd /tmp/nosfy-cartes-runner
    

SwiftDriverJobDiscovery normal arm64 Compiling NavRuntimeUITests.swift (in target 'NavRuntimeUITests' from project 'NavRuntimeUITests')

SwiftDriver\ Compilation NavRuntimeUITests normal arm64 com.apple.xcode.tools.swift.compiler (in target 'NavRuntimeUITests' from project 'NavRuntimeUITests')
    cd /tmp/nosfy-cartes-runner
    builtin-Swift-Compilation -- /Applications/Xcode.app/Contents/Developer/Toolchains/XcodeDefault.xctoolchain/usr/bin/swiftc -module-name NavRuntimeUITests -Onone @/tmp/nosfy-cartes-runner-dd/Build/Intermediates.noindex/NavRuntimeUITests.build/Debug-iphonesimulator/NavRuntimeUITests.build/Objects-normal/arm64/NavRuntimeUITests.SwiftFileList -DDEBUG -module-alias Testing\=_Testing_Unavailable -plugin-path /Applications/Xcode.app/Contents/Developer/Toolchains/XcodeDefault.xctoolchain/usr/lib/swift/host/plugins/testing -enable-bare-slash-regex -enable-experimental-feature DebugDescriptionMacro -sdk /Applications/Xcode.app/Contents/Developer/Platforms/iPhoneSimulator.platform/Developer/SDKs/iPhoneSimulator26.5.sdk -target arm64-apple-ios26.0-simulator -g -module-cache-path /tmp/nosfy-cartes-runner-dd/ModuleCache.noindex -Xfrontend -serialize-debugging-options -enable-testing -index-store-path /tmp/nosfy-cartes-runner-dd/Index.noindex/DataStore -Xcc -D_LIBCPP_HARDENING_MODE\=_LIBCPP_HARDENING_MODE_DEBUG -swift-version 5 -I /tmp/nosfy-cartes-runner-dd/Build/Products/Debug-iphonesimulator -Isystem /Applications/Xcode.app/Contents/Developer/Platforms/iPhoneSimulator.platform/Developer/usr/lib -F /tmp/nosfy-cartes-runner-dd/Build/Products/Debug-iphonesimulator -F /Applications/Xcode.app/Contents/Developer/Platforms/iPhoneSimulator.platform/Developer/Library/Frameworks -F /Applications/Xcode.app/Contents/Developer/Platforms/iPhoneSimulator.platform/Developer/SDKs/iPhoneSimulator26.5.sdk/Developer/Library/Frameworks -parse-as-library -c -j10 -enable-batch-mode -incremental -Xcc -ivfsstatcache -Xcc /tmp/nosfy-cartes-runner-dd/SDKStatCaches.noindex/iphonesimulator26.5-23F73-688ef53f1462e2c8f657fdc38a81448f6cfe768891a92b912361537c460fe42b.sdkstatcache -output-file-map /tmp/nosfy-cartes-runner-dd/Build/Intermediates.noindex/NavRuntimeUITests.build/Debug-iphonesimulator/NavRuntimeUITests.build/Objects-normal/arm64/NavRuntimeUITests-OutputFileMap.json -use-frontend-parseable-output -save-temps -no-color-diagnostics -explicit-module-build -module-cache-path /tmp/nosfy-cartes-runner-dd/Build/Intermediates.noindex/SwiftExplicitPrecompiledModules -clang-scanner-module-cache-path /tmp/nosfy-cartes-runner-dd/ModuleCache.noindex -sdk-module-cache-path /tmp/nosfy-cartes-runner-dd/ModuleCache.noindex -serialize-diagnostics -emit-dependencies -emit-module -emit-module-path /tmp/nosfy-cartes-runner-dd/Build/Intermediates.noindex/NavRuntimeUITests.build/Debug-iphonesimulator/NavRuntimeUITests.build/Objects-normal/arm64/NavRuntimeUITests.swiftmodule -validate-clang-modules-once -clang-build-session-file /tmp/nosfy-cartes-runner-dd/ModuleCache.noindex/Session.modulevalidation -Xcc -I/tmp/nosfy-cartes-runner-dd/Build/Intermediates.noindex/NavRuntimeUITests.build/Debug-iphonesimulator/NavRuntimeUITests.build/swift-overrides.hmap -emit-const-values -Xfrontend -const-gather-protocols-file -Xfrontend /tmp/nosfy-cartes-runner-dd/Build/Intermediates.noindex/NavRuntimeUITests.build/Debug-iphonesimulator/NavRuntimeUITests.build/Objects-normal/arm64/NavRuntimeUITests_const_extract_protocols.json -Xcc -iquote -Xcc /tmp/nosfy-cartes-runner-dd/Build/Intermediates.noindex/NavRuntimeUITests.build/Debug-iphonesimulator/NavRuntimeUITests.build/NavRuntimeUITests-generated-files.hmap -Xcc -I/tmp/nosfy-cartes-runner-dd/Build/Intermediates.noindex/NavRuntimeUITests.build/Debug-iphonesimulator/NavRuntimeUITests.build/NavRuntimeUITests-own-target-headers.hmap -Xcc -I/tmp/nosfy-cartes-runner-dd/Build/Intermediates.noindex/NavRuntimeUITests.build/Debug-iphonesimulator/NavRuntimeUITests.build/NavRuntimeUITests-all-target-headers.hmap -Xcc -iquote -Xcc /tmp/nosfy-cartes-runner-dd/Build/Intermediates.noindex/NavRuntimeUITests.build/Debug-iphonesimulator/NavRuntimeUITests.build/NavRuntimeUITests-project-headers.hmap -Xcc -I/tmp/nosfy-cartes-runner-dd/Build/Products/Debug-iphonesimulator/include -Xcc -I/tmp/nosfy-cartes-runner-dd/Build/Intermediates.noindex/NavRuntimeUITests.build/Debug-iphonesimulator/NavRuntimeUITests.build/DerivedSources-normal/arm64 -Xcc -I/tmp/nosfy-cartes-runner-dd/Build/Intermediates.noindex/NavRuntimeUITests.build/Debug-iphonesimulator/NavRuntimeUITests.build/DerivedSources/arm64 -Xcc -I/tmp/nosfy-cartes-runner-dd/Build/Intermediates.noindex/NavRuntimeUITests.build/Debug-iphonesimulator/NavRuntimeUITests.build/DerivedSources -Xcc -DDEBUG\=1 -emit-objc-header -emit-objc-header-path /tmp/nosfy-cartes-runner-dd/Build/Intermediates.noindex/NavRuntimeUITests.build/Debug-iphonesimulator/NavRuntimeUITests.build/Objects-normal/arm64/NavRuntimeUITests-Swift.h -working-directory /tmp/nosfy-cartes-runner -experimental-emit-module-separately -disable-cmo

SwiftDriverJobDiscovery normal arm64 Emitting module for NavRuntimeUITests (in target 'NavRuntimeUITests' from project 'NavRuntimeUITests')

SwiftDriver\ Compilation\ Requirements NavRuntimeUITests normal arm64 com.apple.xcode.tools.swift.compiler (in target 'NavRuntimeUITests' from project 'NavRuntimeUITests')
    cd /tmp/nosfy-cartes-runner
    builtin-Swift-Compilation-Requirements -- /Applications/Xcode.app/Contents/Developer/Toolchains/XcodeDefault.xctoolchain/usr/bin/swiftc -module-name NavRuntimeUITests -Onone @/tmp/nosfy-cartes-runner-dd/Build/Intermediates.noindex/NavRuntimeUITests.build/Debug-iphonesimulator/NavRuntimeUITests.build/Objects-normal/arm64/NavRuntimeUITests.SwiftFileList -DDEBUG -module-alias Testing\=_Testing_Unavailable -plugin-path /Applications/Xcode.app/Contents/Developer/Toolchains/XcodeDefault.xctoolchain/usr/lib/swift/host/plugins/testing -enable-bare-slash-regex -enable-experimental-feature DebugDescriptionMacro -sdk /Applications/Xcode.app/Contents/Developer/Platforms/iPhoneSimulator.platform/Developer/SDKs/iPhoneSimulator26.5.sdk -target arm64-apple-ios26.0-simulator -g -module-cache-path /tmp/nosfy-cartes-runner-dd/ModuleCache.noindex -Xfrontend -serialize-debugging-options -enable-testing -index-store-path /tmp/nosfy-cartes-runner-dd/Index.noindex/DataStore -Xcc -D_LIBCPP_HARDENING_MODE\=_LIBCPP_HARDENING_MODE_DEBUG -swift-version 5 -I /tmp/nosfy-cartes-runner-dd/Build/Products/Debug-iphonesimulator -Isystem /Applications/Xcode.app/Contents/Developer/Platforms/iPhoneSimulator.platform/Developer/usr/lib -F /tmp/nosfy-cartes-runner-dd/Build/Products/Debug-iphonesimulator -F /Applications/Xcode.app/Contents/Developer/Platforms/iPhoneSimulator.platform/Developer/Library/Frameworks -F /Applications/Xcode.app/Contents/Developer/Platforms/iPhoneSimulator.platform/Developer/SDKs/iPhoneSimulator26.5.sdk/Developer/Library/Frameworks -parse-as-library -c -j10 -enable-batch-mode -incremental -Xcc -ivfsstatcache -Xcc /tmp/nosfy-cartes-runner-dd/SDKStatCaches.noindex/iphonesimulator26.5-23F73-688ef53f1462e2c8f657fdc38a81448f6cfe768891a92b912361537c460fe42b.sdkstatcache -output-file-map /tmp/nosfy-cartes-runner-dd/Build/Intermediates.noindex/NavRuntimeUITests.build/Debug-iphonesimulator/NavRuntimeUITests.build/Objects-normal/arm64/NavRuntimeUITests-OutputFileMap.json -use-frontend-parseable-output -save-temps -no-color-diagnostics -explicit-module-build -module-cache-path /tmp/nosfy-cartes-runner-dd/Build/Intermediates.noindex/SwiftExplicitPrecompiledModules -clang-scanner-module-cache-path /tmp/nosfy-cartes-runner-dd/ModuleCache.noindex -sdk-module-cache-path /tmp/nosfy-cartes-runner-dd/ModuleCache.noindex -serialize-diagnostics -emit-dependencies -emit-module -emit-module-path /tmp/nosfy-cartes-runner-dd/Build/Intermediates.noindex/NavRuntimeUITests.build/Debug-iphonesimulator/NavRuntimeUITests.build/Objects-normal/arm64/NavRuntimeUITests.swiftmodule -validate-clang-modules-once -clang-build-session-file /tmp/nosfy-cartes-runner-dd/ModuleCache.noindex/Session.modulevalidation -Xcc -I/tmp/nosfy-cartes-runner-dd/Build/Intermediates.noindex/NavRuntimeUITests.build/Debug-iphonesimulator/NavRuntimeUITests.build/swift-overrides.hmap -emit-const-values -Xfrontend -const-gather-protocols-file -Xfrontend /tmp/nosfy-cartes-runner-dd/Build/Intermediates.noindex/NavRuntimeUITests.build/Debug-iphonesimulator/NavRuntimeUITests.build/Objects-normal/arm64/NavRuntimeUITests_const_extract_protocols.json -Xcc -iquote -Xcc /tmp/nosfy-cartes-runner-dd/Build/Intermediates.noindex/NavRuntimeUITests.build/Debug-iphonesimulator/NavRuntimeUITests.build/NavRuntimeUITests-generated-files.hmap -Xcc -I/tmp/nosfy-cartes-runner-dd/Build/Intermediates.noindex/NavRuntimeUITests.build/Debug-iphonesimulator/NavRuntimeUITests.build/NavRuntimeUITests-own-target-headers.hmap -Xcc -I/tmp/nosfy-cartes-runner-dd/Build/Intermediates.noindex/NavRuntimeUITests.build/Debug-iphonesimulator/NavRuntimeUITests.build/NavRuntimeUITests-all-target-headers.hmap -Xcc -iquote -Xcc /tmp/nosfy-cartes-runner-dd/Build/Intermediates.noindex/NavRuntimeUITests.build/Debug-iphonesimulator/NavRuntimeUITests.build/NavRuntimeUITests-project-headers.hmap -Xcc -I/tmp/nosfy-cartes-runner-dd/Build/Products/Debug-iphonesimulator/include -Xcc -I/tmp/nosfy-cartes-runner-dd/Build/Intermediates.noindex/NavRuntimeUITests.build/Debug-iphonesimulator/NavRuntimeUITests.build/DerivedSources-normal/arm64 -Xcc -I/tmp/nosfy-cartes-runner-dd/Build/Intermediates.noindex/NavRuntimeUITests.build/Debug-iphonesimulator/NavRuntimeUITests.build/DerivedSources/arm64 -Xcc -I/tmp/nosfy-cartes-runner-dd/Build/Intermediates.noindex/NavRuntimeUITests.build/Debug-iphonesimulator/NavRuntimeUITests.build/DerivedSources -Xcc -DDEBUG\=1 -emit-objc-header -emit-objc-header-path /tmp/nosfy-cartes-runner-dd/Build/Intermediates.noindex/NavRuntimeUITests.build/Debug-iphonesimulator/NavRuntimeUITests.build/Objects-normal/arm64/NavRuntimeUITests-Swift.h -working-directory /tmp/nosfy-cartes-runner -experimental-emit-module-separately -disable-cmo

Copy /tmp/nosfy-cartes-runner-dd/Build/Products/Debug-iphonesimulator/NavRuntimeUITests.swiftmodule/arm64-apple-ios-simulator.abi.json /tmp/nosfy-cartes-runner-dd/Build/Intermediates.noindex/NavRuntimeUITests.build/Debug-iphonesimulator/NavRuntimeUITests.build/Objects-normal/arm64/NavRuntimeUITests.abi.json (in target 'NavRuntimeUITests' from project 'NavRuntimeUITests')
    cd /tmp/nosfy-cartes-runner
    builtin-copy -exclude .DS_Store -exclude CVS -exclude .svn -exclude .git -exclude .hg -resolve-src-symlinks -rename /tmp/nosfy-cartes-runner-dd/Build/Intermediates.noindex/NavRuntimeUITests.build/Debug-iphonesimulator/NavRuntimeUITests.build/Objects-normal/arm64/NavRuntimeUITests.abi.json /tmp/nosfy-cartes-runner-dd/Build/Products/Debug-iphonesimulator/NavRuntimeUITests.swiftmodule/arm64-apple-ios-simulator.abi.json

Copy /tmp/nosfy-cartes-runner-dd/Build/Products/Debug-iphonesimulator/NavRuntimeUITests.swiftmodule/Project/arm64-apple-ios-simulator.swiftsourceinfo /tmp/nosfy-cartes-runner-dd/Build/Intermediates.noindex/NavRuntimeUITests.build/Debug-iphonesimulator/NavRuntimeUITests.build/Objects-normal/arm64/NavRuntimeUITests.swiftsourceinfo (in target 'NavRuntimeUITests' from project 'NavRuntimeUITests')
    cd /tmp/nosfy-cartes-runner
    builtin-copy -exclude .DS_Store -exclude CVS -exclude .svn -exclude .git -exclude .hg -resolve-src-symlinks -rename /tmp/nosfy-cartes-runner-dd/Build/Intermediates.noindex/NavRuntimeUITests.build/Debug-iphonesimulator/NavRuntimeUITests.build/Objects-normal/arm64/NavRuntimeUITests.swiftsourceinfo /tmp/nosfy-cartes-runner-dd/Build/Products/Debug-iphonesimulator/NavRuntimeUITests.swiftmodule/Project/arm64-apple-ios-simulator.swiftsourceinfo

Ld /tmp/nosfy-cartes-runner-dd/Build/Products/Debug-iphonesimulator/NavRuntimeUITests-Runner.app/PlugIns/NavRuntimeUITests.xctest/NavRuntimeUITests normal (in target 'NavRuntimeUITests' from project 'NavRuntimeUITests')
    cd /tmp/nosfy-cartes-runner
    /Applications/Xcode.app/Contents/Developer/Toolchains/XcodeDefault.xctoolchain/usr/bin/clang -Xlinker -reproducible -target arm64-apple-ios26.0-simulator -bundle -isysroot /Applications/Xcode.app/Contents/Developer/Platforms/iPhoneSimulator.platform/Developer/SDKs/iPhoneSimulator26.5.sdk -O0 -L/tmp/nosfy-cartes-runner-dd/Build/Intermediates.noindex/EagerLinkingTBDs/Debug-iphonesimulator -L/tmp/nosfy-cartes-runner-dd/Build/Products/Debug-iphonesimulator -L/Applications/Xcode.app/Contents/Developer/Platforms/iPhoneSimulator.platform/Developer/usr/lib -F/tmp/nosfy-cartes-runner-dd/Build/Intermediates.noindex/EagerLinkingTBDs/Debug-iphonesimulator -F/tmp/nosfy-cartes-runner-dd/Build/Products/Debug-iphonesimulator -iframework /Applications/Xcode.app/Contents/Developer/Platforms/iPhoneSimulator.platform/Developer/Library/Frameworks -iframework /Applications/Xcode.app/Contents/Developer/Platforms/iPhoneSimulator.platform/Developer/SDKs/iPhoneSimulator26.5.sdk/Developer/Library/Frameworks -filelist /tmp/nosfy-cartes-runner-dd/Build/Intermediates.noindex/NavRuntimeUITests.build/Debug-iphonesimulator/NavRuntimeUITests.build/Objects-normal/arm64/NavRuntimeUITests.LinkFileList -Xlinker -rpath -Xlinker @loader_path/Frameworks -Xlinker -dead_strip -Xlinker -object_path_lto -Xlinker /tmp/nosfy-cartes-runner-dd/Build/Intermediates.noindex/NavRuntimeUITests.build/Debug-iphonesimulator/NavRuntimeUITests.build/Objects-normal/arm64/NavRuntimeUITests_lto.o -rdynamic -Xlinker -no_deduplicate -Xlinker -objc_abi_version -Xlinker 2 -Xlinker -dependency_info -Xlinker /tmp/nosfy-cartes-runner-dd/Build/Intermediates.noindex/NavRuntimeUITests.build/Debug-iphonesimulator/NavRuntimeUITests.build/Objects-normal/arm64/NavRuntimeUITests_dependency_info.dat -fobjc-link-runtime -L/Applications/Xcode.app/Contents/Developer/Toolchains/XcodeDefault.xctoolchain/usr/lib/swift/iphonesimulator -L/usr/lib/swift -Xlinker -add_ast_path -Xlinker /tmp/nosfy-cartes-runner-dd/Build/Intermediates.noindex/NavRuntimeUITests.build/Debug-iphonesimulator/NavRuntimeUITests.build/Objects-normal/arm64/NavRuntimeUITests.swiftmodule @/tmp/nosfy-cartes-runner-dd/Build/Intermediates.noindex/NavRuntimeUITests.build/Debug-iphonesimulator/NavRuntimeUITests.build/Objects-normal/arm64/NavRuntimeUITests-linker-args.resp -Xlinker -needed_framework -Xlinker XCTest -framework XCTest -Xlinker -needed-lXCTestSwiftSupport -lXCTestSwiftSupport -framework Foundation -o /tmp/nosfy-cartes-runner-dd/Build/Products/Debug-iphonesimulator/NavRuntimeUITests-Runner.app/PlugIns/NavRuntimeUITests.xctest/NavRuntimeUITests

ExtractAppIntentsMetadata (in target 'NavRuntimeUITests' from project 'NavRuntimeUITests')
    cd /tmp/nosfy-cartes-runner
    /Applications/Xcode.app/Contents/Developer/Toolchains/XcodeDefault.xctoolchain/usr/bin/appintentsmetadataprocessor --toolchain-dir /var/run/com.apple.security.cryptexd/mnt/com.apple.MobileAsset.MetalToolchain-v17.6.42.0.BA5Ggr/Metal.xctoolchain --module-name NavRuntimeUITests --sdk-root /Applications/Xcode.app/Contents/Developer/Platforms/iPhoneSimulator.platform/Developer/SDKs/iPhoneSimulator26.5.sdk --xcode-version 17F42 --platform-family iOS --deployment-target 26.0 --bundle-identifier fr.kathryn.woop.NavRuntimeUITests --output /tmp/nosfy-cartes-runner-dd/Build/Products/Debug-iphonesimulator/NavRuntimeUITests-Runner.app/PlugIns/NavRuntimeUITests.xctest --target-triple arm64-apple-ios26.0-simulator --binary-file /tmp/nosfy-cartes-runner-dd/Build/Products/Debug-iphonesimulator/NavRuntimeUITests-Runner.app/PlugIns/NavRuntimeUITests.xctest/NavRuntimeUITests --dependency-file /tmp/nosfy-cartes-runner-dd/Build/Intermediates.noindex/NavRuntimeUITests.build/Debug-iphonesimulator/NavRuntimeUITests.build/Objects-normal/arm64/NavRuntimeUITests_dependency_info.dat --stringsdata-file /tmp/nosfy-cartes-runner-dd/Build/Intermediates.noindex/NavRuntimeUITests.build/Debug-iphonesimulator/NavRuntimeUITests.build/Objects-normal/arm64/ExtractedAppShortcutsMetadata.stringsdata --source-file-list /tmp/nosfy-cartes-runner-dd/Build/Intermediates.noindex/NavRuntimeUITests.build/Debug-iphonesimulator/NavRuntimeUITests.build/Objects-normal/arm64/NavRuntimeUITests.SwiftFileList --metadata-file-list /tmp/nosfy-cartes-runner-dd/Build/Intermediates.noindex/NavRuntimeUITests.build/Debug-iphonesimulator/NavRuntimeUITests.build/NavRuntimeUITests.DependencyMetadataFileList --static-metadata-file-list /tmp/nosfy-cartes-runner-dd/Build/Intermediates.noindex/NavRuntimeUITests.build/Debug-iphonesimulator/NavRuntimeUITests.build/NavRuntimeUITests.DependencyStaticMetadataFileList --swift-const-vals-list /tmp/nosfy-cartes-runner-dd/Build/Intermediates.noindex/NavRuntimeUITests.build/Debug-iphonesimulator/NavRuntimeUITests.build/Objects-normal/arm64/NavRuntimeUITests.SwiftConstValuesFileList --compile-time-extraction --deployment-aware-processing --validate-assistant-intents --no-app-shortcuts-localization
2026-09-18 11:36:58.685 appintentsmetadataprocessor[87413:18983118] Starting appintentsmetadataprocessor export
2026-09-18 11:36:58.688 appintentsmetadataprocessor[87413:18983118] warning: Metadata extraction skipped. No AppIntents.framework dependency found.

CopySwiftLibs /tmp/nosfy-cartes-runner-dd/Build/Products/Debug-iphonesimulator/NavRuntimeUITests-Runner.app/PlugIns/NavRuntimeUITests.xctest (in target 'NavRuntimeUITests' from project 'NavRuntimeUITests')
    cd /tmp/nosfy-cartes-runner
    builtin-swiftStdLibTool --copy --verbose --scan-executable /tmp/nosfy-cartes-runner-dd/Build/Products/Debug-iphonesimulator/NavRuntimeUITests-Runner.app/PlugIns/NavRuntimeUITests.xctest/NavRuntimeUITests --scan-folder /tmp/nosfy-cartes-runner-dd/Build/Products/Debug-iphonesimulator/NavRuntimeUITests-Runner.app/PlugIns/NavRuntimeUITests.xctest/Frameworks --scan-folder /tmp/nosfy-cartes-runner-dd/Build/Products/Debug-iphonesimulator/NavRuntimeUITests-Runner.app/PlugIns/NavRuntimeUITests.xctest/PlugIns --scan-folder /tmp/nosfy-cartes-runner-dd/Build/Products/Debug-iphonesimulator/NavRuntimeUITests-Runner.app/PlugIns/NavRuntimeUITests.xctest/SystemExtensions --scan-folder /tmp/nosfy-cartes-runner-dd/Build/Products/Debug-iphonesimulator/NavRuntimeUITests-Runner.app/PlugIns/NavRuntimeUITests.xctest/Extensions --scan-folder /Applications/Xcode.app/Contents/Developer/Platforms/iPhoneSimulator.platform/Developer/SDKs/iPhoneSimulator26.5.sdk/System/Library/Frameworks/Foundation.framework --platform iphonesimulator --toolchain /var/run/com.apple.security.cryptexd/mnt/com.apple.MobileAsset.MetalToolchain-v17.6.42.0.BA5Ggr/Metal.xctoolchain --toolchain /Applications/Xcode.app/Contents/Developer/Toolchains/XcodeDefault.xctoolchain --destination /tmp/nosfy-cartes-runner-dd/Build/Products/Debug-iphonesimulator/NavRuntimeUITests-Runner.app/PlugIns/NavRuntimeUITests.xctest/Frameworks --strip-bitcode --scan-executable /Applications/Xcode.app/Contents/Developer/Platforms/iPhoneSimulator.platform/Developer/usr/lib/libXCTestSwiftSupport.dylib --strip-bitcode-tool /Applications/Xcode.app/Contents/Developer/Toolchains/XcodeDefault.xctoolchain/usr/bin/bitcode_strip --emit-dependency-info /tmp/nosfy-cartes-runner-dd/Build/Intermediates.noindex/NavRuntimeUITests.build/Debug-iphonesimulator/NavRuntimeUITests.build/SwiftStdLibToolInputDependencies.dep --filter-for-swift-os
Ignoring --strip-bitcode because --sign was not passed

2026-09-18 11:37:00.580820+0200 NavRuntimeUITests-Runner[87414:18983287] [Default] Running tests...
    t =      nans Interface orientation changed to Portrait
Test Suite 'All tests' started at 2026-09-18 11:37:02.196.
Test Suite 'NavRuntimeUITests.xctest' started at 2026-09-18 11:37:02.197.
Test Suite 'NavRuntimeUITests' started at 2026-09-18 11:37:02.198.
Test Case '-[NavRuntimeUITests.NavRuntimeUITests testADeuxPortesEtCollectionVide]' started.
    t =     0.00s Start Test at 2026-09-18 11:37:02.200
    t =     0.02s Set Up
    t =     0.03s Open fr.kathryn.woop
    t =     0.04s     Launch fr.kathryn.woop
    t =     0.04s         Terminate fr.kathryn.woop:86775
objc[87414]: Class UIAccessibilityLoaderWebShared is implemented in both /Library/Developer/CoreSimulator/Volumes/iOS_23F77/Library/Developer/CoreSimulator/Profiles/Runtimes/iOS 26.5.simruntime/Contents/Resources/RuntimeRoot/System/Library/AccessibilityBundles/WebCore.axbundle/WebCore (0x105e90310) and /Library/Developer/CoreSimulator/Volumes/iOS_23F77/Library/Developer/CoreSimulator/Profiles/Runtimes/iOS 26.5.simruntime/Contents/Resources/RuntimeRoot/System/Library/AccessibilityBundles/WebKit.axbundle/WebKit (0x105f5c398). This may cause spurious casting failures and mysterious crashes. One of the duplicates must be removed or renamed.
    t =     1.38s         Setting up automation session
    t =     2.36s         Wait for fr.kathryn.woop to idle
    t =     3.77s Waiting 6.0s for Button (First Match) to exist
    t =     4.80s     Checking `Expect predicate `existsNoRetry == 1` for object Button (First Match)`
    t =     4.80s         Checking existence of `Button (First Match)`
    t =     5.50s         Capturing element debug description
    t =     5.81s     Checking `Expect predicate `existsNoRetry == 1` for object Button (First Match)`
    t =     5.81s         Checking existence of `Button (First Match)`
    t =     7.04s         Capturing element debug description
    t =     7.77s     Checking `Expect predicate `existsNoRetry == 1` for object Button (First Match)`
    t =     7.77s         Checking existence of `Button (First Match)`
    t =     7.87s         Capturing element debug description
    t =     8.81s     Checking `Expect predicate `existsNoRetry == 1` for object Button (First Match)`
    t =     8.81s         Checking existence of `Button (First Match)`
    t =     8.90s         Capturing element debug description
    t =     9.77s     Checking `Expect predicate `existsNoRetry == 1` for object Button (First Match)`
    t =     9.77s         Checking existence of `Button (First Match)`
    t =     9.86s         Capturing element debug description
    t =     9.86s     Checking existence of `Button (First Match)`
    t =     9.95s Collecting debug information to assist test failure triage
    t =     9.95s     Requesting snapshot of accessibility hierarchy for app with pid 87445
    t =    10.07s Waiting 60.0s for "profil-booster-orange" Button to exist
    t =    11.10s     Checking `Expect predicate `existsNoRetry == 1` for object "profil-booster-orange" Button`
    t =    11.10s         Checking existence of `"profil-booster-orange" Button`
    t =    11.15s Checking existence of `"profil-booster-noir" Button`
    t =    11.19s Find the "cartes-qa-collection" StaticText
    t =    11.24s Find the Application 'fr.kathryn.woop'
    t =    11.53s Added attachment named 'profil-vide-deux-stocks'
    t =    11.53s Tap "profil-booster-orange" Button
    t =    11.53s     Wait for fr.kathryn.woop to idle
    t =    11.53s     Find the "profil-booster-orange" Button
    t =    11.58s     Check for interrupting elements affecting "profil-booster-orange" Button
    t =    11.63s     Synthesize event
    t =    11.93s     Wait for fr.kathryn.woop to idle
    t =    12.82s Waiting 8.0s for Button (First Match) to exist
    t =    13.85s     Checking `Expect predicate `existsNoRetry == 1` for object Button (First Match)`
    t =    13.85s         Checking existence of `Button (First Match)`
    t =    13.87s Find the Application 'fr.kathryn.woop'
    t =    14.11s Added attachment named 'coffre-orange'
    t =    14.11s Terminate fr.kathryn.woop:87445
    t =    15.11s Tear Down
Test Case '-[NavRuntimeUITests.NavRuntimeUITests testADeuxPortesEtCollectionVide]' passed (15.169 seconds).
Test Case '-[NavRuntimeUITests.NavRuntimeUITests testBOrangeJusquaCollection]' started.
    t =     0.00s Start Test at 2026-09-18 11:37:17.369
    t =     0.02s Set Up
    t =     0.02s Open fr.kathryn.woop
    t =     0.02s     Launch fr.kathryn.woop
    t =     0.16s         Setting up automation session
    t =     0.93s         Wait for fr.kathryn.woop to idle
    t =     2.23s Waiting 6.0s for Button (First Match) to exist
    t =     3.27s     Checking `Expect predicate `existsNoRetry == 1` for object Button (First Match)`
    t =     3.27s         Checking existence of `Button (First Match)`
    t =     3.49s         Capturing element debug description
    t =     4.30s     Checking `Expect predicate `existsNoRetry == 1` for object Button (First Match)`
    t =     4.30s         Checking existence of `Button (First Match)`
    t =     4.40s         Capturing element debug description
    t =     5.33s     Checking `Expect predicate `existsNoRetry == 1` for object Button (First Match)`
    t =     5.33s         Checking existence of `Button (First Match)`
    t =     5.40s         Capturing element debug description
    t =     6.32s     Checking `Expect predicate `existsNoRetry == 1` for object Button (First Match)`
    t =     6.33s         Checking existence of `Button (First Match)`
    t =     6.39s         Capturing element debug description
    t =     7.32s     Checking `Expect predicate `existsNoRetry == 1` for object Button (First Match)`
    t =     7.32s         Checking existence of `Button (First Match)`
    t =     7.38s         Capturing element debug description
    t =     8.24s     Checking `Expect predicate `existsNoRetry == 1` for object Button (First Match)`
    t =     8.24s         Checking existence of `Button (First Match)`
    t =     8.30s         Capturing element debug description
    t =     8.30s     Checking existence of `Button (First Match)`
    t =     8.36s Collecting debug information to assist test failure triage
    t =     8.36s     Requesting snapshot of accessibility hierarchy for app with pid 87631
    t =     8.45s Waiting 35.0s for "profil-booster-orange" Button to exist
    t =     9.47s     Checking `Expect predicate `existsNoRetry == 1` for object "profil-booster-orange" Button`
    t =     9.47s         Checking existence of `"profil-booster-orange" Button`
    t =     9.81s Tap "profil-booster-orange" Button
    t =     9.81s     Wait for fr.kathryn.woop to idle
    t =     9.81s     Find the "profil-booster-orange" Button
    t =     9.85s     Check for interrupting elements affecting "profil-booster-orange" Button
    t =     9.89s     Synthesize event
    t =    10.21s     Wait for fr.kathryn.woop to idle
    t =    11.07s Waiting 8.0s for Button (First Match) to exist
    t =    12.10s     Checking `Expect predicate `existsNoRetry == 1` for object Button (First Match)`
    t =    12.10s         Checking existence of `Button (First Match)`
    t =    12.13s Tap Button (First Match)[0.50, 0.50]
    t =    12.13s     Wait for fr.kathryn.woop to idle
    t =    12.13s     Find the Button (First Match)
    t =    12.16s     Check for interrupting elements affecting "OUVRIR" Button
    t =    12.21s     Synthesize event
    t =    12.23s         Find the "OUVRIR" Button
    t =    12.26s         Find the "OUVRIR" Button
    t =    12.28s         Find the "OUVRIR" Button
    t =    12.59s     Wait for fr.kathryn.woop to idle
    t =    12.60s Waiting 10.0s for "cartes-qa-ouverture" StaticText to exist
    t =    13.64s     Checking `Expect predicate `existsNoRetry == 1` for object "cartes-qa-ouverture" StaticText`
    t =    13.64s         Checking existence of `"cartes-qa-ouverture" StaticText`
    t =    13.68s         Capturing element debug description
    t =    14.61s     Checking `Expect predicate `existsNoRetry == 1` for object "cartes-qa-ouverture" StaticText`
    t =    14.61s         Checking existence of `"cartes-qa-ouverture" StaticText`
    t =    14.64s         Capturing element debug description
    t =    15.68s     Checking `Expect predicate `existsNoRetry == 1` for object "cartes-qa-ouverture" StaticText`
    t =    15.68s         Checking existence of `"cartes-qa-ouverture" StaticText`
    t =    15.71s         Capturing element debug description
    t =    16.64s     Checking `Expect predicate `existsNoRetry == 1` for object "cartes-qa-ouverture" StaticText`
    t =    16.64s         Checking existence of `"cartes-qa-ouverture" StaticText`
    t =    16.68s         Capturing element debug description
    t =    17.60s     Checking `Expect predicate `existsNoRetry == 1` for object "cartes-qa-ouverture" StaticText`
    t =    17.60s         Checking existence of `"cartes-qa-ouverture" StaticText`
    t =    17.63s         Capturing element debug description
    t =    18.66s     Checking `Expect predicate `existsNoRetry == 1` for object "cartes-qa-ouverture" StaticText`
    t =    18.66s         Checking existence of `"cartes-qa-ouverture" StaticText`
    t =    18.70s         Capturing element debug description
    t =    19.63s     Checking `Expect predicate `existsNoRetry == 1` for object "cartes-qa-ouverture" StaticText`
    t =    19.63s         Checking existence of `"cartes-qa-ouverture" StaticText`
    t =    19.66s         Capturing element debug description
    t =    20.69s     Checking `Expect predicate `existsNoRetry == 1` for object "cartes-qa-ouverture" StaticText`
    t =    20.70s         Checking existence of `"cartes-qa-ouverture" StaticText`
    t =    20.73s         Capturing element debug description
    t =    21.66s     Checking `Expect predicate `existsNoRetry == 1` for object "cartes-qa-ouverture" StaticText`
    t =    21.66s         Checking existence of `"cartes-qa-ouverture" StaticText`
    t =    21.69s         Capturing element debug description
    t =    22.60s     Checking `Expect predicate `existsNoRetry == 1` for object "cartes-qa-ouverture" StaticText`
    t =    22.60s         Checking existence of `"cartes-qa-ouverture" StaticText`
    t =    22.64s         Capturing element debug description
    t =    22.64s     Checking existence of `"cartes-qa-ouverture" StaticText`
    t =    22.67s Collecting debug information to assist test failure triage
    t =    22.67s     Requesting snapshot of accessibility hierarchy for app with pid 87631
/tmp/nosfy-cartes-runner/NavRuntimeUITests.swift:38: error: -[NavRuntimeUITests.NavRuntimeUITests testBOrangeJusquaCollection] : XCTAssertTrue failed
    t =    22.76s Tear Down
Test Case '-[NavRuntimeUITests.NavRuntimeUITests testBOrangeJusquaCollection]' failed (23.079 seconds).
Test Case '-[NavRuntimeUITests.NavRuntimeUITests testCNoirGratuitEtReconnexion]' started.
    t =     0.00s Start Test at 2026-09-18 11:37:40.448
    t =     0.01s Set Up
    t =     0.01s Open fr.kathryn.woop
    t =     0.01s     Launch fr.kathryn.woop
    t =     0.01s         Terminate fr.kathryn.woop:87631
    t =     1.17s         Setting up automation session
    t =     1.65s         Wait for fr.kathryn.woop to idle
    t =     2.83s Waiting 6.0s for Button (First Match) to exist
    t =     3.85s     Checking `Expect predicate `existsNoRetry == 1` for object Button (First Match)`
    t =     3.85s         Checking existence of `Button (First Match)`
    t =     3.92s         Capturing element debug description
    t =     4.85s     Checking `Expect predicate `existsNoRetry == 1` for object Button (First Match)`
    t =     4.85s         Checking existence of `Button (First Match)`
    t =     4.89s         Capturing element debug description
    t =     5.92s     Checking `Expect predicate `existsNoRetry == 1` for object Button (First Match)`
    t =     5.93s         Checking existence of `Button (First Match)`
    t =     5.97s         Capturing element debug description
    t =     6.90s     Checking `Expect predicate `existsNoRetry == 1` for object Button (First Match)`
    t =     6.90s         Checking existence of `Button (First Match)`
    t =     6.94s         Capturing element debug description
    t =     7.86s     Checking `Expect predicate `existsNoRetry == 1` for object Button (First Match)`
    t =     7.86s         Checking existence of `Button (First Match)`
    t =     7.90s         Capturing element debug description
    t =     8.84s     Checking `Expect predicate `existsNoRetry == 1` for object Button (First Match)`
    t =     8.84s         Checking existence of `Button (First Match)`
    t =     8.88s         Capturing element debug description
    t =     8.88s     Checking existence of `Button (First Match)`
    t =     8.91s Collecting debug information to assist test failure triage
    t =     8.91s     Requesting snapshot of accessibility hierarchy for app with pid 87926
    t =     8.96s Waiting 35.0s for "profil-booster-noir" Button to exist
    t =     9.99s     Checking `Expect predicate `existsNoRetry == 1` for object "profil-booster-noir" Button`
    t =     9.99s         Checking existence of `"profil-booster-noir" Button`
    t =    10.03s Tap "profil-booster-noir" Button
    t =    10.03s     Wait for fr.kathryn.woop to idle
    t =    10.03s     Find the "profil-booster-noir" Button
    t =    10.05s     Check for interrupting elements affecting "profil-booster-noir" Button
    t =    10.07s     Synthesize event
    t =    10.37s     Wait for fr.kathryn.woop to idle
    t =    11.15s Waiting 8.0s for Button (First Match) to exist
    t =    12.18s     Checking `Expect predicate `existsNoRetry == 1` for object Button (First Match)`
    t =    12.18s         Checking existence of `Button (First Match)`
    t =    12.19s Find the Application 'fr.kathryn.woop'
    t =    12.29s Added attachment named 'coffre-noir-offert'
    t =    12.29s Tap Button (First Match)[0.50, 0.50]
    t =    12.29s     Wait for fr.kathryn.woop to idle
    t =    12.29s     Find the Button (First Match)
    t =    12.30s     Check for interrupting elements affecting "OUVRIR" Button
    t =    12.33s     Synthesize event
    t =    12.33s         Find the "OUVRIR" Button
    t =    12.34s         Find the "OUVRIR" Button
    t =    12.35s         Find the "OUVRIR" Button
    t =    12.63s     Wait for fr.kathryn.woop to idle
    t =    12.64s Waiting 10.0s for "cartes-qa-ouverture" StaticText to exist
    t =    13.67s     Checking `Expect predicate `existsNoRetry == 1` for object "cartes-qa-ouverture" StaticText`
    t =    13.67s         Checking existence of `"cartes-qa-ouverture" StaticText`
    t =    13.71s         Capturing element debug description
    t =    14.64s     Checking `Expect predicate `existsNoRetry == 1` for object "cartes-qa-ouverture" StaticText`
    t =    14.64s         Checking existence of `"cartes-qa-ouverture" StaticText`
    t =    14.67s         Capturing element debug description
    t =    15.70s     Checking `Expect predicate `existsNoRetry == 1` for object "cartes-qa-ouverture" StaticText`
    t =    15.70s         Checking existence of `"cartes-qa-ouverture" StaticText`
    t =    15.76s         Capturing element debug description
    t =    16.69s     Checking `Expect predicate `existsNoRetry == 1` for object "cartes-qa-ouverture" StaticText`
    t =    16.69s         Checking existence of `"cartes-qa-ouverture" StaticText`
    t =    16.76s         Capturing element debug description
    t =    17.68s     Checking `Expect predicate `existsNoRetry == 1` for object "cartes-qa-ouverture" StaticText`
    t =    17.68s         Checking existence of `"cartes-qa-ouverture" StaticText`
    t =    17.87s         Capturing element debug description
    t =    18.68s     Checking `Expect predicate `existsNoRetry == 1` for object "cartes-qa-ouverture" StaticText`
    t =    18.68s         Checking existence of `"cartes-qa-ouverture" StaticText`
    t =    18.73s         Capturing element debug description
    t =    19.65s     Checking `Expect predicate `existsNoRetry == 1` for object "cartes-qa-ouverture" StaticText`
    t =    19.65s         Checking existence of `"cartes-qa-ouverture" StaticText`
    t =    19.70s         Capturing element debug description
    t =    20.72s     Checking `Expect predicate `existsNoRetry == 1` for object "cartes-qa-ouverture" StaticText`
    t =    20.72s         Checking existence of `"cartes-qa-ouverture" StaticText`
    t =    20.75s         Capturing element debug description
    t =    21.67s     Checking `Expect predicate `existsNoRetry == 1` for object "cartes-qa-ouverture" StaticText`
    t =    21.68s         Checking existence of `"cartes-qa-ouverture" StaticText`
    t =    21.77s         Capturing element debug description
    t =    22.64s     Checking `Expect predicate `existsNoRetry == 1` for object "cartes-qa-ouverture" StaticText`
    t =    22.64s         Checking existence of `"cartes-qa-ouverture" StaticText`
    t =    22.69s         Capturing element debug description
    t =    22.69s     Checking existence of `"cartes-qa-ouverture" StaticText`
    t =    22.72s Collecting debug information to assist test failure triage
    t =    22.72s     Requesting snapshot of accessibility hierarchy for app with pid 87926
/tmp/nosfy-cartes-runner/NavRuntimeUITests.swift:59: error: -[NavRuntimeUITests.NavRuntimeUITests testCNoirGratuitEtReconnexion] : XCTAssertTrue failed
    t =    22.77s Tear Down
Test Case '-[NavRuntimeUITests.NavRuntimeUITests testCNoirGratuitEtReconnexion]' failed (23.062 seconds).
Test Case '-[NavRuntimeUITests.NavRuntimeUITests testDDeuxManegesEtInterruption]' started.
    t =     0.00s Start Test at 2026-09-18 11:38:03.510
    t =     0.01s Set Up
    t =     0.01s Open fr.kathryn.woop
    t =     0.01s     Launch fr.kathryn.woop
    t =     0.01s         Terminate fr.kathryn.woop:87926
    t =     1.12s         Setting up automation session
    t =     1.51s         Wait for fr.kathryn.woop to idle
    t =     2.66s Waiting 6.0s for Button (First Match) to exist
    t =     3.68s     Checking `Expect predicate `existsNoRetry == 1` for object Button (First Match)`
    t =     3.68s         Checking existence of `Button (First Match)`
    t =     3.77s         Capturing element debug description
    t =     4.70s     Checking `Expect predicate `existsNoRetry == 1` for object Button (First Match)`
    t =     4.70s         Checking existence of `Button (First Match)`
    t =     4.74s         Capturing element debug description
    t =     5.67s     Checking `Expect predicate `existsNoRetry == 1` for object Button (First Match)`
    t =     5.67s         Checking existence of `Button (First Match)`
    t =     5.71s         Capturing element debug description
    t =     6.74s     Checking `Expect predicate `existsNoRetry == 1` for object Button (First Match)`
    t =     6.74s         Checking existence of `Button (First Match)`
    t =     6.78s         Capturing element debug description
    t =     7.70s     Checking `Expect predicate `existsNoRetry == 1` for object Button (First Match)`
    t =     7.70s         Checking existence of `Button (First Match)`
    t =     7.74s         Capturing element debug description
    t =     8.66s     Checking `Expect predicate `existsNoRetry == 1` for object Button (First Match)`
    t =     8.66s         Checking existence of `Button (First Match)`
    t =     8.70s         Capturing element debug description
    t =     8.70s     Checking existence of `Button (First Match)`
    t =     8.73s Collecting debug information to assist test failure triage
    t =     8.73s     Requesting snapshot of accessibility hierarchy for app with pid 87973
    t =     8.78s Waiting 35.0s for "profil-booster-orange" Button to exist
    t =     9.80s     Checking `Expect predicate `existsNoRetry == 1` for object "profil-booster-orange" Button`
    t =     9.80s         Checking existence of `"profil-booster-orange" Button`
    t =     9.83s Tap "profil-booster-orange" Button
    t =     9.83s     Wait for fr.kathryn.woop to idle
    t =     9.84s     Find the "profil-booster-orange" Button
    t =     9.86s     Check for interrupting elements affecting "profil-booster-orange" Button
    t =     9.88s     Synthesize event
    t =    10.18s     Wait for fr.kathryn.woop to idle
    t =    10.97s Waiting 8.0s for Button (First Match) to exist
    t =    12.00s     Checking `Expect predicate `existsNoRetry == 1` for object Button (First Match)`
    t =    12.00s         Checking existence of `Button (First Match)`
    t =    12.02s Tap Button (First Match)[0.50, 0.50]
    t =    12.02s     Wait for fr.kathryn.woop to idle
    t =    12.02s     Find the Button (First Match)
    t =    12.03s     Check for interrupting elements affecting "OUVRIR" Button
    t =    12.06s     Synthesize event
    t =    12.06s         Find the "OUVRIR" Button
    t =    12.08s         Find the "OUVRIR" Button
    t =    12.09s         Find the "OUVRIR" Button
    t =    12.38s     Wait for fr.kathryn.woop to idle
    t =    12.38s Waiting 10.0s for "cartes-qa-ouverture" StaticText to exist
    t =    13.40s     Checking `Expect predicate `existsNoRetry == 1` for object "cartes-qa-ouverture" StaticText`
    t =    13.40s         Checking existence of `"cartes-qa-ouverture" StaticText`
    t =    13.44s         Capturing element debug description
    t =    14.46s     Checking `Expect predicate `existsNoRetry == 1` for object "cartes-qa-ouverture" StaticText`
    t =    14.46s         Checking existence of `"cartes-qa-ouverture" StaticText`
    t =    14.49s         Capturing element debug description
    t =    15.42s     Checking `Expect predicate `existsNoRetry == 1` for object "cartes-qa-ouverture" StaticText`
    t =    15.42s         Checking existence of `"cartes-qa-ouverture" StaticText`
    t =    15.47s         Capturing element debug description
    t =    16.39s     Checking `Expect predicate `existsNoRetry == 1` for object "cartes-qa-ouverture" StaticText`
    t =    16.39s         Checking existence of `"cartes-qa-ouverture" StaticText`
    t =    16.43s         Capturing element debug description
    t =    17.45s     Checking `Expect predicate `existsNoRetry == 1` for object "cartes-qa-ouverture" StaticText`
    t =    17.45s         Checking existence of `"cartes-qa-ouverture" StaticText`
    t =    17.49s         Capturing element debug description
    t =    18.42s     Checking `Expect predicate `existsNoRetry == 1` for object "cartes-qa-ouverture" StaticText`
    t =    18.42s         Checking existence of `"cartes-qa-ouverture" StaticText`
    t =    18.45s         Capturing element debug description
    t =    19.48s     Checking `Expect predicate `existsNoRetry == 1` for object "cartes-qa-ouverture" StaticText`
    t =    19.48s         Checking existence of `"cartes-qa-ouverture" StaticText`
    t =    19.54s         Capturing element debug description
    t =    20.45s     Checking `Expect predicate `existsNoRetry == 1` for object "cartes-qa-ouverture" StaticText`
    t =    20.45s         Checking existence of `"cartes-qa-ouverture" StaticText`
    t =    20.49s         Capturing element debug description
    t =    21.40s     Checking `Expect predicate `existsNoRetry == 1` for object "cartes-qa-ouverture" StaticText`
    t =    21.40s         Checking existence of `"cartes-qa-ouverture" StaticText`
    t =    21.44s         Capturing element debug description
    t =    22.38s     Checking `Expect predicate `existsNoRetry == 1` for object "cartes-qa-ouverture" StaticText`
    t =    22.39s         Checking existence of `"cartes-qa-ouverture" StaticText`
    t =    22.46s         Capturing element debug description
    t =    22.46s     Checking existence of `"cartes-qa-ouverture" StaticText`
    t =    22.49s Collecting debug information to assist test failure triage
    t =    22.49s     Requesting snapshot of accessibility hierarchy for app with pid 87973
/tmp/nosfy-cartes-runner/NavRuntimeUITests.swift:77: error: -[NavRuntimeUITests.NavRuntimeUITests testDDeuxManegesEtInterruption] : XCTAssertTrue failed
    t =    22.54s Tear Down
Test Case '-[NavRuntimeUITests.NavRuntimeUITests testDDeuxManegesEtInterruption]' failed (22.828 seconds).
Test Suite 'NavRuntimeUITests' failed at 2026-09-18 11:38:26.339.
	 Executed 4 tests, with 3 failures (0 unexpected) in 84.138 (84.141) seconds
Test Suite 'NavRuntimeUITests.xctest' failed at 2026-09-18 11:38:26.339.
	 Executed 4 tests, with 3 failures (0 unexpected) in 84.138 (84.142) seconds
Test Suite 'All tests' failed at 2026-09-18 11:38:26.340.
	 Executed 4 tests, with 3 failures (0 unexpected) in 84.138 (84.143) seconds
2026-09-18 11:38:38.305 xcodebuild[87265:18982334] [MT] IDETestOperationsObserverDebug: 99.558 elapsed -- Testing started completed.
2026-09-18 11:38:38.305 xcodebuild[87265:18982334] [MT] IDETestOperationsObserverDebug: 0.000 sec, +0.000 sec -- start
2026-09-18 11:38:38.305 xcodebuild[87265:18982334] [MT] IDETestOperationsObserverDebug: 99.558 sec, +99.558 sec -- end

Test session results, code coverage, and logs:
	/tmp/nosfy-cartes-ui7.xcresult

Failing tests:
	NavRuntimeUITests.testBOrangeJusquaCollection()
	NavRuntimeUITests.testCNoirGratuitEtReconnexion()
	NavRuntimeUITests.testDDeuxManegesEtInterruption()

** TEST FAILED **

Testing started
