Command line invocation:
    /Applications/Xcode.app/Contents/Developer/usr/bin/xcodebuild test-without-building -xctestrun /private/tmp/woop-nav-runtime-qa/dd/Build/Products/NavRuntimeUITests_iphoneos26.5-arm64.xctestrun "-only-testing:NavRuntimeUITests/NavRuntimeUITests/testParolesAuxRetours" -destination platform=iOS,id=00008120-001E4CDC0A85A01E -destination-timeout 15 -parallel-testing-enabled NO -resultBundlePath /private/tmp/woop-parole41-noire-retours.xcresult

2026-09-16 12:11:49.281 xcodebuild[36206:15641079] [MT] IDERunDestination: Supported platforms for the buildables in the current scheme is empty.
Writing result bundle at path:
	/private/tmp/woop-parole41-noire-retours.xcresult

2026-09-16 12:11:49.283 xcodebuild[36206:15641079] [MT] IDERunDestination: Supported platforms for the buildables in the current scheme is empty.
2026-09-16 12:11:49.386 xcodebuild[36206:15641079] [MT] IDERunDestination: Supported platforms for the buildables in the current scheme is empty.
--- xcodebuild: WARNING: Using the first of multiple matching destinations:
{ platform:iOS, arch:arm64e, id:00008120-001E4CDC0A85A01E, name:iPhone de Frédéric }
{ platform:iOS, arch:arm64, id:00008120-001E4CDC0A85A01E, name:iPhone de Frédéric }
2026-09-16 12:11:49.904 xcodebuild[36206:15641079] [MT] IDERunDestination: Supported platforms for the buildables in the current scheme is empty.
2026-09-16 12:11:51.743926+0200 NavRuntimeUITests-Runner[30521:2333573] [Default] Running tests...
    t =      nans Interface orientation changed to Portrait
Test Suite 'Selected tests' started at 2026-09-16 12:11:52.118.
Test Suite 'NavRuntimeUITests.xctest' started at 2026-09-16 12:11:52.119.
Test Suite 'NavRuntimeUITests' started at 2026-09-16 12:11:52.119.
Test Case '-[NavRuntimeUITests.NavRuntimeUITests testParolesAuxRetours]' started.
    t =     0.00s Start Test at 2026-09-16 12:11:52.121
    t =     0.02s Set Up
    t =     0.02s Open fr.kathryn.woop
    t =     0.03s     Activate fr.kathryn.woop
    t =     0.06s         Wait for fr.kathryn.woop to idle
    t =     0.07s Waiting 6.0s for "Later" Button to exist
2026-09-16 12:11:52.288 xcodebuild[36206:15641079] [MT] IDERunDestination: Supported platforms for the buildables in the current scheme is empty.
    t =     1.07s     Checking `Expect predicate `existsNoRetry == 1` for object "Later" Button`
    t =     1.07s         Checking existence of `"Later" Button`
    t =     1.13s         Capturing element debug description
    t =     2.09s     Checking `Expect predicate `existsNoRetry == 1` for object "Later" Button`
    t =     2.09s         Checking existence of `"Later" Button`
    t =     2.15s         Capturing element debug description
    t =     3.08s     Checking `Expect predicate `existsNoRetry == 1` for object "Later" Button`
    t =     3.08s         Checking existence of `"Later" Button`
    t =     3.14s         Capturing element debug description
    t =     4.07s     Checking `Expect predicate `existsNoRetry == 1` for object "Later" Button`
    t =     4.07s         Checking existence of `"Later" Button`
    t =     4.13s         Capturing element debug description
    t =     5.07s     Checking `Expect predicate `existsNoRetry == 1` for object "Later" Button`
    t =     5.07s         Checking existence of `"Later" Button`
    t =     5.12s         Capturing element debug description
    t =     6.07s     Checking `Expect predicate `existsNoRetry == 1` for object "Later" Button`
    t =     6.07s         Checking existence of `"Later" Button`
    t =     6.13s         Capturing element debug description
    t =     6.13s     Checking existence of `"Later" Button`
    t =     6.16s Collecting debug information to assist test failure triage
    t =     6.17s     Requesting snapshot of accessibility hierarchy for app with pid 30500
    t =    10.25s Get all elements bound by index for: Elements matching predicate 'label CONTAINS "Kathryn"'
    t =    10.32s Find the Other (Element at index 0)
    t =    10.37s Find the "Alright Kathryn, Right now 3 minutes Stay with the flow" Other
    t =    10.41s Find the "Alright Kathryn, Right now 3 minutes Stay with the flow" Other
    t =    10.45s Find the "Alright Kathryn, Right now 3 minutes Stay with the flow" Other
    t =    10.48s Find the "Alright Kathryn, Right now 3 minutes Stay with the flow" Other
    t =    10.50s Tap "figure.strengthtraining.functional" Button
    t =    10.50s     Wait for fr.kathryn.woop to idle
    t =    10.50s     Find the "figure.strengthtraining.functional" Button
    t =    10.53s     Check for interrupting elements affecting "figure.strengthtraining.functional" Button
    t =    10.56s     Synthesize event
    t =    10.86s     Wait for fr.kathryn.woop to idle
    t =    11.70s Waiting 5.0s for "Exercices" StaticText to exist
    t =    12.73s     Checking `Expect predicate `existsNoRetry == 1` for object "Exercices" StaticText`
    t =    12.74s         Checking existence of `"Exercices" StaticText`
    t =    12.83s Tap "house.fill" Button
    t =    12.83s     Wait for fr.kathryn.woop to idle
    t =    12.84s     Find the "house.fill" Button
    t =    12.88s     Check for interrupting elements affecting "house.fill" Button
    t =    12.92s     Synthesize event
    t =    13.22s     Wait for fr.kathryn.woop to idle
    t =    14.16s Find the Application 'fr.kathryn.woop'
    t =    14.72s Find the Application 'fr.kathryn.woop'
    t =    15.28s Find the Application 'fr.kathryn.woop'
    t =    15.85s Find the Application 'fr.kathryn.woop'
    t =    19.40s Get all elements bound by index for: Elements matching predicate 'label CONTAINS "Kathryn"'
    t =    19.46s Find the Other (Element at index 0)
    t =    19.52s Find the "Alright Kathryn, In this session 3 minutes Settle into it" Other
    t =    19.56s Find the "Alright Kathryn, In this session 3 minutes Settle into it" Other
    t =    19.59s Find the "Alright Kathryn, In this session 3 minutes Settle into it" Other
    t =    19.62s Find the "Alright Kathryn, In this session 3 minutes Settle into it" Other
    t =    19.64s Tap "person" Button
    t =    19.64s     Wait for fr.kathryn.woop to idle
    t =    19.64s     Find the "person" Button
    t =    19.67s     Check for interrupting elements affecting "person" Button
    t =    19.70s     Synthesize event
    t =    19.99s     Wait for fr.kathryn.woop to idle
    t =    20.97s Waiting 5.0s for "Réglages" Button to exist
    t =    22.00s     Checking `Expect predicate `existsNoRetry == 1` for object "Réglages" Button`
    t =    22.00s         Checking existence of `"Réglages" Button`
    t =    22.10s Tap "Retour" Button
    t =    22.10s     Wait for fr.kathryn.woop to idle
    t =    22.11s     Find the "Retour" Button
    t =    22.16s     Check for interrupting elements affecting "Retour" Button
    t =    22.21s     Synthesize event
    t =    22.51s     Wait for fr.kathryn.woop to idle
    t =    27.36s Get all elements bound by index for: Elements matching predicate 'label CONTAINS "Kathryn"'
    t =    27.43s Find the Other (Element at index 0)
    t =    27.48s Find the "Alright Kathryn, Current session 3 minutes Keep it steady" Other
    t =    27.52s Find the "Alright Kathryn, Current session 3 minutes Keep it steady" Other
    t =    27.56s Find the "Alright Kathryn, Current session 3 minutes Keep it steady" Other
    t =    27.59s Find the "Alright Kathryn, Current session 3 minutes Keep it steady" Other
WOOP_PAROLES_RETOURS_OK | Alright Kathryn, Right now 3 minutes Stay with the flow | Alright Kathryn, In this session 3 minutes Settle into it | Alright Kathryn, Current session 3 minutes Keep it steady
    t =    27.61s Find the Application 'fr.kathryn.woop'
    t =    27.78s Tear Down
Test Case '-[NavRuntimeUITests.NavRuntimeUITests testParolesAuxRetours]' passed (27.896 seconds).
Test Suite 'NavRuntimeUITests' passed at 2026-09-16 12:12:20.018.
	 Executed 1 test, with 0 failures (0 unexpected) in 27.896 (27.899) seconds
Test Suite 'NavRuntimeUITests.xctest' passed at 2026-09-16 12:12:20.019.
	 Executed 1 test, with 0 failures (0 unexpected) in 27.896 (27.900) seconds
Test Suite 'Selected tests' passed at 2026-09-16 12:12:20.020.
	 Executed 1 test, with 0 failures (0 unexpected) in 27.896 (27.901) seconds
2026-09-16 12:12:20.055 xcodebuild[36206:15641079] [MT] IDERunDestination: Supported platforms for the buildables in the current scheme is empty.
2026-09-16 12:12:20.287 xcodebuild[36206:15641079] [MT] IDETestOperationsObserverDebug: 30.380 elapsed -- Testing started completed.
2026-09-16 12:12:20.287 xcodebuild[36206:15641079] [MT] IDETestOperationsObserverDebug: 0.000 sec, +0.000 sec -- start
2026-09-16 12:12:20.287 xcodebuild[36206:15641079] [MT] IDETestOperationsObserverDebug: 30.380 sec, +30.380 sec -- end

Test session results, code coverage, and logs:
	/tmp/woop-parole41-noire-retours.xcresult

** TEST EXECUTE SUCCEEDED **

Testing started
