Command line invocation:
    /Applications/Xcode.app/Contents/Developer/usr/bin/xcodebuild test-without-building -xctestrun /private/tmp/woop-nav-runtime-qa/dd/Build/Products/NavRuntimeUITests_iphoneos26.5-arm64.xctestrun "-only-testing:NavRuntimeUITests/NavRuntimeUITests/testParolesAuxRetours" -destination platform=iOS,id=00008120-001E4CDC0A85A01E -destination-timeout 15 -parallel-testing-enabled NO -resultBundlePath /private/tmp/woop-parole39-retours.xcresult

2026-09-16 11:52:58.895 xcodebuild[33856:15610954] [MT] IDERunDestination: Supported platforms for the buildables in the current scheme is empty.
Writing result bundle at path:
	/private/tmp/woop-parole39-retours.xcresult

2026-09-16 11:52:58.897 xcodebuild[33856:15610954] [MT] IDERunDestination: Supported platforms for the buildables in the current scheme is empty.
2026-09-16 11:52:58.996 xcodebuild[33856:15610954] [MT] IDERunDestination: Supported platforms for the buildables in the current scheme is empty.
--- xcodebuild: WARNING: Using the first of multiple matching destinations:
{ platform:iOS, arch:arm64e, id:00008120-001E4CDC0A85A01E, name:iPhone de Frédéric }
{ platform:iOS, arch:arm64, id:00008120-001E4CDC0A85A01E, name:iPhone de Frédéric }
2026-09-16 11:52:59.571 xcodebuild[33856:15610954] [MT] IDERunDestination: Supported platforms for the buildables in the current scheme is empty.
2026-09-16 11:52:59.689 xcodebuild[33856:15610954] [MT] IDERunDestination: Supported platforms for the buildables in the current scheme is empty.
2026-09-16 11:53:01.508713+0200 NavRuntimeUITests-Runner[30326:2313995] [Default] Running tests...
    t =      nans Interface orientation changed to Portrait
Test Suite 'Selected tests' started at 2026-09-16 11:53:01.895.
Test Suite 'NavRuntimeUITests.xctest' started at 2026-09-16 11:53:01.896.
Test Suite 'NavRuntimeUITests' started at 2026-09-16 11:53:01.896.
Test Case '-[NavRuntimeUITests.NavRuntimeUITests testParolesAuxRetours]' started.
    t =     0.00s Start Test at 2026-09-16 11:53:01.897
    t =     0.02s Set Up
    t =     0.02s Open fr.kathryn.woop
    t =     0.02s     Activate fr.kathryn.woop
    t =     0.05s         Wait for fr.kathryn.woop to idle
    t =     0.05s Checking existence of `"Later" Button`
2026-09-16 11:53:02.153 xcodebuild[33856:15610954] [MT] IDERunDestination: Supported platforms for the buildables in the current scheme is empty.
    t =     4.10s Get all elements bound by index for: Elements matching predicate 'label CONTAINS "Kathryn"'
    t =     4.10s     Device orientation changed to Face Up
    t =     4.15s Find the Other (Element at index 0)
    t =     4.18s Find the "Hello Kathryn, Your week so far 5 workouts Want a little extra?" Other
    t =     4.20s Find the "Hello Kathryn, Your week so far 5 workouts Want a little extra?" Other
    t =     4.23s Find the "Hello Kathryn, Your week so far 5 workouts Want a little extra?" Other
    t =     4.25s Find the "Hello Kathryn, Your week so far 5 workouts Want a little extra?" Other
    t =     4.27s Tap "figure.strengthtraining.functional" Button
    t =     4.27s     Wait for fr.kathryn.woop to idle
    t =     4.28s     Find the "figure.strengthtraining.functional" Button
    t =     4.30s     Check for interrupting elements affecting "figure.strengthtraining.functional" Button
    t =     4.32s     Synthesize event
    t =     4.62s     Wait for fr.kathryn.woop to idle
    t =     5.45s Waiting 5.0s for "Exercices" StaticText to exist
    t =     6.49s     Checking `Expect predicate `existsNoRetry == 1` for object "Exercices" StaticText`
    t =     6.49s         Checking existence of `"Exercices" StaticText`
    t =     6.58s Tap "house.fill" Button
    t =     6.58s     Wait for fr.kathryn.woop to idle
    t =     6.59s     Find the "house.fill" Button
    t =     6.62s     Check for interrupting elements affecting "house.fill" Button
    t =     6.67s     Synthesize event
    t =     6.96s     Wait for fr.kathryn.woop to idle
    t =     7.94s Find the Application 'fr.kathryn.woop'
    t =     8.51s Find the Application 'fr.kathryn.woop'
    t =     9.10s Find the Application 'fr.kathryn.woop'
    t =     9.69s Find the Application 'fr.kathryn.woop'
    t =    13.27s Get all elements bound by index for: Elements matching predicate 'label CONTAINS "Kathryn"'
    t =    13.34s Find the Other (Element at index 0)
    t =    13.40s Find the "Hello Kathryn, This week’s tally 5 workouts Ready for the next?" Other
    t =    13.43s Find the "Hello Kathryn, This week’s tally 5 workouts Ready for the next?" Other
    t =    13.46s Find the "Hello Kathryn, This week’s tally 5 workouts Ready for the next?" Other
    t =    13.49s Find the "Hello Kathryn, This week’s tally 5 workouts Ready for the next?" Other
    t =    13.51s Tap "person" Button
    t =    13.51s     Wait for fr.kathryn.woop to idle
    t =    13.51s     Find the "person" Button
    t =    13.54s     Check for interrupting elements affecting "person" Button
    t =    13.57s     Synthesize event
    t =    13.86s     Wait for fr.kathryn.woop to idle
    t =    14.80s Waiting 5.0s for "Réglages" Button to exist
    t =    15.84s     Checking `Expect predicate `existsNoRetry == 1` for object "Réglages" Button`
    t =    15.84s         Checking existence of `"Réglages" Button`
    t =    15.94s Tap "Retour" Button
    t =    15.95s     Wait for fr.kathryn.woop to idle
    t =    15.95s     Find the "Retour" Button
    t =    16.00s     Check for interrupting elements affecting "Retour" Button
    t =    16.05s     Synthesize event
    t =    16.35s     Wait for fr.kathryn.woop to idle
    t =    21.22s Get all elements bound by index for: Elements matching predicate 'label CONTAINS "Kathryn"'
    t =    21.29s Find the Other (Element at index 0)
    t =    21.34s Find the "Hello Kathryn, So far this week 5 workouts Fancy one more?" Other
    t =    21.38s Find the "Hello Kathryn, So far this week 5 workouts Fancy one more?" Other
    t =    21.41s Find the "Hello Kathryn, So far this week 5 workouts Fancy one more?" Other
    t =    21.44s Find the "Hello Kathryn, So far this week 5 workouts Fancy one more?" Other
WOOP_PAROLES_RETOURS_OK | Hello Kathryn, Your week so far 5 workouts Want a little extra? | Hello Kathryn, This week’s tally 5 workouts Ready for the next? | Hello Kathryn, So far this week 5 workouts Fancy one more?
    t =    21.46s Find the Application 'fr.kathryn.woop'
    t =    21.64s Tear Down
Test Case '-[NavRuntimeUITests.NavRuntimeUITests testParolesAuxRetours]' passed (21.732 seconds).
Test Suite 'NavRuntimeUITests' passed at 2026-09-16 11:53:23.630.
	 Executed 1 test, with 0 failures (0 unexpected) in 21.732 (21.734) seconds
Test Suite 'NavRuntimeUITests.xctest' passed at 2026-09-16 11:53:23.630.
	 Executed 1 test, with 0 failures (0 unexpected) in 21.732 (21.734) seconds
Test Suite 'Selected tests' passed at 2026-09-16 11:53:23.631.
	 Executed 1 test, with 0 failures (0 unexpected) in 21.732 (21.735) seconds
2026-09-16 11:53:23.770 xcodebuild[33856:15610954] [MT] IDERunDestination: Supported platforms for the buildables in the current scheme is empty.
2026-09-16 11:53:23.990 xcodebuild[33856:15610954] [MT] IDETestOperationsObserverDebug: 24.416 elapsed -- Testing started completed.
2026-09-16 11:53:23.990 xcodebuild[33856:15610954] [MT] IDETestOperationsObserverDebug: 0.000 sec, +0.000 sec -- start
2026-09-16 11:53:23.990 xcodebuild[33856:15610954] [MT] IDETestOperationsObserverDebug: 24.416 sec, +24.416 sec -- end

Test session results, code coverage, and logs:
	/tmp/woop-parole39-retours.xcresult

** TEST EXECUTE SUCCEEDED **

Testing started
