Command line invocation:
    /Applications/Xcode.app/Contents/Developer/usr/bin/xcodebuild test-without-building -xctestrun /private/tmp/woop-nav-runtime-qa/dd/Build/Products/NavRuntimeUITests_iphoneos26.5-arm64.xctestrun "-only-testing:NavRuntimeUITests/NavRuntimeUITests/testHomePretePourMesure" -destination platform=iOS,id=00008120-001E4CDC0A85A01E -destination-timeout 15 -parallel-testing-enabled NO -resultBundlePath /private/tmp/woop-parole39-prete.xcresult

2026-09-16 11:51:21.536 xcodebuild[33688:15608682] [MT] IDERunDestination: Supported platforms for the buildables in the current scheme is empty.
Writing result bundle at path:
	/private/tmp/woop-parole39-prete.xcresult

2026-09-16 11:51:21.538 xcodebuild[33688:15608682] [MT] IDERunDestination: Supported platforms for the buildables in the current scheme is empty.
2026-09-16 11:51:21.641 xcodebuild[33688:15608682] [MT] IDERunDestination: Supported platforms for the buildables in the current scheme is empty.
--- xcodebuild: WARNING: Using the first of multiple matching destinations:
{ platform:iOS, arch:arm64e, id:00008120-001E4CDC0A85A01E, name:iPhone de Frédéric }
{ platform:iOS, arch:arm64, id:00008120-001E4CDC0A85A01E, name:iPhone de Frédéric }
2026-09-16 11:51:21.906 xcodebuild[33688:15608682] [MT] IDERunDestination: Supported platforms for the buildables in the current scheme is empty.
2026-09-16 11:51:22.027 xcodebuild[33688:15608682] [MT] IDERunDestination: Supported platforms for the buildables in the current scheme is empty.
2026-09-16 11:51:23.751888+0200 NavRuntimeUITests-Runner[30315:2312641] [Default] Running tests...
    t =      nans Interface orientation changed to Portrait
Test Suite 'Selected tests' started at 2026-09-16 11:51:24.155.
Test Suite 'NavRuntimeUITests.xctest' started at 2026-09-16 11:51:24.155.
Test Suite 'NavRuntimeUITests' started at 2026-09-16 11:51:24.155.
Test Case '-[NavRuntimeUITests.NavRuntimeUITests testHomePretePourMesure]' started.
    t =     0.00s Start Test at 2026-09-16 11:51:24.157
    t =     0.02s Set Up
    t =     0.02s Open fr.kathryn.woop
    t =     0.02s     Activate fr.kathryn.woop
    t =     0.05s         Wait for fr.kathryn.woop to idle
    t =     0.06s Checking existence of `"Later" Button`
    t =     0.11s Tap "Later" Button
    t =     0.11s     Wait for fr.kathryn.woop to idle
    t =     0.11s     Find the "Later" Button
2026-09-16 11:51:24.391 xcodebuild[33688:15608682] [MT] IDERunDestination: Supported platforms for the buildables in the current scheme is empty.
    t =     0.19s     Check for interrupting elements affecting "Later" Button
    t =     0.23s     Synthesize event
    t =     0.51s     Wait for fr.kathryn.woop to idle
    t =     0.52s Waiting 5.0s for "Later" Button to not exist
    t =     1.55s     Checking `Expect predicate `existsNoRetry == 0` for object "Later" Button`
    t =     1.55s         Checking existence of `"Later" Button`
    t =     1.61s Waiting 5.0s for "person" Button to exist
    t =     2.64s     Checking `Expect predicate `existsNoRetry == 1` for object "person" Button`
    t =     2.64s         Checking existence of `"person" Button`
    t =     2.71s Find the "person" Button
    t =     2.87s Find the Application 'fr.kathryn.woop'
WOOP_HOME_PRETE_MESURE
    t =     3.10s Tear Down
Test Case '-[NavRuntimeUITests.NavRuntimeUITests testHomePretePourMesure]' passed (3.138 seconds).
Test Suite 'NavRuntimeUITests' passed at 2026-09-16 11:51:27.297.
	 Executed 1 test, with 0 failures (0 unexpected) in 3.138 (3.142) seconds
Test Suite 'NavRuntimeUITests.xctest' passed at 2026-09-16 11:51:27.298.
	 Executed 1 test, with 0 failures (0 unexpected) in 3.138 (3.143) seconds
Test Suite 'Selected tests' passed at 2026-09-16 11:51:27.298.
	 Executed 1 test, with 0 failures (0 unexpected) in 3.138 (3.143) seconds
2026-09-16 11:51:27.467 xcodebuild[33688:15608682] [MT] IDERunDestination: Supported platforms for the buildables in the current scheme is empty.
2026-09-16 11:51:27.635 xcodebuild[33688:15608682] [MT] IDETestOperationsObserverDebug: 5.727 elapsed -- Testing started completed.
2026-09-16 11:51:27.635 xcodebuild[33688:15608682] [MT] IDETestOperationsObserverDebug: 0.000 sec, +0.000 sec -- start
2026-09-16 11:51:27.635 xcodebuild[33688:15608682] [MT] IDETestOperationsObserverDebug: 5.727 sec, +5.727 sec -- end

Test session results, code coverage, and logs:
	/tmp/woop-parole39-prete.xcresult

** TEST EXECUTE SUCCEEDED **

Testing started
