{
  "trace": "/private/tmp/woop-puissance28-sans-verre/home28",
  "debut": "2026-09-15T21:28:13.192+02:00",
  "fin": "2026-09-15T21:28:30.160+02:00",
  "duree_s": 16.967798,
  "fin_raison": "Time limit reached",
  "lignes": {
    "life-cycle-period": 1,
    "metal-perf-overview-process-metric": 0,
    "device-thermal-state-intervals": 1,
    "DeviceChargingState": 1,
    "ProcessSubsystemPowerImpact": 48,
    "time-profile": 760,
    "SystemPowerLevel": 24
  },
  "thermique": [
    "Nominal"
  ],
  "metriques_processus": {},
  "limites": "CPU échantillonné, instructions/s documentées dans la table Apple. Ne pas interpréter les colonnes sans nom comme des watts. Comparaison thermique et vérification de la Home nécessaires."
}
CPU après4s 4.896744998649733
