Command line invocation:
    /Applications/Xcode.app/Contents/Developer/usr/bin/xcodebuild test-without-building -xctestrun /private/tmp/woop-nav-runtime-qa/dd/Build/Products/NavRuntimeUITests_iphoneos26.5-arm64.xctestrun "-only-testing:NavRuntimeUITests/NavRuntimeUITests/testHomePretePourMesure" -destination platform=iOS,id=00008120-001E4CDC0A85A01E -destination-timeout 15 -parallel-testing-enabled NO -maximum-concurrent-test-device-destinations 1 -resultBundlePath /private/tmp/woop-home2016-verification.xcresult

Writing result bundle at path:
	/private/tmp/woop-home2016-verification.xcresult

2026-09-15 20:16:56.393310+0200 NavRuntimeUITests-Runner[24506:1953830] [Default] Running tests...
    t =      nans Interface orientation changed to Portrait
Test Suite 'Selected tests' started at 2026-09-15 20:16:56.838.
Test Suite 'NavRuntimeUITests.xctest' started at 2026-09-15 20:16:56.839.
Test Suite 'NavRuntimeUITests' started at 2026-09-15 20:16:56.839.
Test Case '-[NavRuntimeUITests.NavRuntimeUITests testHomePretePourMesure]' started.
    t =     0.00s Start Test at 2026-09-15 20:16:56.840
    t =     0.02s Set Up
    t =     0.03s Open fr.kathryn.woop
    t =     0.03s     Activate fr.kathryn.woop
    t =     0.05s         Wait for fr.kathryn.woop to idle
    t =     0.06s Checking existence of `"Later" Button`
    t =     0.15s Waiting 5.0s for "person" Button to exist
    t =     1.18s     Checking `Expect predicate `existsNoRetry == 1` for object "person" Button`
    t =     1.18s         Checking existence of `"person" Button`
    t =     1.32s Find the "person" Button
    t =     1.37s Find the Application 'fr.kathryn.woop'
WOOP_HOME_PRETE_MESURE
    t =     1.67s Tear Down
Test Case '-[NavRuntimeUITests.NavRuntimeUITests testHomePretePourMesure]' passed (1.673 seconds).
Test Suite 'NavRuntimeUITests' passed at 2026-09-15 20:16:58.516.
	 Executed 1 test, with 0 failures (0 unexpected) in 1.673 (1.677) seconds
Test Suite 'NavRuntimeUITests.xctest' passed at 2026-09-15 20:16:58.517.
	 Executed 1 test, with 0 failures (0 unexpected) in 1.673 (1.678) seconds
Test Suite 'Selected tests' passed at 2026-09-15 20:16:58.517.
	 Executed 1 test, with 0 failures (0 unexpected) in 1.673 (1.679) seconds

Test session results, code coverage, and logs:
	/tmp/woop-home2016-verification.xcresult

** TEST EXECUTE SUCCEEDED **

Testing started
2026-09-15 20:16:53.070 xcodebuild[45265:14652200] [MT] IDERunDestination: Supported platforms for the buildables in the current scheme is empty.
2026-09-15 20:16:53.072 xcodebuild[45265:14652200] [MT] IDERunDestination: Supported platforms for the buildables in the current scheme is empty.
--- xcodebuild: WARNING: Using the first of multiple matching destinations:
{ platform:iOS, arch:arm64e, id:00008120-001E4CDC0A85A01E, name:iPhone de Frédéric }
{ platform:iOS, arch:arm64, id:00008120-001E4CDC0A85A01E, name:iPhone de Frédéric }
2026-09-15 20:16:54.075 xcodebuild[45265:14652200] [MT] IDERunDestination: Supported platforms for the buildables in the current scheme is empty.
2026-09-15 20:16:54.201 xcodebuild[45265:14652200] [MT] IDERunDestination: Supported platforms for the buildables in the current scheme is empty.
2026-09-15 20:16:56.811 xcodebuild[45265:14652200] [MT] IDERunDestination: Supported platforms for the buildables in the current scheme is empty.
2026-09-15 20:16:58.543 xcodebuild[45265:14652200] [MT] IDERunDestination: Supported platforms for the buildables in the current scheme is empty.
2026-09-15 20:16:58.595 xcodebuild[45265:14652200] [MT] IDETestOperationsObserverDebug: 4.518 elapsed -- Testing started completed.
2026-09-15 20:16:58.595 xcodebuild[45265:14652200] [MT] IDETestOperationsObserverDebug: 0.000 sec, +0.000 sec -- start
2026-09-15 20:16:58.595 xcodebuild[45265:14652200] [MT] IDETestOperationsObserverDebug: 4.518 sec, +4.518 sec -- end
