Command line invocation:
    /Applications/Xcode.app/Contents/Developer/usr/bin/xcodebuild test-without-building -xctestrun /tmp/woop-story-session-ile/runner-device-dd/Build/Products/NavRuntimeUITests_iphoneos26.5-arm64.xctestrun -destination platform=iOS,id=00008120-001E4CDC0A85A01E "-only-testing:NavRuntimeUITests/NavRuntimeUITests/testChauffeRetourStory" -resultBundlePath /tmp/woop-story-session-ile/iphone69-therm-resume.xcresult

2026-09-17 16:45:35.317 xcodebuild[31258:17716670] [MT] IDERunDestination: Supported platforms for the buildables in the current scheme is empty.
Writing result bundle at path:
	/tmp/woop-story-session-ile/iphone69-therm-resume.xcresult

2026-09-17 16:45:35.318 xcodebuild[31258:17716670] [MT] IDERunDestination: Supported platforms for the buildables in the current scheme is empty.
2026-09-17 16:45:35.420 xcodebuild[31258:17716670] [MT] IDERunDestination: Supported platforms for the buildables in the current scheme is empty.
--- xcodebuild: WARNING: Using the first of multiple matching destinations:
{ platform:iOS, arch:arm64e, id:00008120-001E4CDC0A85A01E, name:iPhone de Frédéric }
{ platform:iOS, arch:arm64, id:00008120-001E4CDC0A85A01E, name:iPhone de Frédéric }
2026-09-17 16:45:36.999 xcodebuild[31258:17716670] [MT] IDERunDestination: Supported platforms for the buildables in the current scheme is empty.
2026-09-17 16:45:37.134 xcodebuild[31258:17716670] [MT] IDERunDestination: Supported platforms for the buildables in the current scheme is empty.
2026-09-17 16:45:39.182494+0200 NavRuntimeUITests-Runner[42080:3221039] [Default] Running tests...
    t =      nans Interface orientation changed to Portrait
Test Suite 'Selected tests' started at 2026-09-17 16:45:39.713.
Test Suite 'NavRuntimeUITests.xctest' started at 2026-09-17 16:45:39.713.
Test Suite 'NavRuntimeUITests' started at 2026-09-17 16:45:39.713.
Test Case '-[NavRuntimeUITests.NavRuntimeUITests testChauffeRetourStory]' started.
    t =     0.00s Start Test at 2026-09-17 16:45:39.714
    t =     0.02s Set Up
    t =     0.02s Open fr.kathryn.woop
    t =     0.02s     Launch fr.kathryn.woop
    t =     0.02s         Terminate fr.kathryn.woop:42032
2026-09-17 16:45:39.734506+0200 NavRuntimeUITests-Runner[42080:3221059] [General] Failed to send CA Event for app launch measurements for ca_event_type: 1 event_name: com.apple.app_launch_measurement.ExtendedLaunchMetrics
2026-09-17 16:45:39.846 xcodebuild[31258:17716670] [MT] IDERunDestination: Supported platforms for the buildables in the current scheme is empty.
    t =     1.12s         Setting up automation session
    t =     1.24s         Wait for fr.kathryn.woop to idle
    t =     2.71s Waiting 30.0s for "story-test-ouvrir" Button to exist
    t =     3.75s     Checking `Expect predicate `existsNoRetry == 1` for object "story-test-ouvrir" Button`
    t =     3.75s         Checking existence of `"story-test-ouvrir" Button`
    t =    13.84s Checking existence of `"▲▲" StaticText`
    t =    13.88s Checking existence of `"▲▲▲" StaticText`
    t =    23.91s Checking existence of `"▲▲" StaticText`
    t =    23.95s Checking existence of `"▲▲▲" StaticText`
2026-09-17 16:46:13.612 xcodebuild[31258:17716670] [MT] IDERunDestination: Supported platforms for the buildables in the current scheme is empty.
    t =    33.98s Checking existence of `"▲▲" StaticText`
    t =    34.02s Checking existence of `"▲▲▲" StaticText`
    t =    44.05s Checking existence of `"▲▲" StaticText`
    t =    44.09s Checking existence of `"▲▲▲" StaticText`
    t =    54.13s Checking existence of `"▲▲" StaticText`
    t =    54.17s Checking existence of `"▲▲▲" StaticText`
    t =    64.21s Checking existence of `"▲▲" StaticText`
    t =    64.26s Checking existence of `"▲▲▲" StaticText`
    t =    74.30s Checking existence of `"▲▲" StaticText`
    t =    74.35s Checking existence of `"▲▲▲" StaticText`
    t =    84.39s Checking existence of `"▲▲" StaticText`
    t =    84.44s Checking existence of `"▲▲▲" StaticText`
2026-09-17 16:47:04.580 xcodebuild[31258:17716670] [MT] IDERunDestination: Supported platforms for the buildables in the current scheme is empty.
    t =    94.48s Checking existence of `"▲▲" StaticText`
    t =    94.53s Checking existence of `"▲▲▲" StaticText`
    t =   104.56s Checking existence of `"▲▲" StaticText`
    t =   104.62s Checking existence of `"▲▲▲" StaticText`
    t =   114.65s Checking existence of `"▲▲" StaticText`
    t =   114.70s Checking existence of `"▲▲▲" StaticText`
    t =   124.74s Checking existence of `"▲▲" StaticText`
    t =   124.80s Checking existence of `"▲▲▲" StaticText`
    t =   124.83s Tap "story-test-ouvrir" Button
    t =   124.83s     Wait for fr.kathryn.woop to idle
    t =   124.84s     Find the "story-test-ouvrir" Button
    t =   124.87s     Check for interrupting elements affecting "story-test-ouvrir" Button
    t =   124.92s     Synthesize event
    t =   125.22s     Wait for fr.kathryn.woop to idle
    t =   125.24s Waiting 5.0s for "story-etat" StaticText to exist
    t =   126.27s     Checking `Expect predicate `existsNoRetry == 1` for object "story-etat" StaticText`
    t =   126.27s         Checking existence of `"story-etat" StaticText`
    t =   127.33s Find the Application 'fr.kathryn.woop'
    t =   127.52s Added attachment named 'introduction-texte'
    t =   132.53s Tap Application 'fr.kathryn.woop'[0.85, 0.09]
    t =   132.53s     Wait for fr.kathryn.woop to idle
    t =   132.54s     Find the Application 'fr.kathryn.woop'
    t =   132.59s     Check for interrupting elements affecting "Woop" Application
    t =   132.64s     Synthesize event
    t =   132.64s         Find the Application 'fr.kathryn.woop'
    t =   132.67s         Find the Application 'fr.kathryn.woop'
    t =   132.70s         Find the Application 'fr.kathryn.woop'
    t =   133.00s     Wait for fr.kathryn.woop to idle
    t =   133.00s Find the "story-etat" StaticText
    t =   135.03s Tap Application 'fr.kathryn.woop'[0.85, 0.09]
    t =   135.03s     Wait for fr.kathryn.woop to idle
    t =   135.04s     Find the Application 'fr.kathryn.woop'
    t =   135.11s     Check for interrupting elements affecting "Woop" Application
    t =   135.16s     Synthesize event
    t =   135.16s         Find the Application 'fr.kathryn.woop'
    t =   135.19s         Find the Application 'fr.kathryn.woop'
    t =   135.22s         Find the Application 'fr.kathryn.woop'
    t =   135.52s     Wait for fr.kathryn.woop to idle
    t =   135.53s Find the "story-etat" StaticText
    t =   137.57s Tap Application 'fr.kathryn.woop'[0.85, 0.09]
    t =   137.57s     Wait for fr.kathryn.woop to idle
    t =   137.58s     Find the Application 'fr.kathryn.woop'
    t =   137.63s     Check for interrupting elements affecting "Woop" Application
    t =   137.68s     Synthesize event
    t =   137.68s         Find the Application 'fr.kathryn.woop'
    t =   137.70s         Find the Application 'fr.kathryn.woop'
    t =   137.73s         Find the Application 'fr.kathryn.woop'
    t =   138.03s     Wait for fr.kathryn.woop to idle
    t =   138.04s Find the "story-etat" StaticText
    t =   140.08s Find the Application 'fr.kathryn.woop'
    t =   140.27s Added attachment named 'therm-story-0'
    t =   140.27s Press Application 'fr.kathryn.woop'[0.50, 0.14] for 0.1 seconds, then drag to Application 'fr.kathryn.woop'[0.50, 0.75] with velocity of 500.00 pixels per second, and then hold for 0.0 seconds 
    t =   140.27s     Wait for fr.kathryn.woop to idle
    t =   140.29s     Find the Application 'fr.kathryn.woop'
    t =   140.32s     Check for interrupting elements affecting "Woop" Application
    t =   140.35s     Synthesize event
    t =   140.35s         Find the Application 'fr.kathryn.woop'
    t =   140.38s         Find the Application 'fr.kathryn.woop'
    t =   140.40s         Find the Application 'fr.kathryn.woop'
    t =   140.41s         Find the Application 'fr.kathryn.woop'
    t =   140.44s         Find the Application 'fr.kathryn.woop'
    t =   141.78s     Wait for fr.kathryn.woop to idle
    t =   141.79s Waiting 5.0s for "story-test-ouvrir" Button to exist
    t =   141.90s     Device orientation changed to Portrait
2026-09-17 16:48:01.700 xcodebuild[31258:17716670] [MT] IDERunDestination: Supported platforms for the buildables in the current scheme is empty.
    t =   142.82s     Checking `Expect predicate `existsNoRetry == 1` for object "story-test-ouvrir" Button`
    t =   142.83s         Checking existence of `"story-test-ouvrir" Button`
    t =   142.89s Find the "story-test-retour" StaticText
2026-09-17 16:48:06.681 xcodebuild[31258:17716670] [MT] IDERunDestination: Supported platforms for the buildables in the current scheme is empty.
    t =   152.92s Checking existence of `"▲▲" StaticText`
    t =   152.93s     Device orientation changed to Face Up
    t =   152.97s Checking existence of `"▲▲▲" StaticText`
    t =   152.99s Tap "story-test-ouvrir" Button
    t =   152.99s     Wait for fr.kathryn.woop to idle
    t =   153.00s     Find the "story-test-ouvrir" Button
    t =   153.03s     Check for interrupting elements affecting "story-test-ouvrir" Button
    t =   153.07s     Synthesize event
    t =   153.48s     Wait for fr.kathryn.woop to idle
    t =   153.48s Waiting 5.0s for "story-etat" StaticText to exist
    t =   154.51s     Checking `Expect predicate `existsNoRetry == 1` for object "story-etat" StaticText`
    t =   154.51s         Checking existence of `"story-etat" StaticText`
    t =   160.58s Tap Application 'fr.kathryn.woop'[0.85, 0.09]
    t =   160.58s     Wait for fr.kathryn.woop to idle
    t =   160.59s     Find the Application 'fr.kathryn.woop'
    t =   160.64s     Check for interrupting elements affecting "Woop" Application
    t =   160.69s     Synthesize event
    t =   160.70s         Find the Application 'fr.kathryn.woop'
    t =   160.72s         Find the Application 'fr.kathryn.woop'
    t =   160.76s         Find the Application 'fr.kathryn.woop'
    t =   161.05s     Wait for fr.kathryn.woop to idle
    t =   161.06s Find the "story-etat" StaticText
    t =   163.09s Tap Application 'fr.kathryn.woop'[0.85, 0.09]
    t =   163.09s     Wait for fr.kathryn.woop to idle
    t =   163.10s     Find the Application 'fr.kathryn.woop'
    t =   163.16s     Check for interrupting elements affecting "Woop" Application
    t =   163.21s     Synthesize event
    t =   163.21s         Find the Application 'fr.kathryn.woop'
    t =   163.24s         Find the Application 'fr.kathryn.woop'
    t =   163.27s         Find the Application 'fr.kathryn.woop'
    t =   163.56s     Wait for fr.kathryn.woop to idle
    t =   163.57s Find the "story-etat" StaticText
    t =   165.62s Tap Application 'fr.kathryn.woop'[0.85, 0.09]
    t =   165.62s     Wait for fr.kathryn.woop to idle
    t =   165.63s     Find the Application 'fr.kathryn.woop'
    t =   165.68s     Check for interrupting elements affecting "Woop" Application
    t =   165.73s     Synthesize event
    t =   165.73s         Find the Application 'fr.kathryn.woop'
    t =   165.76s         Find the Application 'fr.kathryn.woop'
    t =   165.79s         Find the Application 'fr.kathryn.woop'
    t =   166.09s     Wait for fr.kathryn.woop to idle
    t =   166.10s Find the "story-etat" StaticText
    t =   168.14s Find the Application 'fr.kathryn.woop'
    t =   168.34s Added attachment named 'therm-story-1'
    t =   168.34s Press Application 'fr.kathryn.woop'[0.50, 0.14] for 0.1 seconds, then drag to Application 'fr.kathryn.woop'[0.50, 0.75] with velocity of 500.00 pixels per second, and then hold for 0.0 seconds 
    t =   168.35s     Wait for fr.kathryn.woop to idle
    t =   168.35s     Find the Application 'fr.kathryn.woop'
    t =   168.39s     Check for interrupting elements affecting "Woop" Application
    t =   168.43s     Synthesize event
    t =   168.43s         Find the Application 'fr.kathryn.woop'
    t =   168.45s         Find the Application 'fr.kathryn.woop'
    t =   168.47s         Find the Application 'fr.kathryn.woop'
    t =   168.49s         Find the Application 'fr.kathryn.woop'
    t =   168.51s         Find the Application 'fr.kathryn.woop'
    t =   169.84s     Wait for fr.kathryn.woop to idle
    t =   169.85s Waiting 5.0s for "story-test-ouvrir" Button to exist
    t =   170.86s     Checking `Expect predicate `existsNoRetry == 1` for object "story-test-ouvrir" Button`
    t =   170.86s         Checking existence of `"story-test-ouvrir" Button`
    t =   170.90s Find the "story-test-retour" StaticText
    t =   180.93s Checking existence of `"▲▲" StaticText`
    t =   180.99s Checking existence of `"▲▲▲" StaticText`
    t =   181.03s Tap "story-test-ouvrir" Button
    t =   181.03s     Wait for fr.kathryn.woop to idle
    t =   181.03s     Find the "story-test-ouvrir" Button
    t =   181.06s     Check for interrupting elements affecting "story-test-ouvrir" Button
    t =   181.22s     Synthesize event
    t =   181.51s     Wait for fr.kathryn.woop to idle
    t =   181.52s Waiting 5.0s for "story-etat" StaticText to exist
    t =   182.55s     Checking `Expect predicate `existsNoRetry == 1` for object "story-etat" StaticText`
    t =   182.55s         Checking existence of `"story-etat" StaticText`
    t =   188.62s Tap Application 'fr.kathryn.woop'[0.85, 0.09]
    t =   188.62s     Wait for fr.kathryn.woop to idle
    t =   188.63s     Find the Application 'fr.kathryn.woop'
    t =   188.69s     Check for interrupting elements affecting "Woop" Application
    t =   188.73s     Synthesize event
    t =   188.74s         Find the Application 'fr.kathryn.woop'
    t =   188.76s         Find the Application 'fr.kathryn.woop'
    t =   188.79s         Find the Application 'fr.kathryn.woop'
    t =   189.09s     Wait for fr.kathryn.woop to idle
    t =   189.10s Find the "story-etat" StaticText
    t =   191.13s Tap Application 'fr.kathryn.woop'[0.85, 0.09]
    t =   191.13s     Wait for fr.kathryn.woop to idle
    t =   191.14s     Find the Application 'fr.kathryn.woop'
    t =   191.20s     Check for interrupting elements affecting "Woop" Application
    t =   191.26s     Synthesize event
    t =   191.26s         Find the Application 'fr.kathryn.woop'
    t =   191.29s         Find the Application 'fr.kathryn.woop'
    t =   191.32s         Find the Application 'fr.kathryn.woop'
    t =   191.73s     Wait for fr.kathryn.woop to idle
    t =   191.74s Find the "story-etat" StaticText
    t =   193.79s Tap Application 'fr.kathryn.woop'[0.85, 0.09]
    t =   193.79s     Wait for fr.kathryn.woop to idle
    t =   193.80s     Find the Application 'fr.kathryn.woop'
    t =   193.85s     Check for interrupting elements affecting "Woop" Application
    t =   193.89s     Synthesize event
    t =   193.90s         Find the Application 'fr.kathryn.woop'
    t =   193.92s         Find the Application 'fr.kathryn.woop'
    t =   193.96s         Find the Application 'fr.kathryn.woop'
    t =   194.26s     Wait for fr.kathryn.woop to idle
    t =   194.27s Find the "story-etat" StaticText
    t =   196.31s Find the Application 'fr.kathryn.woop'
    t =   196.51s Added attachment named 'therm-story-2'
    t =   196.51s Press Application 'fr.kathryn.woop'[0.50, 0.14] for 0.1 seconds, then drag to Application 'fr.kathryn.woop'[0.50, 0.75] with velocity of 500.00 pixels per second, and then hold for 0.0 seconds 
    t =   196.51s     Wait for fr.kathryn.woop to idle
    t =   196.51s     Find the Application 'fr.kathryn.woop'
    t =   196.55s     Check for interrupting elements affecting "Woop" Application
    t =   196.58s     Synthesize event
    t =   196.58s         Find the Application 'fr.kathryn.woop'
    t =   196.60s         Find the Application 'fr.kathryn.woop'
    t =   196.62s         Find the Application 'fr.kathryn.woop'
    t =   196.64s         Find the Application 'fr.kathryn.woop'
    t =   196.66s         Find the Application 'fr.kathryn.woop'
    t =   198.00s     Wait for fr.kathryn.woop to idle
    t =   198.00s Waiting 5.0s for "story-test-ouvrir" Button to exist
    t =   199.01s     Checking `Expect predicate `existsNoRetry == 1` for object "story-test-ouvrir" Button`
    t =   199.01s         Checking existence of `"story-test-ouvrir" Button`
    t =   199.06s Find the "story-test-retour" StaticText
2026-09-17 16:49:07.035 xcodebuild[31258:17716670] [MT] IDERunDestination: Supported platforms for the buildables in the current scheme is empty.
    t =   209.09s Checking existence of `"▲▲" StaticText`
    t =   209.15s Checking existence of `"▲▲▲" StaticText`
    t =   219.18s Checking existence of `"▲▲" StaticText`
    t =   219.23s Checking existence of `"▲▲▲" StaticText`
    t =   229.27s Checking existence of `"▲▲" StaticText`
    t =   229.33s Checking existence of `"▲▲▲" StaticText`
    t =   239.36s Checking existence of `"▲▲" StaticText`
    t =   239.42s Checking existence of `"▲▲▲" StaticText`
    t =   249.45s Checking existence of `"▲▲" StaticText`
    t =   249.50s Checking existence of `"▲▲▲" StaticText`
    t =   259.54s Checking existence of `"▲▲" StaticText`
    t =   259.60s Checking existence of `"▲▲▲" StaticText`
2026-09-17 16:50:08.865 xcodebuild[31258:17716670] [MT] IDERunDestination: Supported platforms for the buildables in the current scheme is empty.
    t =   269.64s Checking existence of `"▲▲" StaticText`
    t =   269.69s Checking existence of `"▲▲▲" StaticText`
    t =   279.73s Checking existence of `"▲▲" StaticText`
    t =   279.78s Checking existence of `"▲▲▲" StaticText`
    t =   289.82s Checking existence of `"▲▲" StaticText`
    t =   289.87s Checking existence of `"▲▲▲" StaticText`
    t =   299.91s Checking existence of `"▲▲" StaticText`
    t =   299.96s Checking existence of `"▲▲▲" StaticText`
    t =   309.99s Checking existence of `"▲▲" StaticText`
    t =   310.03s Checking existence of `"▲▲▲" StaticText`
    t =   320.06s Checking existence of `"▲▲" StaticText`
    t =   320.10s Checking existence of `"▲▲▲" StaticText`
2026-09-17 16:51:00.308 xcodebuild[31258:17716670] [MT] IDERunDestination: Supported platforms for the buildables in the current scheme is empty.
    t =   330.13s Checking existence of `"▲▲" StaticText`
    t =   330.17s Checking existence of `"▲▲▲" StaticText`
    t =   340.21s Checking existence of `"▲▲" StaticText`
    t =   340.27s Checking existence of `"▲▲▲" StaticText`
    t =   350.30s Checking existence of `"▲▲" StaticText`
    t =   350.35s Checking existence of `"▲▲▲" StaticText`
    t =   360.38s Checking existence of `"▲▲" StaticText`
    t =   360.42s Checking existence of `"▲▲▲" StaticText`
    t =   370.46s Checking existence of `"▲▲" StaticText`
    t =   370.51s Checking existence of `"▲▲▲" StaticText`
    t =   380.54s Checking existence of `"▲▲" StaticText`
    t =   380.60s Checking existence of `"▲▲▲" StaticText`
2026-09-17 16:52:03.455 xcodebuild[31258:17716670] [MT] IDERunDestination: Supported platforms for the buildables in the current scheme is empty.
    t =   390.63s Checking existence of `"▲▲" StaticText`
    t =   390.69s Checking existence of `"▲▲▲" StaticText`
    t =   390.72s Find the Application 'fr.kathryn.woop'
    t =   390.92s Added attachment named 'therm-home-fin'
    t =   390.92s Terminate fr.kathryn.woop:42081
    t =   391.92s Tear Down
    t =   391.92s     Terminate fr.kathryn.woop:0
2026-09-17 16:52:11.765 xcodebuild[31258:17716670] [MT] IDERunDestination: Supported platforms for the buildables in the current scheme is empty.
Test Case '-[NavRuntimeUITests.NavRuntimeUITests testChauffeRetourStory]' passed (393.377 seconds).
Test Suite 'NavRuntimeUITests' passed at 2026-09-17 16:52:13.092.
	 Executed 1 test, with 0 failures (0 unexpected) in 393.377 (393.379) seconds
Test Suite 'NavRuntimeUITests.xctest' passed at 2026-09-17 16:52:13.095.
	 Executed 1 test, with 0 failures (0 unexpected) in 393.377 (393.381) seconds
Test Suite 'Selected tests' passed at 2026-09-17 16:52:13.096.
	 Executed 1 test, with 0 failures (0 unexpected) in 393.377 (393.383) seconds
2026-09-17 16:52:13.711 xcodebuild[31258:17716670] [MT] IDETestOperationsObserverDebug: 396.709 elapsed -- Testing started completed.
2026-09-17 16:52:13.711 xcodebuild[31258:17716670] [MT] IDETestOperationsObserverDebug: 0.000 sec, +0.000 sec -- start
2026-09-17 16:52:13.711 xcodebuild[31258:17716670] [MT] IDETestOperationsObserverDebug: 396.709 sec, +396.709 sec -- end

Test session results, code coverage, and logs:
	/tmp/woop-story-session-ile/iphone69-therm-resume.xcresult

** TEST EXECUTE SUCCEEDED **

Testing started
