Command line invocation:
    /Applications/Xcode.app/Contents/Developer/usr/bin/xcodebuild test-without-building -xctestrun /tmp/woop-story-session-ile/runner-qa69-dd/Build/Products/NavRuntimeUITests_iphoneos26.5-arm64.xctestrun -destination platform=iOS,id=00008120-001E4CDC0A85A01E "-only-testing:NavRuntimeUITests/NavRuntimeUITests/testRelanceSessionReelle" "-only-testing:NavRuntimeUITests/NavRuntimeUITests/testRetourStoryEtInterruption" "-only-testing:NavRuntimeUITests/NavRuntimeUITests/testToasterDepuisIle" -resultBundlePath /tmp/woop-story-session-ile/iphone69-qa-resume.xcresult

2026-09-17 16:52:46.242 xcodebuild[33554:17733905] [MT] IDERunDestination: Supported platforms for the buildables in the current scheme is empty.
Writing result bundle at path:
	/tmp/woop-story-session-ile/iphone69-qa-resume.xcresult

2026-09-17 16:52:46.250 xcodebuild[33554:17733905] [MT] IDERunDestination: Supported platforms for the buildables in the current scheme is empty.
2026-09-17 16:52:46.339 xcodebuild[33554:17733905] [MT] IDERunDestination: Supported platforms for the buildables in the current scheme is empty.
2026-09-17 16:52:46.549 xcodebuild[33554:17733905] [MT] IDERunDestination: Supported platforms for the buildables in the current scheme is empty.
--- xcodebuild: WARNING: Using the first of multiple matching destinations:
{ platform:iOS, arch:arm64e, id:00008120-001E4CDC0A85A01E, name:iPhone de Frédéric }
{ platform:iOS, arch:arm64, id:00008120-001E4CDC0A85A01E, name:iPhone de Frédéric }
2026-09-17 16:52:47.619 xcodebuild[33554:17733905] [MT] IDERunDestination: Supported platforms for the buildables in the current scheme is empty.
2026-09-17 16:52:47.856 xcodebuild[33554:17733905] [MT] IDERunDestination: Supported platforms for the buildables in the current scheme is empty.
2026-09-17 16:52:49.428 xcodebuild[33554:17733905] [MT] Run Destination Preflight: The destination is not ready.
Error Domain=com.apple.dt.deviceprep Code=-3 "Unlock iPhone de Frédéric to Continue" UserInfo={NSRecoveryAttempter=<_DVTErrorRecoveryHandler: 0xbbb8f75a0>, NSLocalizedRecoveryOptions=(
    "Cancel Testing"
), NSLocalizedRecoverySuggestion=Xcode cannot launch NavRuntimeUITests on iPhone de Frédéric because the device is locked., DVTRecoveryBlockKey=<__NSMallocBlock__: 0xbbaa1d3b0>, NSLocalizedDescription=Unlock iPhone de Frédéric to Continue}
2026-09-17 16:52:49.428 xcodebuild[33554:17733905] [MT] Run Destination Preflight: Waiting for the destination to become ready.
2026-09-17 16:54:29.806 xcodebuild[33554:17733905] [MT] IDERunDestination: Supported platforms for the buildables in the current scheme is empty.
2026-09-17 16:54:31.201 xcodebuild[33554:17733905] [MT] IDERunDestination: Supported platforms for the buildables in the current scheme is empty.
2026-09-17 16:54:40.672400+0200 NavRuntimeUITests-Runner[42162:3239521] [Default] Running tests...
    t =      nans Interface orientation changed to Portrait
Test Suite 'Selected tests' started at 2026-09-17 16:54:41.044.
Test Suite 'NavRuntimeUITests.xctest' started at 2026-09-17 16:54:41.045.
Test Suite 'NavRuntimeUITests' started at 2026-09-17 16:54:41.045.
Test Case '-[NavRuntimeUITests.NavRuntimeUITests testRelanceSessionReelle]' started.
    t =     0.00s Start Test at 2026-09-17 16:54:41.047
    t =     0.06s Set Up
    t =     0.07s Open fr.kathryn.woop
    t =     0.07s     Launch fr.kathryn.woop
    t =     0.07s         Terminate fr.kathryn.woop:42155
2026-09-17 16:54:41.217 xcodebuild[33554:17733905] [MT] IDERunDestination: Supported platforms for the buildables in the current scheme is empty.
    t =     1.22s         Setting up automation session
    t =     1.31s         Wait for fr.kathryn.woop to idle
    t =     2.71s Waiting 5.0s for "Later" Button to exist
    t =     3.75s     Checking `Expect predicate `existsNoRetry == 1` for object "Later" Button`
    t =     3.75s         Checking existence of `"Later" Button`
    t =     3.82s         Capturing element debug description
    t =     4.75s     Checking `Expect predicate `existsNoRetry == 1` for object "Later" Button`
    t =     4.75s         Checking existence of `"Later" Button`
    t =     4.79s         Capturing element debug description
    t =     5.72s     Checking `Expect predicate `existsNoRetry == 1` for object "Later" Button`
    t =     5.72s         Checking existence of `"Later" Button`
    t =     5.76s         Capturing element debug description
    t =     6.74s     Checking `Expect predicate `existsNoRetry == 1` for object "Later" Button`
    t =     6.74s         Checking existence of `"Later" Button`
    t =     6.78s         Capturing element debug description
    t =     7.72s     Checking `Expect predicate `existsNoRetry == 1` for object "Later" Button`
    t =     7.72s         Checking existence of `"Later" Button`
    t =     7.76s         Capturing element debug description
    t =     7.76s     Checking existence of `"Later" Button`
    t =     7.78s Collecting debug information to assist test failure triage
    t =     7.78s     Requesting snapshot of accessibility hierarchy for app with pid 42164
    t =     7.85s Waiting 25.0s for "person" Button to exist
    t =     8.87s     Checking `Expect predicate `existsNoRetry == 1` for object "person" Button`
    t =     8.87s         Checking existence of `"person" Button`
    t =     8.91s Checking existence of `"story-test-ouvrir" Button`
    t =     8.94s Tap "figure.strengthtraining.functional" Button
    t =     8.94s     Wait for fr.kathryn.woop to idle
    t =     8.94s     Find the "figure.strengthtraining.functional" Button
    t =     8.97s     Check for interrupting elements affecting "figure.strengthtraining.functional" Button
    t =     9.00s     Synthesize event
    t =     9.52s     Wait for fr.kathryn.woop to idle
    t =    10.39s Waiting 5.0s for "Exercices" StaticText to exist
    t =    11.42s     Checking `Expect predicate `existsNoRetry == 1` for object "Exercices" StaticText`
    t =    11.42s         Checking existence of `"Exercices" StaticText`
    t =    11.50s Tap "house.fill" Button
    t =    11.50s     Wait for fr.kathryn.woop to idle
    t =    11.51s     Find the "house.fill" Button
    t =    11.54s     Check for interrupting elements affecting "house.fill" Button
    t =    11.59s     Synthesize event
    t =    11.90s     Wait for fr.kathryn.woop to idle
    t =    13.03s Waiting 5.0s for "person" Button to exist
    t =    14.07s     Checking `Expect predicate `existsNoRetry == 1` for object "person" Button`
    t =    14.07s         Checking existence of `"person" Button`
    t =    14.11s Find the Application 'fr.kathryn.woop'
    t =    14.30s Added attachment named 'session-reelle-home'
    t =    14.31s Tap "person" Button
    t =    14.31s     Wait for fr.kathryn.woop to idle
    t =    14.31s     Find the "person" Button
    t =    14.35s     Check for interrupting elements affecting "person" Button
    t =    14.37s     Synthesize event
    t =    14.65s     Wait for fr.kathryn.woop to idle
    t =    15.75s Waiting 5.0s for "Réglages" Button to exist
    t =    16.78s     Checking `Expect predicate `existsNoRetry == 1` for object "Réglages" Button`
    t =    16.78s         Checking existence of `"Réglages" Button`
    t =    16.97s Find the Application 'fr.kathryn.woop'
    t =    17.19s Added attachment named 'session-reelle-profil'
    t =    17.19s Tap "Retour" Button
    t =    17.19s     Wait for fr.kathryn.woop to idle
    t =    17.19s     Find the "Retour" Button
    t =    17.25s     Check for interrupting elements affecting "Retour" Button
    t =    17.29s     Synthesize event
    t =    17.58s     Wait for fr.kathryn.woop to idle
    t =    18.45s Waiting 5.0s for "person" Button to exist
    t =    19.47s     Checking `Expect predicate `existsNoRetry == 1` for object "person" Button`
    t =    19.48s         Checking existence of `"person" Button`
    t =    19.52s Tear Down
    t =    19.52s     Terminate fr.kathryn.woop:42164
Test Case '-[NavRuntimeUITests.NavRuntimeUITests testRelanceSessionReelle]' passed (20.692 seconds).
Test Case '-[NavRuntimeUITests.NavRuntimeUITests testRetourStoryEtInterruption]' started.
    t =     0.00s Start Test at 2026-09-17 16:55:01.743
    t =     0.06s Set Up
    t =     0.06s Open fr.kathryn.woop
    t =     0.07s     Launch fr.kathryn.woop
    t =     0.15s         Setting up automation session
    t =     0.24s         Wait for fr.kathryn.woop to idle
2026-09-17 16:55:02.156 xcodebuild[33554:17733905] [MT] IDERunDestination: Supported platforms for the buildables in the current scheme is empty.
2026-09-17 16:55:02.342 xcodebuild[33554:17733905] [MT] IDERunDestination: Supported platforms for the buildables in the current scheme is empty.
    t =     1.72s Waiting 30.0s for "story-test-ouvrir" Button to exist
    t =     2.74s     Checking `Expect predicate `existsNoRetry == 1` for object "story-test-ouvrir" Button`
    t =     2.74s         Checking existence of `"story-test-ouvrir" Button`
    t =     2.91s Tap "story-test-ouvrir" Button
    t =     2.91s     Wait for fr.kathryn.woop to idle
    t =     2.92s     Find the "story-test-ouvrir" Button
    t =     3.05s     Check for interrupting elements affecting "story-test-ouvrir" Button
    t =     3.08s     Synthesize event
    t =     3.37s     Wait for fr.kathryn.woop to idle
    t =     3.40s Waiting 4.0s for "story-etat" StaticText to exist
    t =     4.43s     Checking `Expect predicate `existsNoRetry == 1` for object "story-etat" StaticText`
    t =     4.43s         Checking existence of `"story-etat" StaticText`
    t =     4.48s Tap Application 'fr.kathryn.woop'[0.85, 0.09]
    t =     4.48s     Wait for fr.kathryn.woop to idle
    t =     4.48s     Find the Application 'fr.kathryn.woop'
    t =     4.51s     Check for interrupting elements affecting "Woop" Application
    t =     4.55s     Synthesize event
    t =     4.65s         Find the Application 'fr.kathryn.woop'
    t =     4.68s         Find the Application 'fr.kathryn.woop'
    t =     4.72s         Find the Application 'fr.kathryn.woop'
    t =     5.02s     Wait for fr.kathryn.woop to idle
    t =     5.03s Tap Application 'fr.kathryn.woop'[0.85, 0.09]
    t =     5.03s     Wait for fr.kathryn.woop to idle
    t =     5.03s     Find the Application 'fr.kathryn.woop'
    t =     5.06s     Check for interrupting elements affecting "Woop" Application
    t =     5.09s     Synthesize event
    t =     5.10s         Find the Application 'fr.kathryn.woop'
    t =     5.12s         Find the Application 'fr.kathryn.woop'
    t =     5.15s         Find the Application 'fr.kathryn.woop'
    t =     5.45s     Wait for fr.kathryn.woop to idle
    t =     5.45s Find the "story-etat" StaticText
    t =     5.49s Pressing Home button
    t =     7.95s Open fr.kathryn.woop
    t =     7.95s     Activate fr.kathryn.woop
    t =     8.01s         Wait for fr.kathryn.woop to idle
    t =     8.07s Waiting 5.0s for "story-etat" StaticText to exist
    t =     9.11s     Checking `Expect predicate `existsNoRetry == 1` for object "story-etat" StaticText`
    t =     9.11s         Checking existence of `"story-etat" StaticText`
    t =     9.15s Find the "story-etat" StaticText
    t =     9.19s Find the Application 'fr.kathryn.woop'
    t =     9.38s Added attachment named 'story-analyse-0'
    t =     9.39s Press Application 'fr.kathryn.woop'[0.50, 0.14] for 0.1 seconds, then drag to Application 'fr.kathryn.woop'[0.50, 0.75] with velocity of 500.00 pixels per second, and then hold for 0.0 seconds 
    t =     9.39s     Wait for fr.kathryn.woop to idle
    t =     9.39s     Find the Application 'fr.kathryn.woop'
    t =     9.42s     Check for interrupting elements affecting "Woop" Application
    t =     9.45s     Synthesize event
    t =     9.46s         Find the Application 'fr.kathryn.woop'
    t =     9.48s         Find the Application 'fr.kathryn.woop'
    t =     9.50s         Find the Application 'fr.kathryn.woop'
    t =     9.52s         Find the Application 'fr.kathryn.woop'
    t =     9.54s         Find the Application 'fr.kathryn.woop'
    t =    10.88s     Wait for fr.kathryn.woop to idle
    t =    10.89s Waiting 5.0s for "story-test-ouvrir" Button to exist
    t =    11.92s     Checking `Expect predicate `existsNoRetry == 1` for object "story-test-ouvrir" Button`
    t =    11.92s         Checking existence of `"story-test-ouvrir" Button`
    t =    11.97s Find the "story-test-retour" StaticText
    t =    12.00s Find the Application 'fr.kathryn.woop'
    t =    12.32s Added attachment named 'home-apres-story-0'
    t =    12.32s Tap "story-test-ouvrir" Button
    t =    12.32s     Wait for fr.kathryn.woop to idle
    t =    12.33s     Find the "story-test-ouvrir" Button
    t =    12.37s     Check for interrupting elements affecting "story-test-ouvrir" Button
    t =    12.40s     Synthesize event
    t =    12.68s     Wait for fr.kathryn.woop to idle
    t =    12.69s Waiting 4.0s for "story-etat" StaticText to exist
    t =    13.71s     Checking `Expect predicate `existsNoRetry == 1` for object "story-etat" StaticText`
    t =    13.72s         Checking existence of `"story-etat" StaticText`
    t =    13.77s Tap Application 'fr.kathryn.woop'[0.85, 0.09]
    t =    13.77s     Wait for fr.kathryn.woop to idle
    t =    13.77s     Find the Application 'fr.kathryn.woop'
    t =    13.80s     Check for interrupting elements affecting "Woop" Application
    t =    13.84s     Synthesize event
    t =    13.84s         Find the Application 'fr.kathryn.woop'
    t =    13.98s         Find the Application 'fr.kathryn.woop'
    t =    14.01s         Find the Application 'fr.kathryn.woop'
    t =    14.32s     Wait for fr.kathryn.woop to idle
    t =    14.32s Tap Application 'fr.kathryn.woop'[0.85, 0.09]
    t =    14.32s     Wait for fr.kathryn.woop to idle
    t =    14.33s     Find the Application 'fr.kathryn.woop'
    t =    14.37s     Check for interrupting elements affecting "Woop" Application
    t =    14.40s     Synthesize event
    t =    14.41s         Find the Application 'fr.kathryn.woop'
    t =    14.43s         Find the Application 'fr.kathryn.woop'
    t =    14.47s         Find the Application 'fr.kathryn.woop'
    t =    14.77s     Wait for fr.kathryn.woop to idle
    t =    14.78s Find the "story-etat" StaticText
    t =    14.81s Find the Application 'fr.kathryn.woop'
    t =    15.02s Added attachment named 'story-analyse-1'
    t =    15.02s Press Application 'fr.kathryn.woop'[0.50, 0.14] for 0.1 seconds, then drag to Application 'fr.kathryn.woop'[0.50, 0.75] with velocity of 500.00 pixels per second, and then hold for 0.0 seconds 
    t =    15.02s     Wait for fr.kathryn.woop to idle
    t =    15.03s     Find the Application 'fr.kathryn.woop'
    t =    15.05s     Check for interrupting elements affecting "Woop" Application
    t =    15.08s     Synthesize event
    t =    15.08s         Find the Application 'fr.kathryn.woop'
    t =    15.10s         Find the Application 'fr.kathryn.woop'
    t =    15.13s         Find the Application 'fr.kathryn.woop'
    t =    15.15s         Find the Application 'fr.kathryn.woop'
    t =    15.18s         Find the Application 'fr.kathryn.woop'
    t =    16.52s     Wait for fr.kathryn.woop to idle
    t =    16.53s Waiting 5.0s for "story-test-ouvrir" Button to exist
    t =    17.55s     Checking `Expect predicate `existsNoRetry == 1` for object "story-test-ouvrir" Button`
    t =    17.55s         Checking existence of `"story-test-ouvrir" Button`
    t =    17.61s Find the "story-test-retour" StaticText
    t =    17.64s Find the Application 'fr.kathryn.woop'
    t =    18.05s Added attachment named 'home-apres-story-1'
    t =    18.05s Terminate fr.kathryn.woop:42169
    t =    19.15s Tear Down
    t =    19.15s     Terminate fr.kathryn.woop:0
Test Case '-[NavRuntimeUITests.NavRuntimeUITests testRetourStoryEtInterruption]' passed (19.309 seconds).
Test Case '-[NavRuntimeUITests.NavRuntimeUITests testToasterDepuisIle]' started.
    t =     0.00s Start Test at 2026-09-17 16:55:21.055
    t =     0.03s Set Up
    t =     0.03s Open fr.kathryn.woop
    t =     0.03s     Launch fr.kathryn.woop
2026-09-17 16:55:21.054 xcodebuild[33554:17733905] [MT] IDERunDestination: Supported platforms for the buildables in the current scheme is empty.
    t =     0.14s         Setting up automation session
    t =     0.21s         Wait for fr.kathryn.woop to idle
2026-09-17 16:55:21.229 xcodebuild[33554:17733905] [MT] IDERunDestination: Supported platforms for the buildables in the current scheme is empty.
    t =     1.69s Waiting 22.0s for "annonce-ile-120" Any to exist
    t =     2.69s     Checking `Expect predicate `existsNoRetry == 1` for object "annonce-ile-120" Any`
    t =     2.70s         Checking existence of `"annonce-ile-120" Any`
    t =     2.77s         Capturing element debug description
    t =     3.69s     Checking `Expect predicate `existsNoRetry == 1` for object "annonce-ile-120" Any`
    t =     3.69s         Checking existence of `"annonce-ile-120" Any`
    t =     3.74s         Capturing element debug description
    t =     4.71s     Checking `Expect predicate `existsNoRetry == 1` for object "annonce-ile-120" Any`
    t =     4.71s         Checking existence of `"annonce-ile-120" Any`
    t =     4.75s         Capturing element debug description
    t =     5.71s     Checking `Expect predicate `existsNoRetry == 1` for object "annonce-ile-120" Any`
    t =     5.71s         Checking existence of `"annonce-ile-120" Any`
    t =     5.75s         Capturing element debug description
    t =     6.71s     Checking `Expect predicate `existsNoRetry == 1` for object "annonce-ile-120" Any`
    t =     6.71s         Checking existence of `"annonce-ile-120" Any`
    t =     6.76s         Capturing element debug description
    t =     7.77s     Checking `Expect predicate `existsNoRetry == 1` for object "annonce-ile-120" Any`
    t =     7.77s         Checking existence of `"annonce-ile-120" Any`
    t =     7.82s         Capturing element debug description
    t =     8.75s     Checking `Expect predicate `existsNoRetry == 1` for object "annonce-ile-120" Any`
    t =     8.75s         Checking existence of `"annonce-ile-120" Any`
    t =     8.80s         Capturing element debug description
    t =     9.70s     Checking `Expect predicate `existsNoRetry == 1` for object "annonce-ile-120" Any`
    t =     9.70s         Checking existence of `"annonce-ile-120" Any`
    t =     9.82s         Capturing element debug description
    t =    10.73s     Checking `Expect predicate `existsNoRetry == 1` for object "annonce-ile-120" Any`
    t =    10.73s         Checking existence of `"annonce-ile-120" Any`
    t =    10.78s         Capturing element debug description
    t =    11.71s     Checking `Expect predicate `existsNoRetry == 1` for object "annonce-ile-120" Any`
    t =    11.71s         Checking existence of `"annonce-ile-120" Any`
    t =    11.75s         Capturing element debug description
    t =    12.78s     Checking `Expect predicate `existsNoRetry == 1` for object "annonce-ile-120" Any`
    t =    12.78s         Checking existence of `"annonce-ile-120" Any`
    t =    12.82s         Capturing element debug description
    t =    13.73s     Checking `Expect predicate `existsNoRetry == 1` for object "annonce-ile-120" Any`
    t =    13.73s         Checking existence of `"annonce-ile-120" Any`
    t =    13.81s Find the "annonce-ile-120" Any
    t =    14.55s Find the Application 'fr.kathryn.woop'
    t =    14.82s Added attachment named 'toaster-ile-pieces'
    t =    14.82s Waiting 8.0s for "annonce-ile-1" Any to exist
    t =    15.84s     Checking `Expect predicate `existsNoRetry == 1` for object "annonce-ile-1" Any`
    t =    15.84s         Checking existence of `"annonce-ile-1" Any`
    t =    15.89s         Capturing element debug description
    t =    16.91s     Checking `Expect predicate `existsNoRetry == 1` for object "annonce-ile-1" Any`
    t =    16.91s         Checking existence of `"annonce-ile-1" Any`
    t =    16.95s         Capturing element debug description
    t =    17.88s     Checking `Expect predicate `existsNoRetry == 1` for object "annonce-ile-1" Any`
    t =    17.88s         Checking existence of `"annonce-ile-1" Any`
    t =    18.63s Find the Application 'fr.kathryn.woop'
    t =    18.89s Added attachment named 'toaster-ile-booster'
    t =    18.90s Waiting 6.0s for "annonce-ile-1" Any to not exist
    t =    19.92s     Checking `Expect predicate `existsNoRetry == 0` for object "annonce-ile-1" Any`
    t =    19.92s         Checking existence of `"annonce-ile-1" Any`
    t =    19.97s         Capturing element debug description
    t =    20.98s     Checking `Expect predicate `existsNoRetry == 0` for object "annonce-ile-1" Any`
    t =    20.98s         Checking existence of `"annonce-ile-1" Any`
    t =    21.03s Terminate fr.kathryn.woop:42173
    t =    22.12s Tear Down
    t =    22.12s     Terminate fr.kathryn.woop:0
Test Case '-[NavRuntimeUITests.NavRuntimeUITests testToasterDepuisIle]' passed (22.219 seconds).
Test Suite 'NavRuntimeUITests' passed at 2026-09-17 16:55:43.274.
	 Executed 3 tests, with 0 failures (0 unexpected) in 62.220 (62.229) seconds
Test Suite 'NavRuntimeUITests.xctest' passed at 2026-09-17 16:55:43.276.
	 Executed 3 tests, with 0 failures (0 unexpected) in 62.220 (62.232) seconds
Test Suite 'Selected tests' passed at 2026-09-17 16:55:43.277.
	 Executed 3 tests, with 0 failures (0 unexpected) in 62.220 (62.233) seconds
2026-09-17 16:55:43.418 xcodebuild[33554:17733905] [MT] IDERunDestination: Supported platforms for the buildables in the current scheme is empty.
2026-09-17 16:55:43.565 xcodebuild[33554:17733905] [MT] IDETestOperationsObserverDebug: 175.942 elapsed -- Testing started completed.
2026-09-17 16:55:43.569 xcodebuild[33554:17733905] [MT] IDETestOperationsObserverDebug: 0.000 sec, +0.000 sec -- start
2026-09-17 16:55:43.569 xcodebuild[33554:17733905] [MT] IDETestOperationsObserverDebug: 175.942 sec, +175.942 sec -- end

Test session results, code coverage, and logs:
	/tmp/woop-story-session-ile/iphone69-qa-resume.xcresult

** TEST EXECUTE SUCCEEDED **

Testing started
