Command line invocation:
    /Applications/Xcode.app/Contents/Developer/usr/bin/xcodebuild test-without-building -xctestrun /private/tmp/woop-nav-runtime-qa/dd/Build/Products/NavRuntimeUITests_iphoneos26.5-arm64.xctestrun "-only-testing:NavRuntimeUITests/NavRuntimeUITests/testNavigationApresRelance" -destination platform=iOS,id=00008120-001E4CDC0A85A01E -destination-timeout 20 -parallel-testing-enabled NO -maximum-concurrent-test-device-destinations 1 -resultBundlePath /private/tmp/woop-navigation24-1620.xcresult

2026-09-15 16:20:37.388 xcodebuild[29200:14468359] [MT] IDERunDestination: Supported platforms for the buildables in the current scheme is empty.
Writing result bundle at path:
	/private/tmp/woop-navigation24-1620.xcresult

2026-09-15 16:20:37.390 xcodebuild[29200:14468359] [MT] IDERunDestination: Supported platforms for the buildables in the current scheme is empty.
--- xcodebuild: WARNING: Using the first of multiple matching destinations:
{ platform:iOS, arch:arm64e, id:00008120-001E4CDC0A85A01E, name:iPhone de Frédéric }
{ platform:iOS, arch:arm64, id:00008120-001E4CDC0A85A01E, name:iPhone de Frédéric }
2026-09-15 16:20:38.663 xcodebuild[29200:14468359] [MT] IDERunDestination: Supported platforms for the buildables in the current scheme is empty.
2026-09-15 16:20:38.830 xcodebuild[29200:14468359] [MT] IDERunDestination: Supported platforms for the buildables in the current scheme is empty.
2026-09-15 16:20:40.661172+0200 NavRuntimeUITests-Runner[22819:1822066] [Default] Running tests...
    t =      nans Interface orientation changed to Portrait
Test Suite 'Selected tests' started at 2026-09-15 16:20:41.031.
Test Suite 'NavRuntimeUITests.xctest' started at 2026-09-15 16:20:41.032.
Test Suite 'NavRuntimeUITests' started at 2026-09-15 16:20:41.032.
Test Case '-[NavRuntimeUITests.NavRuntimeUITests testNavigationApresRelance]' started.
    t =     0.00s Start Test at 2026-09-15 16:20:41.033
    t =     0.01s Set Up
    t =     0.02s Open fr.kathryn.woop
    t =     0.02s     Activate fr.kathryn.woop
    t =     0.04s         Wait for fr.kathryn.woop to idle
    t =     0.06s Checking existence of `"Later" Button`
    t =     0.13s Waiting 5.0s for "figure.strengthtraining.functional" Button to exist
2026-09-15 16:20:41.271 xcodebuild[29200:14468359] [MT] IDERunDestination: Supported platforms for the buildables in the current scheme is empty.
    t =     1.13s     Checking `Expect predicate `existsNoRetry == 1` for object "figure.strengthtraining.functional" Button`
    t =     1.13s         Checking existence of `"figure.strengthtraining.functional" Button`
    t =     1.17s Tap "figure.strengthtraining.functional" Button
    t =     1.17s     Wait for fr.kathryn.woop to idle
    t =     1.18s     Find the "figure.strengthtraining.functional" Button
    t =     1.20s     Check for interrupting elements affecting "figure.strengthtraining.functional" Button
    t =     1.23s     Synthesize event
    t =     1.53s     Wait for fr.kathryn.woop to idle
    t =     2.40s Waiting 5.0s for "Exercices" StaticText to exist
    t =     3.43s     Checking `Expect predicate `existsNoRetry == 1` for object "Exercices" StaticText`
    t =     3.43s         Checking existence of `"Exercices" StaticText`
    t =     3.50s Tap "house.fill" Button
    t =     3.50s     Wait for fr.kathryn.woop to idle
    t =     3.50s     Find the "house.fill" Button
    t =     3.53s     Check for interrupting elements affecting "house.fill" Button
    t =     3.57s     Synthesize event
    t =     3.86s     Wait for fr.kathryn.woop to idle
    t =     4.64s Tap "person" Button
    t =     4.64s     Wait for fr.kathryn.woop to idle
    t =     4.65s     Find the "person" Button
    t =     4.69s     Check for interrupting elements affecting "person" Button
    t =     4.72s     Synthesize event
    t =     5.01s     Wait for fr.kathryn.woop to idle
    t =     6.01s Waiting 5.0s for "Réglages" Button to exist
    t =     7.04s     Checking `Expect predicate `existsNoRetry == 1` for object "Réglages" Button`
    t =     7.04s         Checking existence of `"Réglages" Button`
    t =     7.14s Tap "Réglages" Button
    t =     7.14s     Wait for fr.kathryn.woop to idle
    t =     7.14s     Find the "Réglages" Button
    t =     7.18s     Check for interrupting elements affecting "Réglages" Button
    t =     7.23s     Synthesize event
    t =     7.53s     Wait for fr.kathryn.woop to idle
    t =     7.53s Waiting 5.0s for "Se déconnecter" StaticText to exist
    t =     8.56s     Checking `Expect predicate `existsNoRetry == 1` for object "Se déconnecter" StaticText`
    t =     8.56s         Checking existence of `"Se déconnecter" StaticText`
    t =     8.63s Checking existence of `"Supprimer mon compte" StaticText`
    t =     8.68s Find the Application 'fr.kathryn.woop'
WOOP_NAVIGATION_APRES_RELANCE_OK
    t =     8.89s Tear Down
Test Case '-[NavRuntimeUITests.NavRuntimeUITests testNavigationApresRelance]' passed (8.973 seconds).
Test Suite 'NavRuntimeUITests' passed at 2026-09-15 16:20:50.007.
	 Executed 1 test, with 0 failures (0 unexpected) in 8.973 (8.975) seconds
Test Suite 'NavRuntimeUITests.xctest' passed at 2026-09-15 16:20:50.007.
	 Executed 1 test, with 0 failures (0 unexpected) in 8.973 (8.975) seconds
Test Suite 'Selected tests' passed at 2026-09-15 16:20:50.007.
	 Executed 1 test, with 0 failures (0 unexpected) in 8.973 (8.976) seconds
2026-09-15 16:20:50.145 xcodebuild[29200:14468359] [MT] IDERunDestination: Supported platforms for the buildables in the current scheme is empty.
2026-09-15 16:20:50.461 xcodebuild[29200:14468359] [MT] IDETestOperationsObserverDebug: 11.796 elapsed -- Testing started completed.
2026-09-15 16:20:50.461 xcodebuild[29200:14468359] [MT] IDETestOperationsObserverDebug: 0.000 sec, +0.000 sec -- start
2026-09-15 16:20:50.461 xcodebuild[29200:14468359] [MT] IDETestOperationsObserverDebug: 11.796 sec, +11.796 sec -- end

Test session results, code coverage, and logs:
	/tmp/woop-navigation24-1620.xcresult

** TEST EXECUTE SUCCEEDED **

Testing started
