Command line invocation:
    /Applications/Xcode.app/Contents/Developer/usr/bin/xcodebuild test-without-building -xctestrun /private/tmp/woop-nav-runtime-qa/dd/Build/Products/NavRuntimeUITests_iphoneos26.5-arm64.xctestrun "-only-testing:NavRuntimeUITests/NavRuntimeUITests/testHomePretePourMesure" -destination platform=iOS,id=00008120-001E4CDC0A85A01E -destination-timeout 20 -parallel-testing-enabled NO -maximum-concurrent-test-device-destinations 1 -resultBundlePath /private/tmp/woop-banc23-decor-ecran-1606.xcresult

2026-09-15 16:06:38.285 xcodebuild[25980:14432583] [MT] IDERunDestination: Supported platforms for the buildables in the current scheme is empty.
Writing result bundle at path:
	/private/tmp/woop-banc23-decor-ecran-1606.xcresult

2026-09-15 16:06:38.291 xcodebuild[25980:14432583] [MT] IDERunDestination: Supported platforms for the buildables in the current scheme is empty.
2026-09-15 16:06:38.384 xcodebuild[25980:14432583] [MT] IDERunDestination: Supported platforms for the buildables in the current scheme is empty.
2026-09-15 16:06:38.624 xcodebuild[25980:14432583] [MT] IDERunDestination: Supported platforms for the buildables in the current scheme is empty.
2026-09-15 16:06:40.605 xcodebuild[25980:14432583] [MT] IDERunDestination: Supported platforms for the buildables in the current scheme is empty.
2026-09-15 16:06:40.727 xcodebuild[25980:14432583] [MT] IDERunDestination: Supported platforms for the buildables in the current scheme is empty.
2026-09-15 16:06:44.305 xcodebuild[25980:14432583] [MT] IDERunDestination: Supported platforms for the buildables in the current scheme is empty.
2026-09-15 16:06:45.176 xcodebuild[25980:14432583] [MT] IDERunDestination: Supported platforms for the buildables in the current scheme is empty.
2026-09-15 16:06:45.310 xcodebuild[25980:14432583] [MT] IDERunDestination: Supported platforms for the buildables in the current scheme is empty.
--- xcodebuild: WARNING: Using the first of multiple matching destinations:
{ platform:iOS, arch:arm64e, id:00008120-001E4CDC0A85A01E, name:iPhone de Frédéric }
{ platform:iOS, arch:arm64, id:00008120-001E4CDC0A85A01E, name:iPhone de Frédéric }
2026-09-15 16:06:46.671 xcodebuild[25980:14432583] [MT] IDERunDestination: Supported platforms for the buildables in the current scheme is empty.
2026-09-15 16:06:46.944 xcodebuild[25980:14432583] [MT] IDERunDestination: Supported platforms for the buildables in the current scheme is empty.
2026-09-15 16:06:52.937238+0200 NavRuntimeUITests-Runner[22692:1809019] [Default] Running tests...
    t =      nans Interface orientation changed to Portrait
    t =      nans Device orientation changed to Portrait
Test Suite 'Selected tests' started at 2026-09-15 16:06:59.228.
Test Suite 'NavRuntimeUITests.xctest' started at 2026-09-15 16:06:59.232.
Test Suite 'NavRuntimeUITests' started at 2026-09-15 16:06:59.233.
Test Case '-[NavRuntimeUITests.NavRuntimeUITests testHomePretePourMesure]' started.
    t =     0.00s Start Test at 2026-09-15 16:06:59.239
    t =     0.09s Set Up
    t =     0.14s Open fr.kathryn.woop
    t =     0.14s     Activate fr.kathryn.woop
    t =     0.20s         Wait for fr.kathryn.woop to idle
    t =     0.44s Checking existence of `"Later" Button`
    t =     0.65s Tap "Later" Button
    t =     0.65s     Wait for fr.kathryn.woop to idle
    t =     0.67s     Find the "Later" Button
    t =     0.79s     Check for interrupting elements affecting "Later" Button
    t =     0.87s     Synthesize event
2026-09-15 16:07:00.226 xcodebuild[25980:14432583] [MT] IDERunDestination: Supported platforms for the buildables in the current scheme is empty.
2026-09-15 16:07:00.346 xcodebuild[25980:14432583] [MT] IDERunDestination: Supported platforms for the buildables in the current scheme is empty.
    t =     1.19s     Wait for fr.kathryn.woop to idle
    t =     1.30s Waiting 5.0s for "Later" Button to not exist
    t =     1.49s     Device orientation changed to Face Up
    t =     2.31s     Checking `Expect predicate `existsNoRetry == 0` for object "Later" Button`
    t =     2.31s         Checking existence of `"Later" Button`
    t =     2.38s Waiting 5.0s for "person" Button to exist
    t =     3.42s     Checking `Expect predicate `existsNoRetry == 1` for object "person" Button`
    t =     3.42s         Checking existence of `"person" Button`
    t =     3.48s Find the "person" Button
    t =     3.54s Find the Application 'fr.kathryn.woop'
WOOP_HOME_PRETE_MESURE
    t =     3.80s Tear Down
Test Case '-[NavRuntimeUITests.NavRuntimeUITests testHomePretePourMesure]' passed (3.833 seconds).
Test Suite 'NavRuntimeUITests' passed at 2026-09-15 16:07:03.070.
	 Executed 1 test, with 0 failures (0 unexpected) in 3.833 (3.837) seconds
Test Suite 'NavRuntimeUITests.xctest' passed at 2026-09-15 16:07:03.071.
	 Executed 1 test, with 0 failures (0 unexpected) in 3.833 (3.839) seconds
Test Suite 'Selected tests' passed at 2026-09-15 16:07:03.072.
	 Executed 1 test, with 0 failures (0 unexpected) in 3.833 (3.843) seconds
2026-09-15 16:07:03.283 xcodebuild[25980:14432583] [MT] IDERunDestination: Supported platforms for the buildables in the current scheme is empty.
2026-09-15 16:07:03.458 xcodebuild[25980:14432583] [MT] IDETestOperationsObserverDebug: 16.782 elapsed -- Testing started completed.
2026-09-15 16:07:03.458 xcodebuild[25980:14432583] [MT] IDETestOperationsObserverDebug: 0.000 sec, +0.000 sec -- start
2026-09-15 16:07:03.458 xcodebuild[25980:14432583] [MT] IDETestOperationsObserverDebug: 16.782 sec, +16.782 sec -- end

Test session results, code coverage, and logs:
	/tmp/woop-banc23-decor-ecran-1606.xcresult

** TEST EXECUTE SUCCEEDED **

Testing started
