Command line invocation:
    /Applications/Xcode.app/Contents/Developer/usr/bin/xcodebuild -project /tmp/woop-ile-20260916-banc/Woop.xcodeproj -scheme WoopUITests -configuration Debug -destination "platform=iOS Simulator,id=AA36EA2C-0220-4292-9190-A78E13C759AE" -derivedDataPath /tmp/woop-ile-20260916-dd -parallel-testing-enabled NO -resultBundlePath /tmp/woop-ile-44-capsule.xcresult "-only-testing:WoopUITests/FouettagePiluleUITests/test06_seance_ile_sonTapSortLaPastille_sousLIle" "-only-testing:WoopUITests/FouettagePiluleUITests/test06c_seance_ile_leStopBabyClaqueSansSortir" "-only-testing:WoopUITests/FouettagePiluleUITests/test07_seance_ileSeQuitteAuDrag" "-only-testing:WoopUITests/FouettagePiluleUITests/test09_home_ileBlancheOuvreLeDetailSansSortirLaPastille" "-only-testing:WoopUITests/FouettagePiluleUITests/test10_ile_leCadreEnglobeLeCapteurEtDegageLeTitre" CODE_SIGNING_ALLOWED=NO test

Build settings from command line:
    CODE_SIGNING_ALLOWED = NO

Writing result bundle at path:
	/tmp/woop-ile-44-capsule.xcresult

ComputePackagePrebuildTargetDependencyGraph

Prepare packages

CreateBuildRequest

SendProjectDescription

CreateBuildOperation

ComputeTargetDependencyGraph
note: Building targets in dependency order
note: Target dependency graph (3 targets)
    Target 'WoopUITests' in project 'Woop'
        ➜ Explicit dependency on target 'Woop' in project 'Woop'
    Target 'Woop' in project 'Woop'
        ➜ Explicit dependency on target 'WoopWidgets' in project 'Woop'
    Target 'WoopWidgets' in project 'Woop' (no dependencies)

GatherProvisioningInputs

CreateBuildDescription

ExecuteExternalTool /Applications/Xcode.app/Contents/Developer/Toolchains/XcodeDefault.xctoolchain/usr/bin/swiftc --version

ExecuteExternalTool /Applications/Xcode.app/Contents/Developer/Toolchains/XcodeDefault.xctoolchain/usr/bin/clang -v -E -dM -isysroot /Applications/Xcode.app/Contents/Developer/Platforms/iPhoneSimulator.platform/Developer/SDKs/iPhoneSimulator26.5.sdk -x c -c /dev/null

ExecuteExternalTool /Applications/Xcode.app/Contents/Developer/usr/bin/actool --print-asset-tag-combinations --output-format xml1 /tmp/woop-ile-20260916-banc/Woop/AppIcon.icon /tmp/woop-ile-20260916-banc/Woop/Assets.xcassets

ExecuteExternalTool /Applications/Xcode.app/Contents/Developer/Toolchains/XcodeDefault.xctoolchain/usr/bin/ld -version_details

ExecuteExternalTool /Applications/Xcode.app/Contents/Developer/usr/bin/actool --version --output-format xml1

Build description signature: 7983015340cc64ce91f10ca731b2cec1
Build description path: /tmp/woop-ile-20260916-dd/Build/Intermediates.noindex/XCBuildData/7983015340cc64ce91f10ca731b2cec1.xcbuilddata
ClangStatCache /Applications/Xcode.app/Contents/Developer/Toolchains/XcodeDefault.xctoolchain/usr/bin/clang-stat-cache /Applications/Xcode.app/Contents/Developer/Platforms/iPhoneSimulator.platform/Developer/SDKs/iPhoneSimulator26.5.sdk /tmp/woop-ile-20260916-dd/SDKStatCaches.noindex/iphonesimulator26.5-23F73-688ef53f1462e2c8f657fdc38a81448f6cfe768891a92b912361537c460fe42b.sdkstatcache
    cd /tmp/woop-ile-20260916-banc/Woop.xcodeproj
    /Applications/Xcode.app/Contents/Developer/Toolchains/XcodeDefault.xctoolchain/usr/bin/clang-stat-cache /Applications/Xcode.app/Contents/Developer/Platforms/iPhoneSimulator.platform/Developer/SDKs/iPhoneSimulator26.5.sdk -o /tmp/woop-ile-20260916-dd/SDKStatCaches.noindex/iphonesimulator26.5-23F73-688ef53f1462e2c8f657fdc38a81448f6cfe768891a92b912361537c460fe42b.sdkstatcache

SwiftDriver Woop normal arm64 com.apple.xcode.tools.swift.compiler (in target 'Woop' from project 'Woop')
    cd /tmp/woop-ile-20260916-banc
    builtin-SwiftDriver -- /Applications/Xcode.app/Contents/Developer/Toolchains/XcodeDefault.xctoolchain/usr/bin/swiftc -module-name Woop -Onone @/tmp/woop-ile-20260916-dd/Build/Intermediates.noindex/Woop.build/Debug-iphonesimulator/Woop.build/Objects-normal/arm64/Woop.SwiftFileList -DDEBUG -enable-bare-slash-regex -enable-experimental-feature DebugDescriptionMacro -sdk /Applications/Xcode.app/Contents/Developer/Platforms/iPhoneSimulator.platform/Developer/SDKs/iPhoneSimulator26.5.sdk -target arm64-apple-ios26.0-simulator -g -module-cache-path /tmp/woop-ile-20260916-dd/ModuleCache.noindex -Xfrontend -serialize-debugging-options -enable-testing -index-store-path /tmp/woop-ile-20260916-dd/Index.noindex/DataStore -Xcc -D_LIBCPP_HARDENING_MODE\=_LIBCPP_HARDENING_MODE_DEBUG -swift-version 5 -I /tmp/woop-ile-20260916-dd/Build/Products/Debug-iphonesimulator -F /tmp/woop-ile-20260916-dd/Build/Products/Debug-iphonesimulator -emit-localized-strings -emit-localized-strings-path /tmp/woop-ile-20260916-dd/Build/Intermediates.noindex/Woop.build/Debug-iphonesimulator/Woop.build/Objects-normal/arm64 -c -j10 -enable-batch-mode -incremental -Xcc -ivfsstatcache -Xcc /tmp/woop-ile-20260916-dd/SDKStatCaches.noindex/iphonesimulator26.5-23F73-688ef53f1462e2c8f657fdc38a81448f6cfe768891a92b912361537c460fe42b.sdkstatcache -output-file-map /tmp/woop-ile-20260916-dd/Build/Intermediates.noindex/Woop.build/Debug-iphonesimulator/Woop.build/Objects-normal/arm64/Woop-OutputFileMap.json -use-frontend-parseable-output -save-temps -no-color-diagnostics -explicit-module-build -module-cache-path /tmp/woop-ile-20260916-dd/Build/Intermediates.noindex/SwiftExplicitPrecompiledModules -clang-scanner-module-cache-path /tmp/woop-ile-20260916-dd/ModuleCache.noindex -sdk-module-cache-path /tmp/woop-ile-20260916-dd/ModuleCache.noindex -serialize-diagnostics -emit-dependencies -emit-module -emit-module-path /tmp/woop-ile-20260916-dd/Build/Intermediates.noindex/Woop.build/Debug-iphonesimulator/Woop.build/Objects-normal/arm64/Woop.swiftmodule -validate-clang-modules-once -clang-build-session-file /tmp/woop-ile-20260916-dd/ModuleCache.noindex/Session.modulevalidation -Xcc -I/tmp/woop-ile-20260916-dd/Build/Intermediates.noindex/Woop.build/Debug-iphonesimulator/Woop.build/swift-overrides.hmap -emit-const-values -Xfrontend -const-gather-protocols-file -Xfrontend /tmp/woop-ile-20260916-dd/Build/Intermediates.noindex/Woop.build/Debug-iphonesimulator/Woop.build/Objects-normal/arm64/Woop_const_extract_protocols.json -Xcc -iquote -Xcc /tmp/woop-ile-20260916-dd/Build/Intermediates.noindex/Woop.build/Debug-iphonesimulator/Woop.build/Woop-generated-files.hmap -Xcc -I/tmp/woop-ile-20260916-dd/Build/Intermediates.noindex/Woop.build/Debug-iphonesimulator/Woop.build/Woop-own-target-headers.hmap -Xcc -I/tmp/woop-ile-20260916-dd/Build/Intermediates.noindex/Woop.build/Debug-iphonesimulator/Woop.build/Woop-all-target-headers.hmap -Xcc -iquote -Xcc /tmp/woop-ile-20260916-dd/Build/Intermediates.noindex/Woop.build/Debug-iphonesimulator/Woop.build/Woop-project-headers.hmap -Xcc -I/tmp/woop-ile-20260916-dd/Build/Products/Debug-iphonesimulator/include -Xcc -I/tmp/woop-ile-20260916-dd/Build/Intermediates.noindex/Woop.build/Debug-iphonesimulator/Woop.build/DerivedSources-normal/arm64 -Xcc -I/tmp/woop-ile-20260916-dd/Build/Intermediates.noindex/Woop.build/Debug-iphonesimulator/Woop.build/DerivedSources/arm64 -Xcc -I/tmp/woop-ile-20260916-dd/Build/Intermediates.noindex/Woop.build/Debug-iphonesimulator/Woop.build/DerivedSources -Xcc -DDEBUG\=1 -emit-objc-header -emit-objc-header-path /tmp/woop-ile-20260916-dd/Build/Intermediates.noindex/Woop.build/Debug-iphonesimulator/Woop.build/Objects-normal/arm64/Woop-Swift.h -working-directory /tmp/woop-ile-20260916-banc -experimental-emit-module-separately -disable-cmo

ProcessInfoPlistFile /tmp/woop-ile-20260916-dd/Build/Products/Debug-iphonesimulator/WoopWidgets.appex/Info.plist /tmp/woop-ile-20260916-banc/WoopWidgets/Info.plist (in target 'WoopWidgets' from project 'Woop')
    cd /tmp/woop-ile-20260916-banc
    builtin-infoPlistUtility /tmp/woop-ile-20260916-banc/WoopWidgets/Info.plist -producttype com.apple.product-type.app-extension -expandbuildsettings -format binary -platform iphonesimulator -o /tmp/woop-ile-20260916-dd/Build/Products/Debug-iphonesimulator/WoopWidgets.appex/Info.plist

SwiftCompile normal arm64 Compiling\ PiluleVagabonde.swift /tmp/woop-ile-20260916-banc/Woop/Views/PiluleVagabonde.swift (in target 'Woop' from project 'Woop')

SwiftCompile normal arm64 /tmp/woop-ile-20260916-banc/Woop/Views/PiluleVagabonde.swift (in target 'Woop' from project 'Woop')
    cd /tmp/woop-ile-20260916-banc
    
/tmp/woop-ile-20260916-banc/Woop/Views/PiluleVagabonde.swift:377:25: warning: 'main' was deprecated in iOS 26.0: Use a UIScreen instance found through context instead (i.e, view.window.windowScene.screen), or for properties like UIScreen.scale with trait equivalents, use a traitCollection found through context.
        130...(UIScreen.main.bounds.height - 138)
                        ^
/tmp/woop-ile-20260916-banc/Woop/Views/PiluleVagabonde.swift:390:26: warning: 'main' was deprecated in iOS 26.0: Use a UIScreen instance found through context instead (i.e, view.window.windowScene.screen), or for properties like UIScreen.scale with trait equivalents, use a traitCollection found through context.
        let W = UIScreen.main.bounds.width
                         ^
/tmp/woop-ile-20260916-banc/Woop/Views/PiluleVagabonde.swift:447:26: warning: 'main' was deprecated in iOS 26.0: Use a UIScreen instance found through context instead (i.e, view.window.windowScene.screen), or for properties like UIScreen.scale with trait equivalents, use a traitCollection found through context.
        let W = UIScreen.main.bounds.width
                         ^
/tmp/woop-ile-20260916-banc/Woop/Views/PiluleVagabonde.swift:803:31: warning: 'main' was deprecated in iOS 26.0: Use a UIScreen instance found through context instead (i.e, view.window.windowScene.screen), or for properties like UIScreen.scale with trait equivalents, use a traitCollection found through context.
        .position(x: UIScreen.main.bounds.width / 2,
                              ^
/tmp/woop-ile-20260916-banc/Woop/Views/PiluleVagabonde.swift:975:31: warning: 'main' was deprecated in iOS 26.0: Use a UIScreen instance found through context instead (i.e, view.window.windowScene.screen), or for properties like UIScreen.scale with trait equivalents, use a traitCollection found through context.
        .position(x: UIScreen.main.bounds.width / 2, y: IleGeo.centreY)
                              ^
/tmp/woop-ile-20260916-banc/Woop/Views/PiluleVagabonde.swift:1069:31: warning: 'main' was deprecated in iOS 26.0: Use a UIScreen instance found through context instead (i.e, view.window.windowScene.screen), or for properties like UIScreen.scale with trait equivalents, use a traitCollection found through context.
        .position(x: UIScreen.main.bounds.width / 2,
                              ^
/tmp/woop-ile-20260916-banc/Woop/Views/PiluleVagabonde.swift:1367:36: warning: 'main' was deprecated in iOS 26.0: Use a UIScreen instance found through context instead (i.e, view.window.windowScene.screen), or for properties like UIScreen.scale with trait equivalents, use a traitCollection found through context.
            .frame(width: UIScreen.main.bounds.width - NotifGeo.margeH * 2,
                                   ^
/tmp/woop-ile-20260916-banc/Woop/Views/PiluleVagabonde.swift:1442:35: warning: 'main' was deprecated in iOS 26.0: Use a UIScreen instance found through context instead (i.e, view.window.windowScene.screen), or for properties like UIScreen.scale with trait equivalents, use a traitCollection found through context.
            .position(x: UIScreen.main.bounds.width / 2, y: y)
                                  ^

SwiftCompile normal arm64 Compiling\ FouettagePilule.swift /tmp/woop-ile-20260916-banc/Woop/Views/FouettagePilule.swift (in target 'Woop' from project 'Woop')

SwiftCompile normal arm64 /tmp/woop-ile-20260916-banc/Woop/Views/FouettagePilule.swift (in target 'Woop' from project 'Woop')
    cd /tmp/woop-ile-20260916-banc
    

SwiftCompile normal arm64 Compiling\ EconomieWoop.swift /tmp/woop-ile-20260916-banc/Woop/Services/EconomieWoop.swift (in target 'Woop' from project 'Woop')

SwiftCompile normal arm64 /tmp/woop-ile-20260916-banc/Woop/Services/EconomieWoop.swift (in target 'Woop' from project 'Woop')
    cd /tmp/woop-ile-20260916-banc
    

SwiftEmitModule normal arm64 Emitting\ module\ for\ Woop (in target 'Woop' from project 'Woop')
EmitSwiftModule normal arm64 (in target 'Woop' from project 'Woop')
    cd /tmp/woop-ile-20260916-banc
    

SwiftCompile normal arm64 Compiling\ WoopApp.swift /tmp/woop-ile-20260916-banc/Woop/WoopApp.swift (in target 'Woop' from project 'Woop')
SwiftCompile normal arm64 /tmp/woop-ile-20260916-banc/Woop/WoopApp.swift (in target 'Woop' from project 'Woop')
    cd /tmp/woop-ile-20260916-banc
    
/tmp/woop-ile-20260916-banc/Woop/WoopApp.swift:1257:44: warning: left side of nil coalescing operator '??' has non-optional type 'Date', so the right side is never used
            MiniCardJour(date: a.startedAt ?? .now,
                               ~~~~~~~~~~~~^~~~~~~
                                          
/tmp/woop-ile-20260916-banc/Woop/WoopApp.swift:1282:58: warning: left side of nil coalescing operator '??' has non-optional type 'Date', so the right side is never used
                TimelineView(.periodic(from: a.startedAt ?? .now,
                                             ~~~~~~~~~~~~^~~~~~~
                                                        
/tmp/woop-ile-20260916-banc/Woop/WoopApp.swift:1285:56: warning: left side of nil coalescing operator '??' has non-optional type 'Date', so the right side is never used
                        .timeIntervalSince(a.startedAt ?? .now)))
                                           ~~~~~~~~~~~~^~~~~~~
                                                      
/tmp/woop-ile-20260916-banc/Woop/WoopApp.swift:1684:47: warning: left side of nil coalescing operator '??' has non-optional type 'Date', so the right side is never used
                    departSeance: a.startedAt ?? .now,
                                  ~~~~~~~~~~~~^~~~~~~
                                             
/tmp/woop-ile-20260916-banc/Woop/WoopApp.swift:1710:41: warning: left side of nil coalescing operator '??' has non-optional type 'Date', so the right side is never used
                    depart: a.startedAt ?? .now,
                            ~~~~~~~~~~~~^~~~~~~
                                       
/tmp/woop-ile-20260916-banc/Woop/WoopApp.swift:1709:43: warning: 'main' was deprecated in iOS 26.0: Use a UIScreen instance found through context instead (i.e, view.window.windowScene.screen), or for properties like UIScreen.scale with trait equivalents, use a traitCollection found through context.
                    ecranTaille: UIScreen.main.bounds.size,
                                          ^

SwiftCompile normal arm64 Compiling\ StorySuite.swift /tmp/woop-ile-20260916-banc/Woop/Views/StorySuite.swift (in target 'Woop' from project 'Woop')
SwiftCompile normal arm64 /tmp/woop-ile-20260916-banc/Woop/Views/StorySuite.swift (in target 'Woop' from project 'Woop')
    cd /tmp/woop-ile-20260916-banc
    
/tmp/woop-ile-20260916-banc/Woop/Views/StorySuite.swift:834:25: warning: '+' was deprecated in iOS 26.0: Use string interpolation on `Text` instead: `Text("Hello \(name)")`
                    acc + Text(m.0)
                        ^

SwiftCompile normal arm64 Compiling\ PageCard.swift /tmp/woop-ile-20260916-banc/Woop/Views/PageCard.swift (in target 'Woop' from project 'Woop')

SwiftCompile normal arm64 /tmp/woop-ile-20260916-banc/Woop/Views/PageCard.swift (in target 'Woop' from project 'Woop')
    cd /tmp/woop-ile-20260916-banc
    

SwiftDriverJobDiscovery normal arm64 Compiling FouettagePilule.swift (in target 'Woop' from project 'Woop')

SwiftDriverJobDiscovery normal arm64 Compiling PageCard.swift (in target 'Woop' from project 'Woop')

SwiftDriverJobDiscovery normal arm64 Compiling EconomieWoop.swift (in target 'Woop' from project 'Woop')

SwiftCompile normal arm64 Compiling\ Annonces.swift,\ Compte.swift /tmp/woop-ile-20260916-banc/Woop/Services/Annonces.swift /tmp/woop-ile-20260916-banc/Woop/Services/Compte.swift (in target 'Woop' from project 'Woop')

SwiftCompile normal arm64 /tmp/woop-ile-20260916-banc/Woop/Services/Annonces.swift (in target 'Woop' from project 'Woop')
    cd /tmp/woop-ile-20260916-banc
    

SwiftCompile normal arm64 /tmp/woop-ile-20260916-banc/Woop/Services/Compte.swift (in target 'Woop' from project 'Woop')
    cd /tmp/woop-ile-20260916-banc
    

SwiftCompile normal arm64 Compiling\ CoffreV2.swift /tmp/woop-ile-20260916-banc/Woop/Views/CoffreV2.swift (in target 'Woop' from project 'Woop')

SwiftCompile normal arm64 /tmp/woop-ile-20260916-banc/Woop/Views/CoffreV2.swift (in target 'Woop' from project 'Woop')
    cd /tmp/woop-ile-20260916-banc
    

SwiftCompile normal arm64 Compiling\ BoosterPopup.swift /tmp/woop-ile-20260916-banc/Woop/Views/BoosterPopup.swift (in target 'Woop' from project 'Woop')

SwiftCompile normal arm64 /tmp/woop-ile-20260916-banc/Woop/Views/BoosterPopup.swift (in target 'Woop' from project 'Woop')
    cd /tmp/woop-ile-20260916-banc
    

SwiftCompile normal arm64 Compiling\ ProfilLune.swift /tmp/woop-ile-20260916-banc/Woop/Views/ProfilLune.swift (in target 'Woop' from project 'Woop')

SwiftCompile normal arm64 /tmp/woop-ile-20260916-banc/Woop/Views/ProfilLune.swift (in target 'Woop' from project 'Woop')
    cd /tmp/woop-ile-20260916-banc
    

SwiftCompile normal arm64 Compiling\ ExerciseDetailView.swift /tmp/woop-ile-20260916-banc/Woop/Views/ExerciseDetailView.swift (in target 'Woop' from project 'Woop')

SwiftCompile normal arm64 /tmp/woop-ile-20260916-banc/Woop/Views/ExerciseDetailView.swift (in target 'Woop' from project 'Woop')
    cd /tmp/woop-ile-20260916-banc
    
/tmp/woop-ile-20260916-banc/Woop/Views/ExerciseDetailView.swift:2123:13: warning: initialization of immutable value 'naissance' was never used; consider replacing with assignment to '_' or removing it
        let naissance = Self.sstep(0.45, 0.92, u)
        ~~~~^~~~~~~~~
        _

SwiftCompile normal arm64 Compiling\ BoosterLab.swift /tmp/woop-ile-20260916-banc/Woop/Views/BoosterLab.swift (in target 'Woop' from project 'Woop')

SwiftCompile normal arm64 /tmp/woop-ile-20260916-banc/Woop/Views/BoosterLab.swift (in target 'Woop' from project 'Woop')
    cd /tmp/woop-ile-20260916-banc
    

SwiftCompile normal arm64 Compiling\ CoffreFortPurse.swift /tmp/woop-ile-20260916-banc/Woop/Views/CoffreFortPurse.swift (in target 'Woop' from project 'Woop')

SwiftCompile normal arm64 /tmp/woop-ile-20260916-banc/Woop/Views/CoffreFortPurse.swift (in target 'Woop' from project 'Woop')
    cd /tmp/woop-ile-20260916-banc
    

SwiftDriverJobDiscovery normal arm64 Compiling Annonces.swift, Compte.swift (in target 'Woop' from project 'Woop')

SwiftCompile normal arm64 Compiling\ CoffreFortView.swift /tmp/woop-ile-20260916-banc/Woop/Views/CoffreFortView.swift (in target 'Woop' from project 'Woop')

SwiftCompile normal arm64 /tmp/woop-ile-20260916-banc/Woop/Views/CoffreFortView.swift (in target 'Woop' from project 'Woop')
    cd /tmp/woop-ile-20260916-banc
    

SwiftDriverJobDiscovery normal arm64 Compiling CoffreFortPurse.swift (in target 'Woop' from project 'Woop')

SwiftCompile normal arm64 Compiling\ RewardChemin.swift /tmp/woop-ile-20260916-banc/Woop/Views/RewardChemin.swift (in target 'Woop' from project 'Woop')

SwiftCompile normal arm64 /tmp/woop-ile-20260916-banc/Woop/Views/RewardChemin.swift (in target 'Woop' from project 'Woop')
    cd /tmp/woop-ile-20260916-banc
    

SwiftDriverJobDiscovery normal arm64 Compiling CoffreFortView.swift (in target 'Woop' from project 'Woop')

SwiftCompile normal arm64 Compiling\ OutboxGains.swift /tmp/woop-ile-20260916-banc/Woop/Services/OutboxGains.swift (in target 'Woop' from project 'Woop')

SwiftCompile normal arm64 /tmp/woop-ile-20260916-banc/Woop/Services/OutboxGains.swift (in target 'Woop' from project 'Woop')
    cd /tmp/woop-ile-20260916-banc
    

SwiftDriverJobDiscovery normal arm64 Compiling RewardChemin.swift (in target 'Woop' from project 'Woop')

SwiftDriverJobDiscovery normal arm64 Compiling OutboxGains.swift (in target 'Woop' from project 'Woop')

SwiftDriverJobDiscovery normal arm64 Compiling ExerciseDetailView.swift (in target 'Woop' from project 'Woop')

SwiftDriverJobDiscovery normal arm64 Compiling CoffreV2.swift (in target 'Woop' from project 'Woop')

SwiftDriverJobDiscovery normal arm64 Compiling PiluleVagabonde.swift (in target 'Woop' from project 'Woop')

SwiftCompile normal arm64 Compiling\ SondeVol.swift /tmp/woop-ile-20260916-banc/Woop/Views/SondeVol.swift (in target 'Woop' from project 'Woop')

SwiftCompile normal arm64 /tmp/woop-ile-20260916-banc/Woop/Views/SondeVol.swift (in target 'Woop' from project 'Woop')
    cd /tmp/woop-ile-20260916-banc
    

SwiftCompile normal arm64 Compiling\ Foyer.swift /tmp/woop-ile-20260916-banc/Woop/Views/Foyer.swift (in target 'Woop' from project 'Woop')

SwiftCompile normal arm64 /tmp/woop-ile-20260916-banc/Woop/Views/Foyer.swift (in target 'Woop' from project 'Woop')
    cd /tmp/woop-ile-20260916-banc
    

SwiftDriverJobDiscovery normal arm64 Compiling SondeVol.swift (in target 'Woop' from project 'Woop')

SwiftDriverJobDiscovery normal arm64 Compiling Foyer.swift (in target 'Woop' from project 'Woop')

SwiftDriverJobDiscovery normal arm64 Compiling BoosterLab.swift (in target 'Woop' from project 'Woop')

SwiftDriverJobDiscovery normal arm64 Compiling BoosterPopup.swift (in target 'Woop' from project 'Woop')

SwiftDriverJobDiscovery normal arm64 Compiling ProfilLune.swift (in target 'Woop' from project 'Woop')

SwiftDriverJobDiscovery normal arm64 Compiling WoopApp.swift (in target 'Woop' from project 'Woop')

SwiftDriverJobDiscovery normal arm64 Compiling StorySuite.swift (in target 'Woop' from project 'Woop')

SwiftDriver\ Compilation Woop normal arm64 com.apple.xcode.tools.swift.compiler (in target 'Woop' from project 'Woop')
    cd /tmp/woop-ile-20260916-banc
    builtin-Swift-Compilation -- /Applications/Xcode.app/Contents/Developer/Toolchains/XcodeDefault.xctoolchain/usr/bin/swiftc -module-name Woop -Onone @/tmp/woop-ile-20260916-dd/Build/Intermediates.noindex/Woop.build/Debug-iphonesimulator/Woop.build/Objects-normal/arm64/Woop.SwiftFileList -DDEBUG -enable-bare-slash-regex -enable-experimental-feature DebugDescriptionMacro -sdk /Applications/Xcode.app/Contents/Developer/Platforms/iPhoneSimulator.platform/Developer/SDKs/iPhoneSimulator26.5.sdk -target arm64-apple-ios26.0-simulator -g -module-cache-path /tmp/woop-ile-20260916-dd/ModuleCache.noindex -Xfrontend -serialize-debugging-options -enable-testing -index-store-path /tmp/woop-ile-20260916-dd/Index.noindex/DataStore -Xcc -D_LIBCPP_HARDENING_MODE\=_LIBCPP_HARDENING_MODE_DEBUG -swift-version 5 -I /tmp/woop-ile-20260916-dd/Build/Products/Debug-iphonesimulator -F /tmp/woop-ile-20260916-dd/Build/Products/Debug-iphonesimulator -emit-localized-strings -emit-localized-strings-path /tmp/woop-ile-20260916-dd/Build/Intermediates.noindex/Woop.build/Debug-iphonesimulator/Woop.build/Objects-normal/arm64 -c -j10 -enable-batch-mode -incremental -Xcc -ivfsstatcache -Xcc /tmp/woop-ile-20260916-dd/SDKStatCaches.noindex/iphonesimulator26.5-23F73-688ef53f1462e2c8f657fdc38a81448f6cfe768891a92b912361537c460fe42b.sdkstatcache -output-file-map /tmp/woop-ile-20260916-dd/Build/Intermediates.noindex/Woop.build/Debug-iphonesimulator/Woop.build/Objects-normal/arm64/Woop-OutputFileMap.json -use-frontend-parseable-output -save-temps -no-color-diagnostics -explicit-module-build -module-cache-path /tmp/woop-ile-20260916-dd/Build/Intermediates.noindex/SwiftExplicitPrecompiledModules -clang-scanner-module-cache-path /tmp/woop-ile-20260916-dd/ModuleCache.noindex -sdk-module-cache-path /tmp/woop-ile-20260916-dd/ModuleCache.noindex -serialize-diagnostics -emit-dependencies -emit-module -emit-module-path /tmp/woop-ile-20260916-dd/Build/Intermediates.noindex/Woop.build/Debug-iphonesimulator/Woop.build/Objects-normal/arm64/Woop.swiftmodule -validate-clang-modules-once -clang-build-session-file /tmp/woop-ile-20260916-dd/ModuleCache.noindex/Session.modulevalidation -Xcc -I/tmp/woop-ile-20260916-dd/Build/Intermediates.noindex/Woop.build/Debug-iphonesimulator/Woop.build/swift-overrides.hmap -emit-const-values -Xfrontend -const-gather-protocols-file -Xfrontend /tmp/woop-ile-20260916-dd/Build/Intermediates.noindex/Woop.build/Debug-iphonesimulator/Woop.build/Objects-normal/arm64/Woop_const_extract_protocols.json -Xcc -iquote -Xcc /tmp/woop-ile-20260916-dd/Build/Intermediates.noindex/Woop.build/Debug-iphonesimulator/Woop.build/Woop-generated-files.hmap -Xcc -I/tmp/woop-ile-20260916-dd/Build/Intermediates.noindex/Woop.build/Debug-iphonesimulator/Woop.build/Woop-own-target-headers.hmap -Xcc -I/tmp/woop-ile-20260916-dd/Build/Intermediates.noindex/Woop.build/Debug-iphonesimulator/Woop.build/Woop-all-target-headers.hmap -Xcc -iquote -Xcc /tmp/woop-ile-20260916-dd/Build/Intermediates.noindex/Woop.build/Debug-iphonesimulator/Woop.build/Woop-project-headers.hmap -Xcc -I/tmp/woop-ile-20260916-dd/Build/Products/Debug-iphonesimulator/include -Xcc -I/tmp/woop-ile-20260916-dd/Build/Intermediates.noindex/Woop.build/Debug-iphonesimulator/Woop.build/DerivedSources-normal/arm64 -Xcc -I/tmp/woop-ile-20260916-dd/Build/Intermediates.noindex/Woop.build/Debug-iphonesimulator/Woop.build/DerivedSources/arm64 -Xcc -I/tmp/woop-ile-20260916-dd/Build/Intermediates.noindex/Woop.build/Debug-iphonesimulator/Woop.build/DerivedSources -Xcc -DDEBUG\=1 -emit-objc-header -emit-objc-header-path /tmp/woop-ile-20260916-dd/Build/Intermediates.noindex/Woop.build/Debug-iphonesimulator/Woop.build/Objects-normal/arm64/Woop-Swift.h -working-directory /tmp/woop-ile-20260916-banc -experimental-emit-module-separately -disable-cmo

SwiftDriverJobDiscovery normal arm64 Emitting module for Woop (in target 'Woop' from project 'Woop')

SwiftDriver\ Compilation\ Requirements Woop normal arm64 com.apple.xcode.tools.swift.compiler (in target 'Woop' from project 'Woop')
    cd /tmp/woop-ile-20260916-banc
    builtin-Swift-Compilation-Requirements -- /Applications/Xcode.app/Contents/Developer/Toolchains/XcodeDefault.xctoolchain/usr/bin/swiftc -module-name Woop -Onone @/tmp/woop-ile-20260916-dd/Build/Intermediates.noindex/Woop.build/Debug-iphonesimulator/Woop.build/Objects-normal/arm64/Woop.SwiftFileList -DDEBUG -enable-bare-slash-regex -enable-experimental-feature DebugDescriptionMacro -sdk /Applications/Xcode.app/Contents/Developer/Platforms/iPhoneSimulator.platform/Developer/SDKs/iPhoneSimulator26.5.sdk -target arm64-apple-ios26.0-simulator -g -module-cache-path /tmp/woop-ile-20260916-dd/ModuleCache.noindex -Xfrontend -serialize-debugging-options -enable-testing -index-store-path /tmp/woop-ile-20260916-dd/Index.noindex/DataStore -Xcc -D_LIBCPP_HARDENING_MODE\=_LIBCPP_HARDENING_MODE_DEBUG -swift-version 5 -I /tmp/woop-ile-20260916-dd/Build/Products/Debug-iphonesimulator -F /tmp/woop-ile-20260916-dd/Build/Products/Debug-iphonesimulator -emit-localized-strings -emit-localized-strings-path /tmp/woop-ile-20260916-dd/Build/Intermediates.noindex/Woop.build/Debug-iphonesimulator/Woop.build/Objects-normal/arm64 -c -j10 -enable-batch-mode -incremental -Xcc -ivfsstatcache -Xcc /tmp/woop-ile-20260916-dd/SDKStatCaches.noindex/iphonesimulator26.5-23F73-688ef53f1462e2c8f657fdc38a81448f6cfe768891a92b912361537c460fe42b.sdkstatcache -output-file-map /tmp/woop-ile-20260916-dd/Build/Intermediates.noindex/Woop.build/Debug-iphonesimulator/Woop.build/Objects-normal/arm64/Woop-OutputFileMap.json -use-frontend-parseable-output -save-temps -no-color-diagnostics -explicit-module-build -module-cache-path /tmp/woop-ile-20260916-dd/Build/Intermediates.noindex/SwiftExplicitPrecompiledModules -clang-scanner-module-cache-path /tmp/woop-ile-20260916-dd/ModuleCache.noindex -sdk-module-cache-path /tmp/woop-ile-20260916-dd/ModuleCache.noindex -serialize-diagnostics -emit-dependencies -emit-module -emit-module-path /tmp/woop-ile-20260916-dd/Build/Intermediates.noindex/Woop.build/Debug-iphonesimulator/Woop.build/Objects-normal/arm64/Woop.swiftmodule -validate-clang-modules-once -clang-build-session-file /tmp/woop-ile-20260916-dd/ModuleCache.noindex/Session.modulevalidation -Xcc -I/tmp/woop-ile-20260916-dd/Build/Intermediates.noindex/Woop.build/Debug-iphonesimulator/Woop.build/swift-overrides.hmap -emit-const-values -Xfrontend -const-gather-protocols-file -Xfrontend /tmp/woop-ile-20260916-dd/Build/Intermediates.noindex/Woop.build/Debug-iphonesimulator/Woop.build/Objects-normal/arm64/Woop_const_extract_protocols.json -Xcc -iquote -Xcc /tmp/woop-ile-20260916-dd/Build/Intermediates.noindex/Woop.build/Debug-iphonesimulator/Woop.build/Woop-generated-files.hmap -Xcc -I/tmp/woop-ile-20260916-dd/Build/Intermediates.noindex/Woop.build/Debug-iphonesimulator/Woop.build/Woop-own-target-headers.hmap -Xcc -I/tmp/woop-ile-20260916-dd/Build/Intermediates.noindex/Woop.build/Debug-iphonesimulator/Woop.build/Woop-all-target-headers.hmap -Xcc -iquote -Xcc /tmp/woop-ile-20260916-dd/Build/Intermediates.noindex/Woop.build/Debug-iphonesimulator/Woop.build/Woop-project-headers.hmap -Xcc -I/tmp/woop-ile-20260916-dd/Build/Products/Debug-iphonesimulator/include -Xcc -I/tmp/woop-ile-20260916-dd/Build/Intermediates.noindex/Woop.build/Debug-iphonesimulator/Woop.build/DerivedSources-normal/arm64 -Xcc -I/tmp/woop-ile-20260916-dd/Build/Intermediates.noindex/Woop.build/Debug-iphonesimulator/Woop.build/DerivedSources/arm64 -Xcc -I/tmp/woop-ile-20260916-dd/Build/Intermediates.noindex/Woop.build/Debug-iphonesimulator/Woop.build/DerivedSources -Xcc -DDEBUG\=1 -emit-objc-header -emit-objc-header-path /tmp/woop-ile-20260916-dd/Build/Intermediates.noindex/Woop.build/Debug-iphonesimulator/Woop.build/Objects-normal/arm64/Woop-Swift.h -working-directory /tmp/woop-ile-20260916-banc -experimental-emit-module-separately -disable-cmo

Copy /tmp/woop-ile-20260916-dd/Build/Products/Debug-iphonesimulator/Woop.swiftmodule/arm64-apple-ios-simulator.swiftmodule /tmp/woop-ile-20260916-dd/Build/Intermediates.noindex/Woop.build/Debug-iphonesimulator/Woop.build/Objects-normal/arm64/Woop.swiftmodule (in target 'Woop' from project 'Woop')
    cd /tmp/woop-ile-20260916-banc
    builtin-copy -exclude .DS_Store -exclude CVS -exclude .svn -exclude .git -exclude .hg -resolve-src-symlinks -rename /tmp/woop-ile-20260916-dd/Build/Intermediates.noindex/Woop.build/Debug-iphonesimulator/Woop.build/Objects-normal/arm64/Woop.swiftmodule /tmp/woop-ile-20260916-dd/Build/Products/Debug-iphonesimulator/Woop.swiftmodule/arm64-apple-ios-simulator.swiftmodule

Ld /tmp/woop-ile-20260916-dd/Build/Products/Debug-iphonesimulator/Woop.app/Woop.debug.dylib normal (in target 'Woop' from project 'Woop')
    cd /tmp/woop-ile-20260916-banc
    /Applications/Xcode.app/Contents/Developer/Toolchains/XcodeDefault.xctoolchain/usr/bin/clang -Xlinker -reproducible -target arm64-apple-ios26.0-simulator -dynamiclib -isysroot /Applications/Xcode.app/Contents/Developer/Platforms/iPhoneSimulator.platform/Developer/SDKs/iPhoneSimulator26.5.sdk -O0 -L/tmp/woop-ile-20260916-dd/Build/Intermediates.noindex/EagerLinkingTBDs/Debug-iphonesimulator -L/tmp/woop-ile-20260916-dd/Build/Products/Debug-iphonesimulator -F/tmp/woop-ile-20260916-dd/Build/Intermediates.noindex/EagerLinkingTBDs/Debug-iphonesimulator -F/tmp/woop-ile-20260916-dd/Build/Products/Debug-iphonesimulator -filelist /tmp/woop-ile-20260916-dd/Build/Intermediates.noindex/Woop.build/Debug-iphonesimulator/Woop.build/Objects-normal/arm64/Woop.LinkFileList -install_name @rpath/Woop.debug.dylib -Xlinker -rpath -Xlinker @executable_path/Frameworks -Xlinker -dead_strip -Xlinker -object_path_lto -Xlinker /tmp/woop-ile-20260916-dd/Build/Intermediates.noindex/Woop.build/Debug-iphonesimulator/Woop.build/Objects-normal/arm64/Woop_lto.o -rdynamic -Xlinker -no_deduplicate -Xlinker -objc_abi_version -Xlinker 2 -Xlinker -dependency_info -Xlinker /tmp/woop-ile-20260916-dd/Build/Intermediates.noindex/Woop.build/Debug-iphonesimulator/Woop.build/Objects-normal/arm64/Woop_dependency_info.dat -fobjc-link-runtime -L/Applications/Xcode.app/Contents/Developer/Toolchains/XcodeDefault.xctoolchain/usr/lib/swift/iphonesimulator -L/usr/lib/swift -Xlinker -add_ast_path -Xlinker /tmp/woop-ile-20260916-dd/Build/Intermediates.noindex/Woop.build/Debug-iphonesimulator/Woop.build/Objects-normal/arm64/Woop.swiftmodule @/tmp/woop-ile-20260916-dd/Build/Intermediates.noindex/Woop.build/Debug-iphonesimulator/Woop.build/Objects-normal/arm64/Woop-linker-args.resp -Xlinker -alias -Xlinker _main -Xlinker ___debug_main_executable_dylib_entry_point -o /tmp/woop-ile-20260916-dd/Build/Products/Debug-iphonesimulator/Woop.app/Woop.debug.dylib

Copy /tmp/woop-ile-20260916-dd/Build/Products/Debug-iphonesimulator/Woop.swiftmodule/arm64-apple-ios-simulator.swiftdoc /tmp/woop-ile-20260916-dd/Build/Intermediates.noindex/Woop.build/Debug-iphonesimulator/Woop.build/Objects-normal/arm64/Woop.swiftdoc (in target 'Woop' from project 'Woop')
    cd /tmp/woop-ile-20260916-banc
    builtin-copy -exclude .DS_Store -exclude CVS -exclude .svn -exclude .git -exclude .hg -resolve-src-symlinks -rename /tmp/woop-ile-20260916-dd/Build/Intermediates.noindex/Woop.build/Debug-iphonesimulator/Woop.build/Objects-normal/arm64/Woop.swiftdoc /tmp/woop-ile-20260916-dd/Build/Products/Debug-iphonesimulator/Woop.swiftmodule/arm64-apple-ios-simulator.swiftdoc

Copy /tmp/woop-ile-20260916-dd/Build/Products/Debug-iphonesimulator/Woop.swiftmodule/arm64-apple-ios-simulator.abi.json /tmp/woop-ile-20260916-dd/Build/Intermediates.noindex/Woop.build/Debug-iphonesimulator/Woop.build/Objects-normal/arm64/Woop.abi.json (in target 'Woop' from project 'Woop')
    cd /tmp/woop-ile-20260916-banc
    builtin-copy -exclude .DS_Store -exclude CVS -exclude .svn -exclude .git -exclude .hg -resolve-src-symlinks -rename /tmp/woop-ile-20260916-dd/Build/Intermediates.noindex/Woop.build/Debug-iphonesimulator/Woop.build/Objects-normal/arm64/Woop.abi.json /tmp/woop-ile-20260916-dd/Build/Products/Debug-iphonesimulator/Woop.swiftmodule/arm64-apple-ios-simulator.abi.json

Copy /tmp/woop-ile-20260916-dd/Build/Products/Debug-iphonesimulator/Woop.swiftmodule/Project/arm64-apple-ios-simulator.swiftsourceinfo /tmp/woop-ile-20260916-dd/Build/Intermediates.noindex/Woop.build/Debug-iphonesimulator/Woop.build/Objects-normal/arm64/Woop.swiftsourceinfo (in target 'Woop' from project 'Woop')
    cd /tmp/woop-ile-20260916-banc
    builtin-copy -exclude .DS_Store -exclude CVS -exclude .svn -exclude .git -exclude .hg -resolve-src-symlinks -rename /tmp/woop-ile-20260916-dd/Build/Intermediates.noindex/Woop.build/Debug-iphonesimulator/Woop.build/Objects-normal/arm64/Woop.swiftsourceinfo /tmp/woop-ile-20260916-dd/Build/Products/Debug-iphonesimulator/Woop.swiftmodule/Project/arm64-apple-ios-simulator.swiftsourceinfo

ConstructStubExecutorLinkFileList /tmp/woop-ile-20260916-dd/Build/Intermediates.noindex/Woop.build/Debug-iphonesimulator/Woop.build/Woop-ExecutorLinkFileList-normal-arm64.txt (in target 'Woop' from project 'Woop')
    cd /tmp/woop-ile-20260916-banc
    construct-stub-executor-link-file-list /tmp/woop-ile-20260916-dd/Build/Products/Debug-iphonesimulator/Woop.app/Woop.debug.dylib /Applications/Xcode.app/Contents/Developer/Platforms/iPhoneSimulator.platform/Developer/usr/lib/libPreviewsJITStubExecutor_no_swift_entry_point.a /Applications/Xcode.app/Contents/Developer/Platforms/iPhoneSimulator.platform/Developer/usr/lib/libPreviewsJITStubExecutor.a --output /tmp/woop-ile-20260916-dd/Build/Intermediates.noindex/Woop.build/Debug-iphonesimulator/Woop.build/Woop-ExecutorLinkFileList-normal-arm64.txt
note: Using stub executor library with Swift entry point. (in target 'Woop' from project 'Woop')

Ld /tmp/woop-ile-20260916-dd/Build/Products/Debug-iphonesimulator/Woop.app/Woop normal (in target 'Woop' from project 'Woop')
    cd /tmp/woop-ile-20260916-banc
    /Applications/Xcode.app/Contents/Developer/Toolchains/XcodeDefault.xctoolchain/usr/bin/clang -Xlinker -reproducible -target arm64-apple-ios26.0-simulator -isysroot /Applications/Xcode.app/Contents/Developer/Platforms/iPhoneSimulator.platform/Developer/SDKs/iPhoneSimulator26.5.sdk -O0 -L/tmp/woop-ile-20260916-dd/Build/Products/Debug-iphonesimulator -F/tmp/woop-ile-20260916-dd/Build/Products/Debug-iphonesimulator -Xlinker -rpath -Xlinker @executable_path -Xlinker -rpath -Xlinker @executable_path/Frameworks -rdynamic -Xlinker -no_deduplicate -Xlinker -objc_abi_version -Xlinker 2 -e ___debug_blank_executor_main -Xlinker -sectcreate -Xlinker __TEXT -Xlinker __debug_dylib -Xlinker /tmp/woop-ile-20260916-dd/Build/Intermediates.noindex/Woop.build/Debug-iphonesimulator/Woop.build/Woop-DebugDylibPath-normal-arm64.txt -Xlinker -sectcreate -Xlinker __TEXT -Xlinker __debug_instlnm -Xlinker /tmp/woop-ile-20260916-dd/Build/Intermediates.noindex/Woop.build/Debug-iphonesimulator/Woop.build/Woop-DebugDylibInstallName-normal-arm64.txt -Xlinker -filelist -Xlinker /tmp/woop-ile-20260916-dd/Build/Intermediates.noindex/Woop.build/Debug-iphonesimulator/Woop.build/Woop-ExecutorLinkFileList-normal-arm64.txt /tmp/woop-ile-20260916-dd/Build/Products/Debug-iphonesimulator/Woop.app/Woop.debug.dylib -o /tmp/woop-ile-20260916-dd/Build/Products/Debug-iphonesimulator/Woop.app/Woop

ExtractAppIntentsMetadata (in target 'Woop' from project 'Woop')
    cd /tmp/woop-ile-20260916-banc
    /Applications/Xcode.app/Contents/Developer/Toolchains/XcodeDefault.xctoolchain/usr/bin/appintentsmetadataprocessor --toolchain-dir /var/run/com.apple.security.cryptexd/mnt/com.apple.MobileAsset.MetalToolchain-v17.6.42.0.BA5Ggr/Metal.xctoolchain --module-name Woop --sdk-root /Applications/Xcode.app/Contents/Developer/Platforms/iPhoneSimulator.platform/Developer/SDKs/iPhoneSimulator26.5.sdk --xcode-version 17F42 --platform-family iOS --deployment-target 26.0 --bundle-identifier fr.kathryn.woop --output /tmp/woop-ile-20260916-dd/Build/Products/Debug-iphonesimulator/Woop.app --target-triple arm64-apple-ios26.0-simulator --binary-file /tmp/woop-ile-20260916-dd/Build/Products/Debug-iphonesimulator/Woop.app/Woop --dependency-file /tmp/woop-ile-20260916-dd/Build/Intermediates.noindex/Woop.build/Debug-iphonesimulator/Woop.build/Objects-normal/arm64/Woop_dependency_info.dat --stringsdata-file /tmp/woop-ile-20260916-dd/Build/Intermediates.noindex/Woop.build/Debug-iphonesimulator/Woop.build/Objects-normal/arm64/ExtractedAppShortcutsMetadata.stringsdata --source-file-list /tmp/woop-ile-20260916-dd/Build/Intermediates.noindex/Woop.build/Debug-iphonesimulator/Woop.build/Objects-normal/arm64/Woop.SwiftFileList --metadata-file-list /tmp/woop-ile-20260916-dd/Build/Intermediates.noindex/Woop.build/Debug-iphonesimulator/Woop.build/Woop.DependencyMetadataFileList --static-metadata-file-list /tmp/woop-ile-20260916-dd/Build/Intermediates.noindex/Woop.build/Debug-iphonesimulator/Woop.build/Woop.DependencyStaticMetadataFileList --swift-const-vals-list /tmp/woop-ile-20260916-dd/Build/Intermediates.noindex/Woop.build/Debug-iphonesimulator/Woop.build/Objects-normal/arm64/Woop.SwiftConstValuesFileList --compile-time-extraction --deployment-aware-processing --validate-assistant-intents --no-app-shortcuts-localization
2026-09-16 13:56:33.026 appintentsmetadataprocessor[55219:15861257] Starting appintentsmetadataprocessor export
2026-09-16 13:56:33.041 appintentsmetadataprocessor[55219:15861257] warning: Metadata extraction skipped. No AppIntents.framework dependency found.

ProcessInfoPlistFile /tmp/woop-ile-20260916-dd/Build/Products/Debug-iphonesimulator/Woop.app/Info.plist /tmp/woop-ile-20260916-dd/Build/Intermediates.noindex/Woop.build/Debug-iphonesimulator/Woop.build/empty-Woop.plist (in target 'Woop' from project 'Woop')
    cd /tmp/woop-ile-20260916-banc
    builtin-infoPlistUtility /tmp/woop-ile-20260916-dd/Build/Intermediates.noindex/Woop.build/Debug-iphonesimulator/Woop.build/empty-Woop.plist -producttype com.apple.product-type.application -genpkginfo /tmp/woop-ile-20260916-dd/Build/Products/Debug-iphonesimulator/Woop.app/PkgInfo -expandbuildsettings -format binary -platform iphonesimulator -additionalcontentfile /tmp/woop-ile-20260916-dd/Build/Intermediates.noindex/Woop.build/Debug-iphonesimulator/Woop.build/assetcatalog_generated_info.plist -scanforprivacyfile /tmp/woop-ile-20260916-dd/Build/Products/Debug-iphonesimulator/Woop.app/PlugIns/WoopWidgets.appex -o /tmp/woop-ile-20260916-dd/Build/Products/Debug-iphonesimulator/Woop.app/Info.plist

SwiftDriver WoopUITests normal arm64 com.apple.xcode.tools.swift.compiler (in target 'WoopUITests' from project 'Woop')
    cd /tmp/woop-ile-20260916-banc
    builtin-SwiftDriver -- /Applications/Xcode.app/Contents/Developer/Toolchains/XcodeDefault.xctoolchain/usr/bin/swiftc -module-name WoopUITests -Onone @/tmp/woop-ile-20260916-dd/Build/Intermediates.noindex/Woop.build/Debug-iphonesimulator/WoopUITests.build/Objects-normal/arm64/WoopUITests.SwiftFileList -DDEBUG -module-alias Testing\=_Testing_Unavailable -plugin-path /Applications/Xcode.app/Contents/Developer/Toolchains/XcodeDefault.xctoolchain/usr/lib/swift/host/plugins/testing -enable-bare-slash-regex -enable-experimental-feature DebugDescriptionMacro -sdk /Applications/Xcode.app/Contents/Developer/Platforms/iPhoneSimulator.platform/Developer/SDKs/iPhoneSimulator26.5.sdk -target arm64-apple-ios26.0-simulator -g -module-cache-path /tmp/woop-ile-20260916-dd/ModuleCache.noindex -Xfrontend -serialize-debugging-options -enable-testing -index-store-path /tmp/woop-ile-20260916-dd/Index.noindex/DataStore -Xcc -D_LIBCPP_HARDENING_MODE\=_LIBCPP_HARDENING_MODE_DEBUG -swift-version 5 -I /tmp/woop-ile-20260916-dd/Build/Products/Debug-iphonesimulator -Isystem /Applications/Xcode.app/Contents/Developer/Platforms/iPhoneSimulator.platform/Developer/usr/lib -F /tmp/woop-ile-20260916-dd/Build/Products/Debug-iphonesimulator -F /Applications/Xcode.app/Contents/Developer/Platforms/iPhoneSimulator.platform/Developer/Library/Frameworks -F /Applications/Xcode.app/Contents/Developer/Platforms/iPhoneSimulator.platform/Developer/SDKs/iPhoneSimulator26.5.sdk/Developer/Library/Frameworks -c -j10 -enable-batch-mode -incremental -Xcc -ivfsstatcache -Xcc /tmp/woop-ile-20260916-dd/SDKStatCaches.noindex/iphonesimulator26.5-23F73-688ef53f1462e2c8f657fdc38a81448f6cfe768891a92b912361537c460fe42b.sdkstatcache -output-file-map /tmp/woop-ile-20260916-dd/Build/Intermediates.noindex/Woop.build/Debug-iphonesimulator/WoopUITests.build/Objects-normal/arm64/WoopUITests-OutputFileMap.json -use-frontend-parseable-output -save-temps -no-color-diagnostics -explicit-module-build -module-cache-path /tmp/woop-ile-20260916-dd/Build/Intermediates.noindex/SwiftExplicitPrecompiledModules -clang-scanner-module-cache-path /tmp/woop-ile-20260916-dd/ModuleCache.noindex -sdk-module-cache-path /tmp/woop-ile-20260916-dd/ModuleCache.noindex -serialize-diagnostics -emit-dependencies -emit-module -emit-module-path /tmp/woop-ile-20260916-dd/Build/Intermediates.noindex/Woop.build/Debug-iphonesimulator/WoopUITests.build/Objects-normal/arm64/WoopUITests.swiftmodule -validate-clang-modules-once -clang-build-session-file /tmp/woop-ile-20260916-dd/ModuleCache.noindex/Session.modulevalidation -Xcc -I/tmp/woop-ile-20260916-dd/Build/Intermediates.noindex/Woop.build/Debug-iphonesimulator/WoopUITests.build/swift-overrides.hmap -emit-const-values -Xfrontend -const-gather-protocols-file -Xfrontend /tmp/woop-ile-20260916-dd/Build/Intermediates.noindex/Woop.build/Debug-iphonesimulator/WoopUITests.build/Objects-normal/arm64/WoopUITests_const_extract_protocols.json -Xcc -iquote -Xcc /tmp/woop-ile-20260916-dd/Build/Intermediates.noindex/Woop.build/Debug-iphonesimulator/WoopUITests.build/WoopUITests-generated-files.hmap -Xcc -I/tmp/woop-ile-20260916-dd/Build/Intermediates.noindex/Woop.build/Debug-iphonesimulator/WoopUITests.build/WoopUITests-own-target-headers.hmap -Xcc -I/tmp/woop-ile-20260916-dd/Build/Intermediates.noindex/Woop.build/Debug-iphonesimulator/WoopUITests.build/WoopUITests-all-target-headers.hmap -Xcc -iquote -Xcc /tmp/woop-ile-20260916-dd/Build/Intermediates.noindex/Woop.build/Debug-iphonesimulator/WoopUITests.build/WoopUITests-project-headers.hmap -Xcc -I/tmp/woop-ile-20260916-dd/Build/Products/Debug-iphonesimulator/include -Xcc -I/tmp/woop-ile-20260916-dd/Build/Intermediates.noindex/Woop.build/Debug-iphonesimulator/WoopUITests.build/DerivedSources-normal/arm64 -Xcc -I/tmp/woop-ile-20260916-dd/Build/Intermediates.noindex/Woop.build/Debug-iphonesimulator/WoopUITests.build/DerivedSources/arm64 -Xcc -I/tmp/woop-ile-20260916-dd/Build/Intermediates.noindex/Woop.build/Debug-iphonesimulator/WoopUITests.build/DerivedSources -Xcc -DDEBUG\=1 -emit-objc-header -emit-objc-header-path /tmp/woop-ile-20260916-dd/Build/Intermediates.noindex/Woop.build/Debug-iphonesimulator/WoopUITests.build/Objects-normal/arm64/WoopUITests-Swift.h -working-directory /tmp/woop-ile-20260916-banc -experimental-emit-module-separately -disable-cmo

CopySwiftLibs /tmp/woop-ile-20260916-dd/Build/Products/Debug-iphonesimulator/Woop.app (in target 'Woop' from project 'Woop')
    cd /tmp/woop-ile-20260916-banc
    builtin-swiftStdLibTool --copy --verbose --scan-executable /tmp/woop-ile-20260916-dd/Build/Products/Debug-iphonesimulator/Woop.app/Woop.debug.dylib --scan-folder /tmp/woop-ile-20260916-dd/Build/Products/Debug-iphonesimulator/Woop.app/Frameworks --scan-folder /tmp/woop-ile-20260916-dd/Build/Products/Debug-iphonesimulator/Woop.app/PlugIns --scan-folder /tmp/woop-ile-20260916-dd/Build/Products/Debug-iphonesimulator/Woop.app/SystemExtensions --scan-folder /tmp/woop-ile-20260916-dd/Build/Products/Debug-iphonesimulator/Woop.app/Extensions --platform iphonesimulator --toolchain /var/run/com.apple.security.cryptexd/mnt/com.apple.MobileAsset.MetalToolchain-v17.6.42.0.BA5Ggr/Metal.xctoolchain --toolchain /Applications/Xcode.app/Contents/Developer/Toolchains/XcodeDefault.xctoolchain --destination /tmp/woop-ile-20260916-dd/Build/Products/Debug-iphonesimulator/Woop.app/Frameworks --strip-bitcode --strip-bitcode-tool /Applications/Xcode.app/Contents/Developer/Toolchains/XcodeDefault.xctoolchain/usr/bin/bitcode_strip --emit-dependency-info /tmp/woop-ile-20260916-dd/Build/Intermediates.noindex/Woop.build/Debug-iphonesimulator/Woop.build/SwiftStdLibToolInputDependencies.dep --filter-for-swift-os
Ignoring --strip-bitcode because --sign was not passed

ProcessInfoPlistFile /tmp/woop-ile-20260916-dd/Build/Products/Debug-iphonesimulator/WoopUITests-Runner.app/PlugIns/WoopUITests.xctest/Info.plist /tmp/woop-ile-20260916-dd/Build/Intermediates.noindex/Woop.build/Debug-iphonesimulator/WoopUITests.build/empty-WoopUITests.plist (in target 'WoopUITests' from project 'Woop')
    cd /tmp/woop-ile-20260916-banc
    builtin-infoPlistUtility /tmp/woop-ile-20260916-dd/Build/Intermediates.noindex/Woop.build/Debug-iphonesimulator/WoopUITests.build/empty-WoopUITests.plist -producttype com.apple.product-type.bundle.ui-testing -expandbuildsettings -format binary -platform iphonesimulator -additionalcontentfile /tmp/woop-ile-20260916-dd/Build/Intermediates.noindex/Woop.build/Debug-iphonesimulator/WoopUITests.build/ProductTypeInfoPlistAdditions.plist -o /tmp/woop-ile-20260916-dd/Build/Products/Debug-iphonesimulator/WoopUITests-Runner.app/PlugIns/WoopUITests.xctest/Info.plist

SwiftEmitModule normal arm64 Emitting\ module\ for\ WoopUITests (in target 'WoopUITests' from project 'Woop')

EmitSwiftModule normal arm64 (in target 'WoopUITests' from project 'Woop')
    cd /tmp/woop-ile-20260916-banc
    

SwiftCompile normal arm64 Compiling\ DiagGestePilule.swift /tmp/woop-ile-20260916-banc/WoopUITests/DiagGestePilule.swift (in target 'WoopUITests' from project 'Woop')
SwiftCompile normal arm64 /tmp/woop-ile-20260916-banc/WoopUITests/DiagGestePilule.swift (in target 'WoopUITests' from project 'Woop')
    cd /tmp/woop-ile-20260916-banc
    

SwiftCompile normal arm64 Compiling\ BancPilule.swift /tmp/woop-ile-20260916-banc/WoopUITests/BancPilule.swift (in target 'WoopUITests' from project 'Woop')
SwiftCompile normal arm64 /tmp/woop-ile-20260916-banc/WoopUITests/BancPilule.swift (in target 'WoopUITests' from project 'Woop')
    cd /tmp/woop-ile-20260916-banc
    

SwiftCompile normal arm64 Compiling\ FouettagePiluleUITests.swift /tmp/woop-ile-20260916-banc/WoopUITests/FouettagePiluleUITests.swift (in target 'WoopUITests' from project 'Woop')

SwiftCompile normal arm64 /tmp/woop-ile-20260916-banc/WoopUITests/FouettagePiluleUITests.swift (in target 'WoopUITests' from project 'Woop')
    cd /tmp/woop-ile-20260916-banc
    

SwiftDriverJobDiscovery normal arm64 Emitting module for WoopUITests (in target 'WoopUITests' from project 'Woop')

SwiftDriver\ Compilation\ Requirements WoopUITests normal arm64 com.apple.xcode.tools.swift.compiler (in target 'WoopUITests' from project 'Woop')
    cd /tmp/woop-ile-20260916-banc
    builtin-Swift-Compilation-Requirements -- /Applications/Xcode.app/Contents/Developer/Toolchains/XcodeDefault.xctoolchain/usr/bin/swiftc -module-name WoopUITests -Onone @/tmp/woop-ile-20260916-dd/Build/Intermediates.noindex/Woop.build/Debug-iphonesimulator/WoopUITests.build/Objects-normal/arm64/WoopUITests.SwiftFileList -DDEBUG -module-alias Testing\=_Testing_Unavailable -plugin-path /Applications/Xcode.app/Contents/Developer/Toolchains/XcodeDefault.xctoolchain/usr/lib/swift/host/plugins/testing -enable-bare-slash-regex -enable-experimental-feature DebugDescriptionMacro -sdk /Applications/Xcode.app/Contents/Developer/Platforms/iPhoneSimulator.platform/Developer/SDKs/iPhoneSimulator26.5.sdk -target arm64-apple-ios26.0-simulator -g -module-cache-path /tmp/woop-ile-20260916-dd/ModuleCache.noindex -Xfrontend -serialize-debugging-options -enable-testing -index-store-path /tmp/woop-ile-20260916-dd/Index.noindex/DataStore -Xcc -D_LIBCPP_HARDENING_MODE\=_LIBCPP_HARDENING_MODE_DEBUG -swift-version 5 -I /tmp/woop-ile-20260916-dd/Build/Products/Debug-iphonesimulator -Isystem /Applications/Xcode.app/Contents/Developer/Platforms/iPhoneSimulator.platform/Developer/usr/lib -F /tmp/woop-ile-20260916-dd/Build/Products/Debug-iphonesimulator -F /Applications/Xcode.app/Contents/Developer/Platforms/iPhoneSimulator.platform/Developer/Library/Frameworks -F /Applications/Xcode.app/Contents/Developer/Platforms/iPhoneSimulator.platform/Developer/SDKs/iPhoneSimulator26.5.sdk/Developer/Library/Frameworks -c -j10 -enable-batch-mode -incremental -Xcc -ivfsstatcache -Xcc /tmp/woop-ile-20260916-dd/SDKStatCaches.noindex/iphonesimulator26.5-23F73-688ef53f1462e2c8f657fdc38a81448f6cfe768891a92b912361537c460fe42b.sdkstatcache -output-file-map /tmp/woop-ile-20260916-dd/Build/Intermediates.noindex/Woop.build/Debug-iphonesimulator/WoopUITests.build/Objects-normal/arm64/WoopUITests-OutputFileMap.json -use-frontend-parseable-output -save-temps -no-color-diagnostics -explicit-module-build -module-cache-path /tmp/woop-ile-20260916-dd/Build/Intermediates.noindex/SwiftExplicitPrecompiledModules -clang-scanner-module-cache-path /tmp/woop-ile-20260916-dd/ModuleCache.noindex -sdk-module-cache-path /tmp/woop-ile-20260916-dd/ModuleCache.noindex -serialize-diagnostics -emit-dependencies -emit-module -emit-module-path /tmp/woop-ile-20260916-dd/Build/Intermediates.noindex/Woop.build/Debug-iphonesimulator/WoopUITests.build/Objects-normal/arm64/WoopUITests.swiftmodule -validate-clang-modules-once -clang-build-session-file /tmp/woop-ile-20260916-dd/ModuleCache.noindex/Session.modulevalidation -Xcc -I/tmp/woop-ile-20260916-dd/Build/Intermediates.noindex/Woop.build/Debug-iphonesimulator/WoopUITests.build/swift-overrides.hmap -emit-const-values -Xfrontend -const-gather-protocols-file -Xfrontend /tmp/woop-ile-20260916-dd/Build/Intermediates.noindex/Woop.build/Debug-iphonesimulator/WoopUITests.build/Objects-normal/arm64/WoopUITests_const_extract_protocols.json -Xcc -iquote -Xcc /tmp/woop-ile-20260916-dd/Build/Intermediates.noindex/Woop.build/Debug-iphonesimulator/WoopUITests.build/WoopUITests-generated-files.hmap -Xcc -I/tmp/woop-ile-20260916-dd/Build/Intermediates.noindex/Woop.build/Debug-iphonesimulator/WoopUITests.build/WoopUITests-own-target-headers.hmap -Xcc -I/tmp/woop-ile-20260916-dd/Build/Intermediates.noindex/Woop.build/Debug-iphonesimulator/WoopUITests.build/WoopUITests-all-target-headers.hmap -Xcc -iquote -Xcc /tmp/woop-ile-20260916-dd/Build/Intermediates.noindex/Woop.build/Debug-iphonesimulator/WoopUITests.build/WoopUITests-project-headers.hmap -Xcc -I/tmp/woop-ile-20260916-dd/Build/Products/Debug-iphonesimulator/include -Xcc -I/tmp/woop-ile-20260916-dd/Build/Intermediates.noindex/Woop.build/Debug-iphonesimulator/WoopUITests.build/DerivedSources-normal/arm64 -Xcc -I/tmp/woop-ile-20260916-dd/Build/Intermediates.noindex/Woop.build/Debug-iphonesimulator/WoopUITests.build/DerivedSources/arm64 -Xcc -I/tmp/woop-ile-20260916-dd/Build/Intermediates.noindex/Woop.build/Debug-iphonesimulator/WoopUITests.build/DerivedSources -Xcc -DDEBUG\=1 -emit-objc-header -emit-objc-header-path /tmp/woop-ile-20260916-dd/Build/Intermediates.noindex/Woop.build/Debug-iphonesimulator/WoopUITests.build/Objects-normal/arm64/WoopUITests-Swift.h -working-directory /tmp/woop-ile-20260916-banc -experimental-emit-module-separately -disable-cmo

Copy /tmp/woop-ile-20260916-dd/Build/Products/Debug-iphonesimulator/WoopUITests.swiftmodule/Project/arm64-apple-ios-simulator.swiftsourceinfo /tmp/woop-ile-20260916-dd/Build/Intermediates.noindex/Woop.build/Debug-iphonesimulator/WoopUITests.build/Objects-normal/arm64/WoopUITests.swiftsourceinfo (in target 'WoopUITests' from project 'Woop')
    cd /tmp/woop-ile-20260916-banc
    builtin-copy -exclude .DS_Store -exclude CVS -exclude .svn -exclude .git -exclude .hg -resolve-src-symlinks -rename /tmp/woop-ile-20260916-dd/Build/Intermediates.noindex/Woop.build/Debug-iphonesimulator/WoopUITests.build/Objects-normal/arm64/WoopUITests.swiftsourceinfo /tmp/woop-ile-20260916-dd/Build/Products/Debug-iphonesimulator/WoopUITests.swiftmodule/Project/arm64-apple-ios-simulator.swiftsourceinfo

Copy /tmp/woop-ile-20260916-dd/Build/Products/Debug-iphonesimulator/WoopUITests.swiftmodule/arm64-apple-ios-simulator.abi.json /tmp/woop-ile-20260916-dd/Build/Intermediates.noindex/Woop.build/Debug-iphonesimulator/WoopUITests.build/Objects-normal/arm64/WoopUITests.abi.json (in target 'WoopUITests' from project 'Woop')
    cd /tmp/woop-ile-20260916-banc
    builtin-copy -exclude .DS_Store -exclude CVS -exclude .svn -exclude .git -exclude .hg -resolve-src-symlinks -rename /tmp/woop-ile-20260916-dd/Build/Intermediates.noindex/Woop.build/Debug-iphonesimulator/WoopUITests.build/Objects-normal/arm64/WoopUITests.abi.json /tmp/woop-ile-20260916-dd/Build/Products/Debug-iphonesimulator/WoopUITests.swiftmodule/arm64-apple-ios-simulator.abi.json

SwiftDriverJobDiscovery normal arm64 Compiling DiagGestePilule.swift (in target 'WoopUITests' from project 'Woop')

SwiftDriverJobDiscovery normal arm64 Compiling FouettagePiluleUITests.swift (in target 'WoopUITests' from project 'Woop')

SwiftDriverJobDiscovery normal arm64 Compiling BancPilule.swift (in target 'WoopUITests' from project 'Woop')

SwiftDriver\ Compilation WoopUITests normal arm64 com.apple.xcode.tools.swift.compiler (in target 'WoopUITests' from project 'Woop')
    cd /tmp/woop-ile-20260916-banc
    builtin-Swift-Compilation -- /Applications/Xcode.app/Contents/Developer/Toolchains/XcodeDefault.xctoolchain/usr/bin/swiftc -module-name WoopUITests -Onone @/tmp/woop-ile-20260916-dd/Build/Intermediates.noindex/Woop.build/Debug-iphonesimulator/WoopUITests.build/Objects-normal/arm64/WoopUITests.SwiftFileList -DDEBUG -module-alias Testing\=_Testing_Unavailable -plugin-path /Applications/Xcode.app/Contents/Developer/Toolchains/XcodeDefault.xctoolchain/usr/lib/swift/host/plugins/testing -enable-bare-slash-regex -enable-experimental-feature DebugDescriptionMacro -sdk /Applications/Xcode.app/Contents/Developer/Platforms/iPhoneSimulator.platform/Developer/SDKs/iPhoneSimulator26.5.sdk -target arm64-apple-ios26.0-simulator -g -module-cache-path /tmp/woop-ile-20260916-dd/ModuleCache.noindex -Xfrontend -serialize-debugging-options -enable-testing -index-store-path /tmp/woop-ile-20260916-dd/Index.noindex/DataStore -Xcc -D_LIBCPP_HARDENING_MODE\=_LIBCPP_HARDENING_MODE_DEBUG -swift-version 5 -I /tmp/woop-ile-20260916-dd/Build/Products/Debug-iphonesimulator -Isystem /Applications/Xcode.app/Contents/Developer/Platforms/iPhoneSimulator.platform/Developer/usr/lib -F /tmp/woop-ile-20260916-dd/Build/Products/Debug-iphonesimulator -F /Applications/Xcode.app/Contents/Developer/Platforms/iPhoneSimulator.platform/Developer/Library/Frameworks -F /Applications/Xcode.app/Contents/Developer/Platforms/iPhoneSimulator.platform/Developer/SDKs/iPhoneSimulator26.5.sdk/Developer/Library/Frameworks -c -j10 -enable-batch-mode -incremental -Xcc -ivfsstatcache -Xcc /tmp/woop-ile-20260916-dd/SDKStatCaches.noindex/iphonesimulator26.5-23F73-688ef53f1462e2c8f657fdc38a81448f6cfe768891a92b912361537c460fe42b.sdkstatcache -output-file-map /tmp/woop-ile-20260916-dd/Build/Intermediates.noindex/Woop.build/Debug-iphonesimulator/WoopUITests.build/Objects-normal/arm64/WoopUITests-OutputFileMap.json -use-frontend-parseable-output -save-temps -no-color-diagnostics -explicit-module-build -module-cache-path /tmp/woop-ile-20260916-dd/Build/Intermediates.noindex/SwiftExplicitPrecompiledModules -clang-scanner-module-cache-path /tmp/woop-ile-20260916-dd/ModuleCache.noindex -sdk-module-cache-path /tmp/woop-ile-20260916-dd/ModuleCache.noindex -serialize-diagnostics -emit-dependencies -emit-module -emit-module-path /tmp/woop-ile-20260916-dd/Build/Intermediates.noindex/Woop.build/Debug-iphonesimulator/WoopUITests.build/Objects-normal/arm64/WoopUITests.swiftmodule -validate-clang-modules-once -clang-build-session-file /tmp/woop-ile-20260916-dd/ModuleCache.noindex/Session.modulevalidation -Xcc -I/tmp/woop-ile-20260916-dd/Build/Intermediates.noindex/Woop.build/Debug-iphonesimulator/WoopUITests.build/swift-overrides.hmap -emit-const-values -Xfrontend -const-gather-protocols-file -Xfrontend /tmp/woop-ile-20260916-dd/Build/Intermediates.noindex/Woop.build/Debug-iphonesimulator/WoopUITests.build/Objects-normal/arm64/WoopUITests_const_extract_protocols.json -Xcc -iquote -Xcc /tmp/woop-ile-20260916-dd/Build/Intermediates.noindex/Woop.build/Debug-iphonesimulator/WoopUITests.build/WoopUITests-generated-files.hmap -Xcc -I/tmp/woop-ile-20260916-dd/Build/Intermediates.noindex/Woop.build/Debug-iphonesimulator/WoopUITests.build/WoopUITests-own-target-headers.hmap -Xcc -I/tmp/woop-ile-20260916-dd/Build/Intermediates.noindex/Woop.build/Debug-iphonesimulator/WoopUITests.build/WoopUITests-all-target-headers.hmap -Xcc -iquote -Xcc /tmp/woop-ile-20260916-dd/Build/Intermediates.noindex/Woop.build/Debug-iphonesimulator/WoopUITests.build/WoopUITests-project-headers.hmap -Xcc -I/tmp/woop-ile-20260916-dd/Build/Products/Debug-iphonesimulator/include -Xcc -I/tmp/woop-ile-20260916-dd/Build/Intermediates.noindex/Woop.build/Debug-iphonesimulator/WoopUITests.build/DerivedSources-normal/arm64 -Xcc -I/tmp/woop-ile-20260916-dd/Build/Intermediates.noindex/Woop.build/Debug-iphonesimulator/WoopUITests.build/DerivedSources/arm64 -Xcc -I/tmp/woop-ile-20260916-dd/Build/Intermediates.noindex/Woop.build/Debug-iphonesimulator/WoopUITests.build/DerivedSources -Xcc -DDEBUG\=1 -emit-objc-header -emit-objc-header-path /tmp/woop-ile-20260916-dd/Build/Intermediates.noindex/Woop.build/Debug-iphonesimulator/WoopUITests.build/Objects-normal/arm64/WoopUITests-Swift.h -working-directory /tmp/woop-ile-20260916-banc -experimental-emit-module-separately -disable-cmo

Ld /tmp/woop-ile-20260916-dd/Build/Products/Debug-iphonesimulator/WoopUITests-Runner.app/PlugIns/WoopUITests.xctest/WoopUITests normal (in target 'WoopUITests' from project 'Woop')
    cd /tmp/woop-ile-20260916-banc
    /Applications/Xcode.app/Contents/Developer/Toolchains/XcodeDefault.xctoolchain/usr/bin/clang -Xlinker -reproducible -target arm64-apple-ios26.0-simulator -bundle -isysroot /Applications/Xcode.app/Contents/Developer/Platforms/iPhoneSimulator.platform/Developer/SDKs/iPhoneSimulator26.5.sdk -O0 -L/tmp/woop-ile-20260916-dd/Build/Intermediates.noindex/EagerLinkingTBDs/Debug-iphonesimulator -L/tmp/woop-ile-20260916-dd/Build/Products/Debug-iphonesimulator -L/Applications/Xcode.app/Contents/Developer/Platforms/iPhoneSimulator.platform/Developer/usr/lib -F/tmp/woop-ile-20260916-dd/Build/Intermediates.noindex/EagerLinkingTBDs/Debug-iphonesimulator -F/tmp/woop-ile-20260916-dd/Build/Products/Debug-iphonesimulator -iframework /Applications/Xcode.app/Contents/Developer/Platforms/iPhoneSimulator.platform/Developer/Library/Frameworks -iframework /Applications/Xcode.app/Contents/Developer/Platforms/iPhoneSimulator.platform/Developer/SDKs/iPhoneSimulator26.5.sdk/Developer/Library/Frameworks -filelist /tmp/woop-ile-20260916-dd/Build/Intermediates.noindex/Woop.build/Debug-iphonesimulator/WoopUITests.build/Objects-normal/arm64/WoopUITests.LinkFileList -Xlinker -rpath -Xlinker @loader_path/Frameworks -Xlinker -dead_strip -Xlinker -object_path_lto -Xlinker /tmp/woop-ile-20260916-dd/Build/Intermediates.noindex/Woop.build/Debug-iphonesimulator/WoopUITests.build/Objects-normal/arm64/WoopUITests_lto.o -rdynamic -Xlinker -no_deduplicate -Xlinker -objc_abi_version -Xlinker 2 -Xlinker -dependency_info -Xlinker /tmp/woop-ile-20260916-dd/Build/Intermediates.noindex/Woop.build/Debug-iphonesimulator/WoopUITests.build/Objects-normal/arm64/WoopUITests_dependency_info.dat -fobjc-link-runtime -L/Applications/Xcode.app/Contents/Developer/Toolchains/XcodeDefault.xctoolchain/usr/lib/swift/iphonesimulator -L/usr/lib/swift -Xlinker -add_ast_path -Xlinker /tmp/woop-ile-20260916-dd/Build/Intermediates.noindex/Woop.build/Debug-iphonesimulator/WoopUITests.build/Objects-normal/arm64/WoopUITests.swiftmodule @/tmp/woop-ile-20260916-dd/Build/Intermediates.noindex/Woop.build/Debug-iphonesimulator/WoopUITests.build/Objects-normal/arm64/WoopUITests-linker-args.resp -Xlinker -needed_framework -Xlinker XCTest -framework XCTest -Xlinker -needed-lXCTestSwiftSupport -lXCTestSwiftSupport -o /tmp/woop-ile-20260916-dd/Build/Products/Debug-iphonesimulator/WoopUITests-Runner.app/PlugIns/WoopUITests.xctest/WoopUITests

CopySwiftLibs /tmp/woop-ile-20260916-dd/Build/Products/Debug-iphonesimulator/WoopUITests-Runner.app/PlugIns/WoopUITests.xctest (in target 'WoopUITests' from project 'Woop')
    cd /tmp/woop-ile-20260916-banc
    builtin-swiftStdLibTool --copy --verbose --scan-executable /tmp/woop-ile-20260916-dd/Build/Products/Debug-iphonesimulator/WoopUITests-Runner.app/PlugIns/WoopUITests.xctest/WoopUITests --scan-folder /tmp/woop-ile-20260916-dd/Build/Products/Debug-iphonesimulator/WoopUITests-Runner.app/PlugIns/WoopUITests.xctest/Frameworks --scan-folder /tmp/woop-ile-20260916-dd/Build/Products/Debug-iphonesimulator/WoopUITests-Runner.app/PlugIns/WoopUITests.xctest/PlugIns --scan-folder /tmp/woop-ile-20260916-dd/Build/Products/Debug-iphonesimulator/WoopUITests-Runner.app/PlugIns/WoopUITests.xctest/SystemExtensions --scan-folder /tmp/woop-ile-20260916-dd/Build/Products/Debug-iphonesimulator/WoopUITests-Runner.app/PlugIns/WoopUITests.xctest/Extensions --platform iphonesimulator --toolchain /var/run/com.apple.security.cryptexd/mnt/com.apple.MobileAsset.MetalToolchain-v17.6.42.0.BA5Ggr/Metal.xctoolchain --toolchain /Applications/Xcode.app/Contents/Developer/Toolchains/XcodeDefault.xctoolchain --destination /tmp/woop-ile-20260916-dd/Build/Products/Debug-iphonesimulator/WoopUITests-Runner.app/PlugIns/WoopUITests.xctest/Frameworks --strip-bitcode --scan-executable /Applications/Xcode.app/Contents/Developer/Platforms/iPhoneSimulator.platform/Developer/usr/lib/libXCTestSwiftSupport.dylib --strip-bitcode-tool /Applications/Xcode.app/Contents/Developer/Toolchains/XcodeDefault.xctoolchain/usr/bin/bitcode_strip --emit-dependency-info /tmp/woop-ile-20260916-dd/Build/Intermediates.noindex/Woop.build/Debug-iphonesimulator/WoopUITests.build/SwiftStdLibToolInputDependencies.dep --filter-for-swift-os
Ignoring --strip-bitcode because --sign was not passed

ExtractAppIntentsMetadata (in target 'WoopUITests' from project 'Woop')
    cd /tmp/woop-ile-20260916-banc
    /Applications/Xcode.app/Contents/Developer/Toolchains/XcodeDefault.xctoolchain/usr/bin/appintentsmetadataprocessor --toolchain-dir /var/run/com.apple.security.cryptexd/mnt/com.apple.MobileAsset.MetalToolchain-v17.6.42.0.BA5Ggr/Metal.xctoolchain --module-name WoopUITests --sdk-root /Applications/Xcode.app/Contents/Developer/Platforms/iPhoneSimulator.platform/Developer/SDKs/iPhoneSimulator26.5.sdk --xcode-version 17F42 --platform-family iOS --deployment-target 26.0 --bundle-identifier fr.kathryn.woop.WoopUITests --output /tmp/woop-ile-20260916-dd/Build/Products/Debug-iphonesimulator/WoopUITests-Runner.app/PlugIns/WoopUITests.xctest --target-triple arm64-apple-ios26.0-simulator --binary-file /tmp/woop-ile-20260916-dd/Build/Products/Debug-iphonesimulator/WoopUITests-Runner.app/PlugIns/WoopUITests.xctest/WoopUITests --dependency-file /tmp/woop-ile-20260916-dd/Build/Intermediates.noindex/Woop.build/Debug-iphonesimulator/WoopUITests.build/Objects-normal/arm64/WoopUITests_dependency_info.dat --stringsdata-file /tmp/woop-ile-20260916-dd/Build/Intermediates.noindex/Woop.build/Debug-iphonesimulator/WoopUITests.build/Objects-normal/arm64/ExtractedAppShortcutsMetadata.stringsdata --source-file-list /tmp/woop-ile-20260916-dd/Build/Intermediates.noindex/Woop.build/Debug-iphonesimulator/WoopUITests.build/Objects-normal/arm64/WoopUITests.SwiftFileList --metadata-file-list /tmp/woop-ile-20260916-dd/Build/Intermediates.noindex/Woop.build/Debug-iphonesimulator/WoopUITests.build/WoopUITests.DependencyMetadataFileList --static-metadata-file-list /tmp/woop-ile-20260916-dd/Build/Intermediates.noindex/Woop.build/Debug-iphonesimulator/WoopUITests.build/WoopUITests.DependencyStaticMetadataFileList --swift-const-vals-list /tmp/woop-ile-20260916-dd/Build/Intermediates.noindex/Woop.build/Debug-iphonesimulator/WoopUITests.build/Objects-normal/arm64/WoopUITests.SwiftConstValuesFileList --compile-time-extraction --deployment-aware-processing --validate-assistant-intents --no-app-shortcuts-localization
2026-09-16 13:56:36.783 appintentsmetadataprocessor[55244:15861424] Starting appintentsmetadataprocessor export
2026-09-16 13:56:36.786 appintentsmetadataprocessor[55244:15861424] warning: Metadata extraction skipped. No AppIntents.framework dependency found.

2026-09-16 13:56:47.214947+0200 WoopUITests-Runner[55268:15861886] [Default] Running tests...
    t =      nans Interface orientation changed to Portrait
Test Suite 'Selected tests' started at 2026-09-16 13:56:51.472.
Test Suite 'WoopUITests.xctest' started at 2026-09-16 13:56:51.482.
Test Suite 'FouettagePiluleUITests' started at 2026-09-16 13:56:51.482.
Test Case '-[WoopUITests.FouettagePiluleUITests test06_seance_ile_sonTapSortLaPastille_sousLIle]' started.
    t =     0.01s Start Test at 2026-09-16 13:56:51.491
    t =     0.25s Set Up
    t =     0.33s Open fr.kathryn.woop
    t =     0.33s     Launch fr.kathryn.woop
    t =     0.33s         Terminate fr.kathryn.woop:51671
2026-09-16 13:56:53.715 xcodebuild[54152:15849757] [MT] IDELaunchParametersSnapshot: The operation couldn’t be completed. (DebuggerLLDB.DebuggerVersionStore.StoreError error 0.)
2026-09-16 13:56:53.715 xcodebuild[54152:15849757] [MT] IDELaunchParametersSnapshot: no debugger version
objc[55268]: Class UIAccessibilityLoaderWebShared is implemented in both /Library/Developer/CoreSimulator/Volumes/iOS_23F77/Library/Developer/CoreSimulator/Profiles/Runtimes/iOS 26.5.simruntime/Contents/Resources/RuntimeRoot/System/Library/AccessibilityBundles/WebCore.axbundle/WebCore (0x10b04c310) and /Library/Developer/CoreSimulator/Volumes/iOS_23F77/Library/Developer/CoreSimulator/Profiles/Runtimes/iOS 26.5.simruntime/Contents/Resources/RuntimeRoot/System/Library/AccessibilityBundles/WebKit.axbundle/WebKit (0x109d48398). This may cause spurious casting failures and mysterious crashes. One of the duplicates must be removed or renamed.
    t =     6.00s         Setting up automation session
    t =     8.80s         Wait for fr.kathryn.woop to idle
    t =    12.46s Waiting 60.0s for "fouettage-pilule-sonde" Any to exist
    t =    14.52s     Checking `Expect predicate `existsNoRetry == 1` for object "fouettage-pilule-sonde" Any`
    t =    14.52s         Checking existence of `"fouettage-pilule-sonde" Any`
    t =    15.39s Find the "fouettage-pilule-sonde" Any
    t =    18.50s Find the "fouettage-pilule-sonde" Any
    t =    18.88s Waiting 10.0s for "fouettage-pilule" Any to exist
    t =    19.92s     Checking `Expect predicate `existsNoRetry == 1` for object "fouettage-pilule" Any`
    t =    19.92s         Checking existence of `"fouettage-pilule" Any`
    t =    20.09s Find the Target Application 'fr.kathryn.woop'
    t =    20.25s Find the "fouettage-pilule" Any
FOUET-PILULE rects : écran=(0.0, 0.0, 393.0, 852.0) pilule=(23.0, 561.0, 347.0, 96.0)
    t =    20.32s Find the "fouettage-pilule" Any
    t =    20.55s Press Target Application 'fr.kathryn.woop'[0.00, 0.00] -> (196.5, 609.0) for 0.0 seconds, then drag to Target Application 'fr.kathryn.woop'[0.00, 0.00] -> (196.5, 609.0) -> (0.0, -700.0) with velocity of 2400.00 pixels per second, and then hold for 0.0 seconds 
    t =    20.55s     Wait for fr.kathryn.woop to idle
    t =    20.55s     Find the Target Application 'fr.kathryn.woop'
    t =    20.68s     Check for interrupting elements affecting "Woop" Application
    t =    20.88s     Synthesize event
    t =    20.88s         Find the Target Application 'fr.kathryn.woop'
    t =    20.95s         Find the Target Application 'fr.kathryn.woop'
    t =    21.02s         Find the Target Application 'fr.kathryn.woop'
    t =    21.08s         Find the Target Application 'fr.kathryn.woop'
    t =    21.17s         Find the Target Application 'fr.kathryn.woop'
    t =    21.84s     Wait for fr.kathryn.woop to idle
    t =    21.85s Find the "fouettage-pilule-sonde" Any
    t =    21.94s Find the "fouettage-pilule-sonde" Any
FOUET-PILULE cas06a-entre-dans-ile t1 ok=true sonde=navVis=1;navH=42;mini=0;page=exos;seance=1;dansIle=1;enDrag=0;enVol=0;yRatio=0.820;gp=0;ile=1;navCachee=0;drag=1;chg=10;tap=0;out=0;stop=0
    t =    22.03s Waiting 4.0s for "fouettage-ile" Any to exist
    t =    23.07s     Checking `Expect predicate `existsNoRetry == 1` for object "fouettage-ile" Any`
    t =    23.07s         Checking existence of `"fouettage-ile" Any`
    t =    23.12s Find the "fouettage-ile" Any
FOUET-PILULE rect ile=(88.66666666666667, 5.0, 215.99999999999994, 67.0)
    t =    23.18s Tap Target Application 'fr.kathryn.woop'[0.00, 0.00] -> (196.7, 62.0)
    t =    23.19s     Wait for fr.kathryn.woop to idle
    t =    23.19s     Find the Target Application 'fr.kathryn.woop'
    t =    23.26s     Check for interrupting elements affecting "Woop" Application
    t =    23.34s     Synthesize event
    t =    23.35s         Find the Target Application 'fr.kathryn.woop'
    t =    23.43s         Find the Target Application 'fr.kathryn.woop'
    t =    23.53s         Find the Target Application 'fr.kathryn.woop'
    t =    23.90s     Wait for fr.kathryn.woop to idle
    t =    23.92s Find the "fouettage-pilule-sonde" Any
    t =    24.38s Find the "fouettage-pilule-sonde" Any
FOUET-PILULE cas06b-tap-ile-sort t1 ok=true sonde=navVis=1;navH=42;mini=0;page=exos;seance=1;dansIle=0;enDrag=0;enVol=0;yRatio=0.820;gp=0;ile=1;navCachee=0;drag=1;chg=10;tap=0;out=0;stop=0
    t =    24.48s Waiting 4.0s for "fouettage-pilule" Any to exist
    t =    25.54s     Checking `Expect predicate `existsNoRetry == 1` for object "fouettage-pilule" Any`
    t =    25.54s         Checking existence of `"fouettage-pilule" Any`
    t =    25.82s Tear Down
Test Case '-[WoopUITests.FouettagePiluleUITests test06_seance_ile_sonTapSortLaPastille_sousLIle]' passed (26.133 seconds).
Test Case '-[WoopUITests.FouettagePiluleUITests test06c_seance_ile_leStopBabyClaqueSansSortir]' started.
    t =     0.00s Start Test at 2026-09-16 13:57:17.627
    t =     0.10s Set Up
    t =     0.10s Open fr.kathryn.woop
    t =     0.10s     Launch fr.kathryn.woop
    t =     0.10s         Terminate fr.kathryn.woop:55303
2026-09-16 13:57:19.757 xcodebuild[54152:15849757] [MT] IDELaunchParametersSnapshot: The operation couldn’t be completed. (DebuggerLLDB.DebuggerVersionStore.StoreError error 0.)
2026-09-16 13:57:19.757 xcodebuild[54152:15849757] [MT] IDELaunchParametersSnapshot: no debugger version
    t =     2.77s         Setting up automation session
    t =     5.13s         Wait for fr.kathryn.woop to idle
    t =     8.19s Waiting 60.0s for "fouettage-pilule-sonde" Any to exist
    t =     9.30s     Checking `Expect predicate `existsNoRetry == 1` for object "fouettage-pilule-sonde" Any`
    t =     9.30s         Checking existence of `"fouettage-pilule-sonde" Any`
    t =     9.93s Find the "fouettage-pilule-sonde" Any
    t =    11.63s Find the "fouettage-pilule-sonde" Any
    t =    12.46s Waiting 10.0s for "fouettage-pilule" Any to exist
    t =    13.48s     Checking `Expect predicate `existsNoRetry == 1` for object "fouettage-pilule" Any`
    t =    13.48s         Checking existence of `"fouettage-pilule" Any`
    t =    13.55s Find the Target Application 'fr.kathryn.woop'
    t =    13.67s Find the "fouettage-pilule" Any
FOUET-PILULE rects : écran=(0.0, 0.0, 393.0, 852.0) pilule=(23.0, 561.0, 347.0, 96.0)
    t =    13.75s Find the "fouettage-pilule" Any
    t =    14.28s Press Target Application 'fr.kathryn.woop'[0.00, 0.00] -> (196.5, 609.0) for 0.0 seconds, then drag to Target Application 'fr.kathryn.woop'[0.00, 0.00] -> (196.5, 609.0) -> (0.0, -700.0) with velocity of 2400.00 pixels per second, and then hold for 0.0 seconds 
    t =    14.28s     Wait for fr.kathryn.woop to idle
    t =    14.31s     Find the Target Application 'fr.kathryn.woop'
    t =    14.52s     Check for interrupting elements affecting "Woop" Application
    t =    14.84s     Synthesize event
    t =    14.85s         Find the Target Application 'fr.kathryn.woop'
    t =    14.91s         Find the Target Application 'fr.kathryn.woop'
    t =    14.99s         Find the Target Application 'fr.kathryn.woop'
    t =    15.04s         Find the Target Application 'fr.kathryn.woop'
    t =    15.12s         Find the Target Application 'fr.kathryn.woop'
    t =    15.74s     Wait for fr.kathryn.woop to idle
    t =    15.77s Find the "fouettage-pilule-sonde" Any
    t =    15.91s Find the "fouettage-pilule-sonde" Any
FOUET-PILULE cas06c-entre t1 ok=true sonde=navVis=1;navH=42;mini=0;page=exos;seance=1;dansIle=1;enDrag=0;enVol=0;yRatio=0.820;gp=0;ile=1;navCachee=0;drag=1;chg=11;tap=0;out=0;stop=0
    t =    15.97s Find the "fouettage-pilule-sonde" Any
    t =    16.04s Find the Target Application 'fr.kathryn.woop'
    t =    16.10s Tap Target Application 'fr.kathryn.woop'[0.00, 0.00] -> (152.5, 59.0)
    t =    16.10s     Wait for fr.kathryn.woop to idle
    t =    16.11s     Find the Target Application 'fr.kathryn.woop'
    t =    16.29s     Check for interrupting elements affecting "Woop" Application
    t =    16.41s     Synthesize event
    t =    16.43s         Find the Target Application 'fr.kathryn.woop'
    t =    16.53s         Find the Target Application 'fr.kathryn.woop'
    t =    16.62s         Find the Target Application 'fr.kathryn.woop'
    t =    17.00s     Wait for fr.kathryn.woop to idle
    t =    17.03s Find the "fouettage-pilule-sonde" Any
    t =    17.86s Find the "fouettage-pilule-sonde" Any
    t =    18.19s Tear Down
Test Case '-[WoopUITests.FouettagePiluleUITests test06c_seance_ile_leStopBabyClaqueSansSortir]' passed (18.472 seconds).
Test Case '-[WoopUITests.FouettagePiluleUITests test07_seance_ileSeQuitteAuDrag]' started.
    t =     0.00s Start Test at 2026-09-16 13:57:36.104
    t =     0.05s Set Up
    t =     0.06s Open fr.kathryn.woop
    t =     0.06s     Launch fr.kathryn.woop
    t =     0.07s         Terminate fr.kathryn.woop:55379
2026-09-16 13:57:37.447 xcodebuild[54152:15849757] [MT] IDELaunchParametersSnapshot: The operation couldn’t be completed. (DebuggerLLDB.DebuggerVersionStore.StoreError error 0.)
2026-09-16 13:57:37.484 xcodebuild[54152:15849757] [MT] IDELaunchParametersSnapshot: no debugger version
    t =     2.10s         Setting up automation session
    t =     4.48s         Wait for fr.kathryn.woop to idle
    t =     7.40s Waiting 60.0s for "fouettage-pilule-sonde" Any to exist
    t =     8.44s     Checking `Expect predicate `existsNoRetry == 1` for object "fouettage-pilule-sonde" Any`
    t =     8.45s         Checking existence of `"fouettage-pilule-sonde" Any`
    t =     8.89s Find the "fouettage-pilule-sonde" Any
    t =    10.64s Find the "fouettage-pilule-sonde" Any
    t =    11.88s Waiting 10.0s for "fouettage-pilule" Any to exist
    t =    12.92s     Checking `Expect predicate `existsNoRetry == 1` for object "fouettage-pilule" Any`
    t =    12.92s         Checking existence of `"fouettage-pilule" Any`
    t =    12.97s Find the Target Application 'fr.kathryn.woop'
    t =    13.08s Find the "fouettage-pilule" Any
FOUET-PILULE rects : écran=(0.0, 0.0, 393.0, 852.0) pilule=(23.0, 561.0, 347.0, 96.0)
    t =    13.12s Find the "fouettage-pilule" Any
    t =    13.16s Press Target Application 'fr.kathryn.woop'[0.00, 0.00] -> (196.5, 609.0) for 0.0 seconds, then drag to Target Application 'fr.kathryn.woop'[0.00, 0.00] -> (196.5, 609.0) -> (0.0, -700.0) with velocity of 2400.00 pixels per second, and then hold for 0.0 seconds 
    t =    13.16s     Wait for fr.kathryn.woop to idle
    t =    13.17s     Find the Target Application 'fr.kathryn.woop'
    t =    13.23s     Check for interrupting elements affecting "Woop" Application
    t =    13.32s     Synthesize event
    t =    13.33s         Find the Target Application 'fr.kathryn.woop'
    t =    13.39s         Find the Target Application 'fr.kathryn.woop'
    t =    13.46s         Find the Target Application 'fr.kathryn.woop'
    t =    13.53s         Find the Target Application 'fr.kathryn.woop'
    t =    13.60s         Find the Target Application 'fr.kathryn.woop'
    t =    14.24s     Wait for fr.kathryn.woop to idle
    t =    14.25s Find the "fouettage-pilule-sonde" Any
    t =    14.35s Find the "fouettage-pilule-sonde" Any
FOUET-PILULE cas07a-entre t1 ok=true sonde=navVis=1;navH=42;mini=0;page=exos;seance=1;dansIle=1;enDrag=0;enVol=0;yRatio=0.820;gp=0;ile=1;navCachee=0;drag=1;chg=11;tap=0;out=0;stop=0
    t =    14.42s Find the "fouettage-ile" Any
FOUET-PILULE rect ile=(91.0, 21.333333333333332, 216.0, 67.0)
    t =    14.47s Press Target Application 'fr.kathryn.woop'[0.00, 0.00] -> (199.0, 78.3) for 0.1 seconds, then drag to Target Application 'fr.kathryn.woop'[0.00, 0.00] -> (199.0, 78.3) -> (0.0, 160.0) with velocity of 500.00 pixels per second, and then hold for 0.2 seconds 
    t =    14.47s     Wait for fr.kathryn.woop to idle
    t =    14.48s     Find the Target Application 'fr.kathryn.woop'
    t =    14.57s     Check for interrupting elements affecting "Woop" Application
    t =    14.69s     Synthesize event
    t =    14.70s         Find the Target Application 'fr.kathryn.woop'
    t =    14.77s         Find the Target Application 'fr.kathryn.woop'
    t =    14.83s         Find the Target Application 'fr.kathryn.woop'
    t =    14.91s         Find the Target Application 'fr.kathryn.woop'
    t =    14.98s         Find the Target Application 'fr.kathryn.woop'
    t =    15.91s     Wait for fr.kathryn.woop to idle
    t =    15.95s Find the "fouettage-pilule-sonde" Any
    t =    16.17s Find the "fouettage-pilule-sonde" Any
    t =    16.57s Find the "fouettage-pilule-sonde" Any
    t =    16.85s Find the "fouettage-pilule-sonde" Any
    t =    17.08s Find the "fouettage-pilule-sonde" Any
    t =    17.29s Find the "fouettage-pilule-sonde" Any
    t =    17.54s Find the "fouettage-pilule-sonde" Any
    t =    17.82s Find the "fouettage-pilule-sonde" Any
    t =    18.06s Find the "fouettage-pilule-sonde" Any
    t =    18.35s Find the "fouettage-pilule-sonde" Any
    t =    18.57s Find the "fouettage-pilule-sonde" Any
    t =    19.08s Find the "fouettage-pilule-sonde" Any
    t =    19.34s Find the "fouettage-pilule-sonde" Any
    t =    19.56s Find the "fouettage-pilule-sonde" Any
    t =    19.85s Find the "fouettage-pilule-sonde" Any
    t =    20.44s Find the "fouettage-pilule-sonde" Any
FOUET-PILULE cas07b-sort t1 ok=false sonde=navVis=1;navH=42;mini=0;page=exos;seance=1;dansIle=1;enDrag=0;enVol=0;yRatio=0.820;gp=0;ile=1;navCachee=0;drag=1;chg=11;tap=0;out=0;stop=0
    t =    20.55s Find the "fouettage-ile" Any
FOUET-PILULE rect ile=(88.66666666666667, 5.0, 215.99999999999994, 67.0)
    t =    20.64s Press Target Application 'fr.kathryn.woop'[0.00, 0.00] -> (196.7, 62.0) for 0.1 seconds, then drag to Target Application 'fr.kathryn.woop'[0.00, 0.00] -> (196.7, 62.0) -> (0.0, 160.0) with velocity of 500.00 pixels per second, and then hold for 0.2 seconds 
    t =    20.64s     Wait for fr.kathryn.woop to idle
    t =    20.66s     Find the Target Application 'fr.kathryn.woop'
    t =    20.73s     Check for interrupting elements affecting "Woop" Application
    t =    20.84s     Synthesize event
    t =    20.86s         Find the Target Application 'fr.kathryn.woop'
    t =    20.96s         Find the Target Application 'fr.kathryn.woop'
    t =    21.25s         Find the Target Application 'fr.kathryn.woop'
    t =    21.34s         Find the Target Application 'fr.kathryn.woop'
    t =    21.45s         Find the Target Application 'fr.kathryn.woop'
    t =    22.47s     Wait for fr.kathryn.woop to idle
    t =    22.49s Find the "fouettage-pilule-sonde" Any
    t =    23.13s Find the "fouettage-pilule-sonde" Any
FOUET-PILULE cas07b-sort t2 ok=true sonde=navVis=1;navH=42;mini=0;page=exos;seance=1;dansIle=0;enDrag=0;enVol=0;yRatio=0.000;gp=0;ile=1;navCachee=0;drag=2;chg=11;tap=0;out=0;stop=0
FOUET-PILULE cas07b-sort : ok tentative 2
    t =    23.45s Waiting 4.0s for "fouettage-pilule" Any to exist
    t =    24.53s     Checking `Expect predicate `existsNoRetry == 1` for object "fouettage-pilule" Any`
    t =    24.53s         Checking existence of `"fouettage-pilule" Any`
    t =    24.58s Tear Down
Test Case '-[WoopUITests.FouettagePiluleUITests test07_seance_ileSeQuitteAuDrag]' passed (24.849 seconds).
Test Case '-[WoopUITests.FouettagePiluleUITests test09_home_ileBlancheOuvreLeDetailSansSortirLaPastille]' started.
    t =     0.00s Start Test at 2026-09-16 13:58:00.950
    t =     0.04s Set Up
    t =     0.04s Open fr.kathryn.woop
    t =     0.05s     Launch fr.kathryn.woop
    t =     0.05s         Terminate fr.kathryn.woop:55452
2026-09-16 13:58:02.040 xcodebuild[54152:15849757] [MT] IDELaunchParametersSnapshot: The operation couldn’t be completed. (DebuggerLLDB.DebuggerVersionStore.StoreError error 0.)
2026-09-16 13:58:02.040 xcodebuild[54152:15849757] [MT] IDELaunchParametersSnapshot: no debugger version
    t =     1.88s         Setting up automation session
    t =     3.89s         Wait for fr.kathryn.woop to idle
    t =     7.46s Waiting 60.0s for "fouettage-pilule-sonde" Any to exist
    t =     8.70s     Checking `Expect predicate `existsNoRetry == 1` for object "fouettage-pilule-sonde" Any`
    t =     8.70s         Checking existence of `"fouettage-pilule-sonde" Any`
    t =     9.34s Find the "fouettage-pilule-sonde" Any
    t =    11.10s Find the "fouettage-pilule-sonde" Any
    t =    11.17s Waiting 5.0s for "ile-seance-home" Button to exist
    t =    12.19s     Checking `Expect predicate `existsNoRetry == 1` for object "ile-seance-home" Button`
    t =    12.19s         Checking existence of `"ile-seance-home" Button`
    t =    12.31s Checking existence of `"fouettage-pilule" Any`
    t =    12.53s Find the Target Application 'fr.kathryn.woop'
    t =    12.95s Added attachment named 'ile-home-blanche'
    t =    12.95s Find the Target Application 'fr.kathryn.woop'
    t =    12.99s Tap Target Application 'fr.kathryn.woop'[0.00, 0.00] -> (196.5, 66.0)
    t =    12.99s     Wait for fr.kathryn.woop to idle
    t =    13.00s     Find the Target Application 'fr.kathryn.woop'
    t =    13.05s     Check for interrupting elements affecting "Woop" Application
    t =    13.10s     Synthesize event
    t =    13.10s         Find the Target Application 'fr.kathryn.woop'
    t =    13.15s         Find the Target Application 'fr.kathryn.woop'
    t =    13.20s         Find the Target Application 'fr.kathryn.woop'
    t =    13.55s     Wait for fr.kathryn.woop to idle
    t =    13.56s Waiting 5.0s for "fouettage-grand-player" Any to exist
    t =    14.58s     Checking `Expect predicate `existsNoRetry == 1` for object "fouettage-grand-player" Any`
    t =    14.58s         Checking existence of `"fouettage-grand-player" Any`
    t =    14.71s Find the Target Application 'fr.kathryn.woop'
    t =    15.03s Added attachment named 'ile-home-detail'
    t =    15.03s Tear Down
Test Case '-[WoopUITests.FouettagePiluleUITests test09_home_ileBlancheOuvreLeDetailSansSortirLaPastille]' passed (15.309 seconds).
Test Case '-[WoopUITests.FouettagePiluleUITests test10_ile_leCadreEnglobeLeCapteurEtDegageLeTitre]' started.
    t =     0.00s Start Test at 2026-09-16 13:58:16.260
    t =     0.03s Set Up
    t =     0.03s Open fr.kathryn.woop
    t =     0.03s     Launch fr.kathryn.woop
    t =     0.04s         Terminate fr.kathryn.woop:55520
2026-09-16 13:58:17.385 xcodebuild[54152:15849757] [MT] IDELaunchParametersSnapshot: The operation couldn’t be completed. (DebuggerLLDB.DebuggerVersionStore.StoreError error 0.)
2026-09-16 13:58:17.385 xcodebuild[54152:15849757] [MT] IDELaunchParametersSnapshot: no debugger version
    t =     1.55s         Setting up automation session
    t =     3.76s         Wait for fr.kathryn.woop to idle
    t =     6.80s Waiting 60.0s for "fouettage-pilule-sonde" Any to exist
    t =     8.02s     Checking `Expect predicate `existsNoRetry == 1` for object "fouettage-pilule-sonde" Any`
    t =     8.03s         Checking existence of `"fouettage-pilule-sonde" Any`
    t =     8.91s Find the "fouettage-pilule-sonde" Any
    t =    10.64s Find the "fouettage-pilule-sonde" Any
    t =    11.15s Waiting 10.0s for "fouettage-pilule" Any to exist
    t =    12.17s     Checking `Expect predicate `existsNoRetry == 1` for object "fouettage-pilule" Any`
    t =    12.17s         Checking existence of `"fouettage-pilule" Any`
    t =    12.72s Find the Target Application 'fr.kathryn.woop'
    t =    12.86s Find the "fouettage-pilule" Any
FOUET-PILULE rects : écran=(0.0, 0.0, 393.0, 852.0) pilule=(23.0, 561.0, 347.0, 96.0)
    t =    13.21s Find the "fouettage-pilule" Any
    t =    13.67s Press Target Application 'fr.kathryn.woop'[0.00, 0.00] -> (196.5, 609.0) for 0.0 seconds, then drag to Target Application 'fr.kathryn.woop'[0.00, 0.00] -> (196.5, 609.0) -> (0.0, -700.0) with velocity of 2400.00 pixels per second, and then hold for 0.0 seconds 
    t =    13.67s     Wait for fr.kathryn.woop to idle
    t =    13.68s     Find the Target Application 'fr.kathryn.woop'
    t =    13.82s     Check for interrupting elements affecting "Woop" Application
    t =    13.95s     Synthesize event
    t =    13.96s         Find the Target Application 'fr.kathryn.woop'
    t =    14.03s         Find the Target Application 'fr.kathryn.woop'
    t =    14.12s         Find the Target Application 'fr.kathryn.woop'
    t =    14.21s         Find the Target Application 'fr.kathryn.woop'
    t =    14.32s         Find the Target Application 'fr.kathryn.woop'
    t =    14.99s     Wait for fr.kathryn.woop to idle
    t =    14.99s Find the "fouettage-pilule-sonde" Any
    t =    15.11s Find the "fouettage-pilule-sonde" Any
FOUET-PILULE cadre-entre t1 ok=true sonde=navVis=1;navH=42;mini=0;page=exos;seance=1;dansIle=1;enDrag=0;enVol=0;yRatio=0.820;gp=0;ile=1;navCachee=0;drag=1;chg=10;tap=0;out=0;stop=0
    t =    15.38s Waiting 4.0s for "fouettage-ile" Any to exist
    t =    16.41s     Checking `Expect predicate `existsNoRetry == 1` for object "fouettage-ile" Any`
    t =    16.41s         Checking existence of `"fouettage-ile" Any`
    t =    17.59s Find the "fouettage-ile" Any
    t =    17.80s Checking existence of `"Exercices" StaticText`
    t =    18.22s Find the "Exercices" StaticText
    t =    18.50s Find the Target Application 'fr.kathryn.woop'
    t =    18.91s Added attachment named 'ile-integree-exercices'
    t =    18.91s Tear Down
Test Case '-[WoopUITests.FouettagePiluleUITests test10_ile_leCadreEnglobeLeCapteurEtDegageLeTitre]' passed (19.190 seconds).
Test Suite 'FouettagePiluleUITests' passed at 2026-09-16 13:58:35.450.
	 Executed 5 tests, with 0 failures (0 unexpected) in 103.953 (103.968) seconds
Test Suite 'WoopUITests.xctest' passed at 2026-09-16 13:58:35.451.
	 Executed 5 tests, with 0 failures (0 unexpected) in 103.953 (103.969) seconds
Test Suite 'Selected tests' passed at 2026-09-16 13:58:35.452.
	 Executed 5 tests, with 0 failures (0 unexpected) in 103.953 (103.980) seconds
2026-09-16 13:58:58.922 xcodebuild[54152:15849757] [MT] IDETestOperationsObserverDebug: 142.067 elapsed -- Testing started completed.
2026-09-16 13:58:58.922 xcodebuild[54152:15849757] [MT] IDETestOperationsObserverDebug: 0.000 sec, +0.000 sec -- start
2026-09-16 13:58:58.922 xcodebuild[54152:15849757] [MT] IDETestOperationsObserverDebug: 142.067 sec, +142.067 sec -- end

Test session results, code coverage, and logs:
	/tmp/woop-ile-44-capsule.xcresult

** TEST SUCCEEDED **

Testing started
