Command line invocation:
    /Applications/Xcode.app/Contents/Developer/usr/bin/xcodebuild test-without-building -xctestrun /tmp/woop-ile47-runtime/dd/Build/Products/NavRuntimeUITests_iphoneos26.5-arm64.xctestrun -destination platform=iOS,id=00008120-001E4CDC0A85A01E "-only-testing:NavRuntimeUITests/NavRuntimeUITests/testHomeDuComposantSurIPhone" -resultBundlePath /tmp/woop-ile50-physique-home.xcresult -parallel-testing-enabled NO

2026-09-16 17:25:55.134 xcodebuild[98669:16424379] [MT] IDERunDestination: Supported platforms for the buildables in the current scheme is empty.
Writing result bundle at path:
	/tmp/woop-ile50-physique-home.xcresult

2026-09-16 17:25:55.138 xcodebuild[98669:16424379] [MT] IDERunDestination: Supported platforms for the buildables in the current scheme is empty.
2026-09-16 17:25:55.238 xcodebuild[98669:16424379] [MT] IDERunDestination: Supported platforms for the buildables in the current scheme is empty.
--- xcodebuild: WARNING: Using the first of multiple matching destinations:
{ platform:iOS, arch:arm64e, id:00008120-001E4CDC0A85A01E, name:iPhone de Frédéric }
{ platform:iOS, arch:arm64, id:00008120-001E4CDC0A85A01E, name:iPhone de Frédéric }
2026-09-16 17:25:55.799 xcodebuild[98669:16424379] [MT] IDERunDestination: Supported platforms for the buildables in the current scheme is empty.
2026-09-16 17:25:55.958 xcodebuild[98669:16424379] [MT] IDERunDestination: Supported platforms for the buildables in the current scheme is empty.
2026-09-16 17:25:57.759301+0200 NavRuntimeUITests-Runner[33567:2590311] [Default] Running tests...
    t =      nans Interface orientation changed to Portrait
Test Suite 'Selected tests' started at 2026-09-16 17:25:58.122.
Test Suite 'NavRuntimeUITests.xctest' started at 2026-09-16 17:25:58.123.
Test Suite 'NavRuntimeUITests' started at 2026-09-16 17:25:58.123.
Test Case '-[NavRuntimeUITests.NavRuntimeUITests testHomeDuComposantSurIPhone]' started.
    t =     0.00s Start Test at 2026-09-16 17:25:58.126
    t =     0.02s Set Up
    t =     0.03s Terminate fr.kathryn.woop:33553
2026-09-16 17:25:58.432 xcodebuild[98669:16424379] [MT] IDERunDestination: Supported platforms for the buildables in the current scheme is empty.
    t =     1.03s Open fr.kathryn.woop
    t =     1.03s     Launch fr.kathryn.woop
    t =     1.15s         Setting up automation session
    t =     1.19s         Wait for fr.kathryn.woop to idle
    t =     2.32s Waiting 15.0s for "ile-seance-home" Button to exist
    t =     3.35s     Checking `Expect predicate `existsNoRetry == 1` for object "ile-seance-home" Button`
    t =     3.35s         Checking existence of `"ile-seance-home" Button`
    t =    23.41s Find the Application 'fr.kathryn.woop'
    t =    23.58s Added attachment named 'composant-home-halo-blanc'
    t =    23.58s Find the Application 'fr.kathryn.woop'
    t =    23.59s Tap Application 'fr.kathryn.woop'[0.00, 0.00] -> (196.5, 57.0)
    t =    23.59s     Wait for fr.kathryn.woop to idle
    t =    23.59s     Find the Application 'fr.kathryn.woop'
    t =    23.61s     Check for interrupting elements affecting "Woop" Application
    t =    23.63s     Synthesize event
    t =    23.63s         Find the Application 'fr.kathryn.woop'
    t =    23.64s         Find the Application 'fr.kathryn.woop'
    t =    23.65s         Find the Application 'fr.kathryn.woop'
    t =    23.93s     Wait for fr.kathryn.woop to idle
    t =    23.94s Waiting 7.0s for "seance-detail" Any to exist
    t =    24.96s     Checking `Expect predicate `existsNoRetry == 1` for object "seance-detail" Any`
    t =    24.96s         Checking existence of `"seance-detail" Any`
    t =    24.98s Tear Down
2026-09-16 17:26:23.324 xcodebuild[98669:16424379] [MT] IDERunDestination: Supported platforms for the buildables in the current scheme is empty.
Test Case '-[NavRuntimeUITests.NavRuntimeUITests testHomeDuComposantSurIPhone]' passed (25.257 seconds).
Test Suite 'NavRuntimeUITests' passed at 2026-09-16 17:26:23.385.
	 Executed 1 test, with 0 failures (0 unexpected) in 25.257 (25.262) seconds
Test Suite 'NavRuntimeUITests.xctest' passed at 2026-09-16 17:26:23.387.
	 Executed 1 test, with 0 failures (0 unexpected) in 25.257 (25.264) seconds
Test Suite 'Selected tests' passed at 2026-09-16 17:26:23.388.
	 Executed 1 test, with 0 failures (0 unexpected) in 25.257 (25.266) seconds
2026-09-16 17:26:23.743 xcodebuild[98669:16424379] [MT] IDETestOperationsObserverDebug: 27.941 elapsed -- Testing started completed.
2026-09-16 17:26:23.743 xcodebuild[98669:16424379] [MT] IDETestOperationsObserverDebug: 0.000 sec, +0.000 sec -- start
2026-09-16 17:26:23.743 xcodebuild[98669:16424379] [MT] IDETestOperationsObserverDebug: 27.941 sec, +27.941 sec -- end

Test session results, code coverage, and logs:
	/tmp/woop-ile50-physique-home.xcresult

** TEST EXECUTE SUCCEEDED **

Testing started
