Command line invocation:
    /Applications/Xcode.app/Contents/Developer/usr/bin/xcodebuild test-without-building -xctestrun /tmp/woop-ile47-runtime/dd/Build/Products/NavRuntimeUITests_halo_swiftui.xctestrun -destination platform=iOS,id=00008120-001E4CDC0A85A01E "-only-testing:NavRuntimeUITests/NavRuntimeUITests/testGestesDuComposantSurIPhone" -resultBundlePath /tmp/woop-ile51-physique-swiftui.xcresult -parallel-testing-enabled NO

2026-09-16 17:41:28.297 xcodebuild[1038:16457760] [MT] IDERunDestination: Supported platforms for the buildables in the current scheme is empty.
Writing result bundle at path:
	/tmp/woop-ile51-physique-swiftui.xcresult

2026-09-16 17:41:28.299 xcodebuild[1038:16457760] [MT] IDERunDestination: Supported platforms for the buildables in the current scheme is empty.
2026-09-16 17:41:28.400 xcodebuild[1038:16457760] [MT] IDERunDestination: Supported platforms for the buildables in the current scheme is empty.
--- xcodebuild: WARNING: Using the first of multiple matching destinations:
{ platform:iOS, arch:arm64e, id:00008120-001E4CDC0A85A01E, name:iPhone de Frédéric }
{ platform:iOS, arch:arm64, id:00008120-001E4CDC0A85A01E, name:iPhone de Frédéric }
2026-09-16 17:41:29.031 xcodebuild[1038:16457760] [MT] IDERunDestination: Supported platforms for the buildables in the current scheme is empty.
2026-09-16 17:41:29.287 xcodebuild[1038:16457760] [MT] IDERunDestination: Supported platforms for the buildables in the current scheme is empty.
2026-09-16 17:41:31.066783+0200 NavRuntimeUITests-Runner[33743:2608766] [Default] Running tests...
    t =      nans Interface orientation changed to Portrait
Test Suite 'Selected tests' started at 2026-09-16 17:41:31.448.
Test Suite 'NavRuntimeUITests.xctest' started at 2026-09-16 17:41:31.449.
Test Suite 'NavRuntimeUITests' started at 2026-09-16 17:41:31.449.
Test Case '-[NavRuntimeUITests.NavRuntimeUITests testGestesDuComposantSurIPhone]' started.
    t =     0.00s Start Test at 2026-09-16 17:41:31.451
    t =     0.02s Set Up
    t =     0.02s Setting device orientation to Portrait
    t =     0.02s     Device orientation changed to Portrait
    t =     0.03s     Wait for fr.kathryn.woop to idle
    t =     0.04s Terminate fr.kathryn.woop:33715
    t =     0.04s     Device orientation changed to Face Up
2026-09-16 17:41:31.697 xcodebuild[1038:16457760] [MT] IDERunDestination: Supported platforms for the buildables in the current scheme is empty.
    t =     1.06s Open fr.kathryn.woop
    t =     1.07s     Launch fr.kathryn.woop
    t =     1.16s         Setting up automation session
    t =     1.23s         Wait for fr.kathryn.woop to idle
    t =     2.35s Waiting 15.0s for "In session · 7 min" StaticText to exist
    t =     3.37s     Checking `Expect predicate `existsNoRetry == 1` for object "In session · 7 min" StaticText`
    t =     3.38s         Checking existence of `"In session · 7 min" StaticText`
    t =     3.43s Waiting 5.0s for "seance-pastille" Any to exist
    t =     4.45s     Checking `Expect predicate `existsNoRetry == 1` for object "seance-pastille" Any`
    t =     4.45s         Checking existence of `"seance-pastille" Any`
    t =     4.47s Find the "seance-pastille" Any
    t =     4.49s Press Application 'fr.kathryn.woop'[0.00, 0.00] -> (72.0, 622.0) for 0.0 seconds, then drag to Application 'fr.kathryn.woop'[0.00, 0.00] -> (72.0, 5.0) with velocity of 2400.00 pixels per second, and then hold for 0.0 seconds 
    t =     4.49s     Wait for fr.kathryn.woop to idle
    t =     4.50s     Find the Application 'fr.kathryn.woop'
    t =     4.52s     Check for interrupting elements affecting "Woop" Application
    t =     4.55s     Synthesize event
    t =     4.55s         Find the Application 'fr.kathryn.woop'
    t =     4.57s         Find the Application 'fr.kathryn.woop'
    t =     4.59s         Find the Application 'fr.kathryn.woop'
    t =     4.61s         Find the Application 'fr.kathryn.woop'
    t =     4.63s         Find the Application 'fr.kathryn.woop'
    t =     5.14s     Wait for fr.kathryn.woop to idle
    t =     5.16s Waiting 7.0s for "seance-ile" Any to exist
    t =     6.19s     Checking `Expect predicate `existsNoRetry == 1` for object "seance-ile" Any`
    t =     6.19s         Checking existence of `"seance-ile" Any`
    t =     8.21s Checking existence of `"seance-ile-chrono" Any`
    t =     8.23s Checking existence of `"seance-ile-stop" Any`
    t =     8.25s Find the "seance-ile-chrono" Any
    t =     8.28s Find the Application 'fr.kathryn.woop'
    t =     8.30s Find the "seance-ile-stop" Any
    t =     8.32s Find the Application 'fr.kathryn.woop'
    t =     8.34s Find the "seance-ile-chrono" StaticText
    t =     8.36s Find the "seance-ile-stop" Button
    t =     8.38s Find the Application 'fr.kathryn.woop'
    t =     8.51s Added attachment named 'composant-iphone-repere-1'
    t =     9.52s Find the Application 'fr.kathryn.woop'
    t =     9.69s Added attachment named 'composant-iphone-repere-2'
WOOP_REPERE_PALIER_DEBUT
WOOP_REPERE_PALIER_FIN
    t =    34.69s Find the Application 'fr.kathryn.woop'
    t =    34.71s Tap Application 'fr.kathryn.woop'[0.00, 0.00] -> (196.5, 57.0)
    t =    34.71s     Wait for fr.kathryn.woop to idle
    t =    34.72s     Find the Application 'fr.kathryn.woop'
    t =    34.75s     Check for interrupting elements affecting "Woop" Application
    t =    34.78s     Synthesize event
    t =    34.79s         Find the Application 'fr.kathryn.woop'
    t =    34.81s         Find the Application 'fr.kathryn.woop'
    t =    34.83s         Find the Application 'fr.kathryn.woop'
    t =    35.13s     Wait for fr.kathryn.woop to idle
    t =    35.14s Waiting 7.0s for "seance-pastille" Image to exist
    t =    36.16s     Checking `Expect predicate `existsNoRetry == 1` for object "seance-pastille" Image`
    t =    36.16s         Checking existence of `"seance-pastille" Image`
    t =    38.18s Find the Application 'fr.kathryn.woop'
    t =    38.35s Added attachment named 'composant-iphone-sortie-tap'
    t =    38.35s Find the "seance-pastille" Image
    t =    38.36s Press Application 'fr.kathryn.woop'[0.00, 0.00] -> (72.0, 622.0) for 0.1 seconds, then drag to Application 'fr.kathryn.woop'[0.00, 0.00] -> (72.0, 472.0) with velocity of 250.00 pixels per second, and then hold for 0.3 seconds 
    t =    38.36s     Wait for fr.kathryn.woop to idle
    t =    38.36s     Find the Application 'fr.kathryn.woop'
    t =    38.38s     Check for interrupting elements affecting "Woop" Application
    t =    38.50s     Synthesize event
    t =    38.51s         Find the Application 'fr.kathryn.woop'
    t =    38.52s         Find the Application 'fr.kathryn.woop'
    t =    38.54s         Find the Application 'fr.kathryn.woop'
    t =    38.55s         Find the Application 'fr.kathryn.woop'
    t =    38.57s         Find the Application 'fr.kathryn.woop'
    t =    39.80s     Wait for fr.kathryn.woop to idle
    t =    41.31s Checking existence of `"seance-pastille" Image`
    t =    41.32s Find the "seance-pastille" Image
    t =    41.35s Find the "seance-pastille" Image
    t =    41.37s Press Application 'fr.kathryn.woop'[0.00, 0.00] -> (72.0, 472.0) for 0.0 seconds, then drag to Application 'fr.kathryn.woop'[0.00, 0.00] -> (72.0, 5.0) with velocity of 2400.00 pixels per second, and then hold for 0.0 seconds 
    t =    41.38s     Wait for fr.kathryn.woop to idle
    t =    41.38s     Find the Application 'fr.kathryn.woop'
    t =    41.41s     Check for interrupting elements affecting "Woop" Application
    t =    41.44s     Synthesize event
    t =    41.44s         Find the Application 'fr.kathryn.woop'
    t =    41.46s         Find the Application 'fr.kathryn.woop'
    t =    41.49s         Find the Application 'fr.kathryn.woop'
    t =    41.50s         Find the Application 'fr.kathryn.woop'
    t =    41.52s         Find the Application 'fr.kathryn.woop'
    t =    41.99s     Wait for fr.kathryn.woop to idle
    t =    41.99s Waiting 7.0s for "seance-ile" Any to exist
    t =    43.00s     Checking `Expect predicate `existsNoRetry == 1` for object "seance-ile" Any`
    t =    43.00s         Checking existence of `"seance-ile" Any`
    t =    43.02s Find the Application 'fr.kathryn.woop'
    t =    43.04s Find the Application 'fr.kathryn.woop'
    t =    43.06s Press Application 'fr.kathryn.woop'[0.00, 0.00] -> (196.5, 57.0) for 0.1 seconds, then drag to Application 'fr.kathryn.woop'[0.00, 0.00] -> (196.5, 270.0) with velocity of 250.00 pixels per second, and then hold for 0.3 seconds 
    t =    43.06s     Wait for fr.kathryn.woop to idle
    t =    43.07s     Find the Application 'fr.kathryn.woop'
    t =    43.09s     Check for interrupting elements affecting "Woop" Application
    t =    43.12s     Synthesize event
    t =    43.12s         Find the Application 'fr.kathryn.woop'
    t =    43.14s         Find the Application 'fr.kathryn.woop'
    t =    43.15s         Find the Application 'fr.kathryn.woop'
    t =    43.17s         Find the Application 'fr.kathryn.woop'
    t =    43.19s         Find the Application 'fr.kathryn.woop'
    t =    44.66s     Wait for fr.kathryn.woop to idle
    t =    44.67s Waiting 7.0s for "seance-pastille" Image to exist
2026-09-16 17:42:16.413 xcodebuild[1038:16457760] [MT] IDERunDestination: Supported platforms for the buildables in the current scheme is empty.
    t =    45.71s     Checking `Expect predicate `existsNoRetry == 1` for object "seance-pastille" Image`
    t =    45.71s         Checking existence of `"seance-pastille" Image`
    t =    47.72s Find the Application 'fr.kathryn.woop'
    t =    47.89s Added attachment named 'composant-iphone-sortie-drag'
    t =    47.90s Find the "seance-pastille" Image
    t =    47.91s Find the "seance-pastille" Image
    t =    47.92s Tap Application 'fr.kathryn.woop'[0.00, 0.00] -> (72.0, 130.0)
    t =    47.92s     Wait for fr.kathryn.woop to idle
    t =    47.92s     Find the Application 'fr.kathryn.woop'
    t =    47.94s     Check for interrupting elements affecting "Woop" Application
    t =    47.96s     Synthesize event
    t =    47.96s         Find the Application 'fr.kathryn.woop'
    t =    47.97s         Find the Application 'fr.kathryn.woop'
    t =    47.98s         Find the Application 'fr.kathryn.woop'
    t =    48.26s     Wait for fr.kathryn.woop to idle
    t =    48.27s Waiting 7.0s for "seance-detail" Any to exist
    t =    49.27s     Checking `Expect predicate `existsNoRetry == 1` for object "seance-detail" Any`
    t =    49.27s         Checking existence of `"seance-detail" Any`
    t =    49.29s Find the Application 'fr.kathryn.woop'
    t =    49.49s Added attachment named 'composant-iphone-detail'
    t =    49.49s Tear Down
2026-09-16 17:42:21.163 xcodebuild[1038:16457760] [MT] IDERunDestination: Supported platforms for the buildables in the current scheme is empty.
Test Case '-[NavRuntimeUITests.NavRuntimeUITests testGestesDuComposantSurIPhone]' passed (49.818 seconds).
Test Suite 'NavRuntimeUITests' passed at 2026-09-16 17:42:21.271.
	 Executed 1 test, with 0 failures (0 unexpected) in 49.818 (49.821) seconds
Test Suite 'NavRuntimeUITests.xctest' passed at 2026-09-16 17:42:21.272.
	 Executed 1 test, with 0 failures (0 unexpected) in 49.818 (49.823) seconds
Test Suite 'Selected tests' passed at 2026-09-16 17:42:21.273.
	 Executed 1 test, with 0 failures (0 unexpected) in 49.818 (49.824) seconds
2026-09-16 17:42:21.637 xcodebuild[1038:16457760] [MT] IDETestOperationsObserverDebug: 52.604 elapsed -- Testing started completed.
2026-09-16 17:42:21.637 xcodebuild[1038:16457760] [MT] IDETestOperationsObserverDebug: 0.000 sec, +0.000 sec -- start
2026-09-16 17:42:21.637 xcodebuild[1038:16457760] [MT] IDETestOperationsObserverDebug: 52.604 sec, +52.604 sec -- end

Test session results, code coverage, and logs:
	/tmp/woop-ile51-physique-swiftui.xcresult

** TEST EXECUTE SUCCEEDED **

Testing started
