Command line invocation:
    /Applications/Xcode.app/Contents/Developer/usr/bin/xcodebuild test-without-building -xctestrun /tmp/woop-ile47-runtime/dd/Build/Products/NavRuntimeUITests_iphoneos26.5-arm64.xctestrun -destination platform=iOS,id=00008120-001E4CDC0A85A01E "-only-testing:NavRuntimeUITests/NavRuntimeUITests/testCaptureNormale" -resultBundlePath /tmp/woop-ile51-retour-normal.xcresult -parallel-testing-enabled NO

2026-09-16 17:44:09.031 xcodebuild[1393:16462808] [MT] IDERunDestination: Supported platforms for the buildables in the current scheme is empty.
Writing result bundle at path:
	/tmp/woop-ile51-retour-normal.xcresult

2026-09-16 17:44:09.033 xcodebuild[1393:16462808] [MT] IDERunDestination: Supported platforms for the buildables in the current scheme is empty.
2026-09-16 17:44:09.138 xcodebuild[1393:16462808] [MT] IDERunDestination: Supported platforms for the buildables in the current scheme is empty.
--- xcodebuild: WARNING: Using the first of multiple matching destinations:
{ platform:iOS, arch:arm64e, id:00008120-001E4CDC0A85A01E, name:iPhone de Frédéric }
{ platform:iOS, arch:arm64, id:00008120-001E4CDC0A85A01E, name:iPhone de Frédéric }
2026-09-16 17:44:09.739 xcodebuild[1393:16462808] [MT] IDERunDestination: Supported platforms for the buildables in the current scheme is empty.
2026-09-16 17:44:09.949 xcodebuild[1393:16462808] [MT] IDERunDestination: Supported platforms for the buildables in the current scheme is empty.
2026-09-16 17:44:11.858565+0200 NavRuntimeUITests-Runner[33777:2613621] [Default] Running tests...
    t =      nans Interface orientation changed to Portrait
Test Suite 'Selected tests' started at 2026-09-16 17:44:12.245.
Test Suite 'NavRuntimeUITests.xctest' started at 2026-09-16 17:44:12.246.
Test Suite 'NavRuntimeUITests' started at 2026-09-16 17:44:12.246.
Test Case '-[NavRuntimeUITests.NavRuntimeUITests testCaptureNormale]' started.
    t =     0.00s Start Test at 2026-09-16 17:44:12.247
    t =     0.02s Set Up
    t =     0.02s Setting device orientation to Portrait
    t =     0.03s     Wait for com.apple.MobileSMS to idle
2026-09-16 17:44:12.491 xcodebuild[1393:16462808] [MT] IDERunDestination: Supported platforms for the buildables in the current scheme is empty.
    t =     2.19s Open fr.kathryn.woop
    t =     2.19s     Activate fr.kathryn.woop
    t =     2.33s         Wait for fr.kathryn.woop to idle
    t =     5.42s Find the Application 'fr.kathryn.woop'
    t =     5.77s Added attachment named 'physique47-normale'
    t =     5.77s Requesting snapshot of accessibility hierarchy for app with pid 33756
    t =     5.90s Requesting snapshot of accessibility hierarchy for app with pid 33756
    t =     5.96s Added attachment named 'physique47-normale-arbre'
    t =     5.96s Tear Down
Test Case '-[NavRuntimeUITests.NavRuntimeUITests testCaptureNormale]' passed (6.031 seconds).
Test Suite 'NavRuntimeUITests' passed at 2026-09-16 17:44:18.279.
	 Executed 1 test, with 0 failures (0 unexpected) in 6.031 (6.033) seconds
Test Suite 'NavRuntimeUITests.xctest' passed at 2026-09-16 17:44:18.280.
	 Executed 1 test, with 0 failures (0 unexpected) in 6.031 (6.034) seconds
Test Suite 'Selected tests' passed at 2026-09-16 17:44:18.281.
	 Executed 1 test, with 0 failures (0 unexpected) in 6.031 (6.035) seconds
2026-09-16 17:44:18.420 xcodebuild[1393:16462808] [MT] IDERunDestination: Supported platforms for the buildables in the current scheme is empty.
2026-09-16 17:44:18.633 xcodebuild[1393:16462808] [MT] IDETestOperationsObserverDebug: 8.889 elapsed -- Testing started completed.
2026-09-16 17:44:18.633 xcodebuild[1393:16462808] [MT] IDETestOperationsObserverDebug: 0.000 sec, +0.000 sec -- start
2026-09-16 17:44:18.633 xcodebuild[1393:16462808] [MT] IDETestOperationsObserverDebug: 8.889 sec, +8.889 sec -- end

Test session results, code coverage, and logs:
	/tmp/woop-ile51-retour-normal.xcresult

** TEST EXECUTE SUCCEEDED **

Testing started
