Command line invocation:
    /Applications/Xcode.app/Contents/Developer/usr/bin/xcodebuild test-without-building -xctestrun /tmp/woop-ile47-runtime/dd/Build/Products/NavRuntimeUITests_iphoneos26.5-arm64.xctestrun -destination platform=iOS,id=00008120-001E4CDC0A85A01E "-only-testing:NavRuntimeUITests/NavRuntimeUITests/testGestesDuComposantSurIPhone" -resultBundlePath /tmp/woop-ile52-physique-vif.xcresult -parallel-testing-enabled NO

2026-09-16 18:03:07.860 xcodebuild[4549:16503961] [MT] IDERunDestination: Supported platforms for the buildables in the current scheme is empty.
Writing result bundle at path:
	/tmp/woop-ile52-physique-vif.xcresult

2026-09-16 18:03:07.863 xcodebuild[4549:16503961] [MT] IDERunDestination: Supported platforms for the buildables in the current scheme is empty.
2026-09-16 18:03:07.964 xcodebuild[4549:16503961] [MT] IDERunDestination: Supported platforms for the buildables in the current scheme is empty.
--- xcodebuild: WARNING: Using the first of multiple matching destinations:
{ platform:iOS, arch:arm64e, id:00008120-001E4CDC0A85A01E, name:iPhone de Frédéric }
{ platform:iOS, arch:arm64, id:00008120-001E4CDC0A85A01E, name:iPhone de Frédéric }
2026-09-16 18:03:09.824 xcodebuild[4549:16503961] [MT] IDERunDestination: Supported platforms for the buildables in the current scheme is empty.
2026-09-16 18:03:10.075 xcodebuild[4549:16503961] [MT] IDERunDestination: Supported platforms for the buildables in the current scheme is empty.
2026-09-16 18:03:12.361476+0200 NavRuntimeUITests-Runner[34048:2633749] [Default] Running tests...
    t =      nans Interface orientation changed to Portrait
Test Suite 'Selected tests' started at 2026-09-16 18:03:16.216.
Test Suite 'NavRuntimeUITests.xctest' started at 2026-09-16 18:03:16.217.
Test Suite 'NavRuntimeUITests' started at 2026-09-16 18:03:16.217.
Test Case '-[NavRuntimeUITests.NavRuntimeUITests testGestesDuComposantSurIPhone]' started.
    t =     0.00s Start Test at 2026-09-16 18:03:16.217
    t =     0.02s Set Up
    t =     0.03s Setting device orientation to Portrait
    t =     0.03s     Device orientation changed to Portrait
    t =     0.04s     Wait for com.apple.springboard to idle
    t =     0.07s Terminate fr.kathryn.woop:34035
2026-09-16 18:03:16.406 xcodebuild[4549:16503961] [MT] IDERunDestination: Supported platforms for the buildables in the current scheme is empty.
    t =     1.13s Open fr.kathryn.woop
    t =     1.13s     Launch fr.kathryn.woop
    t =     1.22s         Setting up automation session
    t =     1.30s         Wait for fr.kathryn.woop to idle
    t =     2.40s Waiting 15.0s for "In session · 7 min" StaticText to exist
    t =     3.42s     Checking `Expect predicate `existsNoRetry == 1` for object "In session · 7 min" StaticText`
    t =     3.42s         Checking existence of `"In session · 7 min" StaticText`
    t =     3.48s Waiting 5.0s for "seance-pastille" Any to exist
    t =     4.50s     Checking `Expect predicate `existsNoRetry == 1` for object "seance-pastille" Any`
    t =     4.50s         Checking existence of `"seance-pastille" Any`
    t =     4.52s Find the "seance-pastille" Any
    t =     4.55s Press Application 'fr.kathryn.woop'[0.00, 0.00] -> (72.0, 622.0) for 0.0 seconds, then drag to Application 'fr.kathryn.woop'[0.00, 0.00] -> (72.0, 5.0) with velocity of 2400.00 pixels per second, and then hold for 0.0 seconds 
    t =     4.55s     Wait for fr.kathryn.woop to idle
    t =     4.56s     Find the Application 'fr.kathryn.woop'
    t =     4.58s     Check for interrupting elements affecting "Woop" Application
    t =     4.60s     Synthesize event
    t =     4.61s         Find the Application 'fr.kathryn.woop'
    t =     4.62s         Find the Application 'fr.kathryn.woop'
    t =     4.65s         Find the Application 'fr.kathryn.woop'
    t =     4.66s         Find the Application 'fr.kathryn.woop'
    t =     4.68s         Find the Application 'fr.kathryn.woop'
    t =     5.41s     Wait for fr.kathryn.woop to idle
    t =     5.41s Waiting 7.0s for "seance-ile" Any to exist
    t =     6.45s     Checking `Expect predicate `existsNoRetry == 1` for object "seance-ile" Any`
    t =     6.45s         Checking existence of `"seance-ile" Any`
    t =     8.47s Checking existence of `"seance-ile-chrono" Any`
    t =     8.50s Checking existence of `"seance-ile-stop" Any`
    t =     8.52s Find the "seance-ile-chrono" Any
    t =     8.55s Find the Application 'fr.kathryn.woop'
    t =     8.57s Find the "seance-ile-stop" Any
    t =     8.59s Find the Application 'fr.kathryn.woop'
    t =     8.61s Find the "seance-ile-chrono" StaticText
    t =     8.63s Find the "seance-ile-stop" Button
    t =     8.65s Find the Application 'fr.kathryn.woop'
    t =     8.79s Added attachment named 'composant-iphone-repere-1'
    t =     9.80s Find the Application 'fr.kathryn.woop'
    t =     9.96s Added attachment named 'composant-iphone-repere-2'
WOOP_REPERE_PALIER_DEBUT
WOOP_REPERE_PALIER_FIN
    t =    34.97s Find the Application 'fr.kathryn.woop'
    t =    34.99s Tap Application 'fr.kathryn.woop'[0.00, 0.00] -> (196.5, 57.0)
    t =    34.99s     Wait for fr.kathryn.woop to idle
    t =    35.00s     Find the Application 'fr.kathryn.woop'
    t =    35.03s     Check for interrupting elements affecting "Woop" Application
    t =    35.05s     Synthesize event
    t =    35.06s         Find the Application 'fr.kathryn.woop'
    t =    35.18s         Find the Application 'fr.kathryn.woop'
    t =    35.21s         Find the Application 'fr.kathryn.woop'
    t =    35.61s     Wait for fr.kathryn.woop to idle
    t =    35.62s Waiting 7.0s for "seance-pastille" Image to exist
    t =    36.65s     Checking `Expect predicate `existsNoRetry == 1` for object "seance-pastille" Image`
    t =    36.65s         Checking existence of `"seance-pastille" Image`
    t =    38.67s Find the Application 'fr.kathryn.woop'
    t =    38.83s Added attachment named 'composant-iphone-sortie-tap'
    t =    38.83s Find the "seance-pastille" Image
    t =    38.84s Press Application 'fr.kathryn.woop'[0.00, 0.00] -> (72.0, 622.0) for 0.1 seconds, then drag to Application 'fr.kathryn.woop'[0.00, 0.00] -> (72.0, 472.0) with velocity of 250.00 pixels per second, and then hold for 0.3 seconds 
    t =    38.84s     Wait for fr.kathryn.woop to idle
    t =    38.85s     Find the Application 'fr.kathryn.woop'
    t =    38.86s     Check for interrupting elements affecting "Woop" Application
    t =    38.88s     Synthesize event
    t =    38.88s         Find the Application 'fr.kathryn.woop'
    t =    38.89s         Find the Application 'fr.kathryn.woop'
    t =    38.90s         Find the Application 'fr.kathryn.woop'
    t =    38.91s         Find the Application 'fr.kathryn.woop'
    t =    38.92s         Find the Application 'fr.kathryn.woop'
    t =    40.14s     Wait for fr.kathryn.woop to idle
    t =    41.65s Checking existence of `"seance-pastille" Image`
    t =    41.66s Find the "seance-pastille" Image
    t =    41.69s Find the "seance-pastille" Image
    t =    41.71s Press Application 'fr.kathryn.woop'[0.00, 0.00] -> (72.0, 472.0) for 0.0 seconds, then drag to Application 'fr.kathryn.woop'[0.00, 0.00] -> (72.0, 5.0) with velocity of 2400.00 pixels per second, and then hold for 0.0 seconds 
    t =    41.71s     Wait for fr.kathryn.woop to idle
    t =    41.72s     Find the Application 'fr.kathryn.woop'
    t =    41.74s     Check for interrupting elements affecting "Woop" Application
    t =    41.78s     Synthesize event
    t =    41.78s         Find the Application 'fr.kathryn.woop'
    t =    41.80s         Find the Application 'fr.kathryn.woop'
    t =    41.82s         Find the Application 'fr.kathryn.woop'
    t =    41.84s         Find the Application 'fr.kathryn.woop'
    t =    41.86s         Find the Application 'fr.kathryn.woop'
    t =    42.32s     Wait for fr.kathryn.woop to idle
    t =    42.32s Waiting 7.0s for "seance-ile" Any to exist
    t =    43.33s     Checking `Expect predicate `existsNoRetry == 1` for object "seance-ile" Any`
    t =    43.33s         Checking existence of `"seance-ile" Any`
    t =    43.35s Find the Application 'fr.kathryn.woop'
    t =    43.37s Find the Application 'fr.kathryn.woop'
    t =    43.39s Press Application 'fr.kathryn.woop'[0.00, 0.00] -> (196.5, 57.0) for 0.1 seconds, then drag to Application 'fr.kathryn.woop'[0.00, 0.00] -> (196.5, 270.0) with velocity of 250.00 pixels per second, and then hold for 0.3 seconds 
    t =    43.39s     Wait for fr.kathryn.woop to idle
    t =    43.40s     Find the Application 'fr.kathryn.woop'
    t =    43.44s     Check for interrupting elements affecting "Woop" Application
    t =    43.47s     Synthesize event
    t =    43.48s         Find the Application 'fr.kathryn.woop'
    t =    43.50s         Find the Application 'fr.kathryn.woop'
    t =    43.53s         Find the Application 'fr.kathryn.woop'
    t =    43.54s         Find the Application 'fr.kathryn.woop'
    t =    43.56s         Find the Application 'fr.kathryn.woop'
    t =    45.04s     Wait for fr.kathryn.woop to idle
    t =    45.05s Waiting 7.0s for "seance-pastille" Image to exist
    t =    46.06s     Checking `Expect predicate `existsNoRetry == 1` for object "seance-pastille" Image`
    t =    46.06s         Checking existence of `"seance-pastille" Image`
    t =    48.08s Find the Application 'fr.kathryn.woop'
    t =    48.24s Added attachment named 'composant-iphone-sortie-drag'
    t =    48.24s Find the "seance-pastille" Image
    t =    48.25s Find the "seance-pastille" Image
    t =    48.26s Tap Application 'fr.kathryn.woop'[0.00, 0.00] -> (72.0, 130.0)
    t =    48.26s     Wait for fr.kathryn.woop to idle
    t =    48.26s     Find the Application 'fr.kathryn.woop'
    t =    48.28s     Check for interrupting elements affecting "Woop" Application
    t =    48.30s     Synthesize event
    t =    48.30s         Find the Application 'fr.kathryn.woop'
    t =    48.31s         Find the Application 'fr.kathryn.woop'
    t =    48.33s         Find the Application 'fr.kathryn.woop'
    t =    48.61s     Wait for fr.kathryn.woop to idle
    t =    48.61s Waiting 7.0s for "seance-detail" Any to exist
    t =    49.62s     Checking `Expect predicate `existsNoRetry == 1` for object "seance-detail" Any`
    t =    49.62s         Checking existence of `"seance-detail" Any`
    t =    49.65s Find the Application 'fr.kathryn.woop'
    t =    49.87s Added attachment named 'composant-iphone-detail'
    t =    49.87s Tear Down
2026-09-16 18:04:06.260 xcodebuild[4549:16503961] [MT] IDERunDestination: Supported platforms for the buildables in the current scheme is empty.
Test Case '-[NavRuntimeUITests.NavRuntimeUITests testGestesDuComposantSurIPhone]' passed (50.175 seconds).
Test Suite 'NavRuntimeUITests' passed at 2026-09-16 18:04:06.393.
	 Executed 1 test, with 0 failures (0 unexpected) in 50.175 (50.176) seconds
Test Suite 'NavRuntimeUITests.xctest' passed at 2026-09-16 18:04:06.394.
	 Executed 1 test, with 0 failures (0 unexpected) in 50.175 (50.177) seconds
Test Suite 'Selected tests' passed at 2026-09-16 18:04:06.395.
	 Executed 1 test, with 0 failures (0 unexpected) in 50.175 (50.179) seconds
2026-09-16 18:04:06.726 xcodebuild[4549:16503961] [MT] IDETestOperationsObserverDebug: 56.897 elapsed -- Testing started completed.
2026-09-16 18:04:06.726 xcodebuild[4549:16503961] [MT] IDETestOperationsObserverDebug: 0.000 sec, +0.000 sec -- start
2026-09-16 18:04:06.726 xcodebuild[4549:16503961] [MT] IDETestOperationsObserverDebug: 56.897 sec, +56.897 sec -- end

Test session results, code coverage, and logs:
	/tmp/woop-ile52-physique-vif.xcresult

** TEST EXECUTE SUCCEEDED **

Testing started
