Command line invocation:
    /Applications/Xcode.app/Contents/Developer/usr/bin/xcodebuild test-without-building -xctestrun /tmp/woop-ile47-runtime/dd/Build/Products/NavRuntimeUITests_iphoneos26.5-arm64.xctestrun -destination platform=iOS,id=00008120-001E4CDC0A85A01E "-only-testing:NavRuntimeUITests/NavRuntimeUITests/testCaptureNormale" -resultBundlePath /tmp/woop-ile48-reprise.xcresult -parallel-testing-enabled NO

2026-09-16 16:31:47.592 xcodebuild[87917:16272472] [MT] IDERunDestination: Supported platforms for the buildables in the current scheme is empty.
Writing result bundle at path:
	/tmp/woop-ile48-reprise.xcresult

2026-09-16 16:31:47.613 xcodebuild[87917:16272472] [MT] IDERunDestination: Supported platforms for the buildables in the current scheme is empty.
2026-09-16 16:31:47.708 xcodebuild[87917:16272472] [MT] IDERunDestination: Supported platforms for the buildables in the current scheme is empty.
2026-09-16 16:31:47.871 xcodebuild[87917:16272472] [MT] IDERunDestination: Supported platforms for the buildables in the current scheme is empty.
--- xcodebuild: WARNING: Using the first of multiple matching destinations:
{ platform:iOS, arch:arm64e, id:00008120-001E4CDC0A85A01E, name:iPhone de Frédéric }
{ platform:iOS, arch:arm64, id:00008120-001E4CDC0A85A01E, name:iPhone de Frédéric }
2026-09-16 16:31:51.762 xcodebuild[87917:16272472] [MT] IDERunDestination: Supported platforms for the buildables in the current scheme is empty.
2026-09-16 16:31:51.953 xcodebuild[87917:16272472] [MT] IDERunDestination: Supported platforms for the buildables in the current scheme is empty.
2026-09-16 16:31:55.056059+0200 NavRuntimeUITests-Runner[32961:2534500] [Default] Running tests...
    t =      nans Interface orientation changed to Portrait
Test Suite 'Selected tests' started at 2026-09-16 16:31:55.545.
Test Suite 'NavRuntimeUITests.xctest' started at 2026-09-16 16:31:55.546.
Test Suite 'NavRuntimeUITests' started at 2026-09-16 16:31:55.546.
Test Case '-[NavRuntimeUITests.NavRuntimeUITests testCaptureNormale]' started.
    t =     0.00s Start Test at 2026-09-16 16:31:55.547
    t =     0.03s Set Up
    t =     0.04s Open fr.kathryn.woop
    t =     0.04s     Activate fr.kathryn.woop
    t =     0.06s         Wait for fr.kathryn.woop to idle
2026-09-16 16:31:55.840 xcodebuild[87917:16272472] [MT] IDERunDestination: Supported platforms for the buildables in the current scheme is empty.
    t =     3.08s Find the Application 'fr.kathryn.woop'
    t =     3.40s Added attachment named 'physique47-normale'
    t =     3.40s Requesting snapshot of accessibility hierarchy for app with pid 32953
    t =     3.63s Requesting snapshot of accessibility hierarchy for app with pid 32953
    t =     3.69s Added attachment named 'physique47-normale-arbre'
    t =     3.69s Tear Down
Test Case '-[NavRuntimeUITests.NavRuntimeUITests testCaptureNormale]' passed (3.713 seconds).
Test Suite 'NavRuntimeUITests' passed at 2026-09-16 16:31:59.261.
	 Executed 1 test, with 0 failures (0 unexpected) in 3.713 (3.715) seconds
Test Suite 'NavRuntimeUITests.xctest' passed at 2026-09-16 16:31:59.261.
	 Executed 1 test, with 0 failures (0 unexpected) in 3.713 (3.715) seconds
Test Suite 'Selected tests' passed at 2026-09-16 16:31:59.262.
	 Executed 1 test, with 0 failures (0 unexpected) in 3.713 (3.717) seconds
2026-09-16 16:31:59.504 xcodebuild[87917:16272472] [MT] IDERunDestination: Supported platforms for the buildables in the current scheme is empty.
2026-09-16 16:31:59.709 xcodebuild[87917:16272472] [MT] IDETestOperationsObserverDebug: 7.742 elapsed -- Testing started completed.
2026-09-16 16:31:59.709 xcodebuild[87917:16272472] [MT] IDETestOperationsObserverDebug: 0.000 sec, +0.000 sec -- start
2026-09-16 16:31:59.709 xcodebuild[87917:16272472] [MT] IDETestOperationsObserverDebug: 7.742 sec, +7.742 sec -- end

Test session results, code coverage, and logs:
	/tmp/woop-ile48-reprise.xcresult

** TEST EXECUTE SUCCEEDED **

Testing started
