Command line invocation:
    /Applications/Xcode.app/Contents/Developer/usr/bin/xcodebuild test-without-building -xctestrun /tmp/woop-ile47-runtime/dd/Build/Products/NavRuntimeUITests_iphoneos26.5-arm64.xctestrun -destination platform=iOS,id=00008120-001E4CDC0A85A01E "-only-testing:NavRuntimeUITests/NavRuntimeUITests/testGestesDuComposantSurIPhone" -resultBundlePath /tmp/woop-ile50-physique-composant.xcresult -parallel-testing-enabled NO

2026-09-16 17:24:22.153 xcodebuild[98495:16421442] [MT] IDERunDestination: Supported platforms for the buildables in the current scheme is empty.
Writing result bundle at path:
	/tmp/woop-ile50-physique-composant.xcresult

2026-09-16 17:24:22.156 xcodebuild[98495:16421442] [MT] IDERunDestination: Supported platforms for the buildables in the current scheme is empty.
2026-09-16 17:24:22.257 xcodebuild[98495:16421442] [MT] IDERunDestination: Supported platforms for the buildables in the current scheme is empty.
--- xcodebuild: WARNING: Using the first of multiple matching destinations:
{ platform:iOS, arch:arm64e, id:00008120-001E4CDC0A85A01E, name:iPhone de Frédéric }
{ platform:iOS, arch:arm64, id:00008120-001E4CDC0A85A01E, name:iPhone de Frédéric }
2026-09-16 17:24:22.446 xcodebuild[98495:16421442] [MT] IDERunDestination: Supported platforms for the buildables in the current scheme is empty.
2026-09-16 17:24:22.587 xcodebuild[98495:16421442] [MT] IDERunDestination: Supported platforms for the buildables in the current scheme is empty.
2026-09-16 17:24:24.246406+0200 NavRuntimeUITests-Runner[33552:2587295] [Default] Running tests...
    t =      nans Interface orientation changed to Portrait
Test Suite 'Selected tests' started at 2026-09-16 17:24:24.611.
Test Suite 'NavRuntimeUITests.xctest' started at 2026-09-16 17:24:24.612.
Test Suite 'NavRuntimeUITests' started at 2026-09-16 17:24:24.612.
Test Case '-[NavRuntimeUITests.NavRuntimeUITests testGestesDuComposantSurIPhone]' started.
    t =     0.00s Start Test at 2026-09-16 17:24:24.613
    t =     0.02s Set Up
    t =     0.03s Open fr.kathryn.woop
    t =     0.03s     Launch fr.kathryn.woop
    t =     0.03s         Terminate fr.kathryn.woop:33538
2026-09-16 17:24:24.875 xcodebuild[98495:16421442] [MT] IDERunDestination: Supported platforms for the buildables in the current scheme is empty.
    t =     1.10s         Setting up automation session
    t =     1.19s         Wait for fr.kathryn.woop to idle
    t =     2.31s Waiting 15.0s for "In session · 7 min" StaticText to exist
    t =     3.32s     Checking `Expect predicate `existsNoRetry == 1` for object "In session · 7 min" StaticText`
    t =     3.33s         Checking existence of `"In session · 7 min" StaticText`
    t =     3.37s Waiting 5.0s for "seance-pastille" Any to exist
    t =     4.40s     Checking `Expect predicate `existsNoRetry == 1` for object "seance-pastille" Any`
    t =     4.41s         Checking existence of `"seance-pastille" Any`
    t =     4.42s Find the "seance-pastille" Any
    t =     4.45s Press Application 'fr.kathryn.woop'[0.00, 0.00] -> (72.0, 622.0) for 0.0 seconds, then drag to Application 'fr.kathryn.woop'[0.00, 0.00] -> (72.0, 5.0) with velocity of 2400.00 pixels per second, and then hold for 0.0 seconds 
    t =     4.45s     Wait for fr.kathryn.woop to idle
    t =     4.45s     Find the Application 'fr.kathryn.woop'
    t =     4.48s     Check for interrupting elements affecting "Woop" Application
    t =     4.51s     Synthesize event
    t =     4.51s         Find the Application 'fr.kathryn.woop'
    t =     4.53s         Find the Application 'fr.kathryn.woop'
    t =     4.55s         Find the Application 'fr.kathryn.woop'
    t =     4.56s         Find the Application 'fr.kathryn.woop'
    t =     4.58s         Find the Application 'fr.kathryn.woop'
    t =     5.10s     Wait for fr.kathryn.woop to idle
    t =     5.11s Waiting 7.0s for "seance-ile" Any to exist
    t =     6.14s     Checking `Expect predicate `existsNoRetry == 1` for object "seance-ile" Any`
    t =     6.14s         Checking existence of `"seance-ile" Any`
    t =     8.16s Checking existence of `"seance-ile-chrono" Any`
    t =     8.18s Checking existence of `"seance-ile-stop" Any`
    t =     8.20s Find the "seance-ile-chrono" Any
    t =     8.23s Find the Application 'fr.kathryn.woop'
    t =     8.25s Find the "seance-ile-stop" Any
    t =     8.28s Find the Application 'fr.kathryn.woop'
    t =     8.29s Find the "seance-ile-chrono" StaticText
    t =     8.31s Find the "seance-ile-stop" Button
    t =     8.33s Find the Application 'fr.kathryn.woop'
    t =     8.47s Added attachment named 'composant-iphone-repere-1'
    t =     9.47s Find the Application 'fr.kathryn.woop'
    t =     9.75s Added attachment named 'composant-iphone-repere-2'
WOOP_REPERE_PALIER_DEBUT
WOOP_REPERE_PALIER_FIN
    t =    34.75s Find the Application 'fr.kathryn.woop'
    t =    34.78s Tap Application 'fr.kathryn.woop'[0.00, 0.00] -> (196.5, 57.0)
    t =    34.78s     Wait for fr.kathryn.woop to idle
    t =    34.79s     Find the Application 'fr.kathryn.woop'
    t =    34.81s     Check for interrupting elements affecting "Woop" Application
    t =    34.84s     Synthesize event
    t =    34.85s         Find the Application 'fr.kathryn.woop'
    t =    34.87s         Find the Application 'fr.kathryn.woop'
    t =    34.90s         Find the Application 'fr.kathryn.woop'
    t =    35.20s     Wait for fr.kathryn.woop to idle
    t =    35.21s Waiting 7.0s for "seance-pastille" Image to exist
    t =    36.23s     Checking `Expect predicate `existsNoRetry == 1` for object "seance-pastille" Image`
    t =    36.23s         Checking existence of `"seance-pastille" Image`
    t =    38.25s Find the Application 'fr.kathryn.woop'
2026-09-16 17:25:02.974 xcodebuild[98495:16421442] [MT] IDERunDestination: Supported platforms for the buildables in the current scheme is empty.
    t =    38.42s Added attachment named 'composant-iphone-sortie-tap'
    t =    38.42s Find the "seance-pastille" Image
    t =    38.43s Press Application 'fr.kathryn.woop'[0.00, 0.00] -> (72.0, 622.0) for 0.1 seconds, then drag to Application 'fr.kathryn.woop'[0.00, 0.00] -> (72.0, 472.0) with velocity of 250.00 pixels per second, and then hold for 0.3 seconds 
    t =    38.43s     Wait for fr.kathryn.woop to idle
    t =    38.44s     Find the Application 'fr.kathryn.woop'
    t =    38.45s     Check for interrupting elements affecting "Woop" Application
    t =    38.47s     Synthesize event
    t =    38.47s         Find the Application 'fr.kathryn.woop'
    t =    38.49s         Find the Application 'fr.kathryn.woop'
    t =    38.50s         Find the Application 'fr.kathryn.woop'
    t =    38.51s         Find the Application 'fr.kathryn.woop'
    t =    38.52s         Find the Application 'fr.kathryn.woop'
    t =    39.73s     Wait for fr.kathryn.woop to idle
    t =    41.24s Checking existence of `"seance-pastille" Image`
    t =    41.25s Find the "seance-pastille" Image
    t =    41.29s Find the "seance-pastille" Image
    t =    41.32s Press Application 'fr.kathryn.woop'[0.00, 0.00] -> (72.0, 472.0) for 0.0 seconds, then drag to Application 'fr.kathryn.woop'[0.00, 0.00] -> (72.0, 5.0) with velocity of 2400.00 pixels per second, and then hold for 0.0 seconds 
    t =    41.32s     Wait for fr.kathryn.woop to idle
    t =    41.33s     Find the Application 'fr.kathryn.woop'
    t =    41.35s     Check for interrupting elements affecting "Woop" Application
    t =    41.38s     Synthesize event
    t =    41.39s         Find the Application 'fr.kathryn.woop'
    t =    41.41s         Find the Application 'fr.kathryn.woop'
    t =    41.43s         Find the Application 'fr.kathryn.woop'
    t =    41.45s         Find the Application 'fr.kathryn.woop'
    t =    41.47s         Find the Application 'fr.kathryn.woop'
    t =    41.93s     Wait for fr.kathryn.woop to idle
    t =    41.93s Waiting 7.0s for "seance-ile" Any to exist
    t =    42.94s     Checking `Expect predicate `existsNoRetry == 1` for object "seance-ile" Any`
    t =    42.94s         Checking existence of `"seance-ile" Any`
    t =    42.95s Find the Application 'fr.kathryn.woop'
    t =    42.98s Find the Application 'fr.kathryn.woop'
    t =    43.00s Press Application 'fr.kathryn.woop'[0.00, 0.00] -> (196.5, 57.0) for 0.1 seconds, then drag to Application 'fr.kathryn.woop'[0.00, 0.00] -> (196.5, 270.0) with velocity of 250.00 pixels per second, and then hold for 0.3 seconds 
    t =    43.00s     Wait for fr.kathryn.woop to idle
    t =    43.01s     Find the Application 'fr.kathryn.woop'
    t =    43.04s     Check for interrupting elements affecting "Woop" Application
    t =    43.06s     Synthesize event
    t =    43.07s         Find the Application 'fr.kathryn.woop'
    t =    43.08s         Find the Application 'fr.kathryn.woop'
    t =    43.10s         Find the Application 'fr.kathryn.woop'
    t =    43.11s         Find the Application 'fr.kathryn.woop'
    t =    43.12s         Find the Application 'fr.kathryn.woop'
    t =    44.59s     Wait for fr.kathryn.woop to idle
    t =    44.60s Waiting 7.0s for "seance-pastille" Image to exist
    t =    45.65s     Checking `Expect predicate `existsNoRetry == 1` for object "seance-pastille" Image`
    t =    45.65s         Checking existence of `"seance-pastille" Image`
    t =    47.67s Find the Application 'fr.kathryn.woop'
    t =    47.84s Added attachment named 'composant-iphone-sortie-drag'
    t =    47.84s Find the "seance-pastille" Image
    t =    47.85s Find the "seance-pastille" Image
    t =    47.86s Tap Application 'fr.kathryn.woop'[0.00, 0.00] -> (72.0, 130.0)
    t =    47.86s     Wait for fr.kathryn.woop to idle
    t =    47.86s     Find the Application 'fr.kathryn.woop'
    t =    47.88s     Check for interrupting elements affecting "Woop" Application
    t =    47.90s     Synthesize event
    t =    47.90s         Find the Application 'fr.kathryn.woop'
    t =    47.91s         Find the Application 'fr.kathryn.woop'
    t =    47.92s         Find the Application 'fr.kathryn.woop'
    t =    48.21s     Wait for fr.kathryn.woop to idle
    t =    48.22s Waiting 7.0s for "seance-detail" Any to exist
    t =    49.23s     Checking `Expect predicate `existsNoRetry == 1` for object "seance-detail" Any`
    t =    49.23s         Checking existence of `"seance-detail" Any`
    t =    49.25s Find the Application 'fr.kathryn.woop'
    t =    49.45s Added attachment named 'composant-iphone-detail'
    t =    49.45s Tear Down
2026-09-16 17:25:14.293 xcodebuild[98495:16421442] [MT] IDERunDestination: Supported platforms for the buildables in the current scheme is empty.
Test Case '-[NavRuntimeUITests.NavRuntimeUITests testGestesDuComposantSurIPhone]' passed (49.833 seconds).
Test Suite 'NavRuntimeUITests' passed at 2026-09-16 17:25:14.447.
	 Executed 1 test, with 0 failures (0 unexpected) in 49.833 (49.835) seconds
Test Suite 'NavRuntimeUITests.xctest' passed at 2026-09-16 17:25:14.448.
	 Executed 1 test, with 0 failures (0 unexpected) in 49.833 (49.836) seconds
Test Suite 'Selected tests' passed at 2026-09-16 17:25:14.449.
	 Executed 1 test, with 0 failures (0 unexpected) in 49.833 (49.838) seconds
2026-09-16 17:25:14.818 xcodebuild[98495:16421442] [MT] IDETestOperationsObserverDebug: 52.367 elapsed -- Testing started completed.
2026-09-16 17:25:14.818 xcodebuild[98495:16421442] [MT] IDETestOperationsObserverDebug: 0.000 sec, +0.000 sec -- start
2026-09-16 17:25:14.818 xcodebuild[98495:16421442] [MT] IDETestOperationsObserverDebug: 52.367 sec, +52.367 sec -- end

Test session results, code coverage, and logs:
	/tmp/woop-ile50-physique-composant.xcresult

** TEST EXECUTE SUCCEEDED **

Testing started
