Command line invocation:
    /Applications/Xcode.app/Contents/Developer/usr/bin/xcodebuild test-without-building -xctestrun /tmp/woop-ile47-runtime/dd/Build/Products/NavRuntimeUITests_iphoneos26.5-arm64.xctestrun -destination platform=iOS,id=00008120-001E4CDC0A85A01E "-only-testing:NavRuntimeUITests/NavRuntimeUITests/testRepereDansWoopSurSeanceExistante" -resultBundlePath /tmp/woop-ile49-physique-seance.xcresult -parallel-testing-enabled NO

2026-09-16 16:55:50.890 xcodebuild[92152:16330821] [MT] IDERunDestination: Supported platforms for the buildables in the current scheme is empty.
Writing result bundle at path:
	/tmp/woop-ile49-physique-seance.xcresult

2026-09-16 16:55:50.892 xcodebuild[92152:16330821] [MT] IDERunDestination: Supported platforms for the buildables in the current scheme is empty.
2026-09-16 16:55:50.992 xcodebuild[92152:16330821] [MT] IDERunDestination: Supported platforms for the buildables in the current scheme is empty.
--- xcodebuild: WARNING: Using the first of multiple matching destinations:
{ platform:iOS, arch:arm64e, id:00008120-001E4CDC0A85A01E, name:iPhone de Frédéric }
{ platform:iOS, arch:arm64, id:00008120-001E4CDC0A85A01E, name:iPhone de Frédéric }
2026-09-16 16:55:52.001 xcodebuild[92152:16330821] [MT] IDERunDestination: Supported platforms for the buildables in the current scheme is empty.
2026-09-16 16:55:52.153 xcodebuild[92152:16330821] [MT] IDERunDestination: Supported platforms for the buildables in the current scheme is empty.
2026-09-16 16:55:54.125208+0200 NavRuntimeUITests-Runner[33217:2558018] [Default] Running tests...
    t =      nans Interface orientation changed to Portrait
Test Suite 'Selected tests' started at 2026-09-16 16:55:54.608.
Test Suite 'NavRuntimeUITests.xctest' started at 2026-09-16 16:55:54.608.
Test Suite 'NavRuntimeUITests' started at 2026-09-16 16:55:54.608.
Test Case '-[NavRuntimeUITests.NavRuntimeUITests testRepereDansWoopSurSeanceExistante]' started.
    t =     0.00s Start Test at 2026-09-16 16:55:54.609
    t =     0.02s Set Up
    t =     0.03s Open fr.kathryn.woop
    t =     0.03s     Activate fr.kathryn.woop
    t =     0.05s         Wait for fr.kathryn.woop to idle
2026-09-16 16:55:54.836 xcodebuild[92152:16330821] [MT] IDERunDestination: Supported platforms for the buildables in the current scheme is empty.
    t =     3.07s Find the Application 'fr.kathryn.woop'
    t =     3.40s Added attachment named 'physique-repere-depart'
    t =     3.40s Checking existence of `"ile-seance-home" Button`
    t =     3.45s Checking existence of `"seance-ile" Any`
    t =     3.48s Checking existence of `"seance-pastille" Any`
    t =     3.52s Checking existence of `"seance-detail" Any`
    t =     3.55s Find the "pull to start" StaticText
/tmp/woop-ile47-runtime/NavRuntimeUITests.swift:71: -[NavRuntimeUITests.NavRuntimeUITests testRepereDansWoopSurSeanceExistante] : Test skipped - Home sans séance active ; aucune séance créée par le banc.
    t =     3.59s Tear Down
Test Case '-[NavRuntimeUITests.NavRuntimeUITests testRepereDansWoopSurSeanceExistante]' skipped (3.599 seconds).
Test Suite 'NavRuntimeUITests' passed at 2026-09-16 16:55:58.208.
	 Executed 1 test, with 1 test skipped and 0 failures (0 unexpected) in 3.599 (3.600) seconds
Test Suite 'NavRuntimeUITests.xctest' passed at 2026-09-16 16:55:58.213.
	 Executed 1 test, with 1 test skipped and 0 failures (0 unexpected) in 3.599 (3.605) seconds
Test Suite 'Selected tests' passed at 2026-09-16 16:55:58.214.
	 Executed 1 test, with 1 test skipped and 0 failures (0 unexpected) in 3.599 (3.606) seconds
2026-09-16 16:55:58.383 xcodebuild[92152:16330821] [MT] IDERunDestination: Supported platforms for the buildables in the current scheme is empty.
2026-09-16 16:55:58.522 xcodebuild[92152:16330821] [MT] IDETestOperationsObserverDebug: 6.518 elapsed -- Testing started completed.
2026-09-16 16:55:58.522 xcodebuild[92152:16330821] [MT] IDETestOperationsObserverDebug: 0.000 sec, +0.000 sec -- start
2026-09-16 16:55:58.522 xcodebuild[92152:16330821] [MT] IDETestOperationsObserverDebug: 6.518 sec, +6.518 sec -- end

Test session results, code coverage, and logs:
	/tmp/woop-ile49-physique-seance.xcresult

** TEST EXECUTE SUCCEEDED **

Testing started
