Command line invocation:
    /Applications/Xcode.app/Contents/Developer/usr/bin/xcodebuild test-without-building -xctestrun /tmp/woop-ile-20260916-dd/Build/Products/WoopUITests_iphonesimulator26.5-arm64.xctestrun -destination "platform=iOS Simulator,id=AA36EA2C-0220-4292-9190-A78E13C759AE" -parallel-testing-enabled NO -resultBundlePath /tmp/woop-ile-native46-retours.xcresult "-only-testing:WoopUITests/IleNativeUITests"

2026-09-16 15:07:32.724 xcodebuild[67581:16043375] [MT] IDERunDestination: Supported platforms for the buildables in the current scheme is empty.
Writing result bundle at path:
	/tmp/woop-ile-native46-retours.xcresult

2026-09-16 15:07:32.767 xcodebuild[67581:16043375] [MT] IDERunDestination: Supported platforms for the buildables in the current scheme is empty.
2026-09-16 15:07:34.390 xcodebuild[67581:16043375] [MT] IDERunDestination: Supported platforms for the buildables in the current scheme is empty.
2026-09-16 15:07:35.040 xcodebuild[67581:16043375] [MT] IDERunDestination: Supported platforms for the buildables in the current scheme is empty.
2026-09-16 15:07:36.600134+0200 WoopUITests-Runner[67590:16043763] [Default] Running tests...
    t =      nans Interface orientation changed to Portrait
Test Suite 'Selected tests' started at 2026-09-16 15:07:37.448.
Test Suite 'WoopUITests.xctest' started at 2026-09-16 15:07:37.449.
Test Suite 'IleNativeUITests' started at 2026-09-16 15:07:37.449.
Test Case '-[WoopUITests.IleNativeUITests test01_agrandissementNatifPuisRetourPastilleProfil]' started.
    t =     0.00s Start Test at 2026-09-16 15:07:37.450
    t =     0.03s Set Up
    t =     0.03s Open fr.kathryn.woop
    t =     0.04s     Launch fr.kathryn.woop
2026-09-16 15:07:37.759 xcodebuild[67581:16043375] [MT] IDELaunchParametersSnapshot: The operation couldn’t be completed. (DebuggerLLDB.DebuggerVersionStore.StoreError error 0.)
2026-09-16 15:07:37.759 xcodebuild[67581:16043375] [MT] IDELaunchParametersSnapshot: no debugger version
objc[67590]: Class UIAccessibilityLoaderWebShared is implemented in both /Library/Developer/CoreSimulator/Volumes/iOS_23F77/Library/Developer/CoreSimulator/Profiles/Runtimes/iOS 26.5.simruntime/Contents/Resources/RuntimeRoot/System/Library/AccessibilityBundles/WebCore.axbundle/WebCore (0x105fbc310) and /Library/Developer/CoreSimulator/Volumes/iOS_23F77/Library/Developer/CoreSimulator/Profiles/Runtimes/iOS 26.5.simruntime/Contents/Resources/RuntimeRoot/System/Library/AccessibilityBundles/WebKit.axbundle/WebKit (0x105f40398). This may cause spurious casting failures and mysterious crashes. One of the duplicates must be removed or renamed.
    t =     1.89s         Setting up automation session
    t =     3.55s         Wait for fr.kathryn.woop to idle
    t =     7.66s Waiting 60.0s for "fouettage-pilule-sonde" Any to exist
    t =     8.70s     Checking `Expect predicate `existsNoRetry == 1` for object "fouettage-pilule-sonde" Any`
    t =     8.70s         Checking existence of `"fouettage-pilule-sonde" Any`
    t =     8.83s Find the "fouettage-pilule-sonde" Any
    t =     8.89s Find the "fouettage-pilule-sonde" Any
ILE-NATIVE lancement profile : navVis=0;navH=42;mini=0;page=profil;seance=0;dansIle=1;enDrag=0;enVol=0;yRatio=0.820;gp=0;ile=1;navCachee=0;drag=0;chg=0;tap=0;out=0;stop=0
    t =     8.94s Checking existence of `"fouettage-ile" Any`
    t =     9.55s Checking existence of `"ile-seance-home" Button`
    t =     9.64s Checking existence of `"fouettage-pilule" Any`
    t =    10.09s Find the Target Application 'fr.kathryn.woop'
    t =    10.36s Added attachment named 'app-profile-sans-fausse-ile'
    t =    10.36s Pressing Home button
    t =    10.84s Waiting 12.0s for Any (First Match) to exist
    t =    11.89s     Checking `Expect predicate `existsNoRetry == 1` for object Any (First Match)`
    t =    11.89s         Checking existence of `Any (First Match)`
    t =    12.05s Requesting snapshot of accessibility hierarchy for app with pid 65732
    t =    12.91s Requesting snapshot of accessibility hierarchy for app with pid 65732
    t =    13.00s Added attachment named 'arbre-SpringBoard'
    t =    13.00s Find the Application 'com.apple.springboard'
    t =    13.25s Added attachment named 'ile-native-compacte'
    t =    13.26s Find the Application 'com.apple.springboard'
    t =    13.30s Press Application 'com.apple.springboard'[0.00, 0.00] -> (196.5, 30.0) for 1.2 seconds
    t =    13.30s     Wait for com.apple.springboard to idle
    t =    13.31s     Find the Application 'com.apple.springboard'
    t =    13.35s     Check for interrupting elements affecting " " Application
    t =    13.40s     Synthesize event
    t =    13.40s         Find the Application 'com.apple.springboard'
    t =    13.44s         Find the Application 'com.apple.springboard'
    t =    13.48s         Find the Application 'com.apple.springboard'
    t =    14.94s     Wait for com.apple.springboard to idle
    t =    15.65s Waiting 6.0s for "Séance" StaticText to exist
    t =    16.68s     Checking `Expect predicate `existsNoRetry == 1` for object "Séance" StaticText`
    t =    16.68s         Checking existence of `"Séance" StaticText`
    t =    16.74s Find the Application 'com.apple.springboard'
    t =    16.97s Added attachment named 'ile-native-agrandie'
    t =    16.97s Tap Application 'com.apple.springboard'[0.50, 0.50]
    t =    16.97s     Wait for com.apple.springboard to idle
    t =    16.98s     Find the Application 'com.apple.springboard'
    t =    17.02s     Check for interrupting elements affecting " " Application
    t =    17.06s     Synthesize event
    t =    17.07s         Find the Application 'com.apple.springboard'
    t =    17.17s         Find the Application 'com.apple.springboard'
    t =    17.22s         Find the Application 'com.apple.springboard'
    t =    17.54s     Wait for com.apple.springboard to idle
    t =    19.42s Find the Application 'com.apple.springboard'
    t =    19.46s Tap Application 'com.apple.springboard'[0.00, 0.00] -> (196.5, 30.0)
    t =    19.46s     Wait for com.apple.springboard to idle
    t =    19.46s     Find the Application 'com.apple.springboard'
    t =    19.50s     Check for interrupting elements affecting " " Application
    t =    19.54s     Synthesize event
    t =    19.55s         Find the Application 'com.apple.springboard'
    t =    19.58s         Find the Application 'com.apple.springboard'
    t =    19.61s         Find the Application 'com.apple.springboard'
    t =    19.95s     Wait for com.apple.springboard to idle
    t =    22.10s Wait for fr.kathryn.woop to become Running Foreground
    t =    22.10s Find the "fouettage-pilule-sonde" Any
    t =    22.29s Find the "fouettage-pilule-sonde" Any
    t =    22.49s Find the "fouettage-pilule-sonde" Any
    t =    22.69s Find the "fouettage-pilule-sonde" Any
    t =    22.88s Find the "fouettage-pilule-sonde" Any
    t =    23.08s Find the "fouettage-pilule-sonde" Any
    t =    23.27s Find the "fouettage-pilule-sonde" Any
    t =    23.45s Find the "fouettage-pilule-sonde" Any
    t =    23.66s Find the "fouettage-pilule-sonde" Any
    t =    23.85s Find the "fouettage-pilule-sonde" Any
    t =    24.04s Find the "fouettage-pilule-sonde" Any
    t =    24.25s Find the "fouettage-pilule-sonde" Any
    t =    24.44s Find the "fouettage-pilule-sonde" Any
    t =    24.63s Find the "fouettage-pilule-sonde" Any
    t =    24.82s Find the "fouettage-pilule-sonde" Any
    t =    25.01s Find the "fouettage-pilule-sonde" Any
    t =    25.20s Find the "fouettage-pilule-sonde" Any
    t =    25.38s Find the "fouettage-pilule-sonde" Any
    t =    25.57s Find the "fouettage-pilule-sonde" Any
    t =    25.77s Find the "fouettage-pilule-sonde" Any
    t =    25.95s Find the "fouettage-pilule-sonde" Any
    t =    26.16s Find the "fouettage-pilule-sonde" Any
    t =    26.35s Find the "fouettage-pilule-sonde" Any
    t =    26.55s Find the "fouettage-pilule-sonde" Any
    t =    26.74s Find the "fouettage-pilule-sonde" Any
    t =    26.93s Find the "fouettage-pilule-sonde" Any
    t =    27.13s Find the "fouettage-pilule-sonde" Any
    t =    27.32s Find the "fouettage-pilule-sonde" Any
    t =    27.50s Find the "fouettage-pilule-sonde" Any
    t =    27.69s Find the "fouettage-pilule-sonde" Any
    t =    27.88s Find the "fouettage-pilule-sonde" Any
    t =    28.06s Find the "fouettage-pilule-sonde" Any
    t =    28.25s Find the "fouettage-pilule-sonde" Any
    t =    28.51s Find the "fouettage-pilule-sonde" Any
    t =    28.87s Find the "fouettage-pilule-sonde" Any
    t =    29.06s Find the "fouettage-pilule-sonde" Any
    t =    29.24s Find the "fouettage-pilule-sonde" Any
    t =    29.43s Find the "fouettage-pilule-sonde" Any
    t =    29.62s Find the "fouettage-pilule-sonde" Any
    t =    29.81s Find the "fouettage-pilule-sonde" Any
    t =    29.99s Find the "fouettage-pilule-sonde" Any
    t =    30.17s Find the "fouettage-pilule-sonde" Any
    t =    30.36s Find the "fouettage-pilule-sonde" Any
    t =    30.56s Find the "fouettage-pilule-sonde" Any
    t =    30.75s Find the "fouettage-pilule-sonde" Any
    t =    30.95s Find the "fouettage-pilule-sonde" Any
    t =    31.15s Find the "fouettage-pilule-sonde" Any
    t =    31.35s Find the "fouettage-pilule-sonde" Any
    t =    31.57s Find the "fouettage-pilule-sonde" Any
    t =    31.79s Find the "fouettage-pilule-sonde" Any
    t =    32.00s Find the "fouettage-pilule-sonde" Any
/tmp/woop-ile-20260916-banc/WoopUITests/IleNativeUITests.swift:65: error: -[WoopUITests.IleNativeUITests test01_agrandissementNatifPuisRetourPastilleProfil] : XCTAssertTrue failed
    t =    32.23s Tear Down
Test Case '-[WoopUITests.IleNativeUITests test01_agrandissementNatifPuisRetourPastilleProfil]' failed (32.629 seconds).
Test Case '-[WoopUITests.IleNativeUITests test02_homeTapNatifOuvreLeDetail]' started.
    t =     0.00s Start Test at 2026-09-16 15:08:10.079
    t =     0.02s Set Up
    t =     0.03s Open fr.kathryn.woop
    t =     0.04s     Launch fr.kathryn.woop
    t =     0.04s         Terminate fr.kathryn.woop:67603
2026-09-16 15:08:11.217 xcodebuild[67581:16043375] [MT] IDELaunchParametersSnapshot: The operation couldn’t be completed. (DebuggerLLDB.DebuggerVersionStore.StoreError error 0.)
2026-09-16 15:08:11.217 xcodebuild[67581:16043375] [MT] IDELaunchParametersSnapshot: no debugger version
    t =     1.59s         Setting up automation session
    t =     3.27s         Wait for fr.kathryn.woop to idle
    t =     5.70s Waiting 60.0s for "fouettage-pilule-sonde" Any to exist
    t =     6.73s     Checking `Expect predicate `existsNoRetry == 1` for object "fouettage-pilule-sonde" Any`
    t =     6.73s         Checking existence of `"fouettage-pilule-sonde" Any`
    t =     6.84s Find the "fouettage-pilule-sonde" Any
    t =     6.88s Find the "fouettage-pilule-sonde" Any
ILE-NATIVE lancement home : navVis=1;navH=42;mini=0;page=home;seance=1;dansIle=1;enDrag=0;enVol=0;yRatio=0.820;gp=0;ile=1;navCachee=0;drag=0;chg=0;tap=0;out=0;stop=0
    t =     6.93s Checking existence of `"fouettage-ile" Any`
    t =     7.10s Checking existence of `"ile-seance-home" Button`
    t =     7.15s Checking existence of `"fouettage-pilule" Any`
    t =     7.31s Find the Target Application 'fr.kathryn.woop'
    t =     7.53s Added attachment named 'app-home-sans-fausse-ile'
    t =     7.53s Pressing Home button
    t =     8.00s Waiting 12.0s for Any (First Match) to exist
    t =     9.03s     Checking `Expect predicate `existsNoRetry == 1` for object Any (First Match)`
    t =     9.04s         Checking existence of `Any (First Match)`
    t =     9.36s Requesting snapshot of accessibility hierarchy for app with pid 65732
    t =    10.22s Requesting snapshot of accessibility hierarchy for app with pid 65732
    t =    10.32s Added attachment named 'arbre-SpringBoard'
    t =    10.32s Find the Application 'com.apple.springboard'
    t =    10.57s Added attachment named 'ile-native-compacte'
    t =    10.57s Find the Application 'com.apple.springboard'
    t =    10.61s Tap Application 'com.apple.springboard'[0.00, 0.00] -> (196.5, 30.0)
    t =    10.61s     Wait for com.apple.springboard to idle
    t =    10.61s     Find the Application 'com.apple.springboard'
    t =    10.65s     Check for interrupting elements affecting " " Application
    t =    10.70s     Synthesize event
    t =    10.71s         Find the Application 'com.apple.springboard'
    t =    10.74s         Find the Application 'com.apple.springboard'
    t =    10.79s         Find the Application 'com.apple.springboard'
    t =    11.12s     Wait for com.apple.springboard to idle
    t =    12.78s Wait for fr.kathryn.woop to become Running Foreground
    t =    12.78s Waiting 10.0s for "fouettage-grand-player" Any to exist
    t =    13.82s     Checking `Expect predicate `existsNoRetry == 1` for object "fouettage-grand-player" Any`
    t =    13.82s         Checking existence of `"fouettage-grand-player" Any`
    t =    14.15s         Capturing element debug description
    t =    14.79s     Checking `Expect predicate `existsNoRetry == 1` for object "fouettage-grand-player" Any`
    t =    14.79s         Checking existence of `"fouettage-grand-player" Any`
    t =    15.35s         Capturing element debug description
    t =    15.87s     Checking `Expect predicate `existsNoRetry == 1` for object "fouettage-grand-player" Any`
    t =    15.87s         Checking existence of `"fouettage-grand-player" Any`
    t =    16.00s         Capturing element debug description
    t =    16.82s     Checking `Expect predicate `existsNoRetry == 1` for object "fouettage-grand-player" Any`
    t =    16.82s         Checking existence of `"fouettage-grand-player" Any`
    t =    16.93s         Capturing element debug description
    t =    17.84s     Checking `Expect predicate `existsNoRetry == 1` for object "fouettage-grand-player" Any`
    t =    17.84s         Checking existence of `"fouettage-grand-player" Any`
    t =    17.95s         Capturing element debug description
    t =    18.88s     Checking `Expect predicate `existsNoRetry == 1` for object "fouettage-grand-player" Any`
    t =    18.88s         Checking existence of `"fouettage-grand-player" Any`
    t =    19.00s         Capturing element debug description
    t =    19.83s     Checking `Expect predicate `existsNoRetry == 1` for object "fouettage-grand-player" Any`
    t =    19.83s         Checking existence of `"fouettage-grand-player" Any`
    t =    20.01s         Capturing element debug description
    t =    20.83s     Checking `Expect predicate `existsNoRetry == 1` for object "fouettage-grand-player" Any`
    t =    20.83s         Checking existence of `"fouettage-grand-player" Any`
    t =    20.99s         Capturing element debug description
    t =    21.80s     Checking `Expect predicate `existsNoRetry == 1` for object "fouettage-grand-player" Any`
    t =    21.80s         Checking existence of `"fouettage-grand-player" Any`
    t =    21.97s         Capturing element debug description
    t =    22.78s     Checking `Expect predicate `existsNoRetry == 1` for object "fouettage-grand-player" Any`
    t =    22.78s         Checking existence of `"fouettage-grand-player" Any`
    t =    22.92s         Capturing element debug description
    t =    22.92s     Checking existence of `"fouettage-grand-player" Any`
    t =    23.07s Collecting debug information to assist test failure triage
    t =    23.07s     Requesting snapshot of accessibility hierarchy for app with pid 67697
    t =    23.12s Find the "fouettage-pilule-sonde" Any
/tmp/woop-ile-20260916-banc/WoopUITests/IleNativeUITests.swift:85: error: -[WoopUITests.IleNativeUITests test02_homeTapNatifOuvreLeDetail] : XCTAssertTrue failed - Retour Home : navVis=1;navH=42;mini=0;page=home;seance=1;dansIle=1;enDrag=0;enVol=0;yRatio=0.820;gp=0;ile=1;navCachee=0;drag=0;chg=0;tap=0;out=0;stop=0
    t =    23.16s Tear Down
Test Case '-[WoopUITests.IleNativeUITests test02_homeTapNatifOuvreLeDetail]' failed (23.396 seconds).
Test Suite 'IleNativeUITests' failed at 2026-09-16 15:08:33.476.
	 Executed 2 tests, with 2 failures (0 unexpected) in 56.025 (56.027) seconds
Test Suite 'WoopUITests.xctest' failed at 2026-09-16 15:08:33.476.
	 Executed 2 tests, with 2 failures (0 unexpected) in 56.025 (56.028) seconds
Test Suite 'Selected tests' failed at 2026-09-16 15:08:33.477.
	 Executed 2 tests, with 2 failures (0 unexpected) in 56.025 (56.029) seconds
2026-09-16 15:08:49.861 xcodebuild[67581:16043375] [MT] IDETestOperationsObserverDebug: 75.439 elapsed -- Testing started completed.
2026-09-16 15:08:49.861 xcodebuild[67581:16043375] [MT] IDETestOperationsObserverDebug: 0.000 sec, +0.000 sec -- start
2026-09-16 15:08:49.861 xcodebuild[67581:16043375] [MT] IDETestOperationsObserverDebug: 75.439 sec, +75.439 sec -- end

Test session results, code coverage, and logs:
	/tmp/woop-ile-native46-retours.xcresult

Failing tests:
	IleNativeUITests.test01_agrandissementNatifPuisRetourPastilleProfil()
	IleNativeUITests.test02_homeTapNatifOuvreLeDetail()

** TEST EXECUTE FAILED **

Testing started
