
> woop-chambre-des-machines@2.0.0 artefact
> next build && node scripts/inliner.mjs

▲ Next.js 16.3.3 (Turbopack)
✓ Running next.config.ts took 54ms

  Creating an optimized production build ...
✓ Compiled successfully in 296ms
  Running TypeScript ...
  Finished TypeScript in 1720ms ...
  Collecting page data using 5 workers ...
  Generating static pages using 5 workers (0/4) ...
  Generating static pages using 5 workers (1/4)
  Generating static pages using 5 workers (2/4)
  Generating static pages using 5 workers (3/4)
✓ Generating static pages using 5 workers (4/4) in 1102ms
  Finalizing page optimization ...

Route (app)
┌ ○ /
├ ○ /_not-found
└ ○ /icon.svg


○  (Static)  prerendered as static content

inliner : /private/tmp/nosfy-cartes-scellement-20260918/docs/site/out/index.html
   retirés  : 24 <script> · 7 <link> · 0 attributs Next · 247 commentaires RSC · 1 meta
   inlinés  : 1 feuille(s) (47334 o) · 1 url() (99780 o) · 59 média(s) (505264 o) · site.js (9066 o)
   titre    : Documentation Woop
   livrable : /private/tmp/nosfy-cartes-scellement-20260918/docs/site/index.html · 1906108 o (1.91 Mo) · 1 <script>
   ✔ écrit
