
> nosfy-chambre-des-machines@2.0.0 artefact
> next build && node scripts/inliner.mjs

▲ Next.js 16.3.3 (Turbopack)
✓ Running next.config.ts took 179ms

  Creating an optimized production build ...
✓ Compiled successfully in 1726ms
  Running TypeScript ...
  Finished TypeScript in 9.3s ...
  Collecting page data using 5 workers ...
  Generating static pages using 5 workers (0/4) ...
  Generating static pages using 5 workers (1/4) 
  Generating static pages using 5 workers (2/4) 
  Generating static pages using 5 workers (3/4) 
✓ Generating static pages using 5 workers (4/4) in 2.7s
  Finalizing page optimization ...

Route (app)
┌ ○ /
├ ○ /_not-found
└ ○ /icon.svg


○  (Static)  prerendered as static content

inliner : /Users/kathryn/Desktop/Nosfy/docs/site/out/index.html
   retirés  : 24 <script> · 7 <link> · 0 attributs Next · 273 commentaires RSC · 1 meta
   inlinés  : 1 feuille(s) (47334 o) · 1 url() (99780 o) · 58 média(s) (383018 o) · site.js (9066 o)
   titre    : Documentation Nosfy
   livrable : /Users/kathryn/Desktop/Nosfy/docs/site/index.html · 1765244 o (1.77 Mo) · 1 <script>
   ✔ écrit
