Command line invocation:
    /Applications/Xcode.app/Contents/Developer/usr/bin/xcodebuild test-without-building -xctestrun /tmp/woop-stories71-runtime-dd/Build/Products/NavRuntimeUITests_iphonesimulator26.5-arm64-x86_64.xctestrun -destination "platform=iOS Simulator,id=E500AB23-1A6D-47B4-8506-8D3922038DD4" -parallel-testing-enabled NO "-only-testing:NavRuntimeUITests/NavRuntimeUITests/testAStoriesFrancaisesEtAnglaises" "-only-testing:NavRuntimeUITests/NavRuntimeUITests/testBExceptionsDansLesDeuxLangues" -resultBundlePath /tmp/woop-stories73-langues-sim.xcresult

2026-09-18 08:57:24.910 xcodebuild[24781:18443962] [MT] IDERunDestination: Supported platforms for the buildables in the current scheme is empty.
Writing result bundle at path:
	/tmp/woop-stories73-langues-sim.xcresult

2026-09-18 08:57:24.934 xcodebuild[24781:18443962] [MT] IDERunDestination: Supported platforms for the buildables in the current scheme is empty.
2026-09-18 08:57:25.478 xcodebuild[24781:18443962] [MT] IDERunDestination: Supported platforms for the buildables in the current scheme is empty.
2026-09-18 08:57:29.841759+0200 NavRuntimeUITests-Runner[24840:18444444] [Default] Running tests...
2026-09-18 08:57:29.896230+0200 NavRuntimeUITests-Runner[24840:18444524] [General] Failed to send CA Event for app launch measurements for ca_event_type: 0 event_name: com.apple.app_launch_measurement.FirstFramePresentationMetric
2026-09-18 08:57:29.939329+0200 NavRuntimeUITests-Runner[24840:18444524] [General] Failed to send CA Event for app launch measurements for ca_event_type: 1 event_name: com.apple.app_launch_measurement.ExtendedLaunchMetrics
objc[24840]: Class UIAccessibilityLoaderWebShared is implemented in both /Library/Developer/CoreSimulator/Volumes/iOS_23F77/Library/Developer/CoreSimulator/Profiles/Runtimes/iOS 26.5.simruntime/Contents/Resources/RuntimeRoot/System/Library/AccessibilityBundles/WebCore.axbundle/WebCore (0x107808310) and /Library/Developer/CoreSimulator/Volumes/iOS_23F77/Library/Developer/CoreSimulator/Profiles/Runtimes/iOS 26.5.simruntime/Contents/Resources/RuntimeRoot/System/Library/AccessibilityBundles/WebKit.axbundle/WebKit (0x106078398). This may cause spurious casting failures and mysterious crashes. One of the duplicates must be removed or renamed.
    t =      nans Interface orientation changed to Portrait
Test Suite 'Selected tests' started at 2026-09-18 08:57:37.660.
Test Suite 'NavRuntimeUITests.xctest' started at 2026-09-18 08:57:37.661.
Test Suite 'NavRuntimeUITests' started at 2026-09-18 08:57:37.662.
Test Case '-[NavRuntimeUITests.NavRuntimeUITests testAStoriesFrancaisesEtAnglaises]' started.
    t =     0.00s Start Test at 2026-09-18 08:57:37.665
    t =     0.47s Set Up
THERMIQUE IPHONE: 0
    t =     0.49s Open fr.kathryn.woop
    t =     0.49s     Launch fr.kathryn.woop
2026-09-18 08:57:38.179 xcodebuild[24781:18443962] [MT] IDERunDestination: Supported platforms for the buildables in the current scheme is empty.
    t =     0.73s         Setting up automation session
2026-09-18 08:57:39.567 xcodebuild[24781:18443962] [MT] IDERunDestination: Supported platforms for the buildables in the current scheme is empty.
    t =     2.25s         Wait for fr.kathryn.woop to idle
    t =     4.16s Waiting 12.0s for "glisse vers le haut" StaticText to exist
    t =     5.19s     Checking `Expect predicate `existsNoRetry == 1` for object "glisse vers le haut" StaticText`
    t =     5.19s         Checking existence of `"glisse vers le haut" StaticText`
    t =     5.27s Press Application 'fr.kathryn.woop'[0.50, 0.58] for 0.1 seconds, then drag to Application 'fr.kathryn.woop'[0.50, 0.27] with velocity of 500.00 pixels per second, and then hold for 0.0 seconds 
    t =     5.27s     Wait for fr.kathryn.woop to idle
    t =     5.28s     Find the Application 'fr.kathryn.woop'
    t =     5.30s     Check for interrupting elements affecting "Woop" Application
    t =     5.33s     Synthesize event
    t =     5.33s         Find the Application 'fr.kathryn.woop'
    t =     5.34s         Find the Application 'fr.kathryn.woop'
    t =     5.36s         Find the Application 'fr.kathryn.woop'
    t =     5.37s         Find the Application 'fr.kathryn.woop'
    t =     5.38s         Find the Application 'fr.kathryn.woop'
    t =     6.34s     Wait for fr.kathryn.woop to idle
    t =     6.62s Waiting 5.0s for "story-etat" StaticText to exist
    t =     7.66s     Checking `Expect predicate `existsNoRetry == 1` for object "story-etat" StaticText`
    t =     7.66s         Checking existence of `"story-etat" StaticText`
    t =    13.69s Checking existence of `"Résumé" StaticText`
    t =    13.72s Checking existence of `"votre séance" StaticText`
    t =    13.75s Checking existence of `"du 12 janvier" StaticText`
    t =    13.77s Find the Application 'fr.kathryn.woop'
    t =    14.05s Added attachment named 'fr-resume'
    t =    14.05s Tap Application 'fr.kathryn.woop'[0.85, 0.09]
    t =    14.05s     Wait for fr.kathryn.woop to idle
    t =    14.06s     Find the Application 'fr.kathryn.woop'
    t =    14.09s     Check for interrupting elements affecting "Woop" Application
    t =    14.12s     Synthesize event
    t =    14.13s         Find the Application 'fr.kathryn.woop'
    t =    14.15s         Find the Application 'fr.kathryn.woop'
    t =    14.18s         Find the Application 'fr.kathryn.woop'
    t =    14.50s     Wait for fr.kathryn.woop to idle
    t =    14.64s Find the "story-etat" StaticText
    t =    14.68s Checking existence of `"Détails" StaticText`
    t =    14.72s Waiting 3.0s for "Woodchopper poulie haute" StaticText to exist
    t =    15.75s     Checking `Expect predicate `existsNoRetry == 1` for object "Woodchopper poulie haute" StaticText`
    t =    15.75s         Checking existence of `"Woodchopper poulie haute" StaticText`
    t =    15.78s Find the Application 'fr.kathryn.woop'
    t =    16.03s Added attachment named 'fr-details'
    t =    16.04s Tap Application 'fr.kathryn.woop'[0.85, 0.09]
    t =    16.04s     Wait for fr.kathryn.woop to idle
    t =    16.04s     Find the Application 'fr.kathryn.woop'
    t =    16.07s     Check for interrupting elements affecting "Woop" Application
    t =    16.11s     Synthesize event
    t =    16.11s         Find the Application 'fr.kathryn.woop'
    t =    16.14s         Find the Application 'fr.kathryn.woop'
    t =    16.16s         Find the Application 'fr.kathryn.woop'
    t =    16.48s     Wait for fr.kathryn.woop to idle
    t =    16.48s Find the "story-etat" StaticText
    t =    18.52s Get all elements bound by index for: Descendants matching type StaticText
    t =    18.55s Find the StaticText (Element at index 0)
    t =    18.57s Find the StaticText (Element at index 1)
    t =    18.60s Find the StaticText (Element at index 2)
    t =    18.64s Find the StaticText (Element at index 3)
    t =    18.67s Find the StaticText (Element at index 4)
    t =    18.69s Find the StaticText (Element at index 5)
    t =    18.73s Find the StaticText (Element at index 6)
    t =    18.76s Find the StaticText (Element at index 7)
ANALYSE fr: CHEF
Belle poussée.
32 kg sur
développé,
votre meilleure série,
18 séries en 42 min.
Continuez ainsi.
page=2;pause=0
/tmp/woop-stories71-runtime/NavRuntimeUITests.swift:45: error: -[NavRuntimeUITests.NavRuntimeUITests testAStoriesFrancaisesEtAnglaises] : XCTAssertTrue failed
    t =    19.70s Tear Down
Test Case '-[NavRuntimeUITests.NavRuntimeUITests testAStoriesFrancaisesEtAnglaises]' failed (20.025 seconds).
Test Case '-[NavRuntimeUITests.NavRuntimeUITests testBExceptionsDansLesDeuxLangues]' started.
    t =     0.00s Start Test at 2026-09-18 08:57:57.692
    t =     0.04s Set Up
THERMIQUE IPHONE: 0
    t =     0.04s Open fr.kathryn.woop
    t =     0.05s     Launch fr.kathryn.woop
    t =     0.05s         Terminate fr.kathryn.woop:24865
    t =     1.29s         Setting up automation session
    t =     2.33s         Wait for fr.kathryn.woop to idle
    t =     3.84s Waiting 15.0s for "Meilleur cardio" StaticText to exist
    t =     4.88s     Checking `Expect predicate `existsNoRetry == 1` for object "Meilleur cardio" StaticText`
    t =     4.88s         Checking existence of `"Meilleur cardio" StaticText`
    t =     4.96s         Capturing element debug description
    t =     5.90s     Checking `Expect predicate `existsNoRetry == 1` for object "Meilleur cardio" StaticText`
    t =     5.90s         Checking existence of `"Meilleur cardio" StaticText`
    t =     5.91s         Capturing element debug description
    t =     6.85s     Checking `Expect predicate `existsNoRetry == 1` for object "Meilleur cardio" StaticText`
    t =     6.85s         Checking existence of `"Meilleur cardio" StaticText`
    t =     6.85s         Capturing element debug description
    t =     7.89s     Checking `Expect predicate `existsNoRetry == 1` for object "Meilleur cardio" StaticText`
    t =     7.89s         Checking existence of `"Meilleur cardio" StaticText`
    t =    14.91s Find the Application 'fr.kathryn.woop'
    t =    15.36s Added attachment named 'fr-storyTop'
    t =    15.36s Terminate fr.kathryn.woop:24940
THERMIQUE IPHONE: 0
    t =    16.46s Open fr.kathryn.woop
    t =    16.46s     Launch fr.kathryn.woop
    t =    16.66s         Setting up automation session
    t =    17.93s         Wait for fr.kathryn.woop to idle
    t =    19.41s Waiting 15.0s for "Top Lifting" StaticText to exist
    t =    20.45s     Checking `Expect predicate `existsNoRetry == 1` for object "Top Lifting" StaticText`
    t =    20.45s         Checking existence of `"Top Lifting" StaticText`
    t =    20.53s         Capturing element debug description
    t =    21.46s     Checking `Expect predicate `existsNoRetry == 1` for object "Top Lifting" StaticText`
    t =    21.46s         Checking existence of `"Top Lifting" StaticText`
    t =    21.48s         Capturing element debug description
    t =    22.41s     Checking `Expect predicate `existsNoRetry == 1` for object "Top Lifting" StaticText`
    t =    22.41s         Checking existence of `"Top Lifting" StaticText`
    t =    22.42s         Capturing element debug description
    t =    23.46s     Checking `Expect predicate `existsNoRetry == 1` for object "Top Lifting" StaticText`
    t =    23.46s         Checking existence of `"Top Lifting" StaticText`
    t =    30.50s Find the Application 'fr.kathryn.woop'
    t =    30.91s Added attachment named 'en-storyTopMuscu'
    t =    30.91s Terminate fr.kathryn.woop:24976
THERMIQUE IPHONE: 0
    t =    31.98s Open fr.kathryn.woop
    t =    31.98s     Launch fr.kathryn.woop
    t =    32.22s         Setting up automation session
    t =    33.61s         Wait for fr.kathryn.woop to idle
    t =    35.42s Waiting 15.0s for "Double séance" StaticText to exist
    t =    36.45s     Checking `Expect predicate `existsNoRetry == 1` for object "Double séance" StaticText`
    t =    36.45s         Checking existence of `"Double séance" StaticText`
    t =    36.52s         Capturing element debug description
    t =    37.45s     Checking `Expect predicate `existsNoRetry == 1` for object "Double séance" StaticText`
    t =    37.46s         Checking existence of `"Double séance" StaticText`
    t =    37.47s         Capturing element debug description
    t =    38.50s     Checking `Expect predicate `existsNoRetry == 1` for object "Double séance" StaticText`
    t =    38.50s         Checking existence of `"Double séance" StaticText`
    t =    45.56s Find the Application 'fr.kathryn.woop'
    t =    46.00s Added attachment named 'fr-storyDouble'
    t =    46.00s Terminate fr.kathryn.woop:25020
THERMIQUE IPHONE: 0
    t =    47.08s Open fr.kathryn.woop
    t =    47.08s     Launch fr.kathryn.woop
    t =    47.58s         Setting up automation session
    t =    48.66s         Wait for fr.kathryn.woop to idle
    t =    50.23s Waiting 15.0s for "Double day" StaticText to exist
    t =    51.25s     Checking `Expect predicate `existsNoRetry == 1` for object "Double day" StaticText`
    t =    51.25s         Checking existence of `"Double day" StaticText`
    t =    51.36s         Capturing element debug description
    t =    52.29s     Checking `Expect predicate `existsNoRetry == 1` for object "Double day" StaticText`
    t =    52.29s         Checking existence of `"Double day" StaticText`
    t =    52.30s         Capturing element debug description
    t =    53.23s     Checking `Expect predicate `existsNoRetry == 1` for object "Double day" StaticText`
    t =    53.23s         Checking existence of `"Double day" StaticText`
    t =    53.24s         Capturing element debug description
    t =    54.27s     Checking `Expect predicate `existsNoRetry == 1` for object "Double day" StaticText`
    t =    54.27s         Checking existence of `"Double day" StaticText`
    t =    61.30s Find the Application 'fr.kathryn.woop'
    t =    61.69s Added attachment named 'en-storyDouble'
    t =    61.70s Terminate fr.kathryn.woop:25062
    t =    62.71s Terminate fr.kathryn.woop:0
    t =    62.71s Tear Down
Test Case '-[NavRuntimeUITests.NavRuntimeUITests testBExceptionsDansLesDeuxLangues]' passed (62.996 seconds).
Test Suite 'NavRuntimeUITests' failed at 2026-09-18 08:59:00.688.
	 Executed 2 tests, with 1 failure (0 unexpected) in 83.021 (83.026) seconds
Test Suite 'NavRuntimeUITests.xctest' failed at 2026-09-18 08:59:00.689.
	 Executed 2 tests, with 1 failure (0 unexpected) in 83.021 (83.027) seconds
Test Suite 'Selected tests' failed at 2026-09-18 08:59:00.689.
	 Executed 2 tests, with 1 failure (0 unexpected) in 83.021 (83.029) seconds
2026-09-18 08:59:27.831 xcodebuild[24781:18443962] [MT] IDETestOperationsObserverDebug: 122.343 elapsed -- Testing started completed.
2026-09-18 08:59:27.831 xcodebuild[24781:18443962] [MT] IDETestOperationsObserverDebug: 0.000 sec, +0.000 sec -- start
2026-09-18 08:59:27.831 xcodebuild[24781:18443962] [MT] IDETestOperationsObserverDebug: 122.343 sec, +122.343 sec -- end

Test session results, code coverage, and logs:
	/tmp/woop-stories73-langues-sim.xcresult

Failing tests:
	NavRuntimeUITests.testAStoriesFrancaisesEtAnglaises()

** TEST EXECUTE FAILED **

Testing started
