Arguments : ['xcodebuild', 'test-without-building', '-xctestrun', '/private/tmp/woop-nav-runtime-qa/dd/Build/Products/NavRuntimeUITests_iphoneos26.5-arm64.xctestrun', '-only-testing:NavRuntimeUITests/NavRuntimeUITests/testHomePretePourMesure', '-destination', 'platform=iOS,id=00008120-001E4CDC0A85A01E', '-destination-timeout', '15', '-parallel-testing-enabled', 'NO', '-maximum-concurrent-test-device-destinations', '1', '-resultBundlePath', '/private/tmp/woop-verre-power-2022/normal-home.xcresult']
Command line invocation:
    /Applications/Xcode.app/Contents/Developer/usr/bin/xcodebuild test-without-building -xctestrun /private/tmp/woop-nav-runtime-qa/dd/Build/Products/NavRuntimeUITests_iphoneos26.5-arm64.xctestrun "-only-testing:NavRuntimeUITests/NavRuntimeUITests/testHomePretePourMesure" -destination platform=iOS,id=00008120-001E4CDC0A85A01E -destination-timeout 15 -parallel-testing-enabled NO -maximum-concurrent-test-device-destinations 1 -resultBundlePath /private/tmp/woop-verre-power-2022/normal-home.xcresult

Writing result bundle at path:
	/private/tmp/woop-verre-power-2022/normal-home.xcresult

2026-09-15 20:22:28.942498+0200 NavRuntimeUITests-Runner[24550:1957162] [Default] Running tests...
    t =      nans Interface orientation changed to Portrait
Test Suite 'Selected tests' started at 2026-09-15 20:22:29.315.
Test Suite 'NavRuntimeUITests.xctest' started at 2026-09-15 20:22:29.315.
Test Suite 'NavRuntimeUITests' started at 2026-09-15 20:22:29.315.
Test Case '-[NavRuntimeUITests.NavRuntimeUITests testHomePretePourMesure]' started.
    t =     0.00s Start Test at 2026-09-15 20:22:29.316
    t =     0.01s Set Up
    t =     0.02s Open fr.kathryn.woop
    t =     0.02s     Activate fr.kathryn.woop
    t =     0.04s         Wait for fr.kathryn.woop to idle
    t =     0.05s Checking existence of `"Later" Button`
    t =     0.14s Waiting 5.0s for "person" Button to exist
    t =     1.17s     Checking `Expect predicate `existsNoRetry == 1` for object "person" Button`
    t =     1.17s         Checking existence of `"person" Button`
    t =     1.27s Find the "person" Button
    t =     1.46s Find the Application 'fr.kathryn.woop'
WOOP_HOME_PRETE_MESURE
    t =     1.89s Tear Down
Test Case '-[NavRuntimeUITests.NavRuntimeUITests testHomePretePourMesure]' passed (1.922 seconds).
Test Suite 'NavRuntimeUITests' passed at 2026-09-15 20:22:31.239.
	 Executed 1 test, with 0 failures (0 unexpected) in 1.922 (1.924) seconds
Test Suite 'NavRuntimeUITests.xctest' passed at 2026-09-15 20:22:31.239.
	 Executed 1 test, with 0 failures (0 unexpected) in 1.922 (1.924) seconds
Test Suite 'Selected tests' passed at 2026-09-15 20:22:31.239.
	 Executed 1 test, with 0 failures (0 unexpected) in 1.922 (1.925) seconds

Test session results, code coverage, and logs:
	/tmp/woop-verre-power-2022/normal-home.xcresult

** TEST EXECUTE SUCCEEDED **

Testing started
2026-09-15 20:22:25.578 xcodebuild[46662:14667508] [MT] IDERunDestination: Supported platforms for the buildables in the current scheme is empty.
2026-09-15 20:22:25.591 xcodebuild[46662:14667508] [MT] IDERunDestination: Supported platforms for the buildables in the current scheme is empty.
2026-09-15 20:22:25.676 xcodebuild[46662:14667508] [MT] IDERunDestination: Supported platforms for the buildables in the current scheme is empty.
--- xcodebuild: WARNING: Using the first of multiple matching destinations:
{ platform:iOS, arch:arm64e, id:00008120-001E4CDC0A85A01E, name:iPhone de Frédéric }
{ platform:iOS, arch:arm64, id:00008120-001E4CDC0A85A01E, name:iPhone de Frédéric }
2026-09-15 20:22:26.890 xcodebuild[46662:14667508] [MT] IDERunDestination: Supported platforms for the buildables in the current scheme is empty.
2026-09-15 20:22:27.113 xcodebuild[46662:14667508] [MT] IDERunDestination: Supported platforms for the buildables in the current scheme is empty.
2026-09-15 20:22:29.283 xcodebuild[46662:14667508] [MT] IDERunDestination: Supported platforms for the buildables in the current scheme is empty.
2026-09-15 20:22:31.182 xcodebuild[46662:14667508] [MT] IDERunDestination: Supported platforms for the buildables in the current scheme is empty.
2026-09-15 20:22:31.338 xcodebuild[46662:14667508] [MT] IDETestOperationsObserverDebug: 4.447 elapsed -- Testing started completed.
2026-09-15 20:22:31.338 xcodebuild[46662:14667508] [MT] IDETestOperationsObserverDebug: 0.000 sec, +0.000 sec -- start
2026-09-15 20:22:31.338 xcodebuild[46662:14667508] [MT] IDETestOperationsObserverDebug: 4.447 sec, +4.447 sec -- end
