Arguments : ['xcodebuild', 'test-without-building', '-xctestrun', '/private/tmp/woop-nav-runtime-qa/dd/Build/Products/NavRuntimeUITests_iphoneos26.5-arm64.xctestrun', '-only-testing:NavRuntimeUITests/NavRuntimeUITests/testHomePretePourMesure', '-destination', 'platform=iOS,id=00008120-001E4CDC0A85A01E', '-destination-timeout', '15', '-parallel-testing-enabled', 'NO', '-maximum-concurrent-test-device-destinations', '1', '-resultBundlePath', '/private/tmp/woop-verre-power-2022/sans-verre-home.xcresult']
Command line invocation:
    /Applications/Xcode.app/Contents/Developer/usr/bin/xcodebuild test-without-building -xctestrun /private/tmp/woop-nav-runtime-qa/dd/Build/Products/NavRuntimeUITests_iphoneos26.5-arm64.xctestrun "-only-testing:NavRuntimeUITests/NavRuntimeUITests/testHomePretePourMesure" -destination platform=iOS,id=00008120-001E4CDC0A85A01E -destination-timeout 15 -parallel-testing-enabled NO -maximum-concurrent-test-device-destinations 1 -resultBundlePath /private/tmp/woop-verre-power-2022/sans-verre-home.xcresult

Writing result bundle at path:
	/private/tmp/woop-verre-power-2022/sans-verre-home.xcresult

2026-09-15 20:22:58.537751+0200 NavRuntimeUITests-Runner[24568:1958269] [Default] Running tests...
    t =      nans Interface orientation changed to Portrait
Test Suite 'Selected tests' started at 2026-09-15 20:22:58.940.
Test Suite 'NavRuntimeUITests.xctest' started at 2026-09-15 20:22:58.940.
Test Suite 'NavRuntimeUITests' started at 2026-09-15 20:22:58.940.
Test Case '-[NavRuntimeUITests.NavRuntimeUITests testHomePretePourMesure]' started.
    t =     0.00s Start Test at 2026-09-15 20:22:58.942
    t =     0.02s Set Up
    t =     0.02s Open fr.kathryn.woop
    t =     0.02s     Activate fr.kathryn.woop
    t =     0.04s         Wait for fr.kathryn.woop to idle
    t =     0.07s Checking existence of `"Later" Button`
    t =     0.17s Waiting 5.0s for "person" Button to exist
    t =     1.24s     Checking `Expect predicate `existsNoRetry == 1` for object "person" Button`
    t =     1.24s         Checking existence of `"person" Button`
    t =     1.33s Find the "person" Button
    t =     1.37s Find the Application 'fr.kathryn.woop'
WOOP_HOME_PRETE_MESURE
    t =     1.73s Tear Down
Test Case '-[NavRuntimeUITests.NavRuntimeUITests testHomePretePourMesure]' passed (1.731 seconds).
Test Suite 'NavRuntimeUITests' passed at 2026-09-15 20:23:00.675.
	 Executed 1 test, with 0 failures (0 unexpected) in 1.731 (1.735) seconds
Test Suite 'NavRuntimeUITests.xctest' passed at 2026-09-15 20:23:00.676.
	 Executed 1 test, with 0 failures (0 unexpected) in 1.731 (1.736) seconds
Test Suite 'Selected tests' passed at 2026-09-15 20:23:00.676.
	 Executed 1 test, with 0 failures (0 unexpected) in 1.731 (1.737) seconds

Test session results, code coverage, and logs:
	/tmp/woop-verre-power-2022/sans-verre-home.xcresult

** TEST EXECUTE SUCCEEDED **

Testing started
2026-09-15 20:22:56.058 xcodebuild[46798:14669248] [MT] IDERunDestination: Supported platforms for the buildables in the current scheme is empty.
2026-09-15 20:22:56.060 xcodebuild[46798:14669248] [MT] IDERunDestination: Supported platforms for the buildables in the current scheme is empty.
--- xcodebuild: WARNING: Using the first of multiple matching destinations:
{ platform:iOS, arch:arm64e, id:00008120-001E4CDC0A85A01E, name:iPhone de Frédéric }
{ platform:iOS, arch:arm64, id:00008120-001E4CDC0A85A01E, name:iPhone de Frédéric }
2026-09-15 20:22:56.311 xcodebuild[46798:14669248] [MT] IDERunDestination: Supported platforms for the buildables in the current scheme is empty.
2026-09-15 20:22:56.433 xcodebuild[46798:14669248] [MT] IDERunDestination: Supported platforms for the buildables in the current scheme is empty.
2026-09-15 20:22:58.916 xcodebuild[46798:14669248] [MT] IDERunDestination: Supported platforms for the buildables in the current scheme is empty.
2026-09-15 20:23:00.650 xcodebuild[46798:14669248] [MT] IDERunDestination: Supported platforms for the buildables in the current scheme is empty.
2026-09-15 20:23:00.762 xcodebuild[46798:14669248] [MT] IDETestOperationsObserverDebug: 4.448 elapsed -- Testing started completed.
2026-09-15 20:23:00.762 xcodebuild[46798:14669248] [MT] IDETestOperationsObserverDebug: 0.000 sec, +0.000 sec -- start
2026-09-15 20:23:00.762 xcodebuild[46798:14669248] [MT] IDETestOperationsObserverDebug: 4.448 sec, +4.448 sec -- end
