Command line invocation:
    /Applications/Xcode.app/Contents/Developer/usr/bin/xcodebuild test-without-building -xctestrun /private/tmp/woop-nav-runtime-qa/dd/Build/Products/NavRuntimeUITests_iphoneos26.5-arm64.xctestrun "-only-testing:NavRuntimeUITests/NavRuntimeUITests/testAllersRetoursMesures" -destination platform=iOS,id=00008120-001E4CDC0A85A01E -destination-timeout 15 -parallel-testing-enabled NO -maximum-concurrent-test-device-destinations 1 -resultBundlePath /private/tmp/woop-balade30/navigation-repetee.xcresult

2026-09-15 22:19:09.164 xcodebuild[68903:14876111] [MT] IDERunDestination: Supported platforms for the buildables in the current scheme is empty.
Writing result bundle at path:
	/private/tmp/woop-balade30/navigation-repetee.xcresult

2026-09-15 22:19:09.166 xcodebuild[68903:14876111] [MT] IDERunDestination: Supported platforms for the buildables in the current scheme is empty.
--- xcodebuild: WARNING: Using the first of multiple matching destinations:
{ platform:iOS, arch:arm64e, id:00008120-001E4CDC0A85A01E, name:iPhone de Frédéric }
{ platform:iOS, arch:arm64, id:00008120-001E4CDC0A85A01E, name:iPhone de Frédéric }
2026-09-15 22:19:09.848 xcodebuild[68903:14876111] [MT] IDERunDestination: Supported platforms for the buildables in the current scheme is empty.
2026-09-15 22:19:09.962 xcodebuild[68903:14876111] [MT] IDERunDestination: Supported platforms for the buildables in the current scheme is empty.
2026-09-15 22:19:11.776088+0200 NavRuntimeUITests-Runner[26105:2025859] [Default] Running tests...
    t =      nans Interface orientation changed to Portrait
Test Suite 'Selected tests' started at 2026-09-15 22:19:12.159.
Test Suite 'NavRuntimeUITests.xctest' started at 2026-09-15 22:19:12.160.
Test Suite 'NavRuntimeUITests' started at 2026-09-15 22:19:12.160.
Test Case '-[NavRuntimeUITests.NavRuntimeUITests testAllersRetoursMesures]' started.
    t =     0.00s Start Test at 2026-09-15 22:19:12.161
    t =     0.01s Set Up
    t =     0.02s Open fr.kathryn.woop
    t =     0.02s     Activate fr.kathryn.woop
    t =     0.04s         Wait for fr.kathryn.woop to idle
    t =     0.06s Checking existence of `"Later" Button`
    t =     0.16s Waiting 5.0s for "figure.strengthtraining.functional" Button to exist
2026-09-15 22:19:12.201 xcodebuild[68903:14876111] [MT] IDERunDestination: Supported platforms for the buildables in the current scheme is empty.
    t =     1.16s     Checking `Expect predicate `existsNoRetry == 1` for object "figure.strengthtraining.functional" Button`
    t =     1.16s         Checking existence of `"figure.strengthtraining.functional" Button`
    t =     1.21s Tap "figure.strengthtraining.functional" Button
    t =     1.21s     Wait for fr.kathryn.woop to idle
    t =     1.21s     Find the "figure.strengthtraining.functional" Button
    t =     1.24s     Check for interrupting elements affecting "figure.strengthtraining.functional" Button
    t =     1.27s     Synthesize event
    t =     1.57s     Wait for fr.kathryn.woop to idle
    t =     2.40s Waiting 5.0s for "Exercices" StaticText to exist
    t =     3.43s     Checking `Expect predicate `existsNoRetry == 1` for object "Exercices" StaticText`
    t =     3.43s         Checking existence of `"Exercices" StaticText`
    t =     3.51s Swipe up Application 'fr.kathryn.woop'
    t =     3.51s     Wait for fr.kathryn.woop to idle
    t =     3.52s     Find the Application 'fr.kathryn.woop'
    t =     3.55s     Check for interrupting elements affecting "Woop" Application
    t =     3.59s     Synthesize event
    t =     4.01s     Wait for fr.kathryn.woop to idle
    t =     6.12s Tap "house.fill" Button
    t =     6.13s     Wait for fr.kathryn.woop to idle
    t =     6.13s     Find the "house.fill" Button
    t =     6.18s     Check for interrupting elements affecting "house.fill" Button
    t =     6.23s     Synthesize event
    t =     6.52s     Wait for fr.kathryn.woop to idle
    t =     7.33s Waiting 5.0s for "person" Button to exist
    t =     8.35s     Checking `Expect predicate `existsNoRetry == 1` for object "person" Button`
    t =     8.36s         Checking existence of `"person" Button`
    t =     8.41s Tap "person" Button
    t =     8.41s     Wait for fr.kathryn.woop to idle
    t =     8.42s     Find the "person" Button
    t =     8.44s     Check for interrupting elements affecting "person" Button
    t =     8.47s     Synthesize event
    t =     8.76s     Wait for fr.kathryn.woop to idle
    t =     9.76s Waiting 5.0s for "Réglages" Button to exist
    t =    10.79s     Checking `Expect predicate `existsNoRetry == 1` for object "Réglages" Button`
    t =    10.79s         Checking existence of `"Réglages" Button`
    t =    10.89s Swipe up Application 'fr.kathryn.woop'
    t =    10.89s     Wait for fr.kathryn.woop to idle
    t =    10.90s     Find the Application 'fr.kathryn.woop'
    t =    10.93s     Check for interrupting elements affecting "Woop" Application
    t =    10.97s     Synthesize event
    t =    11.40s     Wait for fr.kathryn.woop to idle
    t =    12.20s Swipe down Application 'fr.kathryn.woop'
    t =    12.20s     Wait for fr.kathryn.woop to idle
    t =    12.21s     Find the Application 'fr.kathryn.woop'
    t =    12.38s     Check for interrupting elements affecting "Woop" Application
    t =    12.45s     Synthesize event
    t =    12.89s     Wait for fr.kathryn.woop to idle
    t =    13.69s Waiting 5.0s for "Retour" Button to exist
    t =    14.72s     Checking `Expect predicate `existsNoRetry == 1` for object "Retour" Button`
    t =    14.72s         Checking existence of `"Retour" Button`
    t =    14.91s Tap "Retour" Button
    t =    14.91s     Wait for fr.kathryn.woop to idle
    t =    14.96s     Find the "Retour" Button
    t =    15.02s     Check for interrupting elements affecting "Retour" Button
    t =    15.07s     Synthesize event
    t =    15.37s     Wait for fr.kathryn.woop to idle
    t =    16.23s Waiting 5.0s for "person" Button to exist
    t =    17.27s     Checking `Expect predicate `existsNoRetry == 1` for object "person" Button`
    t =    17.27s         Checking existence of `"person" Button`
WOOP_ALLER_RETOUR_0_OK
    t =    17.33s Waiting 5.0s for "figure.strengthtraining.functional" Button to exist
    t =    18.37s     Checking `Expect predicate `existsNoRetry == 1` for object "figure.strengthtraining.functional" Button`
    t =    18.37s         Checking existence of `"figure.strengthtraining.functional" Button`
    t =    18.42s Tap "figure.strengthtraining.functional" Button
    t =    18.43s     Wait for fr.kathryn.woop to idle
    t =    18.43s     Find the "figure.strengthtraining.functional" Button
    t =    18.57s     Check for interrupting elements affecting "figure.strengthtraining.functional" Button
    t =    18.63s     Synthesize event
    t =    18.93s     Wait for fr.kathryn.woop to idle
    t =    19.76s Waiting 5.0s for "Exercices" StaticText to exist
    t =    20.80s     Checking `Expect predicate `existsNoRetry == 1` for object "Exercices" StaticText`
    t =    20.80s         Checking existence of `"Exercices" StaticText`
    t =    20.88s Swipe up Application 'fr.kathryn.woop'
    t =    20.88s     Wait for fr.kathryn.woop to idle
    t =    20.89s     Find the Application 'fr.kathryn.woop'
    t =    20.92s     Check for interrupting elements affecting "Woop" Application
    t =    20.95s     Synthesize event
    t =    21.38s     Wait for fr.kathryn.woop to idle
    t =    23.48s Tap "house.fill" Button
    t =    23.48s     Wait for fr.kathryn.woop to idle
    t =    23.49s     Find the "house.fill" Button
    t =    23.54s     Check for interrupting elements affecting "house.fill" Button
    t =    23.59s     Synthesize event
    t =    23.89s     Wait for fr.kathryn.woop to idle
    t =    24.68s Waiting 5.0s for "person" Button to exist
    t =    25.71s     Checking `Expect predicate `existsNoRetry == 1` for object "person" Button`
    t =    25.71s         Checking existence of `"person" Button`
    t =    25.76s Tap "person" Button
    t =    25.77s     Wait for fr.kathryn.woop to idle
    t =    25.77s     Find the "person" Button
    t =    25.80s     Check for interrupting elements affecting "person" Button
    t =    25.83s     Synthesize event
    t =    26.12s     Wait for fr.kathryn.woop to idle
    t =    27.00s Waiting 5.0s for "Réglages" Button to exist
    t =    28.04s     Checking `Expect predicate `existsNoRetry == 1` for object "Réglages" Button`
    t =    28.05s         Checking existence of `"Réglages" Button`
    t =    28.14s Swipe up Application 'fr.kathryn.woop'
    t =    28.14s     Wait for fr.kathryn.woop to idle
    t =    28.15s     Find the Application 'fr.kathryn.woop'
    t =    28.29s     Check for interrupting elements affecting "Woop" Application
    t =    28.36s     Synthesize event
    t =    28.80s     Wait for fr.kathryn.woop to idle
    t =    29.60s Swipe down Application 'fr.kathryn.woop'
    t =    29.60s     Wait for fr.kathryn.woop to idle
    t =    29.61s     Find the Application 'fr.kathryn.woop'
    t =    29.68s     Check for interrupting elements affecting "Woop" Application
    t =    29.73s     Synthesize event
    t =    30.16s     Wait for fr.kathryn.woop to idle
    t =    30.95s Waiting 5.0s for "Retour" Button to exist
    t =    31.97s     Checking `Expect predicate `existsNoRetry == 1` for object "Retour" Button`
    t =    31.97s         Checking existence of `"Retour" Button`
    t =    32.07s Tap "Retour" Button
    t =    32.07s     Wait for fr.kathryn.woop to idle
    t =    32.22s     Find the "Retour" Button
    t =    32.31s     Check for interrupting elements affecting "Retour" Button
    t =    32.36s     Synthesize event
    t =    32.66s     Wait for fr.kathryn.woop to idle
    t =    33.52s Waiting 5.0s for "person" Button to exist
    t =    34.53s     Checking `Expect predicate `existsNoRetry == 1` for object "person" Button`
    t =    34.54s         Checking existence of `"person" Button`
WOOP_ALLER_RETOUR_1_OK
    t =    34.59s Waiting 5.0s for "figure.strengthtraining.functional" Button to exist
    t =    35.63s     Checking `Expect predicate `existsNoRetry == 1` for object "figure.strengthtraining.functional" Button`
    t =    35.63s         Checking existence of `"figure.strengthtraining.functional" Button`
    t =    35.68s Tap "figure.strengthtraining.functional" Button
    t =    35.68s     Wait for fr.kathryn.woop to idle
    t =    35.69s     Find the "figure.strengthtraining.functional" Button
    t =    35.72s     Check for interrupting elements affecting "figure.strengthtraining.functional" Button
    t =    35.76s     Synthesize event
    t =    36.04s     Wait for fr.kathryn.woop to idle
    t =    36.85s Waiting 5.0s for "Exercices" StaticText to exist
    t =    37.88s     Checking `Expect predicate `existsNoRetry == 1` for object "Exercices" StaticText`
    t =    37.88s         Checking existence of `"Exercices" StaticText`
    t =    37.97s Swipe up Application 'fr.kathryn.woop'
    t =    37.97s     Wait for fr.kathryn.woop to idle
    t =    37.97s     Find the Application 'fr.kathryn.woop'
    t =    38.01s     Check for interrupting elements affecting "Woop" Application
    t =    38.04s     Synthesize event
    t =    38.48s     Wait for fr.kathryn.woop to idle
    t =    39.19s Tap "house.fill" Button
    t =    39.19s     Wait for fr.kathryn.woop to idle
    t =    39.20s     Find the "house.fill" Button
    t =    39.26s     Check for interrupting elements affecting "house.fill" Button
    t =    39.30s     Synthesize event
    t =    39.60s     Wait for fr.kathryn.woop to idle
    t =    40.42s Waiting 5.0s for "person" Button to exist
    t =    41.45s     Checking `Expect predicate `existsNoRetry == 1` for object "person" Button`
    t =    41.45s         Checking existence of `"person" Button`
    t =    41.51s Tap "person" Button
    t =    41.52s     Wait for fr.kathryn.woop to idle
    t =    41.52s     Find the "person" Button
    t =    41.56s     Check for interrupting elements affecting "person" Button
    t =    41.60s     Synthesize event
    t =    41.90s     Wait for fr.kathryn.woop to idle
    t =    42.76s Waiting 5.0s for "Réglages" Button to exist
    t =    43.79s     Checking `Expect predicate `existsNoRetry == 1` for object "Réglages" Button`
    t =    43.79s         Checking existence of `"Réglages" Button`
    t =    43.89s Swipe up Application 'fr.kathryn.woop'
    t =    43.89s     Wait for fr.kathryn.woop to idle
    t =    43.90s     Find the Application 'fr.kathryn.woop'
    t =    43.94s     Check for interrupting elements affecting "Woop" Application
    t =    43.98s     Synthesize event
    t =    44.42s     Wait for fr.kathryn.woop to idle
    t =    45.16s Swipe down Application 'fr.kathryn.woop'
    t =    45.16s     Wait for fr.kathryn.woop to idle
    t =    45.17s     Find the Application 'fr.kathryn.woop'
    t =    45.24s     Check for interrupting elements affecting "Woop" Application
    t =    45.29s     Synthesize event
    t =    45.83s     Wait for fr.kathryn.woop to idle
    t =    46.62s Waiting 5.0s for "Retour" Button to exist
    t =    47.65s     Checking `Expect predicate `existsNoRetry == 1` for object "Retour" Button`
    t =    47.65s         Checking existence of `"Retour" Button`
    t =    47.73s Tap "Retour" Button
    t =    47.73s     Wait for fr.kathryn.woop to idle
    t =    47.90s     Find the "Retour" Button
    t =    47.98s     Check for interrupting elements affecting "Retour" Button
    t =    48.04s     Synthesize event
    t =    48.34s     Wait for fr.kathryn.woop to idle
    t =    49.20s Waiting 5.0s for "person" Button to exist
    t =    50.23s     Checking `Expect predicate `existsNoRetry == 1` for object "person" Button`
    t =    50.23s         Checking existence of `"person" Button`
WOOP_ALLER_RETOUR_2_OK
    t =    50.29s Waiting 5.0s for "figure.strengthtraining.functional" Button to exist
    t =    51.32s     Checking `Expect predicate `existsNoRetry == 1` for object "figure.strengthtraining.functional" Button`
    t =    51.32s         Checking existence of `"figure.strengthtraining.functional" Button`
    t =    51.38s Tap "figure.strengthtraining.functional" Button
    t =    51.38s     Wait for fr.kathryn.woop to idle
    t =    51.39s     Find the "figure.strengthtraining.functional" Button
    t =    51.42s     Check for interrupting elements affecting "figure.strengthtraining.functional" Button
    t =    51.45s     Synthesize event
    t =    51.75s     Wait for fr.kathryn.woop to idle
    t =    52.56s Waiting 5.0s for "Exercices" StaticText to exist
    t =    53.60s     Checking `Expect predicate `existsNoRetry == 1` for object "Exercices" StaticText`
    t =    53.60s         Checking existence of `"Exercices" StaticText`
    t =    53.68s Swipe up Application 'fr.kathryn.woop'
    t =    53.68s     Wait for fr.kathryn.woop to idle
    t =    53.68s     Find the Application 'fr.kathryn.woop'
    t =    53.82s     Check for interrupting elements affecting "Woop" Application
    t =    53.89s     Synthesize event
    t =    54.33s     Wait for fr.kathryn.woop to idle
    t =    54.82s Tap "house.fill" Button
    t =    54.82s     Wait for fr.kathryn.woop to idle
    t =    54.83s     Find the "house.fill" Button
    t =    54.89s     Check for interrupting elements affecting "house.fill" Button
    t =    54.93s     Synthesize event
    t =    55.23s     Wait for fr.kathryn.woop to idle
    t =    56.05s Waiting 5.0s for "person" Button to exist
    t =    57.08s     Checking `Expect predicate `existsNoRetry == 1` for object "person" Button`
    t =    57.09s         Checking existence of `"person" Button`
    t =    57.15s Tap "person" Button
    t =    57.15s     Wait for fr.kathryn.woop to idle
    t =    57.16s     Find the "person" Button
    t =    57.20s     Check for interrupting elements affecting "person" Button
    t =    57.37s     Synthesize event
    t =    57.67s     Wait for fr.kathryn.woop to idle
    t =    58.57s Waiting 5.0s for "Réglages" Button to exist
    t =    59.60s     Checking `Expect predicate `existsNoRetry == 1` for object "Réglages" Button`
    t =    59.60s         Checking existence of `"Réglages" Button`
    t =    59.69s Swipe up Application 'fr.kathryn.woop'
    t =    59.69s     Wait for fr.kathryn.woop to idle
    t =    59.70s     Find the Application 'fr.kathryn.woop'
    t =    59.85s     Check for interrupting elements affecting "Woop" Application
    t =    59.91s     Synthesize event
    t =    60.35s     Wait for fr.kathryn.woop to idle
    t =    61.14s Swipe down Application 'fr.kathryn.woop'
    t =    61.14s     Wait for fr.kathryn.woop to idle
    t =    61.15s     Find the Application 'fr.kathryn.woop'
    t =    61.22s     Check for interrupting elements affecting "Woop" Application
    t =    61.27s     Synthesize event
    t =    61.71s     Wait for fr.kathryn.woop to idle
    t =    62.50s Waiting 5.0s for "Retour" Button to exist
    t =    63.52s     Checking `Expect predicate `existsNoRetry == 1` for object "Retour" Button`
    t =    63.52s         Checking existence of `"Retour" Button`
    t =    63.61s Tap "Retour" Button
    t =    63.62s     Wait for fr.kathryn.woop to idle
    t =    63.77s     Find the "Retour" Button
    t =    63.85s     Check for interrupting elements affecting "Retour" Button
    t =    63.91s     Synthesize event
    t =    64.22s     Wait for fr.kathryn.woop to idle
    t =    65.08s Waiting 5.0s for "person" Button to exist
    t =    66.10s     Checking `Expect predicate `existsNoRetry == 1` for object "person" Button`
    t =    66.10s         Checking existence of `"person" Button`
WOOP_ALLER_RETOUR_3_OK
    t =    66.17s Tear Down
2026-09-15 22:20:18.368 xcodebuild[68903:14876111] [MT] IDERunDestination: Supported platforms for the buildables in the current scheme is empty.
Test Case '-[NavRuntimeUITests.NavRuntimeUITests testAllersRetoursMesures]' passed (66.717 seconds).
Test Suite 'NavRuntimeUITests' passed at 2026-09-15 22:20:18.883.
	 Executed 1 test, with 0 failures (0 unexpected) in 66.717 (66.723) seconds
Test Suite 'NavRuntimeUITests.xctest' passed at 2026-09-15 22:20:18.886.
	 Executed 1 test, with 0 failures (0 unexpected) in 66.717 (66.726) seconds
Test Suite 'Selected tests' passed at 2026-09-15 22:20:18.888.
	 Executed 1 test, with 0 failures (0 unexpected) in 66.717 (66.729) seconds
2026-09-15 22:20:19.052 xcodebuild[68903:14876111] [MT] IDETestOperationsObserverDebug: 69.201 elapsed -- Testing started completed.
2026-09-15 22:20:19.052 xcodebuild[68903:14876111] [MT] IDETestOperationsObserverDebug: 0.000 sec, +0.000 sec -- start
2026-09-15 22:20:19.052 xcodebuild[68903:14876111] [MT] IDETestOperationsObserverDebug: 69.201 sec, +69.201 sec -- end

Test session results, code coverage, and logs:
	/tmp/woop-balade30/navigation-repetee.xcresult

** TEST EXECUTE SUCCEEDED **

Testing started
