Command line invocation:
    /Applications/Xcode.app/Contents/Developer/usr/bin/xcodebuild -project /tmp/nosfy-fin-ui/Nosfy.xcodeproj -scheme NosfyUITests -configuration Debug -destination "platform=iOS Simulator,id=68ABC079-08E4-4071-B382-3F1257AC4E18" -derivedDataPath /tmp/nosfy-fin-ui-dd -resultBundlePath /tmp/nosfy-fin-ui-result6 "-only-testing:NosfyUITests/FinSeanceUITests/testPremiereSeance" CODE_SIGNING_ALLOWED=NO ONLY_ACTIVE_ARCH=YES test

Build settings from command line:
    CODE_SIGNING_ALLOWED = NO
    ONLY_ACTIVE_ARCH = YES

Writing result bundle at path:
	/tmp/nosfy-fin-ui-result6

ComputePackagePrebuildTargetDependencyGraph

Prepare packages

CreateBuildRequest

SendProjectDescription

CreateBuildOperation

ComputeTargetDependencyGraph
note: Building targets in dependency order
note: Target dependency graph (3 targets)
    Target 'NosfyUITests' in project 'Nosfy'
        ➜ Explicit dependency on target 'Nosfy' in project 'Nosfy'
    Target 'Nosfy' in project 'Nosfy'
        ➜ Explicit dependency on target 'NosfyWidgets' in project 'Nosfy'
    Target 'NosfyWidgets' in project 'Nosfy' (no dependencies)

GatherProvisioningInputs

CreateBuildDescription

ExecuteExternalTool /Applications/Xcode.app/Contents/Developer/usr/bin/actool --version --output-format xml1

ExecuteExternalTool /Applications/Xcode.app/Contents/Developer/Toolchains/XcodeDefault.xctoolchain/usr/bin/swiftc --version

ExecuteExternalTool /Applications/Xcode.app/Contents/Developer/Toolchains/XcodeDefault.xctoolchain/usr/bin/clang -v -E -dM -isysroot /Applications/Xcode.app/Contents/Developer/Platforms/iPhoneSimulator.platform/Developer/SDKs/iPhoneSimulator26.5.sdk -x c -c /dev/null

ExecuteExternalTool /Applications/Xcode.app/Contents/Developer/usr/bin/actool --print-asset-tag-combinations --output-format xml1 /tmp/nosfy-fin-ui/NosfyShared/LiveAssets.xcassets /tmp/nosfy-fin-ui/Nosfy/AppIcon.icon /tmp/nosfy-fin-ui/Nosfy/Assets.xcassets

ExecuteExternalTool /Applications/Xcode.app/Contents/Developer/Toolchains/XcodeDefault.xctoolchain/usr/bin/ld -version_details

Build description signature: 9e19d0ae47227d1bdb800536b5ab0ef6
Build description path: /tmp/nosfy-fin-ui-dd/Build/Intermediates.noindex/XCBuildData/9e19d0ae47227d1bdb800536b5ab0ef6.xcbuilddata
ClangStatCache /Applications/Xcode.app/Contents/Developer/Toolchains/XcodeDefault.xctoolchain/usr/bin/clang-stat-cache /Applications/Xcode.app/Contents/Developer/Platforms/iPhoneSimulator.platform/Developer/SDKs/iPhoneSimulator26.5.sdk /tmp/nosfy-fin-ui-dd/SDKStatCaches.noindex/iphonesimulator26.5-23F73-688ef53f1462e2c8f657fdc38a81448f6cfe768891a92b912361537c460fe42b.sdkstatcache
    cd /tmp/nosfy-fin-ui/Nosfy.xcodeproj
    /Applications/Xcode.app/Contents/Developer/Toolchains/XcodeDefault.xctoolchain/usr/bin/clang-stat-cache /Applications/Xcode.app/Contents/Developer/Platforms/iPhoneSimulator.platform/Developer/SDKs/iPhoneSimulator26.5.sdk -o /tmp/nosfy-fin-ui-dd/SDKStatCaches.noindex/iphonesimulator26.5-23F73-688ef53f1462e2c8f657fdc38a81448f6cfe768891a92b912361537c460fe42b.sdkstatcache

ProcessInfoPlistFile /tmp/nosfy-fin-ui-dd/Build/Products/Debug-iphonesimulator/NosfyWidgets.appex/Info.plist /tmp/nosfy-fin-ui/NosfyWidgets/Info.plist (in target 'NosfyWidgets' from project 'Nosfy')
    cd /tmp/nosfy-fin-ui
    builtin-infoPlistUtility /tmp/nosfy-fin-ui/NosfyWidgets/Info.plist -producttype com.apple.product-type.app-extension -expandbuildsettings -format binary -platform iphonesimulator -additionalcontentfile /tmp/nosfy-fin-ui-dd/Build/Intermediates.noindex/Nosfy.build/Debug-iphonesimulator/NosfyWidgets.build/assetcatalog_generated_info.plist -o /tmp/nosfy-fin-ui-dd/Build/Products/Debug-iphonesimulator/NosfyWidgets.appex/Info.plist

SwiftDriver Nosfy normal arm64 com.apple.xcode.tools.swift.compiler (in target 'Nosfy' from project 'Nosfy')
    cd /tmp/nosfy-fin-ui
    builtin-SwiftDriver -- /Applications/Xcode.app/Contents/Developer/Toolchains/XcodeDefault.xctoolchain/usr/bin/swiftc -module-name Woop -Onone @/tmp/nosfy-fin-ui-dd/Build/Intermediates.noindex/Nosfy.build/Debug-iphonesimulator/Nosfy.build/Objects-normal/arm64/Nosfy.SwiftFileList -DDEBUG -enable-bare-slash-regex -enable-experimental-feature DebugDescriptionMacro -sdk /Applications/Xcode.app/Contents/Developer/Platforms/iPhoneSimulator.platform/Developer/SDKs/iPhoneSimulator26.5.sdk -target arm64-apple-ios26.0-simulator -g -module-cache-path /tmp/nosfy-fin-ui-dd/ModuleCache.noindex -Xfrontend -serialize-debugging-options -enable-testing -index-store-path /tmp/nosfy-fin-ui-dd/Index.noindex/DataStore -Xcc -D_LIBCPP_HARDENING_MODE\=_LIBCPP_HARDENING_MODE_DEBUG -swift-version 5 -I /tmp/nosfy-fin-ui-dd/Build/Products/Debug-iphonesimulator -F /tmp/nosfy-fin-ui-dd/Build/Products/Debug-iphonesimulator -emit-localized-strings -emit-localized-strings-path /tmp/nosfy-fin-ui-dd/Build/Intermediates.noindex/Nosfy.build/Debug-iphonesimulator/Nosfy.build/Objects-normal/arm64 -c -j10 -enable-batch-mode -incremental -Xcc -ivfsstatcache -Xcc /tmp/nosfy-fin-ui-dd/SDKStatCaches.noindex/iphonesimulator26.5-23F73-688ef53f1462e2c8f657fdc38a81448f6cfe768891a92b912361537c460fe42b.sdkstatcache -output-file-map /tmp/nosfy-fin-ui-dd/Build/Intermediates.noindex/Nosfy.build/Debug-iphonesimulator/Nosfy.build/Objects-normal/arm64/Nosfy-OutputFileMap.json -use-frontend-parseable-output -save-temps -no-color-diagnostics -explicit-module-build -module-cache-path /tmp/nosfy-fin-ui-dd/Build/Intermediates.noindex/SwiftExplicitPrecompiledModules -clang-scanner-module-cache-path /tmp/nosfy-fin-ui-dd/ModuleCache.noindex -sdk-module-cache-path /tmp/nosfy-fin-ui-dd/ModuleCache.noindex -serialize-diagnostics -emit-dependencies -emit-module -emit-module-path /tmp/nosfy-fin-ui-dd/Build/Intermediates.noindex/Nosfy.build/Debug-iphonesimulator/Nosfy.build/Objects-normal/arm64/Woop.swiftmodule -validate-clang-modules-once -clang-build-session-file /tmp/nosfy-fin-ui-dd/ModuleCache.noindex/Session.modulevalidation -Xcc -I/tmp/nosfy-fin-ui-dd/Build/Intermediates.noindex/Nosfy.build/Debug-iphonesimulator/Nosfy.build/swift-overrides.hmap -emit-const-values -Xfrontend -const-gather-protocols-file -Xfrontend /tmp/nosfy-fin-ui-dd/Build/Intermediates.noindex/Nosfy.build/Debug-iphonesimulator/Nosfy.build/Objects-normal/arm64/Nosfy_const_extract_protocols.json -Xcc -iquote -Xcc /tmp/nosfy-fin-ui-dd/Build/Intermediates.noindex/Nosfy.build/Debug-iphonesimulator/Nosfy.build/Nosfy-generated-files.hmap -Xcc -I/tmp/nosfy-fin-ui-dd/Build/Intermediates.noindex/Nosfy.build/Debug-iphonesimulator/Nosfy.build/Nosfy-own-target-headers.hmap -Xcc -I/tmp/nosfy-fin-ui-dd/Build/Intermediates.noindex/Nosfy.build/Debug-iphonesimulator/Nosfy.build/Nosfy-all-target-headers.hmap -Xcc -iquote -Xcc /tmp/nosfy-fin-ui-dd/Build/Intermediates.noindex/Nosfy.build/Debug-iphonesimulator/Nosfy.build/Nosfy-project-headers.hmap -Xcc -I/tmp/nosfy-fin-ui-dd/Build/Products/Debug-iphonesimulator/include -Xcc -I/tmp/nosfy-fin-ui-dd/Build/Intermediates.noindex/Nosfy.build/Debug-iphonesimulator/Nosfy.build/DerivedSources-normal/arm64 -Xcc -I/tmp/nosfy-fin-ui-dd/Build/Intermediates.noindex/Nosfy.build/Debug-iphonesimulator/Nosfy.build/DerivedSources/arm64 -Xcc -I/tmp/nosfy-fin-ui-dd/Build/Intermediates.noindex/Nosfy.build/Debug-iphonesimulator/Nosfy.build/DerivedSources -Xcc -DDEBUG\=1 -emit-objc-header -emit-objc-header-path /tmp/nosfy-fin-ui-dd/Build/Intermediates.noindex/Nosfy.build/Debug-iphonesimulator/Nosfy.build/Objects-normal/arm64/Woop-Swift.h -working-directory /tmp/nosfy-fin-ui -experimental-emit-module-separately -disable-cmo

SwiftEmitModule normal arm64 Emitting\ module\ for\ Woop (in target 'Nosfy' from project 'Nosfy')

EmitSwiftModule normal arm64 (in target 'Nosfy' from project 'Nosfy')
    cd /tmp/nosfy-fin-ui
    

SwiftCompile normal arm64 Compiling\ NosfyApp.swift /tmp/nosfy-fin-ui/Nosfy/NosfyApp.swift (in target 'Nosfy' from project 'Nosfy')
SwiftCompile normal arm64 /tmp/nosfy-fin-ui/Nosfy/NosfyApp.swift (in target 'Nosfy' from project 'Nosfy')
    cd /tmp/nosfy-fin-ui
    
/tmp/nosfy-fin-ui/Nosfy/NosfyApp.swift:1355:44: warning: left side of nil coalescing operator '??' has non-optional type 'Date', so the right side is never used
            MiniCardJour(date: a.startedAt ?? .now,
                               ~~~~~~~~~~~~^~~~~~~
                                          
/tmp/nosfy-fin-ui/Nosfy/NosfyApp.swift:1380:58: warning: left side of nil coalescing operator '??' has non-optional type 'Date', so the right side is never used
                TimelineView(.periodic(from: a.startedAt ?? .now,
                                             ~~~~~~~~~~~~^~~~~~~
                                                        
/tmp/nosfy-fin-ui/Nosfy/NosfyApp.swift:1383:56: warning: left side of nil coalescing operator '??' has non-optional type 'Date', so the right side is never used
                        .timeIntervalSince(a.startedAt ?? .now)))
                                           ~~~~~~~~~~~~^~~~~~~
                                                      
/tmp/nosfy-fin-ui/Nosfy/NosfyApp.swift:1777:47: warning: left side of nil coalescing operator '??' has non-optional type 'Date', so the right side is never used
                    departSeance: a.startedAt ?? .now,
                                  ~~~~~~~~~~~~^~~~~~~
                                             
/tmp/nosfy-fin-ui/Nosfy/NosfyApp.swift:1803:41: warning: left side of nil coalescing operator '??' has non-optional type 'Date', so the right side is never used
                    depart: a.startedAt ?? .now,
                            ~~~~~~~~~~~~^~~~~~~
                                       
/tmp/nosfy-fin-ui/Nosfy/NosfyApp.swift:1802:43: warning: 'main' was deprecated in iOS 26.0: Use a UIScreen instance found through context instead (i.e, view.window.windowScene.screen), or for properties like UIScreen.scale with trait equivalents, use a traitCollection found through context.
                    ecranTaille: UIScreen.main.bounds.size,
                                          ^

SwiftDriverJobDiscovery normal arm64 Compiling NosfyApp.swift (in target 'Nosfy' from project 'Nosfy')

SwiftDriver\ Compilation Nosfy normal arm64 com.apple.xcode.tools.swift.compiler (in target 'Nosfy' from project 'Nosfy')
    cd /tmp/nosfy-fin-ui
    builtin-Swift-Compilation -- /Applications/Xcode.app/Contents/Developer/Toolchains/XcodeDefault.xctoolchain/usr/bin/swiftc -module-name Woop -Onone @/tmp/nosfy-fin-ui-dd/Build/Intermediates.noindex/Nosfy.build/Debug-iphonesimulator/Nosfy.build/Objects-normal/arm64/Nosfy.SwiftFileList -DDEBUG -enable-bare-slash-regex -enable-experimental-feature DebugDescriptionMacro -sdk /Applications/Xcode.app/Contents/Developer/Platforms/iPhoneSimulator.platform/Developer/SDKs/iPhoneSimulator26.5.sdk -target arm64-apple-ios26.0-simulator -g -module-cache-path /tmp/nosfy-fin-ui-dd/ModuleCache.noindex -Xfrontend -serialize-debugging-options -enable-testing -index-store-path /tmp/nosfy-fin-ui-dd/Index.noindex/DataStore -Xcc -D_LIBCPP_HARDENING_MODE\=_LIBCPP_HARDENING_MODE_DEBUG -swift-version 5 -I /tmp/nosfy-fin-ui-dd/Build/Products/Debug-iphonesimulator -F /tmp/nosfy-fin-ui-dd/Build/Products/Debug-iphonesimulator -emit-localized-strings -emit-localized-strings-path /tmp/nosfy-fin-ui-dd/Build/Intermediates.noindex/Nosfy.build/Debug-iphonesimulator/Nosfy.build/Objects-normal/arm64 -c -j10 -enable-batch-mode -incremental -Xcc -ivfsstatcache -Xcc /tmp/nosfy-fin-ui-dd/SDKStatCaches.noindex/iphonesimulator26.5-23F73-688ef53f1462e2c8f657fdc38a81448f6cfe768891a92b912361537c460fe42b.sdkstatcache -output-file-map /tmp/nosfy-fin-ui-dd/Build/Intermediates.noindex/Nosfy.build/Debug-iphonesimulator/Nosfy.build/Objects-normal/arm64/Nosfy-OutputFileMap.json -use-frontend-parseable-output -save-temps -no-color-diagnostics -explicit-module-build -module-cache-path /tmp/nosfy-fin-ui-dd/Build/Intermediates.noindex/SwiftExplicitPrecompiledModules -clang-scanner-module-cache-path /tmp/nosfy-fin-ui-dd/ModuleCache.noindex -sdk-module-cache-path /tmp/nosfy-fin-ui-dd/ModuleCache.noindex -serialize-diagnostics -emit-dependencies -emit-module -emit-module-path /tmp/nosfy-fin-ui-dd/Build/Intermediates.noindex/Nosfy.build/Debug-iphonesimulator/Nosfy.build/Objects-normal/arm64/Woop.swiftmodule -validate-clang-modules-once -clang-build-session-file /tmp/nosfy-fin-ui-dd/ModuleCache.noindex/Session.modulevalidation -Xcc -I/tmp/nosfy-fin-ui-dd/Build/Intermediates.noindex/Nosfy.build/Debug-iphonesimulator/Nosfy.build/swift-overrides.hmap -emit-const-values -Xfrontend -const-gather-protocols-file -Xfrontend /tmp/nosfy-fin-ui-dd/Build/Intermediates.noindex/Nosfy.build/Debug-iphonesimulator/Nosfy.build/Objects-normal/arm64/Nosfy_const_extract_protocols.json -Xcc -iquote -Xcc /tmp/nosfy-fin-ui-dd/Build/Intermediates.noindex/Nosfy.build/Debug-iphonesimulator/Nosfy.build/Nosfy-generated-files.hmap -Xcc -I/tmp/nosfy-fin-ui-dd/Build/Intermediates.noindex/Nosfy.build/Debug-iphonesimulator/Nosfy.build/Nosfy-own-target-headers.hmap -Xcc -I/tmp/nosfy-fin-ui-dd/Build/Intermediates.noindex/Nosfy.build/Debug-iphonesimulator/Nosfy.build/Nosfy-all-target-headers.hmap -Xcc -iquote -Xcc /tmp/nosfy-fin-ui-dd/Build/Intermediates.noindex/Nosfy.build/Debug-iphonesimulator/Nosfy.build/Nosfy-project-headers.hmap -Xcc -I/tmp/nosfy-fin-ui-dd/Build/Products/Debug-iphonesimulator/include -Xcc -I/tmp/nosfy-fin-ui-dd/Build/Intermediates.noindex/Nosfy.build/Debug-iphonesimulator/Nosfy.build/DerivedSources-normal/arm64 -Xcc -I/tmp/nosfy-fin-ui-dd/Build/Intermediates.noindex/Nosfy.build/Debug-iphonesimulator/Nosfy.build/DerivedSources/arm64 -Xcc -I/tmp/nosfy-fin-ui-dd/Build/Intermediates.noindex/Nosfy.build/Debug-iphonesimulator/Nosfy.build/DerivedSources -Xcc -DDEBUG\=1 -emit-objc-header -emit-objc-header-path /tmp/nosfy-fin-ui-dd/Build/Intermediates.noindex/Nosfy.build/Debug-iphonesimulator/Nosfy.build/Objects-normal/arm64/Woop-Swift.h -working-directory /tmp/nosfy-fin-ui -experimental-emit-module-separately -disable-cmo

SwiftDriverJobDiscovery normal arm64 Emitting module for Woop (in target 'Nosfy' from project 'Nosfy')

SwiftDriver\ Compilation\ Requirements Nosfy normal arm64 com.apple.xcode.tools.swift.compiler (in target 'Nosfy' from project 'Nosfy')
    cd /tmp/nosfy-fin-ui
    builtin-Swift-Compilation-Requirements -- /Applications/Xcode.app/Contents/Developer/Toolchains/XcodeDefault.xctoolchain/usr/bin/swiftc -module-name Woop -Onone @/tmp/nosfy-fin-ui-dd/Build/Intermediates.noindex/Nosfy.build/Debug-iphonesimulator/Nosfy.build/Objects-normal/arm64/Nosfy.SwiftFileList -DDEBUG -enable-bare-slash-regex -enable-experimental-feature DebugDescriptionMacro -sdk /Applications/Xcode.app/Contents/Developer/Platforms/iPhoneSimulator.platform/Developer/SDKs/iPhoneSimulator26.5.sdk -target arm64-apple-ios26.0-simulator -g -module-cache-path /tmp/nosfy-fin-ui-dd/ModuleCache.noindex -Xfrontend -serialize-debugging-options -enable-testing -index-store-path /tmp/nosfy-fin-ui-dd/Index.noindex/DataStore -Xcc -D_LIBCPP_HARDENING_MODE\=_LIBCPP_HARDENING_MODE_DEBUG -swift-version 5 -I /tmp/nosfy-fin-ui-dd/Build/Products/Debug-iphonesimulator -F /tmp/nosfy-fin-ui-dd/Build/Products/Debug-iphonesimulator -emit-localized-strings -emit-localized-strings-path /tmp/nosfy-fin-ui-dd/Build/Intermediates.noindex/Nosfy.build/Debug-iphonesimulator/Nosfy.build/Objects-normal/arm64 -c -j10 -enable-batch-mode -incremental -Xcc -ivfsstatcache -Xcc /tmp/nosfy-fin-ui-dd/SDKStatCaches.noindex/iphonesimulator26.5-23F73-688ef53f1462e2c8f657fdc38a81448f6cfe768891a92b912361537c460fe42b.sdkstatcache -output-file-map /tmp/nosfy-fin-ui-dd/Build/Intermediates.noindex/Nosfy.build/Debug-iphonesimulator/Nosfy.build/Objects-normal/arm64/Nosfy-OutputFileMap.json -use-frontend-parseable-output -save-temps -no-color-diagnostics -explicit-module-build -module-cache-path /tmp/nosfy-fin-ui-dd/Build/Intermediates.noindex/SwiftExplicitPrecompiledModules -clang-scanner-module-cache-path /tmp/nosfy-fin-ui-dd/ModuleCache.noindex -sdk-module-cache-path /tmp/nosfy-fin-ui-dd/ModuleCache.noindex -serialize-diagnostics -emit-dependencies -emit-module -emit-module-path /tmp/nosfy-fin-ui-dd/Build/Intermediates.noindex/Nosfy.build/Debug-iphonesimulator/Nosfy.build/Objects-normal/arm64/Woop.swiftmodule -validate-clang-modules-once -clang-build-session-file /tmp/nosfy-fin-ui-dd/ModuleCache.noindex/Session.modulevalidation -Xcc -I/tmp/nosfy-fin-ui-dd/Build/Intermediates.noindex/Nosfy.build/Debug-iphonesimulator/Nosfy.build/swift-overrides.hmap -emit-const-values -Xfrontend -const-gather-protocols-file -Xfrontend /tmp/nosfy-fin-ui-dd/Build/Intermediates.noindex/Nosfy.build/Debug-iphonesimulator/Nosfy.build/Objects-normal/arm64/Nosfy_const_extract_protocols.json -Xcc -iquote -Xcc /tmp/nosfy-fin-ui-dd/Build/Intermediates.noindex/Nosfy.build/Debug-iphonesimulator/Nosfy.build/Nosfy-generated-files.hmap -Xcc -I/tmp/nosfy-fin-ui-dd/Build/Intermediates.noindex/Nosfy.build/Debug-iphonesimulator/Nosfy.build/Nosfy-own-target-headers.hmap -Xcc -I/tmp/nosfy-fin-ui-dd/Build/Intermediates.noindex/Nosfy.build/Debug-iphonesimulator/Nosfy.build/Nosfy-all-target-headers.hmap -Xcc -iquote -Xcc /tmp/nosfy-fin-ui-dd/Build/Intermediates.noindex/Nosfy.build/Debug-iphonesimulator/Nosfy.build/Nosfy-project-headers.hmap -Xcc -I/tmp/nosfy-fin-ui-dd/Build/Products/Debug-iphonesimulator/include -Xcc -I/tmp/nosfy-fin-ui-dd/Build/Intermediates.noindex/Nosfy.build/Debug-iphonesimulator/Nosfy.build/DerivedSources-normal/arm64 -Xcc -I/tmp/nosfy-fin-ui-dd/Build/Intermediates.noindex/Nosfy.build/Debug-iphonesimulator/Nosfy.build/DerivedSources/arm64 -Xcc -I/tmp/nosfy-fin-ui-dd/Build/Intermediates.noindex/Nosfy.build/Debug-iphonesimulator/Nosfy.build/DerivedSources -Xcc -DDEBUG\=1 -emit-objc-header -emit-objc-header-path /tmp/nosfy-fin-ui-dd/Build/Intermediates.noindex/Nosfy.build/Debug-iphonesimulator/Nosfy.build/Objects-normal/arm64/Woop-Swift.h -working-directory /tmp/nosfy-fin-ui -experimental-emit-module-separately -disable-cmo

Copy /tmp/nosfy-fin-ui-dd/Build/Products/Debug-iphonesimulator/Woop.swiftmodule/Project/arm64-apple-ios-simulator.swiftsourceinfo /tmp/nosfy-fin-ui-dd/Build/Intermediates.noindex/Nosfy.build/Debug-iphonesimulator/Nosfy.build/Objects-normal/arm64/Woop.swiftsourceinfo (in target 'Nosfy' from project 'Nosfy')
    cd /tmp/nosfy-fin-ui
    builtin-copy -exclude .DS_Store -exclude CVS -exclude .svn -exclude .git -exclude .hg -resolve-src-symlinks -rename /tmp/nosfy-fin-ui-dd/Build/Intermediates.noindex/Nosfy.build/Debug-iphonesimulator/Nosfy.build/Objects-normal/arm64/Woop.swiftsourceinfo /tmp/nosfy-fin-ui-dd/Build/Products/Debug-iphonesimulator/Woop.swiftmodule/Project/arm64-apple-ios-simulator.swiftsourceinfo

Copy /tmp/nosfy-fin-ui-dd/Build/Products/Debug-iphonesimulator/Woop.swiftmodule/arm64-apple-ios-simulator.abi.json /tmp/nosfy-fin-ui-dd/Build/Intermediates.noindex/Nosfy.build/Debug-iphonesimulator/Nosfy.build/Objects-normal/arm64/Woop.abi.json (in target 'Nosfy' from project 'Nosfy')
    cd /tmp/nosfy-fin-ui
    builtin-copy -exclude .DS_Store -exclude CVS -exclude .svn -exclude .git -exclude .hg -resolve-src-symlinks -rename /tmp/nosfy-fin-ui-dd/Build/Intermediates.noindex/Nosfy.build/Debug-iphonesimulator/Nosfy.build/Objects-normal/arm64/Woop.abi.json /tmp/nosfy-fin-ui-dd/Build/Products/Debug-iphonesimulator/Woop.swiftmodule/arm64-apple-ios-simulator.abi.json

Ld /tmp/nosfy-fin-ui-dd/Build/Products/Debug-iphonesimulator/Nosfy.app/Nosfy.debug.dylib normal (in target 'Nosfy' from project 'Nosfy')
    cd /tmp/nosfy-fin-ui
    /Applications/Xcode.app/Contents/Developer/Toolchains/XcodeDefault.xctoolchain/usr/bin/clang -Xlinker -reproducible -target arm64-apple-ios26.0-simulator -dynamiclib -isysroot /Applications/Xcode.app/Contents/Developer/Platforms/iPhoneSimulator.platform/Developer/SDKs/iPhoneSimulator26.5.sdk -O0 -L/tmp/nosfy-fin-ui-dd/Build/Intermediates.noindex/EagerLinkingTBDs/Debug-iphonesimulator -L/tmp/nosfy-fin-ui-dd/Build/Products/Debug-iphonesimulator -F/tmp/nosfy-fin-ui-dd/Build/Intermediates.noindex/EagerLinkingTBDs/Debug-iphonesimulator -F/tmp/nosfy-fin-ui-dd/Build/Products/Debug-iphonesimulator -filelist /tmp/nosfy-fin-ui-dd/Build/Intermediates.noindex/Nosfy.build/Debug-iphonesimulator/Nosfy.build/Objects-normal/arm64/Nosfy.LinkFileList -install_name @rpath/Nosfy.debug.dylib -Xlinker -rpath -Xlinker @executable_path/Frameworks -Xlinker -dead_strip -Xlinker -object_path_lto -Xlinker /tmp/nosfy-fin-ui-dd/Build/Intermediates.noindex/Nosfy.build/Debug-iphonesimulator/Nosfy.build/Objects-normal/arm64/Nosfy_lto.o -rdynamic -Xlinker -no_deduplicate -Xlinker -objc_abi_version -Xlinker 2 -Xlinker -dependency_info -Xlinker /tmp/nosfy-fin-ui-dd/Build/Intermediates.noindex/Nosfy.build/Debug-iphonesimulator/Nosfy.build/Objects-normal/arm64/Nosfy_dependency_info.dat -fobjc-link-runtime -L/Applications/Xcode.app/Contents/Developer/Toolchains/XcodeDefault.xctoolchain/usr/lib/swift/iphonesimulator -L/usr/lib/swift -Xlinker -add_ast_path -Xlinker /tmp/nosfy-fin-ui-dd/Build/Intermediates.noindex/Nosfy.build/Debug-iphonesimulator/Nosfy.build/Objects-normal/arm64/Woop.swiftmodule @/tmp/nosfy-fin-ui-dd/Build/Intermediates.noindex/Nosfy.build/Debug-iphonesimulator/Nosfy.build/Objects-normal/arm64/Woop-linker-args.resp -Xlinker -alias -Xlinker _main -Xlinker ___debug_main_executable_dylib_entry_point -o /tmp/nosfy-fin-ui-dd/Build/Products/Debug-iphonesimulator/Nosfy.app/Nosfy.debug.dylib

ConstructStubExecutorLinkFileList /tmp/nosfy-fin-ui-dd/Build/Intermediates.noindex/Nosfy.build/Debug-iphonesimulator/Nosfy.build/Nosfy-ExecutorLinkFileList-normal-arm64.txt (in target 'Nosfy' from project 'Nosfy')
    cd /tmp/nosfy-fin-ui
    construct-stub-executor-link-file-list /tmp/nosfy-fin-ui-dd/Build/Products/Debug-iphonesimulator/Nosfy.app/Nosfy.debug.dylib /Applications/Xcode.app/Contents/Developer/Platforms/iPhoneSimulator.platform/Developer/usr/lib/libPreviewsJITStubExecutor_no_swift_entry_point.a /Applications/Xcode.app/Contents/Developer/Platforms/iPhoneSimulator.platform/Developer/usr/lib/libPreviewsJITStubExecutor.a --output /tmp/nosfy-fin-ui-dd/Build/Intermediates.noindex/Nosfy.build/Debug-iphonesimulator/Nosfy.build/Nosfy-ExecutorLinkFileList-normal-arm64.txt
note: Using stub executor library with Swift entry point. (in target 'Nosfy' from project 'Nosfy')

Ld /tmp/nosfy-fin-ui-dd/Build/Products/Debug-iphonesimulator/Nosfy.app/Nosfy normal (in target 'Nosfy' from project 'Nosfy')
    cd /tmp/nosfy-fin-ui
    /Applications/Xcode.app/Contents/Developer/Toolchains/XcodeDefault.xctoolchain/usr/bin/clang -Xlinker -reproducible -target arm64-apple-ios26.0-simulator -isysroot /Applications/Xcode.app/Contents/Developer/Platforms/iPhoneSimulator.platform/Developer/SDKs/iPhoneSimulator26.5.sdk -O0 -L/tmp/nosfy-fin-ui-dd/Build/Products/Debug-iphonesimulator -F/tmp/nosfy-fin-ui-dd/Build/Products/Debug-iphonesimulator -Xlinker -rpath -Xlinker @executable_path -Xlinker -rpath -Xlinker @executable_path/Frameworks -rdynamic -Xlinker -no_deduplicate -Xlinker -objc_abi_version -Xlinker 2 -e ___debug_blank_executor_main -Xlinker -sectcreate -Xlinker __TEXT -Xlinker __debug_dylib -Xlinker /tmp/nosfy-fin-ui-dd/Build/Intermediates.noindex/Nosfy.build/Debug-iphonesimulator/Nosfy.build/Nosfy-DebugDylibPath-normal-arm64.txt -Xlinker -sectcreate -Xlinker __TEXT -Xlinker __debug_instlnm -Xlinker /tmp/nosfy-fin-ui-dd/Build/Intermediates.noindex/Nosfy.build/Debug-iphonesimulator/Nosfy.build/Nosfy-DebugDylibInstallName-normal-arm64.txt -Xlinker -filelist -Xlinker /tmp/nosfy-fin-ui-dd/Build/Intermediates.noindex/Nosfy.build/Debug-iphonesimulator/Nosfy.build/Nosfy-ExecutorLinkFileList-normal-arm64.txt /tmp/nosfy-fin-ui-dd/Build/Products/Debug-iphonesimulator/Nosfy.app/Nosfy.debug.dylib -o /tmp/nosfy-fin-ui-dd/Build/Products/Debug-iphonesimulator/Nosfy.app/Nosfy

ExtractAppIntentsMetadata (in target 'Nosfy' from project 'Nosfy')
    cd /tmp/nosfy-fin-ui
    /Applications/Xcode.app/Contents/Developer/Toolchains/XcodeDefault.xctoolchain/usr/bin/appintentsmetadataprocessor --toolchain-dir /var/run/com.apple.security.cryptexd/mnt/com.apple.MobileAsset.MetalToolchain-v17.6.42.0.BA5Ggr/Metal.xctoolchain --module-name Woop --sdk-root /Applications/Xcode.app/Contents/Developer/Platforms/iPhoneSimulator.platform/Developer/SDKs/iPhoneSimulator26.5.sdk --xcode-version 17F42 --platform-family iOS --deployment-target 26.0 --bundle-identifier fr.kathryn.woop --output /tmp/nosfy-fin-ui-dd/Build/Products/Debug-iphonesimulator/Nosfy.app --target-triple arm64-apple-ios26.0-simulator --binary-file /tmp/nosfy-fin-ui-dd/Build/Products/Debug-iphonesimulator/Nosfy.app/Nosfy --dependency-file /tmp/nosfy-fin-ui-dd/Build/Intermediates.noindex/Nosfy.build/Debug-iphonesimulator/Nosfy.build/Objects-normal/arm64/Nosfy_dependency_info.dat --stringsdata-file /tmp/nosfy-fin-ui-dd/Build/Intermediates.noindex/Nosfy.build/Debug-iphonesimulator/Nosfy.build/Objects-normal/arm64/ExtractedAppShortcutsMetadata.stringsdata --source-file-list /tmp/nosfy-fin-ui-dd/Build/Intermediates.noindex/Nosfy.build/Debug-iphonesimulator/Nosfy.build/Objects-normal/arm64/Nosfy.SwiftFileList --metadata-file-list /tmp/nosfy-fin-ui-dd/Build/Intermediates.noindex/Nosfy.build/Debug-iphonesimulator/Nosfy.build/Nosfy.DependencyMetadataFileList --static-metadata-file-list /tmp/nosfy-fin-ui-dd/Build/Intermediates.noindex/Nosfy.build/Debug-iphonesimulator/Nosfy.build/Nosfy.DependencyStaticMetadataFileList --swift-const-vals-list /tmp/nosfy-fin-ui-dd/Build/Intermediates.noindex/Nosfy.build/Debug-iphonesimulator/Nosfy.build/Objects-normal/arm64/Nosfy.SwiftConstValuesFileList --compile-time-extraction --deployment-aware-processing --validate-assistant-intents --no-app-shortcuts-localization
2026-09-19 08:51:42.481 appintentsmetadataprocessor[72373:19849270] Starting appintentsmetadataprocessor export
2026-09-19 08:51:42.560 appintentsmetadataprocessor[72373:19849270] Extracted no relevant App Intents symbols, skipping writing output

ProcessInfoPlistFile /tmp/nosfy-fin-ui-dd/Build/Products/Debug-iphonesimulator/Nosfy.app/Info.plist /tmp/nosfy-fin-ui/Nosfy/Info.plist (in target 'Nosfy' from project 'Nosfy')
    cd /tmp/nosfy-fin-ui
    builtin-infoPlistUtility /tmp/nosfy-fin-ui/Nosfy/Info.plist -producttype com.apple.product-type.application -genpkginfo /tmp/nosfy-fin-ui-dd/Build/Products/Debug-iphonesimulator/Nosfy.app/PkgInfo -expandbuildsettings -format binary -platform iphonesimulator -additionalcontentfile /tmp/nosfy-fin-ui-dd/Build/Intermediates.noindex/Nosfy.build/Debug-iphonesimulator/Nosfy.build/assetcatalog_generated_info.plist -scanforprivacyfile /tmp/nosfy-fin-ui-dd/Build/Products/Debug-iphonesimulator/Nosfy.app/PlugIns/NosfyWidgets.appex -o /tmp/nosfy-fin-ui-dd/Build/Products/Debug-iphonesimulator/Nosfy.app/Info.plist

CopySwiftLibs /tmp/nosfy-fin-ui-dd/Build/Products/Debug-iphonesimulator/Nosfy.app (in target 'Nosfy' from project 'Nosfy')
    cd /tmp/nosfy-fin-ui
    builtin-swiftStdLibTool --copy --verbose --scan-executable /tmp/nosfy-fin-ui-dd/Build/Products/Debug-iphonesimulator/Nosfy.app/Nosfy.debug.dylib --scan-folder /tmp/nosfy-fin-ui-dd/Build/Products/Debug-iphonesimulator/Nosfy.app/Frameworks --scan-folder /tmp/nosfy-fin-ui-dd/Build/Products/Debug-iphonesimulator/Nosfy.app/PlugIns --scan-folder /tmp/nosfy-fin-ui-dd/Build/Products/Debug-iphonesimulator/Nosfy.app/SystemExtensions --scan-folder /tmp/nosfy-fin-ui-dd/Build/Products/Debug-iphonesimulator/Nosfy.app/Extensions --platform iphonesimulator --toolchain /var/run/com.apple.security.cryptexd/mnt/com.apple.MobileAsset.MetalToolchain-v17.6.42.0.BA5Ggr/Metal.xctoolchain --toolchain /Applications/Xcode.app/Contents/Developer/Toolchains/XcodeDefault.xctoolchain --destination /tmp/nosfy-fin-ui-dd/Build/Products/Debug-iphonesimulator/Nosfy.app/Frameworks --strip-bitcode --strip-bitcode-tool /Applications/Xcode.app/Contents/Developer/Toolchains/XcodeDefault.xctoolchain/usr/bin/bitcode_strip --emit-dependency-info /tmp/nosfy-fin-ui-dd/Build/Intermediates.noindex/Nosfy.build/Debug-iphonesimulator/Nosfy.build/SwiftStdLibToolInputDependencies.dep --filter-for-swift-os
Ignoring --strip-bitcode because --sign was not passed

ProcessInfoPlistFile /tmp/nosfy-fin-ui-dd/Build/Products/Debug-iphonesimulator/NosfyUITests-Runner.app/PlugIns/NosfyUITests.xctest/Info.plist /tmp/nosfy-fin-ui-dd/Build/Intermediates.noindex/Nosfy.build/Debug-iphonesimulator/NosfyUITests.build/empty-NosfyUITests.plist (in target 'NosfyUITests' from project 'Nosfy')
    cd /tmp/nosfy-fin-ui
    builtin-infoPlistUtility /tmp/nosfy-fin-ui-dd/Build/Intermediates.noindex/Nosfy.build/Debug-iphonesimulator/NosfyUITests.build/empty-NosfyUITests.plist -producttype com.apple.product-type.bundle.ui-testing -expandbuildsettings -format binary -platform iphonesimulator -additionalcontentfile /tmp/nosfy-fin-ui-dd/Build/Intermediates.noindex/Nosfy.build/Debug-iphonesimulator/NosfyUITests.build/ProductTypeInfoPlistAdditions.plist -o /tmp/nosfy-fin-ui-dd/Build/Products/Debug-iphonesimulator/NosfyUITests-Runner.app/PlugIns/NosfyUITests.xctest/Info.plist

CopySwiftLibs /tmp/nosfy-fin-ui-dd/Build/Products/Debug-iphonesimulator/NosfyUITests-Runner.app/PlugIns/NosfyUITests.xctest (in target 'NosfyUITests' from project 'Nosfy')
    cd /tmp/nosfy-fin-ui
    builtin-swiftStdLibTool --copy --verbose --scan-executable /tmp/nosfy-fin-ui-dd/Build/Products/Debug-iphonesimulator/NosfyUITests-Runner.app/PlugIns/NosfyUITests.xctest/NosfyUITests --scan-folder /tmp/nosfy-fin-ui-dd/Build/Products/Debug-iphonesimulator/NosfyUITests-Runner.app/PlugIns/NosfyUITests.xctest/Frameworks --scan-folder /tmp/nosfy-fin-ui-dd/Build/Products/Debug-iphonesimulator/NosfyUITests-Runner.app/PlugIns/NosfyUITests.xctest/PlugIns --scan-folder /tmp/nosfy-fin-ui-dd/Build/Products/Debug-iphonesimulator/NosfyUITests-Runner.app/PlugIns/NosfyUITests.xctest/SystemExtensions --scan-folder /tmp/nosfy-fin-ui-dd/Build/Products/Debug-iphonesimulator/NosfyUITests-Runner.app/PlugIns/NosfyUITests.xctest/Extensions --platform iphonesimulator --toolchain /var/run/com.apple.security.cryptexd/mnt/com.apple.MobileAsset.MetalToolchain-v17.6.42.0.BA5Ggr/Metal.xctoolchain --toolchain /Applications/Xcode.app/Contents/Developer/Toolchains/XcodeDefault.xctoolchain --destination /tmp/nosfy-fin-ui-dd/Build/Products/Debug-iphonesimulator/NosfyUITests-Runner.app/PlugIns/NosfyUITests.xctest/Frameworks --strip-bitcode --scan-executable /Applications/Xcode.app/Contents/Developer/Platforms/iPhoneSimulator.platform/Developer/usr/lib/libXCTestSwiftSupport.dylib --strip-bitcode-tool /Applications/Xcode.app/Contents/Developer/Toolchains/XcodeDefault.xctoolchain/usr/bin/bitcode_strip --emit-dependency-info /tmp/nosfy-fin-ui-dd/Build/Intermediates.noindex/Nosfy.build/Debug-iphonesimulator/NosfyUITests.build/SwiftStdLibToolInputDependencies.dep --filter-for-swift-os
Ignoring --strip-bitcode because --sign was not passed

2026-09-19 08:52:16.839027+0200 NosfyUITests-Runner[72676:19852531] [Default] Running tests...
objc[72676]: Class UIAccessibilityLoaderWebShared is implemented in both /Library/Developer/CoreSimulator/Volumes/iOS_23F77/Library/Developer/CoreSimulator/Profiles/Runtimes/iOS 26.5.simruntime/Contents/Resources/RuntimeRoot/System/Library/AccessibilityBundles/WebCore.axbundle/WebCore (0x1079a8310) and /Library/Developer/CoreSimulator/Volumes/iOS_23F77/Library/Developer/CoreSimulator/Profiles/Runtimes/iOS 26.5.simruntime/Contents/Resources/RuntimeRoot/System/Library/AccessibilityBundles/WebKit.axbundle/WebKit (0x106218398). This may cause spurious casting failures and mysterious crashes. One of the duplicates must be removed or renamed.
    t =      nans Interface orientation changed to Portrait
Test Suite 'Selected tests' started at 2026-09-19 08:52:24.750.
Test Suite 'NosfyUITests.xctest' started at 2026-09-19 08:52:24.752.
Test Suite 'FinSeanceUITests' started at 2026-09-19 08:52:24.752.
Test Case '-[NosfyUITests.FinSeanceUITests testPremiereSeance]' started.
    t =     0.00s Start Test at 2026-09-19 08:52:24.753
    t =     0.30s Set Up
    t =     0.32s Open fr.kathryn.woop
    t =     0.32s     Launch fr.kathryn.woop
2026-09-19 08:52:25.389 xcodebuild[72180:19841727] [MT] IDELaunchParametersSnapshot: The operation couldn’t be completed. (DebuggerLLDB.DebuggerVersionStore.StoreError error 0.)
2026-09-19 08:52:25.389 xcodebuild[72180:19841727] [MT] IDELaunchParametersSnapshot: no debugger version
    t =     5.75s         Setting up automation session
    t =     7.63s         Wait for fr.kathryn.woop to idle
    t =    11.77s Waiting 40.0s for "qa.fin" Button to exist
    t =    12.80s     Checking `Expect predicate `existsNoRetry == 1` for object "qa.fin" Button`
    t =    12.82s         Checking existence of `"qa.fin" Button`
    t =    23.39s Tap "qa.fin" Button
    t =    23.39s     Wait for fr.kathryn.woop to idle
    t =    23.50s     Find the "qa.fin" Button
    t =    23.57s     Check for interrupting elements affecting "qa.fin" Button
    t =    23.64s     Synthesize event
    t =    24.07s     Wait for fr.kathryn.woop to idle
    t =    34.38s Tap Target Application 'fr.kathryn.woop'[0.85, 0.09]
    t =    34.39s     Wait for fr.kathryn.woop to idle
    t =    34.55s     Find the Target Application 'fr.kathryn.woop'
    t =    34.73s     Check for interrupting elements affecting "Nosfy" Application
    t =    34.97s     Synthesize event
    t =    35.05s         Find the Target Application 'fr.kathryn.woop'
    t =    35.59s         Find the Target Application 'fr.kathryn.woop'
    t =    35.94s         Find the Target Application 'fr.kathryn.woop'
    t =    36.44s     Wait for fr.kathryn.woop to idle
    t =    36.85s Tap Target Application 'fr.kathryn.woop'[0.85, 0.09]
    t =    36.85s     Wait for fr.kathryn.woop to idle
    t =    36.89s     Find the Target Application 'fr.kathryn.woop'
    t =    37.05s     Check for interrupting elements affecting "Nosfy" Application
    t =    37.17s     Synthesize event
    t =    37.20s         Find the Target Application 'fr.kathryn.woop'
    t =    37.25s         Find the Target Application 'fr.kathryn.woop'
    t =    37.33s         Find the Target Application 'fr.kathryn.woop'
    t =    37.70s     Wait for fr.kathryn.woop to idle
    t =    38.02s Tap Target Application 'fr.kathryn.woop'[0.85, 0.09]
    t =    38.03s     Wait for fr.kathryn.woop to idle
    t =    38.04s     Find the Target Application 'fr.kathryn.woop'
    t =    38.13s     Check for interrupting elements affecting "Nosfy" Application
    t =    38.20s     Synthesize event
    t =    38.20s         Find the Target Application 'fr.kathryn.woop'
    t =    38.28s         Find the Target Application 'fr.kathryn.woop'
    t =    38.40s         Find the Target Application 'fr.kathryn.woop'
    t =    38.76s     Wait for fr.kathryn.woop to idle
    t =    39.09s Waiting 8.0s for "story.recompenses" StaticText to exist
    t =    40.17s     Checking `Expect predicate `existsNoRetry == 1` for object "story.recompenses" StaticText`
    t =    40.17s         Checking existence of `"story.recompenses" StaticText`
    t =    40.29s         Capturing element debug description
    t =    41.12s     Checking `Expect predicate `existsNoRetry == 1` for object "story.recompenses" StaticText`
    t =    41.13s         Checking existence of `"story.recompenses" StaticText`
    t =    41.25s         Capturing element debug description
    t =    42.12s     Checking `Expect predicate `existsNoRetry == 1` for object "story.recompenses" StaticText`
    t =    42.12s         Checking existence of `"story.recompenses" StaticText`
    t =    42.23s         Capturing element debug description
    t =    43.14s     Checking `Expect predicate `existsNoRetry == 1` for object "story.recompenses" StaticText`
    t =    43.14s         Checking existence of `"story.recompenses" StaticText`
    t =    43.28s         Capturing element debug description
    t =    44.13s     Checking `Expect predicate `existsNoRetry == 1` for object "story.recompenses" StaticText`
    t =    44.15s         Checking existence of `"story.recompenses" StaticText`
    t =    44.25s         Capturing element debug description
    t =    45.10s     Checking `Expect predicate `existsNoRetry == 1` for object "story.recompenses" StaticText`
    t =    45.11s         Checking existence of `"story.recompenses" StaticText`
    t =    45.21s         Capturing element debug description
    t =    46.14s     Checking `Expect predicate `existsNoRetry == 1` for object "story.recompenses" StaticText`
    t =    46.14s         Checking existence of `"story.recompenses" StaticText`
    t =    46.44s         Capturing element debug description
    t =    47.10s     Checking `Expect predicate `existsNoRetry == 1` for object "story.recompenses" StaticText`
    t =    47.12s         Checking existence of `"story.recompenses" StaticText`
    t =    47.42s         Capturing element debug description
    t =    47.42s     Checking existence of `"story.recompenses" StaticText`
    t =    48.88s Collecting debug information to assist test failure triage
    t =    48.90s     Requesting snapshot of accessibility hierarchy for app with pid 72776
/tmp/nosfy-fin-ui/NosfyUITests/FinSeanceUITests.swift:18: error: -[NosfyUITests.FinSeanceUITests testPremiereSeance] : XCTAssertTrue failed
    t =    50.56s Tear Down
Test Case '-[NosfyUITests.FinSeanceUITests testPremiereSeance]' failed (51.007 seconds).
Test Suite 'FinSeanceUITests' failed at 2026-09-19 08:53:15.760.
	 Executed 1 test, with 1 failure (0 unexpected) in 51.007 (51.008) seconds
Test Suite 'NosfyUITests.xctest' failed at 2026-09-19 08:53:15.762.
	 Executed 1 test, with 1 failure (0 unexpected) in 51.007 (51.010) seconds
Test Suite 'Selected tests' failed at 2026-09-19 08:53:15.763.
	 Executed 1 test, with 1 failure (0 unexpected) in 51.007 (51.013) seconds
2026-09-19 08:53:46.918 xcodebuild[72180:19841727] [MT] IDETestOperationsObserverDebug: 123.811 elapsed -- Testing started completed.
2026-09-19 08:53:46.918 xcodebuild[72180:19841727] [MT] IDETestOperationsObserverDebug: 0.000 sec, +0.000 sec -- start
2026-09-19 08:53:46.918 xcodebuild[72180:19841727] [MT] IDETestOperationsObserverDebug: 123.811 sec, +123.811 sec -- end

Test session results, code coverage, and logs:
	/tmp/nosfy-fin-ui-result6

Failing tests:
	FinSeanceUITests.testPremiereSeance()

** TEST FAILED **

Testing started
