Command line invocation:
    /Applications/Xcode.app/Contents/Developer/usr/bin/xcodebuild test-without-building -xctestrun /private/tmp/woop-nav-runtime-qa/dd/Build/Products/NavRuntimeUITests_iphoneos26.5-arm64.xctestrun "-only-testing:NavRuntimeUITests/NavRuntimeUITests/testHomePretePourMesure" -destination platform=iOS,id=00008120-001E4CDC0A85A01E -destination-timeout 20 -parallel-testing-enabled NO -maximum-concurrent-test-device-destinations 1 -resultBundlePath /private/tmp/woop-home1939-verification.xcresult

2026-09-15 19:42:07.821 xcodebuild[35612:14547767] [MT] IDERunDestination: Supported platforms for the buildables in the current scheme is empty.
Writing result bundle at path:
	/private/tmp/woop-home1939-verification.xcresult

2026-09-15 19:42:07.823 xcodebuild[35612:14547767] [MT] IDERunDestination: Supported platforms for the buildables in the current scheme is empty.
2026-09-15 19:42:07.924 xcodebuild[35612:14547767] [MT] IDERunDestination: Supported platforms for the buildables in the current scheme is empty.
2026-09-15 19:42:08.632 xcodebuild[35612:14547767] [MT] IDERunDestination: Supported platforms for the buildables in the current scheme is empty.
2026-09-15 19:42:09.103 xcodebuild[35612:14547767] [MT] IDERunDestination: Supported platforms for the buildables in the current scheme is empty.
--- xcodebuild: WARNING: Using the first of multiple matching destinations:
{ platform:iOS, arch:arm64e, id:00008120-001E4CDC0A85A01E, name:iPhone de Frédéric }
{ platform:iOS, arch:arm64, id:00008120-001E4CDC0A85A01E, name:iPhone de Frédéric }
2026-09-15 19:42:11.224 xcodebuild[35612:14547767] [MT] IDERunDestination: Supported platforms for the buildables in the current scheme is empty.
2026-09-15 19:42:11.364 xcodebuild[35612:14547767] [MT] IDERunDestination: Supported platforms for the buildables in the current scheme is empty.
2026-09-15 19:42:18.544265+0200 NavRuntimeUITests-Runner[24189:1936520] [Default] Running tests...
    t =      nans Interface orientation changed to Portrait
Test Suite 'Selected tests' started at 2026-09-15 19:42:21.908.
Test Suite 'NavRuntimeUITests.xctest' started at 2026-09-15 19:42:21.909.
Test Suite 'NavRuntimeUITests' started at 2026-09-15 19:42:21.910.
Test Case '-[NavRuntimeUITests.NavRuntimeUITests testHomePretePourMesure]' started.
    t =     0.00s Start Test at 2026-09-15 19:42:21.911
    t =     0.04s Set Up
    t =     0.04s Open fr.kathryn.woop
    t =     0.04s     Activate fr.kathryn.woop
    t =     0.09s         Wait for fr.kathryn.woop to idle
    t =     0.16s Checking existence of `"Later" Button`
    t =     0.41s Waiting 5.0s for "person" Button to exist
2026-09-15 19:42:22.432 xcodebuild[35612:14547767] [MT] IDERunDestination: Supported platforms for the buildables in the current scheme is empty.
    t =     1.43s     Checking `Expect predicate `existsNoRetry == 1` for object "person" Button`
    t =     1.43s         Checking existence of `"person" Button`
    t =     1.50s         Capturing element debug description
    t =     2.48s     Checking `Expect predicate `existsNoRetry == 1` for object "person" Button`
    t =     2.48s         Checking existence of `"person" Button`
    t =     2.55s         Capturing element debug description
    t =     3.48s     Checking `Expect predicate `existsNoRetry == 1` for object "person" Button`
    t =     3.48s         Checking existence of `"person" Button`
    t =     3.52s Find the "person" Button
    t =     3.57s Find the Application 'fr.kathryn.woop'
WOOP_HOME_PRETE_MESURE
    t =     3.85s Tear Down
Test Case '-[NavRuntimeUITests.NavRuntimeUITests testHomePretePourMesure]' passed (3.896 seconds).
Test Suite 'NavRuntimeUITests' passed at 2026-09-15 19:42:25.807.
	 Executed 1 test, with 0 failures (0 unexpected) in 3.896 (3.897) seconds
Test Suite 'NavRuntimeUITests.xctest' passed at 2026-09-15 19:42:25.807.
	 Executed 1 test, with 0 failures (0 unexpected) in 3.896 (3.898) seconds
Test Suite 'Selected tests' passed at 2026-09-15 19:42:25.808.
	 Executed 1 test, with 0 failures (0 unexpected) in 3.896 (3.899) seconds
2026-09-15 19:42:26.013 xcodebuild[35612:14547767] [MT] IDERunDestination: Supported platforms for the buildables in the current scheme is empty.
2026-09-15 19:42:26.249 xcodebuild[35612:14547767] [MT] IDETestOperationsObserverDebug: 15.022 elapsed -- Testing started completed.
2026-09-15 19:42:26.249 xcodebuild[35612:14547767] [MT] IDETestOperationsObserverDebug: 0.000 sec, +0.000 sec -- start
2026-09-15 19:42:26.249 xcodebuild[35612:14547767] [MT] IDETestOperationsObserverDebug: 15.022 sec, +15.022 sec -- end

Test session results, code coverage, and logs:
	/tmp/woop-home1939-verification.xcresult

** TEST EXECUTE SUCCEEDED **

Testing started
