
> nosfy-chambre-des-machines@2.0.0 verif
> ../../tools/docsite/verifier.sh --sans-captures


── 0. les prérequis
   ✔ node v24.16.0 · Chrome ignoré (--sans-captures)

── 1. le retard — le livrable est-il plus vieux que sa source ?
   ✔ index.html est plus récent que content/ app/ components/ public/ fonts/ scripts/

── 2. tsc --noEmit — une brique sans preuve ne compile pas
   ✔ types

── 3. la source — tests/contenu (ids, titres, preuves qui se lisent, SVG à jour)

 RUN  v4.1.11 /private/tmp/nosfy-backend-20260918/suivi/snapshot/docs/site


 Test Files  1 passed (1)
      Tests  9 passed (9)
   Start at  11:40:49
   Duration  141ms (transform 46ms, setup 0ms, import 17ms, tests 68ms, environment 0ms)


── 4. next build (export statique → docs/site/out/)
▲ Next.js 16.3.3 (Turbopack)
✓ Running next.config.ts took 10ms

  Creating an optimized production build ...
✓ Compiled successfully in 87ms
  Running TypeScript ...
  Finished TypeScript in 861ms ...
  Collecting page data using 5 workers ...
  Generating static pages using 5 workers (0/4) ...
  Generating static pages using 5 workers (1/4)
  Generating static pages using 5 workers (2/4)
  Generating static pages using 5 workers (3/4)
✓ Generating static pages using 5 workers (4/4) in 297ms
  Finalizing page optimization ...

Route (app)
┌ ○ /
├ ○ /_not-found
└ ○ /icon.svg


○  (Static)  prerendered as static content

   ✔ out/index.html

── 5. l'inliner — rebâti à côté, comparé au livrable
inliner : /private/tmp/nosfy-backend-20260918/suivi/snapshot/docs/site/out/index.html
   retirés  : 24 <script> · 7 <link> · 0 attributs Next · 287 commentaires RSC · 1 meta
   inlinés  : 2 feuille(s) (48538 o) · 1 url() (99780 o) · 72 média(s) (546756 o) · site.js (9066 o)
   titre    : Documentation Nosfy
   livrable : /private/tmp/nosfy-backend-20260918/suivi/snapshot/docs/site/out/livrable-verif.html · 1998725 o (2.00 Mo) · 1 <script>
   ✔ écrit
   ✔ identique octet pour octet : le livrable EST le build (frais, déterministe)

── 6. vitest — l'invariant des pastilles et la robe, sur le livrable

 RUN  v4.1.11 /private/tmp/nosfy-backend-20260918/suivi/snapshot/docs/site


 Test Files  2 passed (2)
      Tests  23 passed (23)
   Start at  11:40:52
   Duration  128ms (transform 65ms, setup 0ms, import 41ms, tests 75ms, environment 0ms)


── 7. la robe et l'autonomie, au grep sur docs/site/index.html
   ✔ emoji dans un h1/h2/h3 : 0 (attendu = 0)
   ✔ graisses de la page : 300 400 500 600 (⊆ 300 400 500 600)
   ✔ @keyframes de la page (arrive · allume · reveal) : 2 (attendu ≤ 3)
   ✔ backdrop-filter (règles, hors -webkit-) : 2 (attendu ≤ 4)
   ✔ familles : 8 formes, toutes Inter ou mono système
   ✔ dates relatives (depuis/posé/réparé aujourd'hui, ce matin) : 0 (attendu = 0)
   ✔ %%{init : 0 (attendu = 0)
   ✔ classDef : 0 (attendu = 0)
   ✔ /_next/ : 0 (attendu = 0)
   ✔ <script : 1 (attendu ≤ 1)
   ✔ cdn. : 0 (attendu = 0)
   ✔ transition sur un filtre : 0 (attendu = 0)
   ✔ poids (o) : 1998725 (attendu < 2000000)

✔ tout est vert (sans captures ni sondes) en 5 s
