Command line invocation:
    /Applications/Xcode.app/Contents/Developer/usr/bin/xcodebuild -project Nosfy.xcodeproj -scheme Nosfy -configuration Debug -sdk iphonesimulator -destination "generic/platform=iOS Simulator" -derivedDataPath /tmp/nosfy-fin-seance-dd CODE_SIGNING_ALLOWED=NO ONLY_ACTIVE_ARCH=YES ARCHS=arm64 build

Build settings from command line:
    ARCHS = arm64
    CODE_SIGNING_ALLOWED = NO
    ONLY_ACTIVE_ARCH = YES
    SDKROOT = iphonesimulator26.5

ComputePackagePrebuildTargetDependencyGraph

Prepare packages

CreateBuildRequest

SendProjectDescription

CreateBuildOperation

ComputeTargetDependencyGraph
note: Building targets in dependency order
note: Target dependency graph (2 targets)
    Target 'Nosfy' in project 'Nosfy'
        ➜ Explicit dependency on target 'NosfyWidgets' in project 'Nosfy'
    Target 'NosfyWidgets' in project 'Nosfy' (no dependencies)

GatherProvisioningInputs

CreateBuildDescription

ExecuteExternalTool /Applications/Xcode.app/Contents/Developer/Toolchains/XcodeDefault.xctoolchain/usr/bin/clang -v -E -dM -isysroot /Applications/Xcode.app/Contents/Developer/Platforms/iPhoneSimulator.platform/Developer/SDKs/iPhoneSimulator26.5.sdk -x c -c /dev/null

ExecuteExternalTool /Applications/Xcode.app/Contents/Developer/usr/bin/actool --version --output-format xml1

ExecuteExternalTool /Applications/Xcode.app/Contents/Developer/usr/bin/actool --print-asset-tag-combinations --output-format xml1 /Users/kathryn/Desktop/Nosfy/NosfyShared/LiveAssets.xcassets /Users/kathryn/Desktop/Nosfy/Nosfy/AppIcon.icon /Users/kathryn/Desktop/Nosfy/Nosfy/Assets.xcassets

ExecuteExternalTool /Applications/Xcode.app/Contents/Developer/Toolchains/XcodeDefault.xctoolchain/usr/bin/swiftc --version

ExecuteExternalTool /Applications/Xcode.app/Contents/Developer/Toolchains/XcodeDefault.xctoolchain/usr/bin/ld -version_details

Build description signature: ec127a16a2ea75da7da86ea01f839c57
Build description path: /tmp/nosfy-fin-seance-dd/Build/Intermediates.noindex/XCBuildData/ec127a16a2ea75da7da86ea01f839c57.xcbuilddata
ClangStatCache /Applications/Xcode.app/Contents/Developer/Toolchains/XcodeDefault.xctoolchain/usr/bin/clang-stat-cache /Applications/Xcode.app/Contents/Developer/Platforms/iPhoneSimulator.platform/Developer/SDKs/iPhoneSimulator26.5.sdk /tmp/nosfy-fin-seance-dd/SDKStatCaches.noindex/iphonesimulator26.5-23F73-688ef53f1462e2c8f657fdc38a81448f6cfe768891a92b912361537c460fe42b.sdkstatcache
    cd /Users/kathryn/Desktop/Nosfy/Nosfy.xcodeproj
    /Applications/Xcode.app/Contents/Developer/Toolchains/XcodeDefault.xctoolchain/usr/bin/clang-stat-cache /Applications/Xcode.app/Contents/Developer/Platforms/iPhoneSimulator.platform/Developer/SDKs/iPhoneSimulator26.5.sdk -o /tmp/nosfy-fin-seance-dd/SDKStatCaches.noindex/iphonesimulator26.5-23F73-688ef53f1462e2c8f657fdc38a81448f6cfe768891a92b912361537c460fe42b.sdkstatcache

Ld /tmp/nosfy-fin-seance-dd/Build/Products/Debug-iphonesimulator/NosfyWidgets.appex/NosfyWidgets.debug.dylib normal (in target 'NosfyWidgets' from project 'Nosfy')
    cd /Users/kathryn/Desktop/Nosfy
    /Applications/Xcode.app/Contents/Developer/Toolchains/XcodeDefault.xctoolchain/usr/bin/clang -Xlinker -reproducible -target arm64-apple-ios26.0-simulator -dynamiclib -isysroot /Applications/Xcode.app/Contents/Developer/Platforms/iPhoneSimulator.platform/Developer/SDKs/iPhoneSimulator26.5.sdk -O0 -L/tmp/nosfy-fin-seance-dd/Build/Intermediates.noindex/EagerLinkingTBDs/Debug-iphonesimulator -L/tmp/nosfy-fin-seance-dd/Build/Products/Debug-iphonesimulator -F/tmp/nosfy-fin-seance-dd/Build/Intermediates.noindex/EagerLinkingTBDs/Debug-iphonesimulator -F/tmp/nosfy-fin-seance-dd/Build/Products/Debug-iphonesimulator -filelist /tmp/nosfy-fin-seance-dd/Build/Intermediates.noindex/Nosfy.build/Debug-iphonesimulator/NosfyWidgets.build/Objects-normal/arm64/NosfyWidgets.LinkFileList -install_name @rpath/NosfyWidgets.debug.dylib -Xlinker -rpath -Xlinker @executable_path/Frameworks -Xlinker -rpath -Xlinker @executable_path/../../Frameworks -Xlinker -dead_strip -Xlinker -object_path_lto -Xlinker /tmp/nosfy-fin-seance-dd/Build/Intermediates.noindex/Nosfy.build/Debug-iphonesimulator/NosfyWidgets.build/Objects-normal/arm64/NosfyWidgets_lto.o -rdynamic -Xlinker -no_deduplicate -Xlinker -objc_abi_version -Xlinker 2 -Xlinker -dependency_info -Xlinker /tmp/nosfy-fin-seance-dd/Build/Intermediates.noindex/Nosfy.build/Debug-iphonesimulator/NosfyWidgets.build/Objects-normal/arm64/NosfyWidgets_dependency_info.dat -fapplication-extension -fobjc-link-runtime -L/Applications/Xcode.app/Contents/Developer/Toolchains/XcodeDefault.xctoolchain/usr/lib/swift/iphonesimulator -L/usr/lib/swift -Xlinker -add_ast_path -Xlinker /tmp/nosfy-fin-seance-dd/Build/Intermediates.noindex/Nosfy.build/Debug-iphonesimulator/NosfyWidgets.build/Objects-normal/arm64/NosfyWidgets.swiftmodule @/tmp/nosfy-fin-seance-dd/Build/Intermediates.noindex/Nosfy.build/Debug-iphonesimulator/NosfyWidgets.build/Objects-normal/arm64/NosfyWidgets-linker-args.resp -Xlinker -alias -Xlinker _NSExtensionMain -Xlinker ___debug_main_executable_dylib_entry_point -o /tmp/nosfy-fin-seance-dd/Build/Products/Debug-iphonesimulator/NosfyWidgets.appex/NosfyWidgets.debug.dylib

ConstructStubExecutorLinkFileList /tmp/nosfy-fin-seance-dd/Build/Intermediates.noindex/Nosfy.build/Debug-iphonesimulator/NosfyWidgets.build/NosfyWidgets-ExecutorLinkFileList-normal-arm64.txt (in target 'NosfyWidgets' from project 'Nosfy')
    cd /Users/kathryn/Desktop/Nosfy
    construct-stub-executor-link-file-list /tmp/nosfy-fin-seance-dd/Build/Products/Debug-iphonesimulator/NosfyWidgets.appex/NosfyWidgets.debug.dylib /Applications/Xcode.app/Contents/Developer/Platforms/iPhoneSimulator.platform/Developer/usr/lib/libPreviewsJITStubExecutor_no_swift_entry_point.a /Applications/Xcode.app/Contents/Developer/Platforms/iPhoneSimulator.platform/Developer/usr/lib/libPreviewsJITStubExecutor.a --output /tmp/nosfy-fin-seance-dd/Build/Intermediates.noindex/Nosfy.build/Debug-iphonesimulator/NosfyWidgets.build/NosfyWidgets-ExecutorLinkFileList-normal-arm64.txt
note: Using stub executor library with Swift entry point. (in target 'NosfyWidgets' from project 'Nosfy')

Ld /tmp/nosfy-fin-seance-dd/Build/Products/Debug-iphonesimulator/NosfyWidgets.appex/NosfyWidgets normal (in target 'NosfyWidgets' from project 'Nosfy')
    cd /Users/kathryn/Desktop/Nosfy
    /Applications/Xcode.app/Contents/Developer/Toolchains/XcodeDefault.xctoolchain/usr/bin/clang -Xlinker -reproducible -target arm64-apple-ios26.0-simulator -isysroot /Applications/Xcode.app/Contents/Developer/Platforms/iPhoneSimulator.platform/Developer/SDKs/iPhoneSimulator26.5.sdk -O0 -L/tmp/nosfy-fin-seance-dd/Build/Products/Debug-iphonesimulator -F/tmp/nosfy-fin-seance-dd/Build/Products/Debug-iphonesimulator -Xlinker -rpath -Xlinker @executable_path -Xlinker -rpath -Xlinker @executable_path/Frameworks -Xlinker -rpath -Xlinker @executable_path/../../Frameworks -rdynamic -Xlinker -no_deduplicate -Xlinker -objc_abi_version -Xlinker 2 -e ___debug_blank_executor_main -Xlinker -sectcreate -Xlinker __TEXT -Xlinker __debug_dylib -Xlinker /tmp/nosfy-fin-seance-dd/Build/Intermediates.noindex/Nosfy.build/Debug-iphonesimulator/NosfyWidgets.build/NosfyWidgets-DebugDylibPath-normal-arm64.txt -Xlinker -sectcreate -Xlinker __TEXT -Xlinker __debug_entry -Xlinker /tmp/nosfy-fin-seance-dd/Build/Intermediates.noindex/Nosfy.build/Debug-iphonesimulator/NosfyWidgets.build/NosfyWidgets-DebugEntryPoint-normal-arm64.txt -Xlinker -sectcreate -Xlinker __TEXT -Xlinker __debug_instlnm -Xlinker /tmp/nosfy-fin-seance-dd/Build/Intermediates.noindex/Nosfy.build/Debug-iphonesimulator/NosfyWidgets.build/NosfyWidgets-DebugDylibInstallName-normal-arm64.txt -Xlinker -filelist -Xlinker /tmp/nosfy-fin-seance-dd/Build/Intermediates.noindex/Nosfy.build/Debug-iphonesimulator/NosfyWidgets.build/NosfyWidgets-ExecutorLinkFileList-normal-arm64.txt /tmp/nosfy-fin-seance-dd/Build/Products/Debug-iphonesimulator/NosfyWidgets.appex/NosfyWidgets.debug.dylib -o /tmp/nosfy-fin-seance-dd/Build/Products/Debug-iphonesimulator/NosfyWidgets.appex/NosfyWidgets

ProcessInfoPlistFile /tmp/nosfy-fin-seance-dd/Build/Products/Debug-iphonesimulator/NosfyWidgets.appex/Info.plist /Users/kathryn/Desktop/Nosfy/NosfyWidgets/Info.plist (in target 'NosfyWidgets' from project 'Nosfy')
    cd /Users/kathryn/Desktop/Nosfy
    builtin-infoPlistUtility /Users/kathryn/Desktop/Nosfy/NosfyWidgets/Info.plist -producttype com.apple.product-type.app-extension -expandbuildsettings -format binary -platform iphonesimulator -additionalcontentfile /tmp/nosfy-fin-seance-dd/Build/Intermediates.noindex/Nosfy.build/Debug-iphonesimulator/NosfyWidgets.build/assetcatalog_generated_info.plist -o /tmp/nosfy-fin-seance-dd/Build/Products/Debug-iphonesimulator/NosfyWidgets.appex/Info.plist

ExtractAppIntentsMetadata (in target 'NosfyWidgets' from project 'Nosfy')
    cd /Users/kathryn/Desktop/Nosfy
    /Applications/Xcode.app/Contents/Developer/Toolchains/XcodeDefault.xctoolchain/usr/bin/appintentsmetadataprocessor --toolchain-dir /var/run/com.apple.security.cryptexd/mnt/com.apple.MobileAsset.MetalToolchain-v17.6.42.0.BA5Ggr/Metal.xctoolchain --module-name NosfyWidgets --sdk-root /Applications/Xcode.app/Contents/Developer/Platforms/iPhoneSimulator.platform/Developer/SDKs/iPhoneSimulator26.5.sdk --xcode-version 17F42 --platform-family iOS --deployment-target 26.0 --bundle-identifier fr.kathryn.woop.WoopWidgets --output /tmp/nosfy-fin-seance-dd/Build/Products/Debug-iphonesimulator/NosfyWidgets.appex --target-triple arm64-apple-ios26.0-simulator --binary-file /tmp/nosfy-fin-seance-dd/Build/Products/Debug-iphonesimulator/NosfyWidgets.appex/NosfyWidgets --dependency-file /tmp/nosfy-fin-seance-dd/Build/Intermediates.noindex/Nosfy.build/Debug-iphonesimulator/NosfyWidgets.build/Objects-normal/arm64/NosfyWidgets_dependency_info.dat --stringsdata-file /tmp/nosfy-fin-seance-dd/Build/Intermediates.noindex/Nosfy.build/Debug-iphonesimulator/NosfyWidgets.build/Objects-normal/arm64/ExtractedAppShortcutsMetadata.stringsdata --source-file-list /tmp/nosfy-fin-seance-dd/Build/Intermediates.noindex/Nosfy.build/Debug-iphonesimulator/NosfyWidgets.build/Objects-normal/arm64/NosfyWidgets.SwiftFileList --metadata-file-list /tmp/nosfy-fin-seance-dd/Build/Intermediates.noindex/Nosfy.build/Debug-iphonesimulator/NosfyWidgets.build/NosfyWidgets.DependencyMetadataFileList --static-metadata-file-list /tmp/nosfy-fin-seance-dd/Build/Intermediates.noindex/Nosfy.build/Debug-iphonesimulator/NosfyWidgets.build/NosfyWidgets.DependencyStaticMetadataFileList --swift-const-vals-list /tmp/nosfy-fin-seance-dd/Build/Intermediates.noindex/Nosfy.build/Debug-iphonesimulator/NosfyWidgets.build/Objects-normal/arm64/NosfyWidgets.SwiftConstValuesFileList --compile-time-extraction --deployment-aware-processing --validate-assistant-intents --no-app-shortcuts-localization
2026-09-19 09:12:19.575 appintentsmetadataprocessor[90919:19968395] Starting appintentsmetadataprocessor export
2026-09-19 09:12:19.589 appintentsmetadataprocessor[90919:19968395] Extracted no relevant App Intents symbols, skipping writing output

Copy /tmp/nosfy-fin-seance-dd/Build/Products/Debug-iphonesimulator/Nosfy.app/PlugIns/NosfyWidgets.appex /tmp/nosfy-fin-seance-dd/Build/Products/Debug-iphonesimulator/NosfyWidgets.appex (in target 'Nosfy' from project 'Nosfy')
    cd /Users/kathryn/Desktop/Nosfy
    builtin-copy -exclude .DS_Store -exclude CVS -exclude .svn -exclude .git -exclude .hg -exclude Headers -exclude PrivateHeaders -exclude Modules -exclude \*.tbd -resolve-src-symlinks -remove-static-executable /tmp/nosfy-fin-seance-dd/Build/Products/Debug-iphonesimulator/NosfyWidgets.appex /tmp/nosfy-fin-seance-dd/Build/Products/Debug-iphonesimulator/Nosfy.app/PlugIns

ProcessInfoPlistFile /tmp/nosfy-fin-seance-dd/Build/Products/Debug-iphonesimulator/Nosfy.app/Info.plist /Users/kathryn/Desktop/Nosfy/Nosfy/Info.plist (in target 'Nosfy' from project 'Nosfy')
    cd /Users/kathryn/Desktop/Nosfy
    builtin-infoPlistUtility /Users/kathryn/Desktop/Nosfy/Nosfy/Info.plist -producttype com.apple.product-type.application -genpkginfo /tmp/nosfy-fin-seance-dd/Build/Products/Debug-iphonesimulator/Nosfy.app/PkgInfo -expandbuildsettings -format binary -platform iphonesimulator -additionalcontentfile /tmp/nosfy-fin-seance-dd/Build/Intermediates.noindex/Nosfy.build/Debug-iphonesimulator/Nosfy.build/assetcatalog_generated_info.plist -scanforprivacyfile /tmp/nosfy-fin-seance-dd/Build/Products/Debug-iphonesimulator/Nosfy.app/PlugIns/NosfyWidgets.appex -o /tmp/nosfy-fin-seance-dd/Build/Products/Debug-iphonesimulator/Nosfy.app/Info.plist

CopySwiftLibs /tmp/nosfy-fin-seance-dd/Build/Products/Debug-iphonesimulator/Nosfy.app (in target 'Nosfy' from project 'Nosfy')
    cd /Users/kathryn/Desktop/Nosfy
    builtin-swiftStdLibTool --copy --verbose --scan-executable /tmp/nosfy-fin-seance-dd/Build/Products/Debug-iphonesimulator/Nosfy.app/Nosfy.debug.dylib --scan-folder /tmp/nosfy-fin-seance-dd/Build/Products/Debug-iphonesimulator/Nosfy.app/Frameworks --scan-folder /tmp/nosfy-fin-seance-dd/Build/Products/Debug-iphonesimulator/Nosfy.app/PlugIns --scan-folder /tmp/nosfy-fin-seance-dd/Build/Products/Debug-iphonesimulator/Nosfy.app/SystemExtensions --scan-folder /tmp/nosfy-fin-seance-dd/Build/Products/Debug-iphonesimulator/Nosfy.app/Extensions --platform iphonesimulator --toolchain /var/run/com.apple.security.cryptexd/mnt/com.apple.MobileAsset.MetalToolchain-v17.6.42.0.BA5Ggr/Metal.xctoolchain --toolchain /Applications/Xcode.app/Contents/Developer/Toolchains/XcodeDefault.xctoolchain --destination /tmp/nosfy-fin-seance-dd/Build/Products/Debug-iphonesimulator/Nosfy.app/Frameworks --strip-bitcode --strip-bitcode-tool /Applications/Xcode.app/Contents/Developer/Toolchains/XcodeDefault.xctoolchain/usr/bin/bitcode_strip --emit-dependency-info /tmp/nosfy-fin-seance-dd/Build/Intermediates.noindex/Nosfy.build/Debug-iphonesimulator/Nosfy.build/SwiftStdLibToolInputDependencies.dep --filter-for-swift-os
Ignoring --strip-bitcode because --sign was not passed

ValidateEmbeddedBinary /tmp/nosfy-fin-seance-dd/Build/Products/Debug-iphonesimulator/Nosfy.app/PlugIns/NosfyWidgets.appex (in target 'Nosfy' from project 'Nosfy')
    cd /Users/kathryn/Desktop/Nosfy
    /Applications/Xcode.app/Contents/Developer/usr/bin/embeddedBinaryValidationUtility /tmp/nosfy-fin-seance-dd/Build/Products/Debug-iphonesimulator/Nosfy.app/PlugIns/NosfyWidgets.appex -info-plist-path /tmp/nosfy-fin-seance-dd/Build/Products/Debug-iphonesimulator/Nosfy.app/Info.plist

** BUILD SUCCEEDED **

