Command line invocation:
    /Applications/Xcode.app/Contents/Developer/usr/bin/xcodebuild test-without-building -xctestrun /private/tmp/woop-nav-runtime-qa/dd/Build/Products/NavRuntimeUITests_iphoneos26.5-arm64.xctestrun "-only-testing:NavRuntimeUITests/NavRuntimeUITests/testCapturerInvitation" -destination platform=iOS,id=00008120-001E4CDC0A85A01E -destination-timeout 15 -parallel-testing-enabled NO -maximum-concurrent-test-device-destinations 1 -resultBundlePath /private/tmp/woop-captures-invite30/invitation.xcresult

2026-09-15 21:53:50.404 xcodebuild[65303:14847673] [MT] IDERunDestination: Supported platforms for the buildables in the current scheme is empty.
Writing result bundle at path:
	/private/tmp/woop-captures-invite30/invitation.xcresult

2026-09-15 21:53:50.406 xcodebuild[65303:14847673] [MT] IDERunDestination: Supported platforms for the buildables in the current scheme is empty.
--- xcodebuild: WARNING: Using the first of multiple matching destinations:
{ platform:iOS, arch:arm64e, id:00008120-001E4CDC0A85A01E, name:iPhone de Frédéric }
{ platform:iOS, arch:arm64, id:00008120-001E4CDC0A85A01E, name:iPhone de Frédéric }
2026-09-15 21:53:50.642 xcodebuild[65303:14847673] [MT] IDERunDestination: Supported platforms for the buildables in the current scheme is empty.
2026-09-15 21:53:50.761 xcodebuild[65303:14847673] [MT] IDERunDestination: Supported platforms for the buildables in the current scheme is empty.
2026-09-15 21:53:52.447692+0200 NavRuntimeUITests-Runner[25877:2012690] [Default] Running tests...
    t =      nans Interface orientation changed to Portrait
Test Suite 'Selected tests' started at 2026-09-15 21:53:52.817.
Test Suite 'NavRuntimeUITests.xctest' started at 2026-09-15 21:53:52.818.
Test Suite 'NavRuntimeUITests' started at 2026-09-15 21:53:52.818.
Test Case '-[NavRuntimeUITests.NavRuntimeUITests testCapturerInvitation]' started.
    t =     0.00s Start Test at 2026-09-15 21:53:52.820
    t =     0.02s Set Up
    t =     0.02s Open fr.kathryn.woop
    t =     0.02s     Activate fr.kathryn.woop
    t =     0.06s         Wait for fr.kathryn.woop to idle
    t =     0.08s Waiting 5.0s for "pull to start" StaticText to exist
2026-09-15 21:53:52.994 xcodebuild[65303:14847673] [MT] IDERunDestination: Supported platforms for the buildables in the current scheme is empty.
    t =     1.11s     Checking `Expect predicate `existsNoRetry == 1` for object "pull to start" StaticText`
    t =     1.12s         Checking existence of `"pull to start" StaticText`
    t =     1.23s Find the "pull to start" StaticText
    t =     1.27s Find the "pull to start" StaticText
    t =     1.30s Find the Application 'fr.kathryn.woop'
    t =     1.32s Find the Application 'fr.kathryn.woop'
    t =     1.68s Find the Application 'fr.kathryn.woop'
    t =     2.09s Find the Application 'fr.kathryn.woop'
    t =     2.51s Find the Application 'fr.kathryn.woop'
    t =     2.94s Find the Application 'fr.kathryn.woop'
    t =     3.37s Find the Application 'fr.kathryn.woop'
    t =     3.78s Find the Application 'fr.kathryn.woop'
    t =     4.22s Find the Application 'fr.kathryn.woop'
WOOP_INVITATION_CAPTUREE_SANS_APPUI
    t =     4.78s Tear Down
Test Case '-[NavRuntimeUITests.NavRuntimeUITests testCapturerInvitation]' passed (4.795 seconds).
Test Suite 'NavRuntimeUITests' passed at 2026-09-15 21:53:57.617.
	 Executed 1 test, with 0 failures (0 unexpected) in 4.795 (4.799) seconds
Test Suite 'NavRuntimeUITests.xctest' passed at 2026-09-15 21:53:57.620.
	 Executed 1 test, with 0 failures (0 unexpected) in 4.795 (4.802) seconds
Test Suite 'Selected tests' passed at 2026-09-15 21:53:57.622.
	 Executed 1 test, with 0 failures (0 unexpected) in 4.795 (4.805) seconds
2026-09-15 21:53:57.766 xcodebuild[65303:14847673] [MT] IDERunDestination: Supported platforms for the buildables in the current scheme is empty.
2026-09-15 21:53:57.903 xcodebuild[65303:14847673] [MT] IDETestOperationsObserverDebug: 7.259 elapsed -- Testing started completed.
2026-09-15 21:53:57.903 xcodebuild[65303:14847673] [MT] IDETestOperationsObserverDebug: 0.000 sec, +0.000 sec -- start
2026-09-15 21:53:57.903 xcodebuild[65303:14847673] [MT] IDETestOperationsObserverDebug: 7.259 sec, +7.259 sec -- end

Test session results, code coverage, and logs:
	/tmp/woop-captures-invite30/invitation.xcresult

** TEST EXECUTE SUCCEEDED **

Testing started
