Command line invocation:
    /Applications/Xcode.app/Contents/Developer/usr/bin/xcodebuild test-without-building -xctestrun /private/tmp/woop-nav-runtime-qa/dd/Build/Products/NavRuntimeUITests_iphoneos26.5-arm64.xctestrun "-only-testing:NavRuntimeUITests/NavRuntimeUITests/testHomePretePourMesure" -destination platform=iOS,id=00008120-001E4CDC0A85A01E -destination-timeout 15 -parallel-testing-enabled NO -maximum-concurrent-test-device-destinations 1 -resultBundlePath /private/tmp/woop-validation28-mesure/home-prete.xcresult

2026-09-15 21:08:24.412 xcodebuild[57782:14785613] [MT] IDERunDestination: Supported platforms for the buildables in the current scheme is empty.
Writing result bundle at path:
	/private/tmp/woop-validation28-mesure/home-prete.xcresult

2026-09-15 21:08:24.417 xcodebuild[57782:14785613] [MT] IDERunDestination: Supported platforms for the buildables in the current scheme is empty.
2026-09-15 21:08:24.525 xcodebuild[57782:14785613] [MT] IDERunDestination: Supported platforms for the buildables in the current scheme is empty.
--- xcodebuild: WARNING: Using the first of multiple matching destinations:
{ platform:iOS, arch:arm64e, id:00008120-001E4CDC0A85A01E, name:iPhone de Frédéric }
{ platform:iOS, arch:arm64, id:00008120-001E4CDC0A85A01E, name:iPhone de Frédéric }
2026-09-15 21:08:25.026 xcodebuild[57782:14785613] [MT] IDERunDestination: Supported platforms for the buildables in the current scheme is empty.
2026-09-15 21:08:25.368 xcodebuild[57782:14785613] [MT] IDERunDestination: Supported platforms for the buildables in the current scheme is empty.
2026-09-15 21:08:26.951048+0200 NavRuntimeUITests-Runner[25328:1987647] [Default] Running tests...
    t =      nans Interface orientation changed to Portrait
Test Suite 'Selected tests' started at 2026-09-15 21:08:27.317.
Test Suite 'NavRuntimeUITests.xctest' started at 2026-09-15 21:08:27.318.
Test Suite 'NavRuntimeUITests' started at 2026-09-15 21:08:27.318.
Test Case '-[NavRuntimeUITests.NavRuntimeUITests testHomePretePourMesure]' started.
    t =     0.00s Start Test at 2026-09-15 21:08:27.320
    t =     0.02s Set Up
    t =     0.02s Open fr.kathryn.woop
    t =     0.02s     Activate fr.kathryn.woop
    t =     0.05s         Wait for fr.kathryn.woop to idle
    t =     0.09s Checking existence of `"Later" Button`
    t =     0.15s Waiting 5.0s for "person" Button to exist
2026-09-15 21:08:27.571 xcodebuild[57782:14785613] [MT] IDERunDestination: Supported platforms for the buildables in the current scheme is empty.
    t =     1.17s     Checking `Expect predicate `existsNoRetry == 1` for object "person" Button`
    t =     1.17s         Checking existence of `"person" Button`
    t =     1.22s Find the "person" Button
    t =     1.27s Find the Application 'fr.kathryn.woop'
WOOP_HOME_PRETE_MESURE
    t =     1.44s Tear Down
Test Case '-[NavRuntimeUITests.NavRuntimeUITests testHomePretePourMesure]' passed (1.476 seconds).
Test Suite 'NavRuntimeUITests' passed at 2026-09-15 21:08:28.797.
	 Executed 1 test, with 0 failures (0 unexpected) in 1.476 (1.479) seconds
Test Suite 'NavRuntimeUITests.xctest' passed at 2026-09-15 21:08:28.797.
	 Executed 1 test, with 0 failures (0 unexpected) in 1.476 (1.480) seconds
Test Suite 'Selected tests' passed at 2026-09-15 21:08:28.798.
	 Executed 1 test, with 0 failures (0 unexpected) in 1.476 (1.480) seconds
2026-09-15 21:08:29.009 xcodebuild[57782:14785613] [MT] IDERunDestination: Supported platforms for the buildables in the current scheme is empty.
2026-09-15 21:08:29.186 xcodebuild[57782:14785613] [MT] IDETestOperationsObserverDebug: 4.154 elapsed -- Testing started completed.
2026-09-15 21:08:29.186 xcodebuild[57782:14785613] [MT] IDETestOperationsObserverDebug: 0.000 sec, +0.000 sec -- start
2026-09-15 21:08:29.186 xcodebuild[57782:14785613] [MT] IDETestOperationsObserverDebug: 4.154 sec, +4.154 sec -- end

Test session results, code coverage, and logs:
	/tmp/woop-validation28-mesure/home-prete.xcresult

** TEST EXECUTE SUCCEEDED **

Testing started
