Command line invocation:
    /Applications/Xcode.app/Contents/Developer/usr/bin/xcodebuild test-without-building -xctestrun /tmp/woop-count54/iphone-dd/Build/Products/NavRuntimeUITests_iphoneos26.5-arm64.xctestrun -destination platform=iOS,id=00008120-001E4CDC0A85A01E "-only-testing:NavRuntimeUITests/NavRuntimeUITests/testEtatStart" -resultBundlePath /tmp/woop-count55/etat.xcresult -parallel-testing-enabled NO

2026-09-17 08:41:52.027 xcodebuild[25513:16776556] [MT] IDERunDestination: Supported platforms for the buildables in the current scheme is empty.
Writing result bundle at path:
	/tmp/woop-count55/etat.xcresult

2026-09-17 08:41:52.032 xcodebuild[25513:16776556] [MT] IDERunDestination: Supported platforms for the buildables in the current scheme is empty.
2026-09-17 08:41:52.128 xcodebuild[25513:16776556] [MT] IDERunDestination: Supported platforms for the buildables in the current scheme is empty.
--- xcodebuild: WARNING: Using the first of multiple matching destinations:
{ platform:iOS, arch:arm64e, id:00008120-001E4CDC0A85A01E, name:iPhone de Frédéric }
{ platform:iOS, arch:arm64, id:00008120-001E4CDC0A85A01E, name:iPhone de Frédéric }
2026-09-17 08:41:52.978 xcodebuild[25513:16776556] [MT] IDERunDestination: Supported platforms for the buildables in the current scheme is empty.
2026-09-17 08:41:53.102 xcodebuild[25513:16776556] [MT] IDERunDestination: Supported platforms for the buildables in the current scheme is empty.
2026-09-17 08:41:54.716 xcodebuild[25513:16776556] [MT] IDERunDestination: Supported platforms for the buildables in the current scheme is empty.
2026-09-17 08:41:55.833031+0200 NavRuntimeUITests-Runner[37090:2874861] [Default] Running tests...
2026-09-17 08:41:57.114 xcodebuild[25513:16776556] [MT] IDERunDestination: Supported platforms for the buildables in the current scheme is empty.
2026-09-17 08:41:57.378 xcodebuild[25513:16776556] [MT] IDERunDestination: Supported platforms for the buildables in the current scheme is empty.
    t =      nans Interface orientation changed to Portrait
Test Suite 'Selected tests' started at 2026-09-17 08:41:59.343.
Test Suite 'NavRuntimeUITests.xctest' started at 2026-09-17 08:41:59.343.
Test Suite 'NavRuntimeUITests' started at 2026-09-17 08:41:59.343.
Test Case '-[NavRuntimeUITests.NavRuntimeUITests testEtatStart]' started.
    t =     0.00s Start Test at 2026-09-17 08:41:59.344
    t =     0.05s Set Up
    t =     0.05s Open fr.kathryn.woop
    t =     0.05s     Activate fr.kathryn.woop
    t =     0.08s         Wait for fr.kathryn.woop to idle
    t =     0.15s Find the Application 'fr.kathryn.woop'
2026-09-17 08:41:59.573 xcodebuild[25513:16776556] [MT] IDERunDestination: Supported platforms for the buildables in the current scheme is empty.
    t =     0.71s Device orientation changed to Face Up
2026-09-17 08:42:00.147 xcodebuild[25513:16776556] [MT] IDERunDestination: Supported platforms for the buildables in the current scheme is empty.
    t =     0.88s Added attachment named 'etat-iPhone-17'
    t =     0.88s Requesting snapshot of accessibility hierarchy for app with pid 36955
    t =     1.22s Requesting snapshot of accessibility hierarchy for app with pid 36955
    t =     1.32s Added attachment named 'arbre-iPhone-17'
    t =     1.32s Checking existence of `"Start" Button`
START_PRESENT=false
    t =     1.39s Checking existence of `"Start" Button`
    t =     1.52s Tear Down
Test Case '-[NavRuntimeUITests.NavRuntimeUITests testEtatStart]' passed (1.558 seconds).
Test Suite 'NavRuntimeUITests' passed at 2026-09-17 08:42:00.902.
	 Executed 1 test, with 0 failures (0 unexpected) in 1.558 (1.559) seconds
Test Suite 'NavRuntimeUITests.xctest' passed at 2026-09-17 08:42:00.903.
	 Executed 1 test, with 0 failures (0 unexpected) in 1.558 (1.560) seconds
Test Suite 'Selected tests' passed at 2026-09-17 08:42:00.903.
	 Executed 1 test, with 0 failures (0 unexpected) in 1.558 (1.560) seconds
2026-09-17 08:42:01.027 xcodebuild[25513:16776556] [MT] IDERunDestination: Supported platforms for the buildables in the current scheme is empty.
2026-09-17 08:42:01.200 xcodebuild[25513:16776556] [MT] IDETestOperationsObserverDebug: 8.221 elapsed -- Testing started completed.
2026-09-17 08:42:01.200 xcodebuild[25513:16776556] [MT] IDETestOperationsObserverDebug: 0.000 sec, +0.000 sec -- start
2026-09-17 08:42:01.201 xcodebuild[25513:16776556] [MT] IDETestOperationsObserverDebug: 8.221 sec, +8.221 sec -- end

Test session results, code coverage, and logs:
	/tmp/woop-count55/etat.xcresult

** TEST EXECUTE SUCCEEDED **

Testing started
