Command line invocation:
    /Applications/Xcode.app/Contents/Developer/usr/bin/xcodebuild test-without-building -xctestrun /tmp/woop-count54/iphone-dd/Build/Products/NavRuntimeUITests_iphoneos26.5-arm64.xctestrun -destination platform=iOS,id=00008120-001E4CDC0A85A01E "-only-testing:NavRuntimeUITests/NavRuntimeUITests/testFermerEtRouvrirPanneau" -resultBundlePath /tmp/woop-count55/panneau55.xcresult -parallel-testing-enabled NO

2026-09-17 08:49:04.452 xcodebuild[26189:16784291] [MT] IDERunDestination: Supported platforms for the buildables in the current scheme is empty.
Writing result bundle at path:
	/tmp/woop-count55/panneau55.xcresult

2026-09-17 08:49:04.458 xcodebuild[26189:16784291] [MT] IDERunDestination: Supported platforms for the buildables in the current scheme is empty.
2026-09-17 08:49:04.555 xcodebuild[26189:16784291] [MT] IDERunDestination: Supported platforms for the buildables in the current scheme is empty.
--- xcodebuild: WARNING: Using the first of multiple matching destinations:
{ platform:iOS, arch:arm64e, id:00008120-001E4CDC0A85A01E, name:iPhone de Frédéric }
{ platform:iOS, arch:arm64, id:00008120-001E4CDC0A85A01E, name:iPhone de Frédéric }
2026-09-17 08:49:05.012 xcodebuild[26189:16784291] [MT] IDERunDestination: Supported platforms for the buildables in the current scheme is empty.
2026-09-17 08:49:05.130 xcodebuild[26189:16784291] [MT] IDERunDestination: Supported platforms for the buildables in the current scheme is empty.
2026-09-17 08:49:06.874852+0200 NavRuntimeUITests-Runner[37260:2887694] [Default] Running tests...
    t =      nans Interface orientation changed to Portrait
Test Suite 'Selected tests' started at 2026-09-17 08:49:07.246.
Test Suite 'NavRuntimeUITests.xctest' started at 2026-09-17 08:49:07.247.
Test Suite 'NavRuntimeUITests' started at 2026-09-17 08:49:07.247.
Test Case '-[NavRuntimeUITests.NavRuntimeUITests testFermerEtRouvrirPanneau]' started.
    t =     0.00s Start Test at 2026-09-17 08:49:07.249
    t =     0.09s Set Up
    t =     0.10s Open fr.kathryn.woop
    t =     0.10s     Activate fr.kathryn.woop
    t =     0.11s         Wait for fr.kathryn.woop to idle
    t =     0.16s Waiting 12.0s for "Start" Button to exist
2026-09-17 08:49:07.502 xcodebuild[26189:16784291] [MT] IDERunDestination: Supported platforms for the buildables in the current scheme is empty.
    t =     1.17s     Checking `Expect predicate `existsNoRetry == 1` for object "Start" Button`
    t =     1.17s         Checking existence of `"Start" Button`
    t =     1.27s Find the "Later" Button
    t =     1.34s Tap "Later" Button[0.50, 0.50]
    t =     1.34s     Wait for fr.kathryn.woop to idle
    t =     1.35s     Find the "Later" Button
    t =     1.40s     Check for interrupting elements affecting "Later" Button
    t =     1.44s     Synthesize event
    t =     1.45s         Find the "Later" Button
    t =     1.50s         Find the "Later" Button
    t =     1.55s         Find the "Later" Button
    t =     1.89s     Wait for fr.kathryn.woop to idle
    t =     1.90s Waiting 3.0s for "Start" Button to not exist
    t =     2.92s     Checking `Expect predicate `existsNoRetry == 0` for object "Start" Button`
    t =     2.92s         Checking existence of `"Start" Button`
    t =     2.99s Tap Application 'fr.kathryn.woop'[0.50, 0.39]
    t =     2.99s     Wait for fr.kathryn.woop to idle
    t =     2.99s     Find the Application 'fr.kathryn.woop'
    t =     3.03s     Check for interrupting elements affecting "Woop" Application
    t =     3.06s     Synthesize event
    t =     3.07s         Find the Application 'fr.kathryn.woop'
    t =     3.09s         Find the Application 'fr.kathryn.woop'
    t =     3.12s         Find the Application 'fr.kathryn.woop'
    t =     3.42s     Wait for fr.kathryn.woop to idle
    t =     3.43s Waiting 3.0s for "Start" Button to exist
    t =     4.46s     Checking `Expect predicate `existsNoRetry == 1` for object "Start" Button`
    t =     4.47s         Checking existence of `"Start" Button`
    t =     4.51s Find the Application 'fr.kathryn.woop'
    t =     4.71s Added attachment named 'etat-iPhone-17'
    t =     4.71s Requesting snapshot of accessibility hierarchy for app with pid 37253
    t =     4.92s Requesting snapshot of accessibility hierarchy for app with pid 37253
    t =     4.99s Added attachment named 'arbre-iPhone-17'
    t =     4.99s Checking existence of `"Start" Button`
START_PRESENT=true
    t =     5.03s Checking existence of `"Start" Button`
    t =     5.07s Find the "Start" Button
    t =     5.12s Find the "Start" Button
START_FRAME=(148.66666666666666, 448.3333333333333, 73.66666666666669, 34.0) HITTABLE=true
    t =     5.29s Tear Down
Test Case '-[NavRuntimeUITests.NavRuntimeUITests testFermerEtRouvrirPanneau]' passed (5.334 seconds).
Test Suite 'NavRuntimeUITests' passed at 2026-09-17 08:49:12.583.
	 Executed 1 test, with 0 failures (0 unexpected) in 5.334 (5.336) seconds
Test Suite 'NavRuntimeUITests.xctest' passed at 2026-09-17 08:49:12.585.
	 Executed 1 test, with 0 failures (0 unexpected) in 5.334 (5.338) seconds
Test Suite 'Selected tests' passed at 2026-09-17 08:49:12.586.
	 Executed 1 test, with 0 failures (0 unexpected) in 5.334 (5.339) seconds
2026-09-17 08:49:12.715 xcodebuild[26189:16784291] [MT] IDERunDestination: Supported platforms for the buildables in the current scheme is empty.
2026-09-17 08:49:12.885 xcodebuild[26189:16784291] [MT] IDETestOperationsObserverDebug: 7.871 elapsed -- Testing started completed.
2026-09-17 08:49:12.885 xcodebuild[26189:16784291] [MT] IDETestOperationsObserverDebug: 0.000 sec, +0.000 sec -- start
2026-09-17 08:49:12.885 xcodebuild[26189:16784291] [MT] IDETestOperationsObserverDebug: 7.871 sec, +7.871 sec -- end

Test session results, code coverage, and logs:
	/tmp/woop-count55/panneau55.xcresult

** TEST EXECUTE SUCCEEDED **

Testing started
