{
  "trace": "/private/tmp/woop-home30-power/home30",
  "debut": "2026-09-15T22:22:58.807+02:00",
  "fin": "2026-09-15T22:23:15.907+02:00",
  "duree_s": 17.099804,
  "fin_raison": "Time limit reached",
  "lignes": {
    "life-cycle-period": 1,
    "metal-perf-overview-process-metric": 0,
    "device-thermal-state-intervals": 1,
    "DeviceChargingState": 1,
    "ProcessSubsystemPowerImpact": 33,
    "time-profile": 1522,
    "SystemPowerLevel": 15
  },
  "thermique": [
    "Nominal"
  ],
  "metriques_processus": {},
  "limites": "CPU échantillonné, instructions/s documentées dans la table Apple. Ne pas interpréter les colonnes sans nom comme des watts. Comparaison thermique et vérification de la Home nécessaires."
}
CPU après4s 9.091739082508411
